SQL> -- Start of DDL Script for Constraint IFRSRH2.ATRIB_CONC_PK
SQL> -- Generated 27-dez-2004 8:28:31 from SYSMAN@BDSEDE5
SQL> 
SQL> ALTER TABLE siad_atribuicao_conceitos
  2  ADD CONSTRAINT atrib_conc_pk PRIMARY KEY (codigo_conceito, codigo_fator,
  3    ano_formulario, codigo_formulario, ano_avaliador, ano_avaliacao_final,
  4    matricula_avaliador, emp_numero_matricula)
  5  USING INDEX
  6    PCTFREE	   10
  7    INITRANS    2
  8    MAXTRANS    255
  9    TABLESPACE  tsi_pessoal
 10    STORAGE	 (
 11  	 INITIAL     65536
 12  	 MINEXTENTS  1
 13  	 MAXEXTENTS  2147483645
 14    )
 15  /
ADD CONSTRAINT atrib_conc_pk PRIMARY KEY (codigo_conceito, codigo_fator,
                             *
ERRO na linha 2:
ORA-02260: table can have only one primary key 


SQL> 
SQL> -- Start of DDL Script for Constraint IFRSRH2.AV_FINAL_PK
SQL> -- Generated 27-dez-2004 8:28:38 from SYSMAN@BDSEDE5
SQL> 
SQL> ALTER TABLE siad_avaliacao_final
  2  ADD CONSTRAINT av_final_pk PRIMARY KEY (emp_numero_matricula,
  3    ano_avaliacao_final)
  4  USING INDEX
  5    PCTFREE	   10
  6    INITRANS    2
  7    MAXTRANS    255
  8    TABLESPACE  tsi_pessoal
  9    STORAGE	 (
 10  	 INITIAL     65536
 11  	 MINEXTENTS  1
 12  	 MAXEXTENTS  2147483645
 13    )
 14  /
ADD CONSTRAINT av_final_pk PRIMARY KEY (emp_numero_matricula,
                           *
ERRO na linha 2:
ORA-02260: table can have only one primary key 


SQL> 
SQL> 
SQL> 
SQL> -- Start of DDL Script for Constraint IFRSRH2.AVAL_FOCOS_PK
SQL> -- Generated 27-dez-2004 8:28:40 from SYSMAN@BDSEDE5
SQL> 
SQL> ALTER TABLE siad_avaliacao_focos
  2  ADD CONSTRAINT aval_focos_pk PRIMARY KEY (ano_avaliador, ano_avaliacao_final,
  3    matricula_avaliador, emp_numero_matricula, ano_focos, codigo_focos)
  4  USING INDEX
  5    PCTFREE	   10
  6    INITRANS    2
  7    MAXTRANS    255
  8    TABLESPACE  tsi_pessoal
  9    STORAGE	 (
 10  	 INITIAL     65536
 11  	 MINEXTENTS  1
 12  	 MAXEXTENTS  2147483645
 13    )
 14  /
ADD CONSTRAINT aval_focos_pk PRIMARY KEY (ano_avaliador, ano_avaliacao_final,
                             *
ERRO na linha 2:
ORA-02260: table can have only one primary key 


SQL> 
SQL> 
SQL> -- Start of DDL Script for Constraint IFRSRH2.AVAL_TREIN_PK
SQL> -- Generated 27-dez-2004 8:28:42 from SYSMAN@BDSEDE5
SQL> 
SQL> ALTER TABLE siad_avaliacao_treinamento
  2  ADD CONSTRAINT aval_trein_pk PRIMARY KEY (ano_treinamento, codigo_treinamento,
  3    ano_avaliador, ano_avaliacao_final, matricula_avaliador, emp_numero_matricula)
  4  USING INDEX
  5    PCTFREE	   10
  6    INITRANS    2
  7    MAXTRANS    255
  8    TABLESPACE  tsi_pessoal
  9    STORAGE	 (
 10  	 INITIAL     65536
 11  	 MINEXTENTS  1
 12  	 MAXEXTENTS  2147483645
 13    )
 14  /
ADD CONSTRAINT aval_trein_pk PRIMARY KEY (ano_treinamento, codigo_treinamento,
                             *
ERRO na linha 2:
ORA-02260: table can have only one primary key 


SQL> 
SQL> 
SQL> 
SQL> 
SQL> 
SQL> 
SQL> -- Start of DDL Script for Constraint IFRSRH2.AVALIACAO_PK
SQL> -- Generated 27-dez-2004 8:28:47 from SYSMAN@BDSEDE5
SQL> 
SQL> ALTER TABLE siad_avaliacao
  2  ADD CONSTRAINT avaliacao_pk PRIMARY KEY (ano_avaliador, ano_avaliacao_final,
  3    matricula_avaliador, emp_numero_matricula)
  4  USING INDEX
  5    PCTFREE	   10
  6    INITRANS    2
  7    MAXTRANS    255
  8    TABLESPACE  tsi_pessoal
  9    STORAGE	 (
 10  	 INITIAL     65536
 11  	 MINEXTENTS  1
 12  	 MAXEXTENTS  2147483645
 13    )
 14  /
ADD CONSTRAINT avaliacao_pk PRIMARY KEY (ano_avaliador, ano_avaliacao_final,
                            *
ERRO na linha 2:
ORA-02260: table can have only one primary key 


SQL> 
SQL> -- Start of DDL Script for Constraint IFRSRH2.AVALIADOR_PK
SQL> -- Generated 27-dez-2004 8:28:48 from SYSMAN@BDSEDE5
SQL> 
SQL> ALTER TABLE siad_avaliador
  2  ADD CONSTRAINT avaliador_pk PRIMARY KEY (ano_avaliador, matricula_avaliador)
  3  USING INDEX
  4    PCTFREE	   10
  5    INITRANS    2
  6    MAXTRANS    255
  7    TABLESPACE  tsi_pessoal
  8    STORAGE	 (
  9  	 INITIAL     65536
 10  	 MINEXTENTS  1
 11  	 MAXEXTENTS  2147483645
 12    )
 13  /
ADD CONSTRAINT avaliador_pk PRIMARY KEY (ano_avaliador, matricula_avaliador)
                            *
ERRO na linha 2:
ORA-02260: table can have only one primary key 


SQL> 
SQL> 
SQL> -- Start of DDL Script for Constraint IFRSRH2.BEN_COD_VINCULO_BENEFICIO
SQL> -- Generated 27-dez-2004 8:28:52 from SYSMAN@BDSEDE5
SQL> 
SQL> ALTER TABLE tipos_vinculos_beneficios
  2  ADD CONSTRAINT ben_cod_vinculo_beneficio PRIMARY KEY (ben_cod_vinculo,
  3    ben_sigla_beneficio)
  4  USING INDEX
  5    PCTFREE	   10
  6    INITRANS    2
  7    MAXTRANS    255
  8    TABLESPACE  tsi_pessoal
  9    STORAGE	 (
 10  	 INITIAL     65536
 11  	 MINEXTENTS  1
 12  	 MAXEXTENTS  2147483645
 13    )
 14  /
ADD CONSTRAINT ben_cod_vinculo_beneficio PRIMARY KEY (ben_cod_vinculo,
                                         *
ERRO na linha 2:
ORA-02260: table can have only one primary key 


SQL> 
SQL> 
SQL> 
SQL> -- Start of DDL Script for Constraint IFRSRH2.COMISSAO_PK
SQL> -- Generated 27-dez-2004 8:29:37 from SYSMAN@BDSEDE5
SQL> 
SQL> ALTER TABLE siad_comissao_avaliacao
  2  ADD CONSTRAINT comissao_pk PRIMARY KEY (ano_comissao, dep_codigo,
  3    emp_numero_matricula)
  4  USING INDEX
  5    PCTFREE	   10
  6    INITRANS    2
  7    MAXTRANS    255
  8    TABLESPACE  tsi_pessoal
  9    STORAGE	 (
 10  	 INITIAL     65536
 11  	 MINEXTENTS  1
 12  	 MAXEXTENTS  2147483645
 13    )
 14  /
ADD CONSTRAINT comissao_pk PRIMARY KEY (ano_comissao, dep_codigo,
                           *
ERRO na linha 2:
ORA-02260: table can have only one primary key 


SQL> 
SQL> 
SQL> -- Start of DDL Script for Constraint IFRSRH2.COMP_GRUPO_PK
SQL> -- Generated 27-dez-2004 8:29:42 from SYSMAN@BDSEDE5
SQL> 
SQL> ALTER TABLE siad_composicao_grupo
  2  ADD CONSTRAINT comp_grupo_pk PRIMARY KEY (ano_grupo_avaliacao, codigo_grupo,
  3    uor_codigo)
  4  USING INDEX
  5    PCTFREE	   10
  6    INITRANS    2
  7    MAXTRANS    255
  8    TABLESPACE  tsi_pessoal
  9    STORAGE	 (
 10  	 INITIAL     65536
 11  	 MINEXTENTS  1
 12  	 MAXEXTENTS  2147483645
 13    )
 14  /
ADD CONSTRAINT comp_grupo_pk PRIMARY KEY (ano_grupo_avaliacao, codigo_grupo,
                             *
ERRO na linha 2:
ORA-02260: table can have only one primary key 


SQL> 
SQL> -- Start of DDL Script for Constraint IFRSRH2.CONCEITOS_PK
SQL> -- Generated 27-dez-2004 8:29:47 from SYSMAN@BDSEDE5
SQL> 
SQL> ALTER TABLE siad_conceitos_avaliacao
  2  ADD CONSTRAINT conceitos_pk PRIMARY KEY (codigo_conceito, codigo_formulario,
  3    ano_formulario, codigo_fator)
  4  USING INDEX
  5    PCTFREE	   10
  6    INITRANS    2
  7    MAXTRANS    255
  8    TABLESPACE  tsi_pessoal
  9    STORAGE	 (
 10  	 INITIAL     65536
 11  	 MINEXTENTS  1
 12  	 MAXEXTENTS  2147483645
 13    )
 14  /
ADD CONSTRAINT conceitos_pk PRIMARY KEY (codigo_conceito, codigo_formulario,
                            *
ERRO na linha 2:
ORA-02260: table can have only one primary key 


SQL> 
SQL> 
SQL> 
SQL> 
SQL> -- Start of DDL Script for Constraint IFRSRH2.CRONOG_PK
SQL> -- Generated 27-dez-2004 8:29:58 from SYSMAN@BDSEDE5
SQL> 
SQL> ALTER TABLE siad_cronograma
  2  ADD CONSTRAINT cronog_pk PRIMARY KEY (ano_cronograma, item)
  3  USING INDEX
  4    PCTFREE	   10
  5    INITRANS    2
  6    MAXTRANS    255
  7    TABLESPACE  tsi_pessoal
  8    STORAGE	 (
  9  	 INITIAL     65536
 10  	 MINEXTENTS  1
 11  	 MAXEXTENTS  2147483645
 12    )
 13  /
ADD CONSTRAINT cronog_pk PRIMARY KEY (ano_cronograma, item)
                         *
ERRO na linha 2:
ORA-02260: table can have only one primary key 


SQL> 
SQL> 
SQL> 
SQL> -- Start of DDL Script for Constraint IFRSRH2.EII_EMPINS_PK
SQL> -- Generated 27-dez-2004 8:30:43 from SYSMAN@BDSEDE5
SQL> 
SQL> ALTER TABLE spf_empregado_ind_insuficienci
  2  ADD CONSTRAINT eii_empins_pk PRIMARY KEY (ano_indicacao_ins,
  3    cod_local_indicacao_ins, indicador_local_ins, matricula_emp_indicado_ins)
  4  USING INDEX
  5    PCTFREE	   10
  6    INITRANS    2
  7    MAXTRANS    255
  8    TABLESPACE  tsi_pessoal
  9    STORAGE	 (
 10  	 INITIAL     65536
 11  	 MINEXTENTS  1
 12  	 MAXEXTENTS  2147483645
 13    )
 14  /
ADD CONSTRAINT eii_empins_pk PRIMARY KEY (ano_indicacao_ins,
                             *
ERRO na linha 2:
ORA-02260: table can have only one primary key 


SQL> 
SQL> 
SQL> 
SQL> 
SQL> 
SQL> -- Start of DDL Script for Constraint IFRSRH2.EIP_INDPRO_PK
SQL> -- Generated 27-dez-2004 8:30:45 from SYSMAN@BDSEDE5
SQL> 
SQL> ALTER TABLE spf_empregado_ind_promocao
  2  ADD CONSTRAINT eip_indpro_pk PRIMARY KEY (ano_indicacao_prom,
  3    cod_local_indicacao_prom, indicador_local_prom, matricula_emp_indicado_prom)
  4  USING INDEX
  5    PCTFREE	   10
  6    INITRANS    2
  7    MAXTRANS    255
  8    TABLESPACE  tsi_pessoal
  9    STORAGE	 (
 10  	 INITIAL     65536
 11  	 MINEXTENTS  1
 12  	 MAXEXTENTS  2147483645
 13    )
 14  /
ADD CONSTRAINT eip_indpro_pk PRIMARY KEY (ano_indicacao_prom,
                             *
ERRO na linha 2:
ORA-02260: table can have only one primary key 


SQL> 
SQL> 
SQL> 
SQL> 
SQL> 
SQL> 
SQL> 
SQL> 
SQL> 
SQL> 
SQL> 
SQL> 
SQL> 
SQL> -- Start of DDL Script for Constraint IFRSRH2.EMP_NPROMV_PK
SQL> -- Generated 27-dez-2004 8:31:12 from SYSMAN@BDSEDE5
SQL> 
SQL> ALTER TABLE spf_empregado_nao_promovido
  2  ADD CONSTRAINT emp_npromv_pk PRIMARY KEY (motn_prom_cod_motivo_nao_promo,
  3    motn_prom_tipo_promocao, cadastros_emp_numero_matricula,
  4    motn_prom_ano_promocao)
  5  USING INDEX
  6    PCTFREE	   10
  7    INITRANS    2
  8    MAXTRANS    255
  9    TABLESPACE  tsi_pessoal
 10    STORAGE	 (
 11  	 INITIAL     65536
 12  	 MINEXTENTS  1
 13  	 MAXEXTENTS  2147483645
 14    )
 15  /
ADD CONSTRAINT emp_npromv_pk PRIMARY KEY (motn_prom_cod_motivo_nao_promo,
                             *
ERRO na linha 2:
ORA-02260: table can have only one primary key 


SQL> 
SQL> 
SQL> 
SQL> 
SQL> 
SQL> 
SQL> 
SQL> 
SQL> 
SQL> -- Start of DDL Script for Constraint IFRSRH2.EMP_PROM_PK
SQL> -- Generated 27-dez-2004 8:31:17 from SYSMAN@BDSEDE5
SQL> 
SQL> ALTER TABLE spf_empregado_promovido
  2  ADD CONSTRAINT emp_prom_pk PRIMARY KEY (promocao_tipos_ocor_ofu_codigo,
  3    cadastros_emp_numero_matricula, promocao_ano_promocao)
  4  USING INDEX
  5    PCTFREE	   10
  6    INITRANS    2
  7    MAXTRANS    255
  8    TABLESPACE  tsi_pessoal
  9    STORAGE	 (
 10  	 INITIAL     65536
 11  	 MINEXTENTS  1
 12  	 MAXEXTENTS  2147483645
 13    )
 14  /
ADD CONSTRAINT emp_prom_pk PRIMARY KEY (promocao_tipos_ocor_ofu_codigo,
                           *
ERRO na linha 2:
ORA-02260: table can have only one primary key 


SQL> 
SQL> 
SQL> 
SQL> 
SQL> 
SQL> 
SQL> 
SQL> -- Start of DDL Script for Constraint IFRSRH2.ESCALA_PK
SQL> -- Generated 27-dez-2004 8:31:39 from SYSMAN@BDSEDE5
SQL> 
SQL> ALTER TABLE siad_escala_pontuacao
  2  ADD CONSTRAINT escala_pk PRIMARY KEY (ano_escala, tipo_escala,
  3    codigo_classificacao)
  4  USING INDEX
  5    PCTFREE	   10
  6    INITRANS    2
  7    MAXTRANS    255
  8    TABLESPACE  tsi_pessoal
  9    STORAGE	 (
 10  	 INITIAL     65536
 11  	 MINEXTENTS  1
 12  	 MAXEXTENTS  2147483645
 13    )
 14  /
ADD CONSTRAINT escala_pk PRIMARY KEY (ano_escala, tipo_escala,
                         *
ERRO na linha 2:
ORA-02260: table can have only one primary key 


SQL> 
SQL> -- Start of DDL Script for Constraint IFRSRH2.FAIXA_PK
SQL> -- Generated 27-dez-2004 8:31:44 from SYSMAN@BDSEDE5
SQL> 
SQL> ALTER TABLE spf_faixa_promovida
  2  ADD CONSTRAINT faixa_pk PRIMARY KEY (promocao_tipos_ocor_ofu_codigo,
  3    promocao_ano_promocao, tipo_escala_pontuacao, pontuacao_inicial,
  4    pontuacao_final)
  5  USING INDEX
  6    PCTFREE	   10
  7    INITRANS    2
  8    MAXTRANS    255
  9    TABLESPACE  tsi_pessoal
 10    STORAGE	 (
 11  	 INITIAL     65536
 12  	 MINEXTENTS  1
 13  	 MAXEXTENTS  2147483645
 14    )
 15  /
ADD CONSTRAINT faixa_pk PRIMARY KEY (promocao_tipos_ocor_ofu_codigo,
                        *
ERRO na linha 2:
ORA-02260: table can have only one primary key 


SQL> 
SQL> 
SQL> 
SQL> 
SQL> -- Start of DDL Script for Constraint IFRSRH2.FATORES_PK
SQL> -- Generated 27-dez-2004 8:31:47 from SYSMAN@BDSEDE5
SQL> 
SQL> ALTER TABLE siad_fatores_avaliativos
  2  ADD CONSTRAINT fatores_pk PRIMARY KEY (ano_formulario, codigo_formulario,
  3    codigo_fator)
  4  USING INDEX
  5    PCTFREE	   10
  6    INITRANS    2
  7    MAXTRANS    255
  8    TABLESPACE  tsi_pessoal
  9    STORAGE	 (
 10  	 INITIAL     65536
 11  	 MINEXTENTS  1
 12  	 MAXEXTENTS  2147483645
 13    )
 14  /
ADD CONSTRAINT fatores_pk PRIMARY KEY (ano_formulario, codigo_formulario,
                          *
ERRO na linha 2:
ORA-02260: table can have only one primary key 


SQL> 
SQL> 
SQL> 
SQL> -- Start of DDL Script for Constraint IFRSRH2.FEC_PK
SQL> -- Generated 27-dez-2004 8:31:49 from SYSMAN@BDSEDE5
SQL> 
SQL> ALTER TABLE formacoes_espec_cargo
  2  ADD CONSTRAINT fec_pk PRIMARY KEY (fec_car_codigo, fec_car_codigo_nivel,
  3    fec_car_occ_codigo, fec_fes_codigo)
  4  USING INDEX
  5    PCTFREE	   10
  6    INITRANS    2
  7    MAXTRANS    255
  8    TABLESPACE  tsi_pessoal
  9    STORAGE	 (
 10  	 INITIAL     40960
 11  	 MINEXTENTS  1
 12  	 MAXEXTENTS  2147483645
 13    )
 14  /
ADD CONSTRAINT fec_pk PRIMARY KEY (fec_car_codigo, fec_car_codigo_nivel,
                      *
ERRO na linha 2:
ORA-02260: table can have only one primary key 


SQL> 
SQL> 
SQL> 
SQL> -- Start of DDL Script for Constraint IFRSRH2.FEE_PK
SQL> -- Generated 27-dez-2004 8:31:50 from SYSMAN@BDSEDE5
SQL> 
SQL> ALTER TABLE formacoes_espec_empregado
  2  ADD CONSTRAINT fee_pk PRIMARY KEY (fee_fes_codigo, fee_emp_numero_matricula)
  3  USING INDEX
  4    PCTFREE	   10
  5    INITRANS    2
  6    MAXTRANS    255
  7    TABLESPACE  tsi_pessoal
  8    STORAGE	 (
  9  	 INITIAL     24576
 10  	 MINEXTENTS  1
 11  	 MAXEXTENTS  2147483645
 12    )
 13  /
ADD CONSTRAINT fee_pk PRIMARY KEY (fee_fes_codigo, fee_emp_numero_matricula)
                      *
ERRO na linha 2:
ORA-02260: table can have only one primary key 


SQL> 
SQL> -- Start of DDL Script for Constraint IFRSRH2.FES_PK
SQL> -- Generated 27-dez-2004 8:31:51 from SYSMAN@BDSEDE5
SQL> 
SQL> ALTER TABLE formacoes_especializadas
  2  ADD CONSTRAINT fes_pk PRIMARY KEY (fes_codigo)
  3  USING INDEX
  4    PCTFREE	   10
  5    INITRANS    2
  6    MAXTRANS    255
  7    TABLESPACE  tsi_pessoal
  8    STORAGE	 (
  9  	 INITIAL     40960
 10  	 MINEXTENTS  1
 11  	 MAXEXTENTS  2147483645
 12    )
 13  /
ADD CONSTRAINT fes_pk PRIMARY KEY (fes_codigo)
                      *
ERRO na linha 2:
ORA-02260: table can have only one primary key 


SQL> 
SQL> -- Start of DDL Script for Constraint IFRSRH2.FLE_PK
SQL> -- Generated 27-dez-2004 8:31:54 from SYSMAN@BDSEDE5
SQL> 
SQL> ALTER TABLE fiscalizacoes_linhas_empreg
  2  ADD CONSTRAINT fle_pk PRIMARY KEY (fle_flr_numero_ato, fle_emp_numero_matricula)
  3  USING INDEX
  4    PCTFREE	   10
  5    INITRANS    2
  6    MAXTRANS    255
  7    TABLESPACE  tsi_pessoal
  8    STORAGE	 (
  9  	 INITIAL     40960
 10  	 MINEXTENTS  1
 11  	 MAXEXTENTS  2147483645
 12    )
 13  /
ADD CONSTRAINT fle_pk PRIMARY KEY (fle_flr_numero_ato, fle_emp_numero_matricula)
                      *
ERRO na linha 2:
ORA-02260: table can have only one primary key 


SQL> 
SQL> 
SQL> -- Start of DDL Script for Constraint IFRSRH2.FLR_PK
SQL> -- Generated 27-dez-2004 8:31:56 from SYSMAN@BDSEDE5
SQL> 
SQL> ALTER TABLE fiscalizacoes_linhas_transp
  2  ADD CONSTRAINT flr_pk PRIMARY KEY (flr_numero_ato)
  3  USING INDEX
  4    PCTFREE	   10
  5    INITRANS    2
  6    MAXTRANS    255
  7    TABLESPACE  tsi_pessoal
  8    STORAGE	 (
  9  	 INITIAL     40960
 10  	 MINEXTENTS  1
 11  	 MAXEXTENTS  2147483645
 12    )
 13  /
ADD CONSTRAINT flr_pk PRIMARY KEY (flr_numero_ato)
                      *
ERRO na linha 2:
ORA-02260: table can have only one primary key 


SQL> 
SQL> 
SQL> -- Start of DDL Script for Constraint IFRSRH2.FLT_PK
SQL> -- Generated 27-dez-2004 8:31:56 from SYSMAN@BDSEDE5
SQL> 
SQL> ALTER TABLE fiscais_linhas_transportes
  2  ADD CONSTRAINT flt_pk PRIMARY KEY (flt_emp_numero_matricula)
  3  USING INDEX
  4    PCTFREE	   10
  5    INITRANS    2
  6    MAXTRANS    255
  7    TABLESPACE  tsi_pessoal
  8    STORAGE	 (
  9  	 INITIAL     40960
 10  	 MINEXTENTS  1
 11  	 MAXEXTENTS  2147483645
 12    )
 13  /
ADD CONSTRAINT flt_pk PRIMARY KEY (flt_emp_numero_matricula)
                      *
ERRO na linha 2:
ORA-02260: table can have only one primary key 


SQL> 
SQL> -- Start of DDL Script for Constraint IFRSRH2.FLT_UK
SQL> -- Generated 27-dez-2004 8:31:57 from SYSMAN@BDSEDE5
SQL> 
SQL> ALTER TABLE fiscais_linhas_transportes
  2  ADD CONSTRAINT flt_uk UNIQUE (flt_numero_ato)
  3  USING INDEX
  4    PCTFREE	   10
  5    INITRANS    2
  6    MAXTRANS    255
  7    TABLESPACE  tsi_pessoal
  8    STORAGE	 (
  9  	 INITIAL     40960
 10  	 MINEXTENTS  1
 11  	 MAXEXTENTS  2147483645
 12    )
 13  /
ADD CONSTRAINT flt_uk UNIQUE (flt_numero_ato)
                      *
ERRO na linha 2:
ORA-02261: such unique or primary key already exists in the table 


SQL> 
SQL> -- Start of DDL Script for Constraint IFRSRH2.FOCOS_ATEN_PK
SQL> -- Generated 27-dez-2004 8:31:58 from SYSMAN@BDSEDE5
SQL> 
SQL> ALTER TABLE siad_focos_atencao
  2  ADD CONSTRAINT focos_aten_pk PRIMARY KEY (ano_focos, codigo_focos)
  3  USING INDEX
  4    PCTFREE	   10
  5    INITRANS    2
  6    MAXTRANS    255
  7    TABLESPACE  tsi_pessoal
  8    STORAGE	 (
  9  	 INITIAL     65536
 10  	 MINEXTENTS  1
 11  	 MAXEXTENTS  2147483645
 12    )
 13  /
ADD CONSTRAINT focos_aten_pk PRIMARY KEY (ano_focos, codigo_focos)
                             *
ERRO na linha 2:
ORA-02260: table can have only one primary key 


SQL> 
SQL> -- Start of DDL Script for Constraint IFRSRH2.FOR_PK
SQL> -- Generated 27-dez-2004 8:31:59 from SYSMAN@BDSEDE5
SQL> 
SQL> ALTER TABLE formacoes_profissionais
  2  ADD CONSTRAINT for_pk PRIMARY KEY (for_codigo)
  3  USING INDEX
  4    PCTFREE	   10
  5    INITRANS    2
  6    MAXTRANS    255
  7    TABLESPACE  tsi_pessoal
  8    STORAGE	 (
  9  	 INITIAL     40960
 10  	 MINEXTENTS  1
 11  	 MAXEXTENTS  2147483645
 12    )
 13  /
ADD CONSTRAINT for_pk PRIMARY KEY (for_codigo)
                      *
ERRO na linha 2:
ORA-02260: table can have only one primary key 


SQL> 
SQL> -- Start of DDL Script for Constraint IFRSRH2.FOR_UK
SQL> -- Generated 27-dez-2004 8:32:00 from SYSMAN@BDSEDE5
SQL> 
SQL> ALTER TABLE formacoes_profissionais
  2  ADD CONSTRAINT for_uk UNIQUE (for_descricao)
  3  USING INDEX
  4    PCTFREE	   10
  5    INITRANS    2
  6    MAXTRANS    255
  7    TABLESPACE  tsi_pessoal
  8    STORAGE	 (
  9  	 INITIAL     40960
 10  	 MINEXTENTS  1
 11  	 MAXEXTENTS  2147483645
 12    )
 13  /
ADD CONSTRAINT for_uk UNIQUE (for_descricao)
                      *
ERRO na linha 2:
ORA-02261: such unique or primary key already exists in the table 


SQL> 
SQL> -- Start of DDL Script for Constraint IFRSRH2.FORM_PK
SQL> -- Generated 27-dez-2004 8:32:00 from SYSMAN@BDSEDE5
SQL> 
SQL> ALTER TABLE formulas
  2  ADD CONSTRAINT form_pk PRIMARY KEY (for_codigo)
  3  USING INDEX
  4    PCTFREE	   10
  5    INITRANS    2
  6    MAXTRANS    255
  7    TABLESPACE  tsi_pessoal
  8    STORAGE	 (
  9  	 INITIAL     40960
 10  	 MINEXTENTS  1
 11  	 MAXEXTENTS  2147483645
 12    )
 13  /
ADD CONSTRAINT form_pk PRIMARY KEY (for_codigo)
                       *
ERRO na linha 2:
ORA-02260: table can have only one primary key 


SQL> 
SQL> -- Start of DDL Script for Constraint IFRSRH2.FORMULARIO_PK
SQL> -- Generated 27-dez-2004 8:32:01 from SYSMAN@BDSEDE5
SQL> 
SQL> ALTER TABLE siad_formulario_avaliacao
  2  ADD CONSTRAINT formulario_pk PRIMARY KEY (ano_formulario, codigo_formulario)
  3  USING INDEX
  4    PCTFREE	   10
  5    INITRANS    2
  6    MAXTRANS    255
  7    TABLESPACE  tsi_pessoal
  8    STORAGE	 (
  9  	 INITIAL     65536
 10  	 MINEXTENTS  1
 11  	 MAXEXTENTS  2147483645
 12    )
 13  /
ADD CONSTRAINT formulario_pk PRIMARY KEY (ano_formulario, codigo_formulario)
                             *
ERRO na linha 2:
ORA-02260: table can have only one primary key 


SQL> 
SQL> 
SQL> 
SQL> 
SQL> -- Start of DDL Script for Constraint IFRSRH2.FRU_PK
SQL> -- Generated 27-dez-2004 8:32:03 from SYSMAN@BDSEDE5
SQL> 
SQL> ALTER TABLE formulas_rubricas
  2  ADD CONSTRAINT fru_pk PRIMARY KEY (fru_rub_codigo, fru_ano_inicio,
  3    fru_mes_inicio)
  4  USING INDEX
  5    PCTFREE	   10
  6    INITRANS    2
  7    MAXTRANS    255
  8    TABLESPACE  tsi_pessoal
  9    STORAGE	 (
 10  	 INITIAL     40960
 11  	 MINEXTENTS  1
 12  	 MAXEXTENTS  2147483645
 13    )
 14  /
ADD CONSTRAINT fru_pk PRIMARY KEY (fru_rub_codigo, fru_ano_inicio,
                      *
ERRO na linha 2:
ORA-02260: table can have only one primary key 


SQL> 
SQL> 
SQL> -- Start of DDL Script for Constraint IFRSRH2.FUL_PK
SQL> -- Generated 27-dez-2004 8:32:04 from SYSMAN@BDSEDE5
SQL> 
SQL> ALTER TABLE faltas_usuarios_linhas
  2  ADD CONSTRAINT ful_pk PRIMARY KEY (ful_ult_emb_emp_numero_matricu,
  3    ful_ult_emb_ben_sigla, ful_ult_ltf_numero, ful_ult_ltf_dep_codigo, ful_data)
  4  USING INDEX
  5    PCTFREE	   10
  6    INITRANS    2
  7    MAXTRANS    255
  8    TABLESPACE  tsi_pessoal
  9    STORAGE	 (
 10  	 INITIAL     40960
 11  	 MINEXTENTS  1
 12  	 MAXEXTENTS  2147483645
 13    )
 14  /
ADD CONSTRAINT ful_pk PRIMARY KEY (ful_ult_emb_emp_numero_matricu,
                      *
ERRO na linha 2:
ORA-02260: table can have only one primary key 


SQL> 
SQL> 
SQL> -- Start of DDL Script for Constraint IFRSRH2.FUN_PK
SQL> -- Generated 27-dez-2004 8:32:06 from SYSMAN@BDSEDE5
SQL> 
SQL> ALTER TABLE cargos_confianca
  2  ADD CONSTRAINT fun_pk PRIMARY KEY (fun_codigo)
  3  USING INDEX
  4    PCTFREE	   10
  5    INITRANS    2
  6    MAXTRANS    255
  7    TABLESPACE  tsi_pessoal
  8    STORAGE	 (
  9  	 INITIAL     40960
 10  	 MINEXTENTS  1
 11  	 MAXEXTENTS  2147483645
 12    )
 13  /
ADD CONSTRAINT fun_pk PRIMARY KEY (fun_codigo)
                      *
ERRO na linha 2:
ORA-02260: table can have only one primary key 


SQL> 
SQL> -- Start of DDL Script for Constraint IFRSRH2.GDP_CODIGO_PK
SQL> -- Generated 27-dez-2004 8:32:07 from SYSMAN@BDSEDE5
SQL> 
SQL> ALTER TABLE grupos_dependencias
  2  ADD CONSTRAINT gdp_codigo_pk PRIMARY KEY (gdp_codigo)
  3  USING INDEX
  4    PCTFREE	   10
  5    INITRANS    2
  6    MAXTRANS    255
  7    TABLESPACE  tsi_pessoal
  8    STORAGE	 (
  9  	 INITIAL     40960
 10  	 MINEXTENTS  1
 11  	 MAXEXTENTS  2147483645
 12    )
 13  /
ADD CONSTRAINT gdp_codigo_pk PRIMARY KEY (gdp_codigo)
                             *
ERRO na linha 2:
ORA-02260: table can have only one primary key 


SQL> 
SQL> -- Start of DDL Script for Constraint IFRSRH2.GOF_CODIGO_PK
SQL> -- Generated 27-dez-2004 8:32:07 from SYSMAN@BDSEDE5
SQL> 
SQL> ALTER TABLE grupos_ocorrencias_funcionais
  2  ADD CONSTRAINT gof_codigo_pk PRIMARY KEY (gof_codigo)
  3  USING INDEX
  4    PCTFREE	   10
  5    INITRANS    2
  6    MAXTRANS    255
  7    TABLESPACE  tsi_pessoal
  8    STORAGE	 (
  9  	 INITIAL     40960
 10  	 MINEXTENTS  1
 11  	 MAXEXTENTS  2147483645
 12    )
 13  /
ADD CONSTRAINT gof_codigo_pk PRIMARY KEY (gof_codigo)
                             *
ERRO na linha 2:
ORA-02260: table can have only one primary key 


SQL> 
SQL> -- Start of DDL Script for Constraint IFRSRH2.GPR_PK
SQL> -- Generated 27-dez-2004 8:32:08 from SYSMAN@BDSEDE5
SQL> 
SQL> ALTER TABLE guias_procedimentos
  2  ADD CONSTRAINT gpr_pk PRIMARY KEY (gpr_gui_doc_numero, gpr_gui_doc_cbe_ben_sigla,
  3    gpr_gui_doc_cbe_cre_sequencial, gpr_gui_doc_dep_codigo, gpr_gui_numero,
  4    gpr_sequencial)
  5  USING INDEX
  6    PCTFREE	   10
  7    INITRANS    2
  8    MAXTRANS    255
  9    TABLESPACE  tsi_pessoal
 10    STORAGE	 (
 11  	 INITIAL     21749760
 12  	 MINEXTENTS  1
 13  	 MAXEXTENTS  2147483645
 14    )
 15  /
ADD CONSTRAINT gpr_pk PRIMARY KEY (gpr_gui_doc_numero, gpr_gui_doc_cbe_ben_sigla,
                      *
ERRO na linha 2:
ORA-02260: table can have only one primary key 


SQL> 
SQL> -- Start of DDL Script for Constraint IFRSRH2.GRH_HST_DIRF_PK
SQL> -- Generated 27-dez-2004 8:32:10 from SYSMAN@BDSEDE5
SQL> 
SQL> ALTER TABLE grh_hst_dirf
  2  ADD CONSTRAINT grh_hst_dirf_pk PRIMARY KEY (ghd_dat_ano, ghd_num_cpf)
  3  USING INDEX
  4    PCTFREE	   10
  5    INITRANS    2
  6    MAXTRANS    255
  7    TABLESPACE  tsi_pessoal
  8    STORAGE	 (
  9  	 INITIAL     65536
 10  	 MINEXTENTS  1
 11  	 MAXEXTENTS  2147483645
 12    )
 13  /
ADD CONSTRAINT grh_hst_dirf_pk PRIMARY KEY (ghd_dat_ano, ghd_num_cpf)
                               *
ERRO na linha 2:
ORA-02260: table can have only one primary key 


SQL> 
SQL> -- Start of DDL Script for Constraint IFRSRH2.GRU_CODIGO_PK
SQL> -- Generated 27-dez-2004 8:32:11 from SYSMAN@BDSEDE5
SQL> 
SQL> ALTER TABLE grupos_rubricas
  2  ADD CONSTRAINT gru_codigo_pk PRIMARY KEY (gru_codigo)
  3  USING INDEX
  4    PCTFREE	   10
  5    INITRANS    2
  6    MAXTRANS    255
  7    TABLESPACE  tsi_pessoal
  8    STORAGE	 (
  9  	 INITIAL     65536
 10  	 MINEXTENTS  1
 11  	 MAXEXTENTS  2147483645
 12    )
 13  /
ADD CONSTRAINT gru_codigo_pk PRIMARY KEY (gru_codigo)
                             *
ERRO na linha 2:
ORA-02260: table can have only one primary key 


SQL> 
SQL> -- Start of DDL Script for Constraint IFRSRH2.GRUPO_AVAL_PK
SQL> -- Generated 27-dez-2004 8:32:12 from SYSMAN@BDSEDE5
SQL> 
SQL> ALTER TABLE siad_grupo_avaliacao
  2  ADD CONSTRAINT grupo_aval_pk PRIMARY KEY (ano_grupo_avaliacao, codigo_grupo)
  3  USING INDEX
  4    PCTFREE	   10
  5    INITRANS    2
  6    MAXTRANS    255
  7    TABLESPACE  tsi_pessoal
  8    STORAGE	 (
  9  	 INITIAL     65536
 10  	 MINEXTENTS  1
 11  	 MAXEXTENTS  2147483645
 12    )
 13  /
ADD CONSTRAINT grupo_aval_pk PRIMARY KEY (ano_grupo_avaliacao, codigo_grupo)
                             *
ERRO na linha 2:
ORA-02260: table can have only one primary key 


SQL> 
SQL> 
SQL> 
SQL> 
SQL> -- Start of DDL Script for Constraint IFRSRH2.GUI_PK
SQL> -- Generated 27-dez-2004 8:32:14 from SYSMAN@BDSEDE5
SQL> 
SQL> ALTER TABLE guias
  2  ADD CONSTRAINT gui_pk PRIMARY KEY (gui_doc_numero, gui_doc_cbe_ben_sigla,
  3    gui_doc_cbe_cre_sequencial, gui_doc_dep_codigo, gui_numero)
  4  USING INDEX
  5    PCTFREE	   10
  6    INITRANS    2
  7    MAXTRANS    255
  8    TABLESPACE  tsi_pessoal
  9    STORAGE	 (
 10  	 INITIAL     10076160
 11  	 MINEXTENTS  1
 12  	 MAXEXTENTS  2147483645
 13    )
 14  /
ADD CONSTRAINT gui_pk PRIMARY KEY (gui_doc_numero, gui_doc_cbe_ben_sigla,
                      *
ERRO na linha 2:
ORA-02260: table can have only one primary key 


SQL> 
SQL> -- Start of DDL Script for Constraint IFRSRH2.HCD_PK
SQL> -- Generated 27-dez-2004 8:32:17 from SYSMAN@BDSEDE5
SQL> 
SQL> ALTER TABLE historico_cargos_dependencias
  2  ADD CONSTRAINT hcd_pk PRIMARY KEY (hcd_dep_codigo, hcd_data_vigencia)
  3  USING INDEX
  4    PCTFREE	   10
  5    INITRANS    2
  6    MAXTRANS    255
  7    TABLESPACE  tsi_pessoal
  8    STORAGE	 (
  9  	 INITIAL     40960
 10  	 MINEXTENTS  1
 11  	 MAXEXTENTS  2147483645
 12    )
 13  /
ADD CONSTRAINT hcd_pk PRIMARY KEY (hcd_dep_codigo, hcd_data_vigencia)
                      *
ERRO na linha 2:
ORA-02260: table can have only one primary key 


SQL> 
SQL> -- Start of DDL Script for Constraint IFRSRH2.HDA_PK
SQL> -- Generated 27-dez-2004 8:32:18 from SYSMAN@BDSEDE5
SQL> 
SQL> ALTER TABLE historico_devolucao_ans
  2  ADD CONSTRAINT hda_pk PRIMARY KEY (hda_dt_carga_arq, hda_cod_usuario,
  3    hda_nome_arquivo)
  4  USING INDEX
  5    PCTFREE	   10
  6    INITRANS    2
  7    MAXTRANS    255
  8    TABLESPACE  tsi_pessoal
  9    STORAGE	 (
 10  	 INITIAL     65536
 11  	 MINEXTENTS  1
 12  	 MAXEXTENTS  2147483645
 13    )
 14  /
ADD CONSTRAINT hda_pk PRIMARY KEY (hda_dt_carga_arq, hda_cod_usuario,
                      *
ERRO na linha 2:
ORA-02260: table can have only one primary key 


SQL> 
SQL> 
SQL> -- Start of DDL Script for Constraint IFRSRH2.HDD_PK
SQL> -- Generated 27-dez-2004 8:32:19 from SYSMAN@BDSEDE5
SQL> 
SQL> ALTER TABLE hist_detalhe_dev_ans
  2  ADD CONSTRAINT hdd_pk PRIMARY KEY (hdd_hda_dt_carga_arq, hdd_hda_cod_usuario,
  3    hdd_hda_nome_arquivo, hdd_ind_tipo_reg, hdd_sequencial)
  4  USING INDEX
  5    PCTFREE	   10
  6    INITRANS    2
  7    MAXTRANS    255
  8    TABLESPACE  tsi_pessoal
  9    STORAGE	 (
 10  	 INITIAL     65536
 11  	 MINEXTENTS  1
 12  	 MAXEXTENTS  2147483645
 13    )
 14  /
ADD CONSTRAINT hdd_pk PRIMARY KEY (hdd_hda_dt_carga_arq, hdd_hda_cod_usuario,
                      *
ERRO na linha 2:
ORA-02260: table can have only one primary key 


SQL> 
SQL> -- Start of DDL Script for Constraint IFRSRH2.HEB_PK
SQL> -- Generated 27-dez-2004 8:32:20 from SYSMAN@BDSEDE5
SQL> 
SQL> ALTER TABLE historico_empregados_benef
  2  ADD CONSTRAINT heb_pk PRIMARY KEY (heb_emb_ben_sigla,
  3    heb_emb_emp_numero_matricula, heb_data_adesao)
  4  USING INDEX
  5    PCTFREE	   10
  6    INITRANS    2
  7    MAXTRANS    255
  8    TABLESPACE  tsi_pessoal
  9    STORAGE	 (
 10  	 INITIAL     942080
 11  	 MINEXTENTS  1
 12  	 MAXEXTENTS  2147483645
 13    )
 14  /
ADD CONSTRAINT heb_pk PRIMARY KEY (heb_emb_ben_sigla,
                      *
ERRO na linha 2:
ORA-02260: table can have only one primary key 


SQL> 
SQL> 
SQL> 
SQL> -- Start of DDL Script for Constraint IFRSRH2.HFD_PK
SQL> -- Generated 27-dez-2004 8:32:22 from SYSMAN@BDSEDE5
SQL> 
SQL> ALTER TABLE historicos_funcoes_dependencia
  2  ADD CONSTRAINT hfd_pk PRIMARY KEY (hfd_dep_codigo, hfd_data_vigencia)
  3  USING INDEX
  4    PCTFREE	   10
  5    INITRANS    2
  6    MAXTRANS    255
  7    TABLESPACE  tsi_pessoal
  8    STORAGE	 (
  9  	 INITIAL     40960
 10  	 MINEXTENTS  1
 11  	 MAXEXTENTS  2147483645
 12    )
 13  /
ADD CONSTRAINT hfd_pk PRIMARY KEY (hfd_dep_codigo, hfd_data_vigencia)
                      *
ERRO na linha 2:
ORA-02260: table can have only one primary key 


SQL> 
SQL> 
SQL> -- Start of DDL Script for Constraint IFRSRH2.HFL_PK
SQL> -- Generated 27-dez-2004 8:32:23 from SYSMAN@BDSEDE5
SQL> 
SQL> ALTER TABLE historicos_funcoes_lotacoes
  2  ADD CONSTRAINT hfl_pk PRIMARY KEY (hfl_uor_codigo, hfl_data_vigencia)
  3  USING INDEX
  4    PCTFREE	   10
  5    INITRANS    2
  6    MAXTRANS    255
  7    TABLESPACE  tsi_pessoal
  8    STORAGE	 (
  9  	 INITIAL     163840
 10  	 MINEXTENTS  1
 11  	 MAXEXTENTS  2147483645
 12    )
 13  /
ADD CONSTRAINT hfl_pk PRIMARY KEY (hfl_uor_codigo, hfl_data_vigencia)
                      *
ERRO na linha 2:
ORA-02260: table can have only one primary key 


SQL> 
SQL> -- Start of DDL Script for Constraint IFRSRH2.HFR_DCT_PK
SQL> -- Generated 27-dez-2004 8:32:24 from SYSMAN@BDSEDE5
SQL> 
SQL> ALTER TABLE horarios_frequencia
  2  ADD CONSTRAINT hfr_dct_pk PRIMARY KEY (hfr_dep_codigo, hfr_cod_horario,
  3    hfr_turno_trabalho)
  4  USING INDEX
  5    PCTFREE	   10
  6    INITRANS    2
  7    MAXTRANS    255
  8    TABLESPACE  tsi_pessoal
  9    STORAGE	 (
 10  	 INITIAL     163840
 11  	 MINEXTENTS  1
 12  	 MAXEXTENTS  2147483645
 13    )
 14  /
ADD CONSTRAINT hfr_dct_pk PRIMARY KEY (hfr_dep_codigo, hfr_cod_horario,
                          *
ERRO na linha 2:
ORA-02260: table can have only one primary key 


SQL> 
SQL> -- Start of DDL Script for Constraint IFRSRH2.HGT_PK
SQL> -- Generated 27-dez-2004 8:32:25 from SYSMAN@BDSEDE5
SQL> 
SQL> ALTER TABLE historico_geracao_tcu
  2  ADD CONSTRAINT hgt_pk PRIMARY KEY (hgt_dt_referencia_geracao,
  3    hgt_flg_tipo_geracao)
  4  USING INDEX
  5    PCTFREE	   10
  6    INITRANS    2
  7    MAXTRANS    255
  8    TABLESPACE  tsi_pessoal
  9    STORAGE	 (
 10  	 INITIAL     65536
 11  	 MINEXTENTS  1
 12  	 MAXEXTENTS  2147483645
 13  	 FREELIST GROUPS 2
 14  	 FREELISTS   10
 15    )
 16  /
ADD CONSTRAINT hgt_pk PRIMARY KEY (hgt_dt_referencia_geracao,
                      *
ERRO na linha 2:
ORA-02260: table can have only one primary key 


SQL> 
SQL> -- Start of DDL Script for Constraint IFRSRH2.HISTORICO_ANS_PK
SQL> -- Generated 27-dez-2004 8:32:26 from SYSMAN@BDSEDE5
SQL> 
SQL> ALTER TABLE historico_ans
  2  ADD CONSTRAINT historico_ans_pk PRIMARY KEY (han_ans_dt_gera_arq,
  3    han_ans_cod_arq, han_ans_operacao, han_ans_beneficiario)
  4  USING INDEX
  5    PCTFREE	   10
  6    INITRANS    2
  7    MAXTRANS    255
  8    TABLESPACE  tsi_pessoal
  9    STORAGE	 (
 10  	 INITIAL     65536
 11  	 MINEXTENTS  1
 12  	 MAXEXTENTS  2147483645
 13    )
 14  /
ADD CONSTRAINT historico_ans_pk PRIMARY KEY (han_ans_dt_gera_arq,
                                *
ERRO na linha 2:
ORA-02260: table can have only one primary key 


SQL> 
SQL> 
SQL> -- Start of DDL Script for Constraint IFRSRH2.HNM_PK
SQL> -- Generated 27-dez-2004 8:32:27 from SYSMAN@BDSEDE5
SQL> 
SQL> ALTER TABLE honorarios_medicos
  2  ADD CONSTRAINT hnm_pk PRIMARY KEY (hnm_sequencial)
  3  USING INDEX
  4    PCTFREE	   10
  5    INITRANS    2
  6    MAXTRANS    255
  7    TABLESPACE  tsi_pessoal
  8    STORAGE	 (
  9  	 INITIAL     163840
 10  	 MINEXTENTS  1
 11  	 MAXEXTENTS  2147483645
 12    )
 13  /
ADD CONSTRAINT hnm_pk PRIMARY KEY (hnm_sequencial)
                      *
ERRO na linha 2:
ORA-02260: table can have only one primary key 


SQL> 
SQL> 
SQL> -- Start of DDL Script for Constraint IFRSRH2.HNS_PK
SQL> -- Generated 27-dez-2004 8:32:28 from SYSMAN@BDSEDE5
SQL> 
SQL> ALTER TABLE historico_niveis_salariais
  2  ADD CONSTRAINT hns_pk PRIMARY KEY (hns_nsa_codigo_nivel, hns_nsa_codigo_padrao,
  3    hns_nsa_indicador_nivel_escola, hns_data_vigencia)
  4  USING INDEX
  5    PCTFREE	   10
  6    INITRANS    2
  7    MAXTRANS    255
  8    TABLESPACE  tsi_pessoal
  9    STORAGE	 (
 10  	 INITIAL     450560
 11  	 MINEXTENTS  1
 12  	 MAXEXTENTS  2147483645
 13    )
 14  /
ADD CONSTRAINT hns_pk PRIMARY KEY (hns_nsa_codigo_nivel, hns_nsa_codigo_padrao,
                      *
ERRO na linha 2:
ORA-02260: table can have only one primary key 


SQL> 
SQL> -- Start of DDL Script for Constraint IFRSRH2.HOFE_PK
SQL> -- Generated 27-dez-2004 8:32:29 from SYSMAN@BDSEDE5
SQL> 
SQL> ALTER TABLE hst_ocorrencias_freq_emp
  2  ADD CONSTRAINT hofe_pk PRIMARY KEY (ofe_emp_numero_matricula, ofe_ofu_codigo,
  3    ofe_data_inicio)
  4  USING INDEX
  5    PCTFREE	   10
  6    INITRANS    2
  7    MAXTRANS    255
  8    TABLESPACE  tsd_pessoal2
  9    STORAGE	 (
 10  	 INITIAL     65536
 11  	 MINEXTENTS  1
 12  	 MAXEXTENTS  2147483645
 13    )
 14  /

Tabela alterada.

SQL> 
SQL> -- Start of DDL Script for Constraint IFRSRH2.HPI_PK
SQL> -- Generated 27-dez-2004 8:32:29 from SYSMAN@BDSEDE5
SQL> 
SQL> ALTER TABLE hist_pericul_insalub
  2  ADD CONSTRAINT hpi_pk PRIMARY KEY (hpi_emp_numero_matricula, hpi_data_inicio,
  3    hpi_ind_pericul_insalub)
  4  USING INDEX
  5    PCTFREE	   10
  6    INITRANS    2
  7    MAXTRANS    255
  8    TABLESPACE  tsi_pessoal
  9    STORAGE	 (
 10  	 INITIAL     106496
 11  	 MINEXTENTS  1
 12  	 MAXEXTENTS  2147483645
 13    )
 14  /
ADD CONSTRAINT hpi_pk PRIMARY KEY (hpi_emp_numero_matricula, hpi_data_inicio,
                      *
ERRO na linha 2:
ORA-02260: table can have only one primary key 


SQL> 
SQL> -- Start of DDL Script for Constraint IFRSRH2.HPS_PK
SQL> -- Generated 27-dez-2004 8:32:30 from SYSMAN@BDSEDE5
SQL> 
SQL> ALTER TABLE historicos_processos_sinistros
  2  ADD CONSTRAINT hps_pk PRIMARY KEY (hps_sequencial, hps_sin_sequencial)
  3  USING INDEX
  4    PCTFREE	   10
  5    INITRANS    2
  6    MAXTRANS    255
  7    TABLESPACE  tsi_pessoal
  8    STORAGE	 (
  9  	 INITIAL     40960
 10  	 MINEXTENTS  1
 11  	 MAXEXTENTS  2147483645
 12    )
 13  /
ADD CONSTRAINT hps_pk PRIMARY KEY (hps_sequencial, hps_sin_sequencial)
                      *
ERRO na linha 2:
ORA-02260: table can have only one primary key 


SQL> 
SQL> 
SQL> -- Start of DDL Script for Constraint IFRSRH2.HST_DEP_EMP_PK
SQL> -- Generated 27-dez-2004 8:32:31 from SYSMAN@BDSEDE5
SQL> 
SQL> ALTER TABLE hst_dependencia_empregado
  2  ADD CONSTRAINT hst_dep_emp_pk PRIMARY KEY (hde_emp_numero_matricula,
  3    hde_ano_referencia, hde_mes_referencia)
  4  USING INDEX
  5    PCTFREE	   10
  6    INITRANS    2
  7    MAXTRANS    255
  8    TABLESPACE  tsi_pessoal
  9    STORAGE	 (
 10  	 INITIAL     14614528
 11  	 MINEXTENTS  1
 12  	 MAXEXTENTS  2147483645
 13    )
 14  /
ADD CONSTRAINT hst_dep_emp_pk PRIMARY KEY (hde_emp_numero_matricula,
                              *
ERRO na linha 2:
ORA-02260: table can have only one primary key 


SQL> 
SQL> -- Start of DDL Script for Constraint IFRSRH2.HST_MOV_PK
SQL> -- Generated 27-dez-2004 8:32:32 from SYSMAN@BDSEDE5
SQL> 
SQL> ALTER TABLE historico_movimentacao
  2  ADD CONSTRAINT hst_mov_pk PRIMARY KEY (mov_ano_referencia, mov_mes_referencia,
  3    mov_versao_pagamento, mov_emp_numero_matricula, mov_rub_codigo,
  4    mov_tip_rubrica, mov_sequencial)
  5  USING INDEX
  6    PCTFREE	   10
  7    INITRANS    2
  8    MAXTRANS    255
  9    TABLESPACE  tsi_pessoal
 10    STORAGE	 (
 11  	 INITIAL     65536
 12  	 MINEXTENTS  1
 13  	 MAXEXTENTS  2147483645
 14    )
 15  /
ADD CONSTRAINT hst_mov_pk PRIMARY KEY (mov_ano_referencia, mov_mes_referencia,
                          *
ERRO na linha 2:
ORA-02260: table can have only one primary key 


SQL> 
SQL> 
SQL> 
SQL> 
SQL> -- Start of DDL Script for Constraint IFRSRH2.HTD_PK
SQL> -- Generated 27-dez-2004 8:32:33 from SYSMAN@BDSEDE5
SQL> 
SQL> ALTER TABLE horarios_trabalho_dep
  2  ADD CONSTRAINT htd_pk PRIMARY KEY (htd_dep_codigo, htd_htr_codigo,
  3    htd_sequencial)
  4  USING INDEX
  5    PCTFREE	   10
  6    INITRANS    2
  7    MAXTRANS    255
  8    TABLESPACE  tsi_pessoal
  9    STORAGE	 (
 10  	 INITIAL     40960
 11  	 MINEXTENTS  1
 12  	 MAXEXTENTS  2147483645
 13    )
 14  /
ADD CONSTRAINT htd_pk PRIMARY KEY (htd_dep_codigo, htd_htr_codigo,
                      *
ERRO na linha 2:
ORA-02260: table can have only one primary key 


SQL> 
SQL> -- Start of DDL Script for Constraint IFRSRH2.HTR_PK
SQL> -- Generated 27-dez-2004 8:32:34 from SYSMAN@BDSEDE5
SQL> 
SQL> ALTER TABLE horarios_trabalhos
  2  ADD CONSTRAINT htr_pk PRIMARY KEY (htr_codigo)
  3  USING INDEX
  4    PCTFREE	   10
  5    INITRANS    2
  6    MAXTRANS    255
  7    TABLESPACE  tsi_pessoal
  8    STORAGE	 (
  9  	 INITIAL     73728
 10  	 MINEXTENTS  1
 11  	 MAXEXTENTS  2147483645
 12    )
 13  /
ADD CONSTRAINT htr_pk PRIMARY KEY (htr_codigo)
                      *
ERRO na linha 2:
ORA-02260: table can have only one primary key 


SQL> 
SQL> -- Start of DDL Script for Constraint IFRSRH2.HTR_UK
SQL> -- Generated 27-dez-2004 8:32:35 from SYSMAN@BDSEDE5
SQL> 
SQL> ALTER TABLE horarios_trabalhos
  2  ADD CONSTRAINT htr_uk UNIQUE (htr_hora_inicio, htr_hora_termino,
  3    htr_hora_inicio_intervalo, htr_hora_termino_intervalo)
  4  USING INDEX
  5    PCTFREE	   10
  6    INITRANS    2
  7    MAXTRANS    255
  8    TABLESPACE  tsi_pessoal
  9    STORAGE	 (
 10  	 INITIAL     40960
 11  	 MINEXTENTS  1
 12  	 MAXEXTENTS  2147483645
 13    )
 14  /
ADD CONSTRAINT htr_uk UNIQUE (htr_hora_inicio, htr_hora_termino,
                      *
ERRO na linha 2:
ORA-02261: such unique or primary key already exists in the table 


SQL> 
SQL> 
SQL> 
SQL> -- Start of DDL Script for Constraint IFRSRH2.IAB_PK
SQL> -- Generated 27-dez-2004 8:32:35 from SYSMAN@BDSEDE5
SQL> 
SQL> ALTER TABLE indice_absenteismo
  2  ADD CONSTRAINT iab_pk PRIMARY KEY (iab_ano, iab_mes, iab_ofu_codigo,
  3    iab_dep_codigo)
  4  USING INDEX
  5    PCTFREE	   10
  6    INITRANS    2
  7    MAXTRANS    255
  8    TABLESPACE  tsi_pessoal
  9    STORAGE	 (
 10  	 INITIAL     6922240
 11  	 MINEXTENTS  1
 12  	 MAXEXTENTS  2147483645
 13    )
 14  /
ADD CONSTRAINT iab_pk PRIMARY KEY (iab_ano, iab_mes, iab_ofu_codigo,
                      *
ERRO na linha 2:
ORA-02260: table can have only one primary key 


SQL> 
SQL> 
SQL> -- Start of DDL Script for Constraint IFRSRH2.ICL_PK
SQL> -- Generated 27-dez-2004 8:32:36 from SYSMAN@BDSEDE5
SQL> 
SQL> ALTER TABLE historico_cargos_lotacao
  2  ADD CONSTRAINT icl_pk PRIMARY KEY (icl_uor_codigo, icl_data_vigencia)
  3  USING INDEX
  4    PCTFREE	   10
  5    INITRANS    2
  6    MAXTRANS    255
  7    TABLESPACE  tsi_pessoal
  8    STORAGE	 (
  9  	 INITIAL     286720
 10  	 MINEXTENTS  1
 11  	 MAXEXTENTS  2147483645
 12    )
 13  /
ADD CONSTRAINT icl_pk PRIMARY KEY (icl_uor_codigo, icl_data_vigencia)
                      *
ERRO na linha 2:
ORA-02260: table can have only one primary key 


SQL> 
SQL> 
SQL> -- Start of DDL Script for Constraint IFRSRH2.IDN_SEQUENCIAL_PK
SQL> -- Generated 27-dez-2004 8:32:37 from SYSMAN@BDSEDE5
SQL> 
SQL> ALTER TABLE indenizacoes
  2  ADD CONSTRAINT idn_sequencial_pk PRIMARY KEY (idn_sequencial)
  3  USING INDEX
  4    PCTFREE	   10
  5    INITRANS    2
  6    MAXTRANS    255
  7    TABLESPACE  tsi_pessoal
  8    STORAGE	 (
  9  	 INITIAL     40960
 10  	 MINEXTENTS  1
 11  	 MAXEXTENTS  2147483645
 12    )
 13  /
ADD CONSTRAINT idn_sequencial_pk PRIMARY KEY (idn_sequencial)
                                 *
ERRO na linha 2:
ORA-02260: table can have only one primary key 


SQL> 
SQL> -- Start of DDL Script for Constraint IFRSRH2.IDX_PK
SQL> -- Generated 27-dez-2004 8:32:37 from SYSMAN@BDSEDE5
SQL> 
SQL> ALTER TABLE indexadores
  2  ADD CONSTRAINT idx_pk PRIMARY KEY (idx_sigla)
  3  USING INDEX
  4    PCTFREE	   10
  5    INITRANS    2
  6    MAXTRANS    255
  7    TABLESPACE  tsi_pessoal
  8    STORAGE	 (
  9  	 INITIAL     40960
 10  	 MINEXTENTS  1
 11  	 MAXEXTENTS  2147483645
 12    )
 13  /
ADD CONSTRAINT idx_pk PRIMARY KEY (idx_sigla)
                      *
ERRO na linha 2:
ORA-02260: table can have only one primary key 


SQL> 
SQL> 
SQL> -- Start of DDL Script for Constraint IFRSRH2.ILI_PK
SQL> -- Generated 27-dez-2004 8:32:38 from SYSMAN@BDSEDE5
SQL> 
SQL> ALTER TABLE itinerarios_linhas_transportes
  2  ADD CONSTRAINT ili_pk PRIMARY KEY (ili_ltf_numero, ili_ltf_dep_codigo,
  3    ili_sequencial)
  4  USING INDEX
  5    PCTFREE	   10
  6    INITRANS    2
  7    MAXTRANS    255
  8    TABLESPACE  tsi_pessoal
  9    STORAGE	 (
 10  	 INITIAL     81920
 11  	 MINEXTENTS  1
 12  	 MAXEXTENTS  2147483645
 13    )
 14  /
ADD CONSTRAINT ili_pk PRIMARY KEY (ili_ltf_numero, ili_ltf_dep_codigo,
                      *
ERRO na linha 2:
ORA-02260: table can have only one primary key 


SQL> 
SQL> -- Start of DDL Script for Constraint IFRSRH2.IMR_PK
SQL> -- Generated 27-dez-2004 8:32:38 from SYSMAN@BDSEDE5
SQL> 
SQL> ALTER TABLE impostos_rendas
  2  ADD CONSTRAINT imr_pk PRIMARY KEY (imr_faixa, imr_ano_referencia,
  3    imr_mes_referencia)
  4  USING INDEX
  5    PCTFREE	   10
  6    INITRANS    2
  7    MAXTRANS    255
  8    TABLESPACE  tsi_pessoal
  9    STORAGE	 (
 10  	 INITIAL     40960
 11  	 MINEXTENTS  1
 12  	 MAXEXTENTS  2147483645
 13    )
 14  /
ADD CONSTRAINT imr_pk PRIMARY KEY (imr_faixa, imr_ano_referencia,
                      *
ERRO na linha 2:
ORA-02260: table can have only one primary key 


SQL> 
SQL> 
SQL> 
SQL> -- Start of DDL Script for Constraint IFRSRH2.IND_PK
SQL> -- Generated 27-dez-2004 8:32:39 from SYSMAN@BDSEDE5
SQL> 
SQL> ALTER TABLE indices
  2  ADD CONSTRAINT ind_pk PRIMARY KEY (ind_seq_ind)
  3  USING INDEX
  4    PCTFREE	   10
  5    INITRANS    2
  6    MAXTRANS    255
  7    TABLESPACE  tsi_pessoal
  8    STORAGE	 (
  9  	 INITIAL     40960
 10  	 MINEXTENTS  1
 11  	 MAXEXTENTS  2147483645
 12    )
 13  /
ADD CONSTRAINT ind_pk PRIMARY KEY (ind_seq_ind)
                      *
ERRO na linha 2:
ORA-02260: table can have only one primary key 


SQL> 
SQL> 
SQL> -- Start of DDL Script for Constraint IFRSRH2.INTERNA_PK
SQL> -- Generated 27-dez-2004 8:32:40 from SYSMAN@BDSEDE5
SQL> 
SQL> ALTER TABLE internacao
  2  ADD CONSTRAINT interna_pk PRIMARY KEY (int_gui_doc_numero,
  3    int_gui_doc_cbe_ben_sigla, int_gui_doc_cbe_cre_sequencial,
  4    int_gui_doc_dep_codigo, int_gui_numero, int_sequencial)
  5  USING INDEX
  6    PCTFREE	   10
  7    INITRANS    2
  8    MAXTRANS    255
  9    TABLESPACE  tsi_pessoal
 10    STORAGE	 (
 11  	 INITIAL     163840
 12  	 MINEXTENTS  1
 13  	 MAXEXTENTS  2147483645
 14    )
 15  /
ADD CONSTRAINT interna_pk PRIMARY KEY (int_gui_doc_numero,
                          *
ERRO na linha 2:
ORA-02260: table can have only one primary key 


SQL> 
SQL> -- Start of DDL Script for Constraint IFRSRH2.IRU_PK
SQL> -- Generated 27-dez-2004 8:32:41 from SYSMAN@BDSEDE5
SQL> 
SQL> ALTER TABLE incidencias_rubricas
  2  ADD CONSTRAINT iru_pk PRIMARY KEY (iru_rub_codigo, iru_rub_codigo_incide,
  3    data_inicio)
  4  USING INDEX
  5    PCTFREE	   10
  6    INITRANS    2
  7    MAXTRANS    255
  8    TABLESPACE  tsi_pessoal
  9    STORAGE	 (
 10  	 INITIAL     163840
 11  	 MINEXTENTS  1
 12  	 MAXEXTENTS  2147483645
 13    )
 14  /
ADD CONSTRAINT iru_pk PRIMARY KEY (iru_rub_codigo, iru_rub_codigo_incide,
                      *
ERRO na linha 2:
ORA-02260: table can have only one primary key 


SQL> 
SQL> 
SQL> 
SQL> 
SQL> 
SQL> -- Start of DDL Script for Constraint IFRSRH2.JTR_PK
SQL> -- Generated 27-dez-2004 8:32:41 from SYSMAN@BDSEDE5
SQL> 
SQL> ALTER TABLE jornadas_trabalho
  2  ADD CONSTRAINT jtr_pk PRIMARY KEY (jtr_codigo)
  3  USING INDEX
  4    PCTFREE	   10
  5    INITRANS    2
  6    MAXTRANS    255
  7    TABLESPACE  tsi_pessoal
  8    STORAGE	 (
  9  	 INITIAL     40960
 10  	 MINEXTENTS  1
 11  	 MAXEXTENTS  2147483645
 12    )
 13  /
ADD CONSTRAINT jtr_pk PRIMARY KEY (jtr_codigo)
                      *
ERRO na linha 2:
ORA-02260: table can have only one primary key 


SQL> 
SQL> 
SQL> 
SQL> -- Start of DDL Script for Constraint IFRSRH2.LET_PK
SQL> -- Generated 27-dez-2004 8:32:42 from SYSMAN@BDSEDE5
SQL> 
SQL> ALTER TABLE listas_esperas_transportes
  2  ADD CONSTRAINT let_pk PRIMARY KEY (let_emb_emp_numero_matricula,
  3    let_emb_ben_sigla, let_ltf_numero, let_ltf_dep_codigo, let_data_inclusao)
  4  USING INDEX
  5    PCTFREE	   10
  6    INITRANS    2
  7    MAXTRANS    255
  8    TABLESPACE  tsi_pessoal
  9    STORAGE	 (
 10  	 INITIAL     40960
 11  	 MINEXTENTS  1
 12  	 MAXEXTENTS  2147483645
 13    )
 14  /
ADD CONSTRAINT let_pk PRIMARY KEY (let_emb_emp_numero_matricula,
                      *
ERRO na linha 2:
ORA-02260: table can have only one primary key 


SQL> 
SQL> 
SQL> 
SQL> -- Start of DDL Script for Constraint IFRSRH2.LJ_PK
SQL> -- Generated 27-dez-2004 8:32:43 from SYSMAN@BDSEDE5
SQL> 
SQL> ALTER TABLE log_job
  2  ADD CONSTRAINT lj_pk PRIMARY KEY (lj_nom_processo, lj_dat_inicio_processo)
  3  USING INDEX
  4    PCTFREE	   10
  5    INITRANS    2
  6    MAXTRANS    255
  7    TABLESPACE  tsi_pessoal
  8    STORAGE	 (
  9  	 INITIAL     65536
 10  	 MINEXTENTS  1
 11  	 MAXEXTENTS  2147483645
 12    )
 13  /
ADD CONSTRAINT lj_pk PRIMARY KEY (lj_nom_processo, lj_dat_inicio_processo)
                     *
ERRO na linha 2:
ORA-02260: table can have only one primary key 


SQL> 
SQL> 
SQL> 
SQL> -- Start of DDL Script for Constraint IFRSRH2.LOA_PK
SQL> -- Generated 27-dez-2004 8:32:44 from SYSMAN@BDSEDE5
SQL> 
SQL> ALTER TABLE local_atendimento
  2  ADD CONSTRAINT loa_pk PRIMARY KEY (loa_cre_sequencial, loa_codigo,
  3    loa_dep_codigo)
  4  USING INDEX
  5    PCTFREE	   10
  6    INITRANS    2
  7    MAXTRANS    255
  8    TABLESPACE  tsi_pessoal
  9    STORAGE	 (
 10  	 INITIAL     40960
 11  	 MINEXTENTS  1
 12  	 MAXEXTENTS  2147483645
 13    )
 14  /
ADD CONSTRAINT loa_pk PRIMARY KEY (loa_cre_sequencial, loa_codigo,
                      *
ERRO na linha 2:
ORA-02260: table can have only one primary key 


SQL> 
SQL> -- Start of DDL Script for Constraint IFRSRH2.LOG_ATF_PK
SQL> -- Generated 27-dez-2004 8:32:44 from SYSMAN@BDSEDE5
SQL> 
SQL> ALTER TABLE log_atividades_funcoes
  2  ADD CONSTRAINT log_atf_pk PRIMARY KEY (dta_operacao, atf_fun_codigo,
  3    atf_ati_codigo)
  4  USING INDEX
  5    PCTFREE	   10
  6    INITRANS    2
  7    MAXTRANS    255
  8    TABLESPACE  tsi_pessoal
  9    STORAGE	 (
 10  	 INITIAL     40960
 11  	 MINEXTENTS  1
 12  	 MAXEXTENTS  2147483645
 13    )
 14  /
ADD CONSTRAINT log_atf_pk PRIMARY KEY (dta_operacao, atf_fun_codigo,
                          *
ERRO na linha 2:
ORA-02260: table can have only one primary key 


SQL> 
SQL> 
SQL> 
SQL> -- Start of DDL Script for Constraint IFRSRH2.LPM_LOCAL_PK
SQL> -- Generated 27-dez-2004 8:32:45 from SYSMAN@BDSEDE5
SQL> 
SQL> ALTER TABLE lpm_local
  2  ADD CONSTRAINT lpm_local_pk PRIMARY KEY (lpl_codigo, lpl_cre_sequencial)
  3  USING INDEX
  4    PCTFREE	   10
  5    INITRANS    2
  6    MAXTRANS    255
  7    TABLESPACE  tsi_pessoal
  8    STORAGE	 (
  9  	 INITIAL     81920
 10  	 MINEXTENTS  1
 11  	 MAXEXTENTS  2147483645
 12    )
 13  /
ADD CONSTRAINT lpm_local_pk PRIMARY KEY (lpl_codigo, lpl_cre_sequencial)
                            *
ERRO na linha 2:
ORA-02260: table can have only one primary key 


SQL> 
SQL> -- Start of DDL Script for Constraint IFRSRH2.LPM_PK
SQL> -- Generated 27-dez-2004 8:32:46 from SYSMAN@BDSEDE5
SQL> 
SQL> ALTER TABLE lpm
  2  ADD CONSTRAINT lpm_pk PRIMARY KEY (lpm_codigo, lpm_dv, lpm_esp_tipo,
  3    lpm_esp_numero)
  4  USING INDEX
  5    PCTFREE	   10
  6    INITRANS    2
  7    MAXTRANS    255
  8    TABLESPACE  tsi_pessoal
  9    STORAGE	 (
 10  	 INITIAL     221184
 11  	 MINEXTENTS  1
 12  	 MAXEXTENTS  2147483645
 13    )
 14  /
ADD CONSTRAINT lpm_pk PRIMARY KEY (lpm_codigo, lpm_dv, lpm_esp_tipo,
                      *
ERRO na linha 2:
ORA-02260: table can have only one primary key 


SQL> 
SQL> 
SQL> -- Start of DDL Script for Constraint IFRSRH2.LPR_PK
SQL> -- Generated 27-dez-2004 8:32:46 from SYSMAN@BDSEDE5
SQL> 
SQL> ALTER TABLE licenca_premio
  2  ADD CONSTRAINT lpr_pk PRIMARY KEY (lpr_emp_numero_matricula,
  3    lpr_dt_inicio_periodo_aquis)
  4  USING INDEX
  5    PCTFREE	   10
  6    INITRANS    2
  7    MAXTRANS    255
  8    TABLESPACE  tsi_pessoal
  9    STORAGE	 (
 10  	 INITIAL     24576
 11  	 MINEXTENTS  1
 12  	 MAXEXTENTS  2147483645
 13    )
 14  /
ADD CONSTRAINT lpr_pk PRIMARY KEY (lpr_emp_numero_matricula,
                      *
ERRO na linha 2:
ORA-02260: table can have only one primary key 


SQL> 
SQL> 
SQL> 
SQL> 
SQL> -- Start of DDL Script for Constraint IFRSRH2.LTF_PK
SQL> -- Generated 27-dez-2004 8:32:47 from SYSMAN@BDSEDE5
SQL> 
SQL> ALTER TABLE linhas_transportes_fretados
  2  ADD CONSTRAINT ltf_pk PRIMARY KEY (ltf_numero, ltf_dep_codigo)
  3  USING INDEX
  4    PCTFREE	   10
  5    INITRANS    2
  6    MAXTRANS    255
  7    TABLESPACE  tsi_pessoal
  8    STORAGE	 (
  9  	 INITIAL     40960
 10  	 MINEXTENTS  1
 11  	 MAXEXTENTS  2147483645
 12    )
 13  /
ADD CONSTRAINT ltf_pk PRIMARY KEY (ltf_numero, ltf_dep_codigo)
                      *
ERRO na linha 2:
ORA-02260: table can have only one primary key 


SQL> 
SQL> 
SQL> 
SQL> 
SQL> 
SQL> -- Start of DDL Script for Constraint IFRSRH2.MAC_PK
SQL> -- Generated 27-dez-2004 8:32:48 from SYSMAN@BDSEDE5
SQL> 
SQL> ALTER TABLE movimentacao_autonomo_cooperat
  2  ADD CONSTRAINT mac_pk PRIMARY KEY (mac_ano_referencia, mac_mes_referencia,
  3    mac_cre_sequencial, mac_dta_pagto)
  4  USING INDEX
  5    PCTFREE	   10
  6    INITRANS    2
  7    MAXTRANS    255
  8    TABLESPACE  tsi_pessoal
  9    STORAGE	 (
 10  	 INITIAL     81920
 11  	 MINEXTENTS  1
 12  	 MAXEXTENTS  2147483645
 13    )
 14  /
ADD CONSTRAINT mac_pk PRIMARY KEY (mac_ano_referencia, mac_mes_referencia,
                      *
ERRO na linha 2:
ORA-02260: table can have only one primary key 


SQL> 
SQL> 
SQL> -- Start of DDL Script for Constraint IFRSRH2.MCT_PK
SQL> -- Generated 27-dez-2004 8:32:49 from SYSMAN@BDSEDE5
SQL> 
SQL> ALTER TABLE medias_categorias_transportes
  2  ADD CONSTRAINT mct_pk PRIMARY KEY (mct_dep_codigo, mct_mesano_referencia)
  3  USING INDEX
  4    PCTFREE	   10
  5    INITRANS    2
  6    MAXTRANS    255
  7    TABLESPACE  tsi_pessoal
  8    STORAGE	 (
  9  	 INITIAL     81920
 10  	 MINEXTENTS  1
 11  	 MAXEXTENTS  2147483645
 12    )
 13  /
ADD CONSTRAINT mct_pk PRIMARY KEY (mct_dep_codigo, mct_mesano_referencia)
                      *
ERRO na linha 2:
ORA-02260: table can have only one primary key 


SQL> 
SQL> -- Start of DDL Script for Constraint IFRSRH2.MDC_PK
SQL> -- Generated 27-dez-2004 8:32:49 from SYSMAN@BDSEDE5
SQL> 
SQL> ALTER TABLE matricula_disponivel_cadastro
  2  ADD CONSTRAINT mdc_pk PRIMARY KEY (mad_num_matricula_disponivel)
  3  USING INDEX
  4    PCTFREE	   10
  5    INITRANS    2
  6    MAXTRANS    255
  7    TABLESPACE  tsi_pessoal
  8    STORAGE	 (
  9  	 INITIAL     65536
 10  	 MINEXTENTS  1
 11  	 MAXEXTENTS  2147483645
 12    )
 13  /
ADD CONSTRAINT mdc_pk PRIMARY KEY (mad_num_matricula_disponivel)
                      *
ERRO na linha 2:
ORA-02260: table can have only one primary key 


SQL> 
SQL> 
SQL> -- Start of DDL Script for Constraint IFRSRH2.MEC_PK
SQL> -- Generated 27-dez-2004 8:32:50 from SYSMAN@BDSEDE5
SQL> 
SQL> ALTER TABLE mensagens_contracheques
  2  ADD CONSTRAINT mec_pk PRIMARY KEY (mec_ano, mec_mes, mec_codigo, mec_dep_codigo)
  3  USING INDEX
  4    PCTFREE	   10
  5    INITRANS    2
  6    MAXTRANS    255
  7    TABLESPACE  tsi_pessoal
  8    STORAGE	 (
  9  	 INITIAL     40960
 10  	 MINEXTENTS  1
 11  	 MAXEXTENTS  2147483645
 12    )
 13  /
ADD CONSTRAINT mec_pk PRIMARY KEY (mec_ano, mec_mes, mec_codigo, mec_dep_codigo)
                      *
ERRO na linha 2:
ORA-02260: table can have only one primary key 


SQL> 
SQL> -- Start of DDL Script for Constraint IFRSRH2.MOT_NAV_PK
SQL> -- Generated 27-dez-2004 8:32:51 from SYSMAN@BDSEDE5
SQL> 
SQL> ALTER TABLE siad_motivo_nao_avaliacao
  2  ADD CONSTRAINT mot_nav_pk PRIMARY KEY (codigo_motivo)
  3  USING INDEX
  4    PCTFREE	   10
  5    INITRANS    2
  6    MAXTRANS    255
  7    TABLESPACE  tsi_pessoal
  8    STORAGE	 (
  9  	 INITIAL     40960
 10  	 MINEXTENTS  1
 11  	 MAXEXTENTS  2147483645
 12    )
 13  /
ADD CONSTRAINT mot_nav_pk PRIMARY KEY (codigo_motivo)
                          *
ERRO na linha 2:
ORA-02260: table can have only one primary key 


SQL> 
SQL> -- Start of DDL Script for Constraint IFRSRH2.MOTN_PROM_PK
SQL> -- Generated 27-dez-2004 8:32:51 from SYSMAN@BDSEDE5
SQL> 
SQL> ALTER TABLE spf_motivo_nao_promocao
  2  ADD CONSTRAINT motn_prom_pk PRIMARY KEY (ano_promocao, cod_motivo_nao_promocao,
  3    tipo_promocao)
  4  USING INDEX
  5    PCTFREE	   10
  6    INITRANS    2
  7    MAXTRANS    255
  8    TABLESPACE  tsi_pessoal
  9    STORAGE	 (
 10  	 INITIAL     40960
 11  	 MINEXTENTS  1
 12  	 MAXEXTENTS  2147483645
 13    )
 14  /
ADD CONSTRAINT motn_prom_pk PRIMARY KEY (ano_promocao, cod_motivo_nao_promocao,
                            *
ERRO na linha 2:
ORA-02260: table can have only one primary key 


SQL> 
SQL> 
SQL> 
SQL> -- Start of DDL Script for Constraint IFRSRH2.MOV_PK
SQL> -- Generated 27-dez-2004 8:32:52 from SYSMAN@BDSEDE5
SQL> 
SQL> ALTER TABLE movimentacao
  2  ADD CONSTRAINT mov_pk PRIMARY KEY (mov_ano_referencia, mov_mes_referencia,
  3    mov_versao_pagamento, mov_emp_numero_matricula, mov_rub_codigo,
  4    mov_tip_rubrica, mov_sequencial)
  5  USING INDEX
  6    PCTFREE	   10
  7    INITRANS    2
  8    MAXTRANS    255
  9    TABLESPACE  tsi_pessoal
 10    STORAGE	 (
 11  	 INITIAL     65536
 12  	 MINEXTENTS  1
 13  	 MAXEXTENTS  2147483645
 14    )
 15  /
ADD CONSTRAINT mov_pk PRIMARY KEY (mov_ano_referencia, mov_mes_referencia,
                      *
ERRO na linha 2:
ORA-02260: table can have only one primary key 


SQL> 
SQL> 
SQL> -- Start of DDL Script for Constraint IFRSRH2.NSA_PK
SQL> -- Generated 27-dez-2004 8:32:54 from SYSMAN@BDSEDE5
SQL> 
SQL> ALTER TABLE niveis_salariais
  2  ADD CONSTRAINT nsa_pk PRIMARY KEY (nsa_codigo_nivel, nsa_codigo_padrao,
  3    nsa_indicador_nivel_escola)
  4  USING INDEX
  5    PCTFREE	   10
  6    INITRANS    2
  7    MAXTRANS    255
  8    TABLESPACE  tsi_pessoal
  9    STORAGE	 (
 10  	 INITIAL     40960
 11  	 MINEXTENTS  1
 12  	 MAXEXTENTS  2147483645
 13    )
 14  /
ADD CONSTRAINT nsa_pk PRIMARY KEY (nsa_codigo_nivel, nsa_codigo_padrao,
                      *
ERRO na linha 2:
ORA-02260: table can have only one primary key 


SQL> 
SQL> -- Start of DDL Script for Constraint IFRSRH2.OCC_PK
SQL> -- Generated 27-dez-2004 8:32:55 from SYSMAN@BDSEDE5
SQL> 
SQL> ALTER TABLE ocupacoes_cargo
  2  ADD CONSTRAINT occ_pk PRIMARY KEY (occ_codigo)
  3  USING INDEX
  4    PCTFREE	   10
  5    INITRANS    2
  6    MAXTRANS    255
  7    TABLESPACE  tsi_pessoal
  8    STORAGE	 (
  9  	 INITIAL     40960
 10  	 MINEXTENTS  1
 11  	 MAXEXTENTS  2147483645
 12    )
 13  /
ADD CONSTRAINT occ_pk PRIMARY KEY (occ_codigo)
                      *
ERRO na linha 2:
ORA-02260: table can have only one primary key 


SQL> 
SQL> -- Start of DDL Script for Constraint IFRSRH2.OCL_PK
SQL> -- Generated 27-dez-2004 8:32:55 from SYSMAN@BDSEDE5
SQL> 
SQL> ALTER TABLE orgaos_classes
  2  ADD CONSTRAINT ocl_pk PRIMARY KEY (ocl_sigla)
  3  USING INDEX
  4    PCTFREE	   10
  5    INITRANS    2
  6    MAXTRANS    255
  7    TABLESPACE  tsi_pessoal
  8    STORAGE	 (
  9  	 INITIAL     40960
 10  	 MINEXTENTS  1
 11  	 MAXEXTENTS  2147483645
 12    )
 13  /
ADD CONSTRAINT ocl_pk PRIMARY KEY (ocl_sigla)
                      *
ERRO na linha 2:
ORA-02260: table can have only one primary key 


SQL> 
SQL> -- Start of DDL Script for Constraint IFRSRH2.OCL_UK
SQL> -- Generated 27-dez-2004 8:32:56 from SYSMAN@BDSEDE5
SQL> 
SQL> ALTER TABLE orgaos_classes
  2  ADD CONSTRAINT ocl_uk UNIQUE (ocl_descricao)
  3  USING INDEX
  4    PCTFREE	   10
  5    INITRANS    2
  6    MAXTRANS    255
  7    TABLESPACE  tsi_pessoal
  8    STORAGE	 (
  9  	 INITIAL     40960
 10  	 MINEXTENTS  1
 11  	 MAXEXTENTS  2147483645
 12    )
 13  /
ADD CONSTRAINT ocl_uk UNIQUE (ocl_descricao)
                      *
ERRO na linha 2:
ORA-02261: such unique or primary key already exists in the table 


SQL> 
SQL> 
SQL> 
SQL> 
SQL> 
SQL> 
SQL> -- Start of DDL Script for Constraint IFRSRH2.OEM_PK
SQL> -- Generated 27-dez-2004 8:32:58 from SYSMAN@BDSEDE5
SQL> 
SQL> ALTER TABLE ocorrencias_empregados
  2  ADD CONSTRAINT oem_pk PRIMARY KEY (oem_emp_numero_matricula, oem_ofu_codigo,
  3    oem_data_inicio)
  4  USING INDEX
  5    PCTFREE	   10
  6    INITRANS    2
  7    MAXTRANS    255
  8    TABLESPACE  tsi_pessoal
  9    STORAGE	 (
 10  	 INITIAL     223748096
 11  	 MINEXTENTS  1
 12  	 MAXEXTENTS  2147483645
 13    )
 14  /
ADD CONSTRAINT oem_pk PRIMARY KEY (oem_emp_numero_matricula, oem_ofu_codigo,
                      *
ERRO na linha 2:
ORA-02260: table can have only one primary key 


SQL> 
SQL> -- Start of DDL Script for Constraint IFRSRH2.OEM_TEMP_PK
SQL> -- Generated 27-dez-2004 8:33:00 from SYSMAN@BDSEDE5
SQL> 
SQL> ALTER TABLE ocorrencias_empregados_temp
  2  ADD CONSTRAINT oem_temp_pk PRIMARY KEY (oem_emp_numero_matricula, oem_ofu_codigo,
  3    oem_data_inicio)
  4  USING INDEX
  5    PCTFREE	   10
  6    INITRANS    2
  7    MAXTRANS    255
  8    TABLESPACE  tsi_pessoal
  9    STORAGE	 (
 10  	 INITIAL     17899520
 11  	 MINEXTENTS  1
 12  	 MAXEXTENTS  2147483645
 13    )
 14  /
ADD CONSTRAINT oem_temp_pk PRIMARY KEY (oem_emp_numero_matricula, oem_ofu_codigo,
                           *
ERRO na linha 2:
ORA-02260: table can have only one primary key 


SQL> 
SQL> 
SQL> 
SQL> 
SQL> 
SQL> -- Start of DDL Script for Constraint IFRSRH2.OFE_PK
SQL> -- Generated 27-dez-2004 8:33:01 from SYSMAN@BDSEDE5
SQL> 
SQL> ALTER TABLE ocorrencias_frequencia_emp
  2  ADD CONSTRAINT ofe_pk PRIMARY KEY (ofe_emp_numero_matricula, ofe_ofu_codigo,
  3    ofe_data_inicio)
  4  USING INDEX
  5    PCTFREE	   20
  6    INITRANS    2
  7    MAXTRANS    255
  8    TABLESPACE  tsi_pessoal
  9    STORAGE	 (
 10  	 INITIAL     65536
 11  	 MINEXTENTS  1
 12  	 MAXEXTENTS  2147483645
 13    )
 14  /
ADD CONSTRAINT ofe_pk PRIMARY KEY (ofe_emp_numero_matricula, ofe_ofu_codigo,
                      *
ERRO na linha 2:
ORA-02260: table can have only one primary key 


SQL> 
SQL> 
SQL> -- Start of DDL Script for Constraint IFRSRH2.OFU_PK
SQL> -- Generated 27-dez-2004 8:33:02 from SYSMAN@BDSEDE5
SQL> 
SQL> ALTER TABLE tipos_ocorrencias
  2  ADD CONSTRAINT ofu_pk PRIMARY KEY (ofu_codigo)
  3  USING INDEX
  4    PCTFREE	   10
  5    INITRANS    2
  6    MAXTRANS    255
  7    TABLESPACE  tsi_pessoal
  8    STORAGE	 (
  9  	 INITIAL     40960
 10  	 MINEXTENTS  1
 11  	 MAXEXTENTS  2147483645
 12    )
 13  /
ADD CONSTRAINT ofu_pk PRIMARY KEY (ofu_codigo)
                      *
ERRO na linha 2:
ORA-02260: table can have only one primary key 


SQL> 
SQL> 
SQL> -- Start of DDL Script for Constraint IFRSRH2.OFU_UK
SQL> -- Generated 27-dez-2004 8:33:03 from SYSMAN@BDSEDE5
SQL> 
SQL> ALTER TABLE tipos_ocorrencias
  2  ADD CONSTRAINT ofu_uk UNIQUE (ofu_descricao)
  3  USING INDEX
  4    PCTFREE	   10
  5    INITRANS    2
  6    MAXTRANS    255
  7    TABLESPACE  tsi_pessoal
  8    STORAGE	 (
  9  	 INITIAL     40960
 10  	 MINEXTENTS  1
 11  	 MAXEXTENTS  2147483645
 12    )
 13  /
ADD CONSTRAINT ofu_uk UNIQUE (ofu_descricao)
                      *
ERRO na linha 2:
ORA-02261: such unique or primary key already exists in the table 


SQL> 
SQL> 
SQL> 
SQL> -- Start of DDL Script for Constraint IFRSRH2.OIA_PK
SQL> -- Generated 27-dez-2004 8:33:04 from SYSMAN@BDSEDE5
SQL> 
SQL> ALTER TABLE ocorrencias_inss_agnocivos
  2  ADD CONSTRAINT oia_pk PRIMARY KEY (oia_agn_codigo,
  3    oia_oin_codigo_padrao_nacional)
  4  USING INDEX
  5    PCTFREE	   10
  6    INITRANS    2
  7    MAXTRANS    255
  8    TABLESPACE  tsi_pessoal
  9    STORAGE	 (
 10  	 INITIAL     40960
 11  	 MINEXTENTS  1
 12  	 MAXEXTENTS  2147483645
 13    )
 14  /
ADD CONSTRAINT oia_pk PRIMARY KEY (oia_agn_codigo,
                      *
ERRO na linha 2:
ORA-02260: table can have only one primary key 


SQL> 
SQL> -- Start of DDL Script for Constraint IFRSRH2.OIN_PK
SQL> -- Generated 27-dez-2004 8:33:04 from SYSMAN@BDSEDE5
SQL> 
SQL> ALTER TABLE ocorrencias_inss
  2  ADD CONSTRAINT oin_pk PRIMARY KEY (oin_codigo_padrao_nacional)
  3  USING INDEX
  4    PCTFREE	   10
  5    INITRANS    2
  6    MAXTRANS    255
  7    TABLESPACE  tsi_pessoal
  8    STORAGE	 (
  9  	 INITIAL     40960
 10  	 MINEXTENTS  1
 11  	 MAXEXTENTS  2147483645
 12    )
 13  /
ADD CONSTRAINT oin_pk PRIMARY KEY (oin_codigo_padrao_nacional)
                      *
ERRO na linha 2:
ORA-02260: table can have only one primary key 


SQL> 
SQL> -- Start of DDL Script for Constraint IFRSRH2.OPE_PK
SQL> -- Generated 27-dez-2004 8:33:05 from SYSMAN@BDSEDE5
SQL> 
SQL> ALTER TABLE operandos
  2  ADD CONSTRAINT ope_pk PRIMARY KEY (ope_sigla)
  3  USING INDEX
  4    PCTFREE	   10
  5    INITRANS    2
  6    MAXTRANS    255
  7    TABLESPACE  tsi_pessoal
  8    STORAGE	 (
  9  	 INITIAL     40960
 10  	 MINEXTENTS  1
 11  	 MAXEXTENTS  2147483645
 12    )
 13  /
ADD CONSTRAINT ope_pk PRIMARY KEY (ope_sigla)
                      *
ERRO na linha 2:
ORA-02260: table can have only one primary key 


SQL> 
SQL> -- Start of DDL Script for Constraint IFRSRH2.OPP_PK
SQL> -- Generated 27-dez-2004 8:33:05 from SYSMAN@BDSEDE5
SQL> 
SQL> ALTER TABLE ocorrencias_pis_pasep
  2  ADD CONSTRAINT opp_pk PRIMARY KEY (nome_arquivo, codido_ocorrencia,
  3    tipo_ocorrencia)
  4  USING INDEX
  5    PCTFREE	   10
  6    INITRANS    2
  7    MAXTRANS    255
  8    TABLESPACE  tsi_pessoal
  9    STORAGE	 (
 10  	 INITIAL     40960
 11  	 MINEXTENTS  1
 12  	 MAXEXTENTS  2147483645
 13    )
 14  /
ADD CONSTRAINT opp_pk PRIMARY KEY (nome_arquivo, codido_ocorrencia,
                      *
ERRO na linha 2:
ORA-02260: table can have only one primary key 


SQL> 
SQL> 
SQL> -- Start of DDL Script for Constraint IFRSRH2.OPPA_PK
SQL> -- Generated 27-dez-2004 8:33:06 from SYSMAN@BDSEDE5
SQL> 
SQL> ALTER TABLE ocorrencias_pis_pasep_arquivo
  2  ADD CONSTRAINT oppa_pk PRIMARY KEY (data_processamento, sequencial_arquivo,
  3    nome_arquivo_pis_pasep)
  4  USING INDEX
  5    PCTFREE	   10
  6    INITRANS    2
  7    MAXTRANS    255
  8    TABLESPACE  tsi_pessoal
  9    STORAGE	 (
 10  	 INITIAL     41943040
 11  	 MINEXTENTS  1
 12  	 MAXEXTENTS  2147483645
 13    )
 14  /
ADD CONSTRAINT oppa_pk PRIMARY KEY (data_processamento, sequencial_arquivo,
                       *
ERRO na linha 2:
ORA-02260: table can have only one primary key 


SQL> 
SQL> 
SQL> -- Start of DDL Script for Constraint IFRSRH2.OPPE_PK
SQL> -- Generated 27-dez-2004 8:33:07 from SYSMAN@BDSEDE5
SQL> 
SQL> ALTER TABLE ocorrencias_pis_pasep_emp
  2  ADD CONSTRAINT oppe_pk PRIMARY KEY (matricula, data_processamento,
  3    sequencial_arquivo, sequencial_emp)
  4  USING INDEX
  5    PCTFREE	   10
  6    INITRANS    2
  7    MAXTRANS    255
  8    TABLESPACE  tsi_pessoal
  9    STORAGE	 (
 10  	 INITIAL     41943040
 11  	 MINEXTENTS  1
 12  	 MAXEXTENTS  2147483645
 13    )
 14  /
ADD CONSTRAINT oppe_pk PRIMARY KEY (matricula, data_processamento,
                       *
ERRO na linha 2:
ORA-02260: table can have only one primary key 


SQL> 
SQL> 
SQL> 
SQL> -- Start of DDL Script for Constraint IFRSRH2.ORT_PK
SQL> -- Generated 27-dez-2004 8:33:08 from SYSMAN@BDSEDE5
SQL> 
SQL> ALTER TABLE ocorrencias_receb_tickets
  2  ADD CONSTRAINT ort_pk PRIMARY KEY (ort_mes, ort_ano, ort_tipo_pedido,
  3    ort_emb_emp_numero_matricula, ort_codigo_pedido, ort_data)
  4  USING INDEX
  5    PCTFREE	   10
  6    INITRANS    2
  7    MAXTRANS    255
  8    TABLESPACE  tsi_pessoal
  9    STORAGE	 (
 10  	 INITIAL     9256960
 11  	 MINEXTENTS  1
 12  	 MAXEXTENTS  2147483645
 13    )
 14  /
ADD CONSTRAINT ort_pk PRIMARY KEY (ort_mes, ort_ano, ort_tipo_pedido,
                      *
ERRO na linha 2:
ORA-02260: table can have only one primary key 


SQL> 
SQL> 
SQL> 
SQL> -- Start of DDL Script for Constraint IFRSRH2.ORV_PK
SQL> -- Generated 27-dez-2004 8:33:09 from SYSMAN@BDSEDE5
SQL> 
SQL> ALTER TABLE ocorrencias_receb_vales
  2  ADD CONSTRAINT orv_pk PRIMARY KEY (orv_dep_codigo_fisico, orv_emc_cat_sigla,
  3    orv_emc_emb_emp_numero_matricu, orv_emc_emb_ben_sigla, orv_sequencial, orv_mes,
  4    orv_ano)
  5  USING INDEX
  6    PCTFREE	   10
  7    INITRANS    2
  8    MAXTRANS    255
  9    TABLESPACE  tsi_pessoal
 10    STORAGE	 (
 11  	 INITIAL     8151040
 12  	 MINEXTENTS  1
 13  	 MAXEXTENTS  2147483645
 14    )
 15  /
ADD CONSTRAINT orv_pk PRIMARY KEY (orv_dep_codigo_fisico, orv_emc_cat_sigla,
                      *
ERRO na linha 2:
ORA-02260: table can have only one primary key 


SQL> 
SQL> 
SQL> 
SQL> -- Start of DDL Script for Constraint IFRSRH2.OSF_PK
SQL> -- Generated 27-dez-2004 8:33:10 from SYSMAN@BDSEDE5
SQL> 
SQL> ALTER TABLE ocorrencias_situacoes_func
  2  ADD CONSTRAINT osf_pk PRIMARY KEY (osf_sfu_codigo, osf_ofu_codigo)
  3  USING INDEX
  4    PCTFREE	   10
  5    INITRANS    2
  6    MAXTRANS    255
  7    TABLESPACE  tsi_pessoal
  8    STORAGE	 (
  9  	 INITIAL     40960
 10  	 MINEXTENTS  1
 11  	 MAXEXTENTS  2147483645
 12    )
 13  /
ADD CONSTRAINT osf_pk PRIMARY KEY (osf_sfu_codigo, osf_ofu_codigo)
                      *
ERRO na linha 2:
ORA-02260: table can have only one primary key 


SQL> 
SQL> 
SQL> -- Start of DDL Script for Constraint IFRSRH2.OVC_PK
SQL> -- Generated 27-dez-2004 8:33:12 from SYSMAN@BDSEDE5
SQL> 
SQL> ALTER TABLE ocorrencia_viagem_centro_custo
  2  ADD CONSTRAINT ovc_pk PRIMARY KEY (ovc_ove_oem_emp_num_matricula,
  3    ovc_ove_oem_ofu_codigo, ovc_ove_oem_data_inicio, ovc_ove_codigo_trecho,
  4    ovc_cct_codigo)
  5  USING INDEX
  6    PCTFREE	   10
  7    INITRANS    2
  8    MAXTRANS    255
  9    TABLESPACE  tsi_pessoal
 10    STORAGE	 (
 11  	 INITIAL     65536
 12  	 MINEXTENTS  1
 13  	 MAXEXTENTS  2147483645
 14    )
 15  /
ADD CONSTRAINT ovc_pk PRIMARY KEY (ovc_ove_oem_emp_num_matricula,
                      *
ERRO na linha 2:
ORA-02260: table can have only one primary key 


SQL> 
SQL> 
SQL> -- Start of DDL Script for Constraint IFRSRH2.OVE_PK
SQL> -- Generated 27-dez-2004 8:33:13 from SYSMAN@BDSEDE5
SQL> 
SQL> ALTER TABLE ocorrencias_viagens_empregados
  2  ADD CONSTRAINT ove_pk PRIMARY KEY (ove_oem_emp_numero_matricula,
  3    ove_oem_ofu_codigo, ove_oem_data_inicio, ove_codigo_trecho)
  4  USING INDEX
  5    PCTFREE	   10
  6    INITRANS    2
  7    MAXTRANS    255
  8    TABLESPACE  tsi_pessoal
  9    STORAGE	 (
 10  	 INITIAL     65536
 11  	 MINEXTENTS  1
 12  	 MAXEXTENTS  2147483645
 13    )
 14  /
ADD CONSTRAINT ove_pk PRIMARY KEY (ove_oem_emp_numero_matricula,
                      *
ERRO na linha 2:
ORA-02260: table can have only one primary key 


SQL> 
SQL> -- Start of DDL Script for Constraint IFRSRH2.PCB_CODIGO_PK
SQL> -- Generated 27-dez-2004 8:33:15 from SYSMAN@BDSEDE5
SQL> 
SQL> ALTER TABLE porte_cbhpm
  2  ADD CONSTRAINT pcb_codigo_pk PRIMARY KEY (pcb_codigo, pcb_dt_inicio)
  3  USING INDEX
  4    PCTFREE	   10
  5    INITRANS    2
  6    MAXTRANS    255
  7    TABLESPACE  tsi_pessoal
  8    STORAGE	 (
  9  	 INITIAL     65536
 10  	 MINEXTENTS  1
 11  	 MAXEXTENTS  2147483645
 12    )
 13  /
ADD CONSTRAINT pcb_codigo_pk PRIMARY KEY (pcb_codigo, pcb_dt_inicio)
                             *
ERRO na linha 2:
ORA-02260: table can have only one primary key 


SQL> 
SQL> 
SQL> -- Start of DDL Script for Constraint IFRSRH2.PCO_PK
SQL> -- Generated 27-dez-2004 8:33:17 from SYSMAN@BDSEDE5
SQL> 
SQL> ALTER TABLE pedidos_cobrancas
  2  ADD CONSTRAINT pco_pk PRIMARY KEY (pco_doc_numero, pco_doc_cbe_ben_sigla,
  3    pco_doc_cbe_cre_sequencial, pco_doc_dep_codigo, pco_numero_pedido)
  4  USING INDEX
  5    PCTFREE	   10
  6    INITRANS    2
  7    MAXTRANS    255
  8    TABLESPACE  tsi_pessoal
  9    STORAGE	 (
 10  	 INITIAL     1310720
 11  	 MINEXTENTS  1
 12  	 MAXEXTENTS  2147483645
 13    )
 14  /
ADD CONSTRAINT pco_pk PRIMARY KEY (pco_doc_numero, pco_doc_cbe_ben_sigla,
                      *
ERRO na linha 2:
ORA-02260: table can have only one primary key 


SQL> 
SQL> 
SQL> -- Start of DDL Script for Constraint IFRSRH2.PEN_PK
SQL> -- Generated 27-dez-2004 8:33:19 from SYSMAN@BDSEDE5
SQL> 
SQL> ALTER TABLE pensionistas
  2  ADD CONSTRAINT pen_pk PRIMARY KEY (pen_emp_numero_matricula, pen_codigo)
  3  USING INDEX
  4    PCTFREE	   10
  5    INITRANS    2
  6    MAXTRANS    255
  7    TABLESPACE  tsi_pessoal
  8    STORAGE	 (
  9  	 INITIAL     106496
 10  	 MINEXTENTS  1
 11  	 MAXEXTENTS  2147483645
 12    )
 13  /
ADD CONSTRAINT pen_pk PRIMARY KEY (pen_emp_numero_matricula, pen_codigo)
                      *
ERRO na linha 2:
ORA-02260: table can have only one primary key 


SQL> 
SQL> 
SQL> -- Start of DDL Script for Constraint IFRSRH2.PFE_PK
SQL> -- Generated 27-dez-2004 8:33:20 from SYSMAN@BDSEDE5
SQL> 
SQL> ALTER TABLE programacoes_ferias
  2  ADD CONSTRAINT pfe_pk PRIMARY KEY (pfe_emp_numero_matricula, pfe_sequencial)
  3  USING INDEX
  4    PCTFREE	   10
  5    INITRANS    2
  6    MAXTRANS    255
  7    TABLESPACE  tsi_pessoal
  8    STORAGE	 (
  9  	 INITIAL     65536
 10  	 MINEXTENTS  1
 11  	 MAXEXTENTS  2147483645
 12    )
 13  /
ADD CONSTRAINT pfe_pk PRIMARY KEY (pfe_emp_numero_matricula, pfe_sequencial)
                      *
ERRO na linha 2:
ORA-02260: table can have only one primary key 


SQL> 
SQL> 
SQL> -- Start of DDL Script for Constraint IFRSRH2.PGE_SEQUENCIAL_PK
SQL> -- Generated 27-dez-2004 8:33:21 from SYSMAN@BDSEDE5
SQL> 
SQL> ALTER TABLE pagamentos_especiais
  2  ADD CONSTRAINT pge_sequencial_pk PRIMARY KEY (pge_sequencial)
  3  USING INDEX
  4    PCTFREE	   10
  5    INITRANS    2
  6    MAXTRANS    255
  7    TABLESPACE  tsi_pessoal
  8    STORAGE	 (
  9  	 INITIAL     40960
 10  	 MINEXTENTS  1
 11  	 MAXEXTENTS  2147483645
 12    )
 13  /
ADD CONSTRAINT pge_sequencial_pk PRIMARY KEY (pge_sequencial)
                                 *
ERRO na linha 2:
ORA-02260: table can have only one primary key 


SQL> 
SQL> -- Start of DDL Script for Constraint IFRSRH2.PGR_CODIGO_PK
SQL> -- Generated 27-dez-2004 8:33:22 from SYSMAN@BDSEDE5
SQL> 
SQL> ALTER TABLE posto_graduacao
  2  ADD CONSTRAINT pgr_codigo_pk PRIMARY KEY (pgr_codigo)
  3  USING INDEX
  4    PCTFREE	   10
  5    INITRANS    2
  6    MAXTRANS    255
  7    TABLESPACE  tsi_pessoal
  8    STORAGE	 (
  9  	 INITIAL     40960
 10  	 MINEXTENTS  1
 11  	 MAXEXTENTS  2147483645
 12    )
 13  /
ADD CONSTRAINT pgr_codigo_pk PRIMARY KEY (pgr_codigo)
                             *
ERRO na linha 2:
ORA-02260: table can have only one primary key 


SQL> 
SQL> 
SQL> 
SQL> -- Start of DDL Script for Constraint IFRSRH2.PIA_PK
SQL> -- Generated 27-dez-2004 8:33:23 from SYSMAN@BDSEDE5
SQL> 
SQL> ALTER TABLE pericul_insalub_agnocivos
  2  ADD CONSTRAINT pia_pk PRIMARY KEY (pia_agn_codigo, pia_hpi_emp_numero_matricula,
  3    pia_hpi_data_inicio, pia_hpi_ind_pericul_insalub)
  4  USING INDEX
  5    PCTFREE	   10
  6    INITRANS    2
  7    MAXTRANS    255
  8    TABLESPACE  tsi_pessoal
  9    STORAGE	 (
 10  	 INITIAL     40960
 11  	 MINEXTENTS  1
 12  	 MAXEXTENTS  2147483645
 13    )
 14  /
ADD CONSTRAINT pia_pk PRIMARY KEY (pia_agn_codigo, pia_hpi_emp_numero_matricula,
                      *
ERRO na linha 2:
ORA-02260: table can have only one primary key 


SQL> 
SQL> 
SQL> -- Start of DDL Script for Constraint IFRSRH2.PIN_PK
SQL> -- Generated 27-dez-2004 8:33:24 from SYSMAN@BDSEDE5
SQL> 
SQL> ALTER TABLE pericul_insalub_nao_autorizada
  2  ADD CONSTRAINT pin_pk PRIMARY KEY (pin_emp_numero_matricula, pin_data_inicio,
  3    pin_ind_pericul_insalub, pin_data_nao_autorizacao)
  4  USING INDEX
  5    PCTFREE	   10
  6    INITRANS    2
  7    MAXTRANS    255
  8    TABLESPACE  tsi_pessoal
  9    STORAGE	 (
 10  	 INITIAL     40960
 11  	 MINEXTENTS  1
 12  	 MAXEXTENTS  2147483645
 13    )
 14  /
ADD CONSTRAINT pin_pk PRIMARY KEY (pin_emp_numero_matricula, pin_data_inicio,
                      *
ERRO na linha 2:
ORA-02260: table can have only one primary key 


SQL> 
SQL> 
SQL> -- Start of DDL Script for Constraint IFRSRH2.PK_LEF
SQL> -- Generated 27-dez-2004 8:33:25 from SYSMAN@BDSEDE5
SQL> 
SQL> ALTER TABLE log_erro_folha_fechada
  2  ADD CONSTRAINT pk_lef PRIMARY KEY (lef_codigo)
  3  USING INDEX
  4    PCTFREE	   10
  5    INITRANS    2
  6    MAXTRANS    255
  7    TABLESPACE  tsi_pessoal
  8    STORAGE	 (
  9  	 INITIAL     65536
 10  	 MINEXTENTS  1
 11  	 MAXEXTENTS  2147483645
 12    )
 13  /
ADD CONSTRAINT pk_lef PRIMARY KEY (lef_codigo)
                      *
ERRO na linha 2:
ORA-02260: table can have only one primary key 


SQL> 
SQL> -- Start of DDL Script for Constraint IFRSRH2.PK_TAB_PARAMETROS
SQL> -- Generated 27-dez-2004 8:33:26 from SYSMAN@BDSEDE5
SQL> 
SQL> ALTER TABLE tab_parametros
  2  ADD CONSTRAINT pk_tab_parametros PRIMARY KEY (cod_grupo, cod_assunto)
  3  USING INDEX
  4    PCTFREE	   10
  5    INITRANS    2
  6    MAXTRANS    255
  7    TABLESPACE  tsi_pessoal
  8    STORAGE	 (
  9  	 INITIAL     65536
 10  	 MINEXTENTS  1
 11  	 MAXEXTENTS  2147483645
 12    )
 13  /
ADD CONSTRAINT pk_tab_parametros PRIMARY KEY (cod_grupo, cod_assunto)
                                 *
ERRO na linha 2:
ORA-02260: table can have only one primary key 


SQL> 
SQL> -- Start of DDL Script for Constraint IFRSRH2.PK_TAB_PARAMETROS_DETALHES
SQL> -- Generated 27-dez-2004 8:33:27 from SYSMAN@BDSEDE5
SQL> 
SQL> ALTER TABLE tab_parametros_detalhes
  2  ADD CONSTRAINT pk_tab_parametros_detalhes PRIMARY KEY (data_inicio, cod_grupo,
  3    cod_assunto)
  4  USING INDEX
  5    PCTFREE	   10
  6    INITRANS    2
  7    MAXTRANS    255
  8    TABLESPACE  tsi_pessoal
  9    STORAGE	 (
 10  	 INITIAL     65536
 11  	 MINEXTENTS  1
 12  	 MAXEXTENTS  2147483645
 13    )
 14  /
ADD CONSTRAINT pk_tab_parametros_detalhes PRIMARY KEY (data_inicio, cod_grupo,
                                          *
ERRO na linha 2:
ORA-02260: table can have only one primary key 


SQL> 
SQL> 
SQL> -- Start of DDL Script for Constraint IFRSRH2.PKT_PK
SQL> -- Generated 27-dez-2004 8:33:28 from SYSMAN@BDSEDE5
SQL> 
SQL> ALTER TABLE pedidos_tickets
  2  ADD CONSTRAINT pkt_pk PRIMARY KEY (pkt_codigo_pedido, pkt_dependencia)
  3  USING INDEX
  4    PCTFREE	   10
  5    INITRANS    2
  6    MAXTRANS    255
  7    TABLESPACE  tsi_pessoal
  8    STORAGE	 (
  9  	 INITIAL     122880
 10  	 MINEXTENTS  1
 11  	 MAXEXTENTS  2147483645
 12    )
 13  /
ADD CONSTRAINT pkt_pk PRIMARY KEY (pkt_codigo_pedido, pkt_dependencia)
                      *
ERRO na linha 2:
ORA-02260: table can have only one primary key 


SQL> 
SQL> 
SQL> -- Start of DDL Script for Constraint IFRSRH2.PLA_PK
SQL> -- Generated 27-dez-2004 8:33:29 from SYSMAN@BDSEDE5
SQL> 
SQL> ALTER TABLE planos_medicos
  2  ADD CONSTRAINT pla_pk PRIMARY KEY (pla_cre_sequencial, pla_cod_plano,
  3    pla_data_inicio)
  4  USING INDEX
  5    PCTFREE	   10
  6    INITRANS    2
  7    MAXTRANS    255
  8    TABLESPACE  tsi_pessoal
  9    STORAGE	 (
 10  	 INITIAL     40960
 11  	 MINEXTENTS  1
 12  	 MAXEXTENTS  2147483645
 13    )
 14  /
ADD CONSTRAINT pla_pk PRIMARY KEY (pla_cre_sequencial, pla_cod_plano,
                      *
ERRO na linha 2:
ORA-02260: table can have only one primary key 


SQL> 
SQL> 
SQL> -- Start of DDL Script for Constraint IFRSRH2.POD_PK
SQL> -- Generated 27-dez-2004 8:33:31 from SYSMAN@BDSEDE5
SQL> 
SQL> ALTER TABLE procedimentos_odontologicos
  2  ADD CONSTRAINT pod_pk PRIMARY KEY (pod_ato_numero, pod_abo_codigo)
  3  USING INDEX
  4    PCTFREE	   10
  5    INITRANS    2
  6    MAXTRANS    255
  7    TABLESPACE  tsi_pessoal
  8    STORAGE	 (
  9  	 INITIAL     3276800
 10  	 MINEXTENTS  1
 11  	 MAXEXTENTS  2147483645
 12    )
 13  /
ADD CONSTRAINT pod_pk PRIMARY KEY (pod_ato_numero, pod_abo_codigo)
                      *
ERRO na linha 2:
ORA-02260: table can have only one primary key 


SQL> 
SQL> 
SQL> -- Start of DDL Script for Constraint IFRSRH2.POF_UK
SQL> -- Generated 27-dez-2004 8:33:34 from SYSMAN@BDSEDE5
SQL> 
SQL> ALTER TABLE parametros_ocorrencias_func
  2  ADD CONSTRAINT pof_uk UNIQUE (cd_perfil, ofu_codigo)
  3  USING INDEX
  4    PCTFREE	   10
  5    INITRANS    2
  6    MAXTRANS    255
  7    TABLESPACE  tsi_pessoal
  8    STORAGE	 (
  9  	 INITIAL     286720
 10  	 MINEXTENTS  1
 11  	 MAXEXTENTS  2147483645
 12    )
 13  /
ADD CONSTRAINT pof_uk UNIQUE (cd_perfil, ofu_codigo)
                      *
ERRO na linha 2:
ORA-02261: such unique or primary key already exists in the table 


SQL> 
SQL> 
SQL> -- Start of DDL Script for Constraint IFRSRH2.PORTE_PK
SQL> -- Generated 27-dez-2004 8:33:35 from SYSMAN@BDSEDE5
SQL> 
SQL> ALTER TABLE portes_anestesicos
  2  ADD CONSTRAINT porte_pk PRIMARY KEY (porte)
  3  USING INDEX
  4    PCTFREE	   10
  5    INITRANS    2
  6    MAXTRANS    255
  7    TABLESPACE  tsi_pessoal
  8    STORAGE	 (
  9  	 INITIAL     40960
 10  	 MINEXTENTS  1
 11  	 MAXEXTENTS  2147483645
 12    )
 13  /
ADD CONSTRAINT porte_pk PRIMARY KEY (porte)
                        *
ERRO na linha 2:
ORA-02260: table can have only one primary key 


SQL> 
SQL> -- Start of DDL Script for Constraint IFRSRH2.PPA_PK
SQL> -- Generated 27-dez-2004 8:33:36 from SYSMAN@BDSEDE5
SQL> 
SQL> ALTER TABLE previsao_pagamento
  2  ADD CONSTRAINT ppa_pk PRIMARY KEY (ppa_ano_pagamento, ppa_mes_pagamento)
  3  USING INDEX
  4    PCTFREE	   10
  5    INITRANS    2
  6    MAXTRANS    255
  7    TABLESPACE  tsi_pessoal
  8    STORAGE	 (
  9  	 INITIAL     40960
 10  	 MINEXTENTS  1
 11  	 MAXEXTENTS  2147483645
 12    )
 13  /
ADD CONSTRAINT ppa_pk PRIMARY KEY (ppa_ano_pagamento, ppa_mes_pagamento)
                      *
ERRO na linha 2:
ORA-02260: table can have only one primary key 


SQL> 
SQL> 
SQL> -- Start of DDL Script for Constraint IFRSRH2.PRF_PK
SQL> -- Generated 27-dez-2004 8:33:37 from SYSMAN@BDSEDE5
SQL> 
SQL> ALTER TABLE pre_requisito_funcao
  2  ADD CONSTRAINT prf_pk PRIMARY KEY (prf_fun_codigo, prf_prr_codigo)
  3  USING INDEX
  4    PCTFREE	   10
  5    INITRANS    2
  6    MAXTRANS    255
  7    TABLESPACE  tsi_pessoal
  8    STORAGE	 (
  9  	 INITIAL     40960
 10  	 MINEXTENTS  1
 11  	 MAXEXTENTS  2147483645
 12    )
 13  /
ADD CONSTRAINT prf_pk PRIMARY KEY (prf_fun_codigo, prf_prr_codigo)
                      *
ERRO na linha 2:
ORA-02260: table can have only one primary key 


SQL> 
SQL> 
SQL> 
SQL> -- Start of DDL Script for Constraint IFRSRH2.PRM_UK
SQL> -- Generated 27-dez-2004 8:33:38 from SYSMAN@BDSEDE5
SQL> 
SQL> ALTER TABLE parametros_funcoes
  2  ADD CONSTRAINT prm_uk UNIQUE (cd_perfil, fun_codigo)
  3  USING INDEX
  4    PCTFREE	   10
  5    INITRANS    2
  6    MAXTRANS    255
  7    TABLESPACE  tsi_pessoal
  8    STORAGE	 (
  9  	 INITIAL     696320
 10  	 MINEXTENTS  1
 11  	 MAXEXTENTS  2147483645
 12    )
 13  /
ADD CONSTRAINT prm_uk UNIQUE (cd_perfil, fun_codigo)
                      *
ERRO na linha 2:
ORA-02261: such unique or primary key already exists in the table 


SQL> 
SQL> 
SQL> 
SQL> -- Start of DDL Script for Constraint IFRSRH2.PROCESSOS_PK
SQL> -- Generated 27-dez-2004 8:33:39 from SYSMAN@BDSEDE5
SQL> 
SQL> ALTER TABLE spf_processo_judicial
  2  ADD CONSTRAINT processos_pk PRIMARY KEY (tip_proc_tipo_processo_judicia,
  3    cadastros_emp_numero_matricula, data_inicio_impedimento)
  4  USING INDEX
  5    PCTFREE	   10
  6    INITRANS    2
  7    MAXTRANS    255
  8    TABLESPACE  tsi_pessoal
  9    STORAGE	 (
 10  	 INITIAL     40960
 11  	 MINEXTENTS  1
 12  	 MAXEXTENTS  2147483645
 13    )
 14  /
ADD CONSTRAINT processos_pk PRIMARY KEY (tip_proc_tipo_processo_judicia,
                            *
ERRO na linha 2:
ORA-02260: table can have only one primary key 


SQL> 
SQL> 
SQL> -- Start of DDL Script for Constraint IFRSRH2.PROMOCAO_PK
SQL> -- Generated 27-dez-2004 8:33:40 from SYSMAN@BDSEDE5
SQL> 
SQL> ALTER TABLE spf_promocao
  2  ADD CONSTRAINT promocao_pk PRIMARY KEY (tipos_ocor_ofu_codigo, ano_promocao)
  3  USING INDEX
  4    PCTFREE	   10
  5    INITRANS    2
  6    MAXTRANS    255
  7    TABLESPACE  tsi_pessoal
  8    STORAGE	 (
  9  	 INITIAL     40960
 10  	 MINEXTENTS  1
 11  	 MAXEXTENTS  2147483645
 12    )
 13  /
ADD CONSTRAINT promocao_pk PRIMARY KEY (tipos_ocor_ofu_codigo, ano_promocao)
                           *
ERRO na linha 2:
ORA-02260: table can have only one primary key 


SQL> 
SQL> 
SQL> 
SQL> -- Start of DDL Script for Constraint IFRSRH2.PROVISIONAMENTO_PK
SQL> -- Generated 27-dez-2004 8:33:41 from SYSMAN@BDSEDE5
SQL> 
SQL> ALTER TABLE provisionamento
  2  ADD CONSTRAINT provisionamento_pk PRIMARY KEY (ano, mes, seq, dep_codigo, custo,
  3    conta, matricula, tipo_prov)
  4  USING INDEX
  5    PCTFREE	   10
  6    INITRANS    2
  7    MAXTRANS    255
  8    TABLESPACE  tsi_pessoal
  9    STORAGE	 (
 10  	 INITIAL     65536
 11  	 MINEXTENTS  1
 12  	 MAXEXTENTS  2147483645
 13    )
 14  /
ADD CONSTRAINT provisionamento_pk PRIMARY KEY (ano, mes, seq, dep_codigo, custo,
                                  *
ERRO na linha 2:
ORA-02260: table can have only one primary key 


SQL> 
SQL> -- Start of DDL Script for Constraint IFRSRH2.PROVISOES_EMPREGADOS_PK
SQL> -- Generated 27-dez-2004 8:33:41 from SYSMAN@BDSEDE5
SQL> 
SQL> ALTER TABLE provisoes_empregados
  2  ADD CONSTRAINT provisoes_empregados_pk PRIMARY KEY (ano_referencia,
  3    mes_referencia, num_versao, emp_numero_matricula, tipo_provisao)
  4  USING INDEX
  5    PCTFREE	   10
  6    INITRANS    2
  7    MAXTRANS    255
  8    TABLESPACE  tsi_pessoal
  9    STORAGE	 (
 10  	 INITIAL     65536
 11  	 MINEXTENTS  1
 12  	 MAXEXTENTS  2147483645
 13    )
 14  /
ADD CONSTRAINT provisoes_empregados_pk PRIMARY KEY (ano_referencia,
                                       *
ERRO na linha 2:
ORA-02260: table can have only one primary key 


SQL> 
SQL> -- Start of DDL Script for Constraint IFRSRH2.PRR_PK
SQL> -- Generated 27-dez-2004 8:33:42 from SYSMAN@BDSEDE5
SQL> 
SQL> ALTER TABLE pre_requisitos
  2  ADD CONSTRAINT prr_pk PRIMARY KEY (prr_codigo)
  3  USING INDEX
  4    PCTFREE	   10
  5    INITRANS    2
  6    MAXTRANS    255
  7    TABLESPACE  tsi_pessoal
  8    STORAGE	 (
  9  	 INITIAL     40960
 10  	 MINEXTENTS  1
 11  	 MAXEXTENTS  2147483645
 12    )
 13  /
ADD CONSTRAINT prr_pk PRIMARY KEY (prr_codigo)
                      *
ERRO na linha 2:
ORA-02260: table can have only one primary key 


SQL> 
SQL> -- Start of DDL Script for Constraint IFRSRH2.PRS_PK
SQL> -- Generated 27-dez-2004 8:33:42 from SYSMAN@BDSEDE5
SQL> 
SQL> ALTER TABLE premio_seguro
  2  ADD CONSTRAINT prs_pk PRIMARY KEY (prs_ano, prs_mes, prs_emp_numero_matricula,
  3    prs_apolice)
  4  USING INDEX
  5    PCTFREE	   10
  6    INITRANS    2
  7    MAXTRANS    255
  8    TABLESPACE  tsi_pessoal
  9    STORAGE	 (
 10  	 INITIAL     2416640
 11  	 MINEXTENTS  1
 12  	 MAXEXTENTS  2147483645
 13    )
 14  /
ADD CONSTRAINT prs_pk PRIMARY KEY (prs_ano, prs_mes, prs_emp_numero_matricula,
                      *
ERRO na linha 2:
ORA-02260: table can have only one primary key 


SQL> 
SQL> -- Start of DDL Script for Constraint IFRSRH2.PSV_PK
SQL> -- Generated 27-dez-2004 8:33:43 from SYSMAN@BDSEDE5
SQL> 
SQL> ALTER TABLE pessoal_sem_vinculo
  2  ADD CONSTRAINT psv_pk PRIMARY KEY (psv_sequencial)
  3  USING INDEX
  4    PCTFREE	   10
  5    INITRANS    2
  6    MAXTRANS    255
  7    TABLESPACE  tsi_pessoal
  8    STORAGE	 (
  9  	 INITIAL     40960
 10  	 MINEXTENTS  1
 11  	 MAXEXTENTS  2147483645
 12    )
 13  /
ADD CONSTRAINT psv_pk PRIMARY KEY (psv_sequencial)
                      *
ERRO na linha 2:
ORA-02260: table can have only one primary key 


SQL> 
SQL> 
SQL> -- Start of DDL Script for Constraint IFRSRH2.PVB_PK
SQL> -- Generated 27-dez-2004 8:33:44 from SYSMAN@BDSEDE5
SQL> 
SQL> ALTER TABLE pessoas_vinculadas_benef
  2  ADD CONSTRAINT pvb_pk PRIMARY KEY (pvb_pvi_emp_numero_matricula,
  3    pvb_pvi_sequencial, emb_ben_sigla, pvb_adesao)
  4  USING INDEX
  5    PCTFREE	   10
  6    INITRANS    2
  7    MAXTRANS    255
  8    TABLESPACE  tsi_pessoal
  9    STORAGE	 (
 10  	 INITIAL     5242880
 11  	 MINEXTENTS  1
 12  	 MAXEXTENTS  2147483645
 13    )
 14  /
ADD CONSTRAINT pvb_pk PRIMARY KEY (pvb_pvi_emp_numero_matricula,
                      *
ERRO na linha 2:
ORA-02260: table can have only one primary key 


SQL> 
SQL> 
SQL> 
SQL> 
SQL> 
SQL> -- Start of DDL Script for Constraint IFRSRH2.PVI_PK
SQL> -- Generated 27-dez-2004 8:33:44 from SYSMAN@BDSEDE5
SQL> 
SQL> ALTER TABLE pessoas_vinculadas
  2  ADD CONSTRAINT pvi_pk PRIMARY KEY (pvi_emp_numero_matricula, pvi_sequencial)
  3  USING INDEX
  4    PCTFREE	   10
  5    INITRANS    2
  6    MAXTRANS    255
  7    TABLESPACE  tsi_pessoal
  8    STORAGE	 (
  9  	 INITIAL     1597440
 10  	 MINEXTENTS  1
 11  	 MAXEXTENTS  2147483645
 12    )
 13  /
ADD CONSTRAINT pvi_pk PRIMARY KEY (pvi_emp_numero_matricula, pvi_sequencial)
                      *
ERRO na linha 2:
ORA-02260: table can have only one primary key 


SQL> 
SQL> 
SQL> -- Start of DDL Script for Constraint IFRSRH2.QAE_CODIGO_PK
SQL> -- Generated 27-dez-2004 8:33:45 from SYSMAN@BDSEDE5
SQL> 
SQL> ALTER TABLE quadro_arma_espec
  2  ADD CONSTRAINT qae_codigo_pk PRIMARY KEY (qae_codigo)
  3  USING INDEX
  4    PCTFREE	   10
  5    INITRANS    2
  6    MAXTRANS    255
  7    TABLESPACE  tsi_pessoal
  8    STORAGE	 (
  9  	 INITIAL     65536
 10  	 MINEXTENTS  1
 11  	 MAXEXTENTS  2147483645
 12    )
 13  /
ADD CONSTRAINT qae_codigo_pk PRIMARY KEY (qae_codigo)
                             *
ERRO na linha 2:
ORA-02260: table can have only one primary key 


SQL> 
SQL> 
SQL> 
SQL> -- Start of DDL Script for Constraint IFRSRH2.QCD_PK
SQL> -- Generated 27-dez-2004 8:33:46 from SYSMAN@BDSEDE5
SQL> 
SQL> ALTER TABLE quadro_cargos_dependencias
  2  ADD CONSTRAINT qcd_pk PRIMARY KEY (qcd_hcd_dep_codigo, qcd_hcd_data_vigencia,
  3    qcd_car_codigo, qcd_car_codigo_nivel, qcd_car_occ_codigo)
  4  USING INDEX
  5    PCTFREE	   10
  6    INITRANS    2
  7    MAXTRANS    255
  8    TABLESPACE  tsi_pessoal
  9    STORAGE	 (
 10  	 INITIAL     65536
 11  	 MINEXTENTS  1
 12  	 MAXEXTENTS  2147483645
 13    )
 14  /
ADD CONSTRAINT qcd_pk PRIMARY KEY (qcd_hcd_dep_codigo, qcd_hcd_data_vigencia,
                      *
ERRO na linha 2:
ORA-02260: table can have only one primary key 


SQL> 
SQL> 
SQL> -- Start of DDL Script for Constraint IFRSRH2.QDA_PK
SQL> -- Generated 27-dez-2004 8:33:46 from SYSMAN@BDSEDE5
SQL> 
SQL> ALTER TABLE qcd_area_atuacao
  2  ADD CONSTRAINT qda_pk PRIMARY KEY (qda_atu_codigo, qda_qcd_hcd_dep_codigo,
  3    qda_qcd_hcd_data_vigencia, qda_qcd_car_codigo, qda_qcd_car_codigo_nivel,
  4    qda_qcd_car_occ_codigo, qda_data_vigencia)
  5  USING INDEX
  6    PCTFREE	   10
  7    INITRANS    2
  8    MAXTRANS    255
  9    TABLESPACE  tsi_pessoal
 10    STORAGE	 (
 11  	 INITIAL     65536
 12  	 MINEXTENTS  1
 13  	 MAXEXTENTS  2147483645
 14    )
 15  /
ADD CONSTRAINT qda_pk PRIMARY KEY (qda_atu_codigo, qda_qcd_hcd_dep_codigo,
                      *
ERRO na linha 2:
ORA-02260: table can have only one primary key 


SQL> 
SQL> 
SQL> 
SQL> 
SQL> -- Start of DDL Script for Constraint IFRSRH2.QFD_PK
SQL> -- Generated 27-dez-2004 8:33:47 from SYSMAN@BDSEDE5
SQL> 
SQL> ALTER TABLE quadros_funcoes_dependencias
  2  ADD CONSTRAINT qfd_pk PRIMARY KEY (qfd_hfd_dep_codigo, qfd_hfd_data_vigencia,
  3    qfd_fun_codigo)
  4  USING INDEX
  5    PCTFREE	   10
  6    INITRANS    2
  7    MAXTRANS    255
  8    TABLESPACE  tsi_pessoal
  9    STORAGE	 (
 10  	 INITIAL     65536
 11  	 MINEXTENTS  1
 12  	 MAXEXTENTS  2147483645
 13    )
 14  /
ADD CONSTRAINT qfd_pk PRIMARY KEY (qfd_hfd_dep_codigo, qfd_hfd_data_vigencia,
                      *
ERRO na linha 2:
ORA-02260: table can have only one primary key 


SQL> 
SQL> 
SQL> 
SQL> -- Start of DDL Script for Constraint IFRSRH2.QFU_PK
SQL> -- Generated 27-dez-2004 8:33:48 from SYSMAN@BDSEDE5
SQL> 
SQL> ALTER TABLE quadro_funcoes
  2  ADD CONSTRAINT qfu_pk PRIMARY KEY (qfu_fun_codigo, qfu_hfl_uor_codigo,
  3    qfu_hfl_data_vigencia)
  4  USING INDEX
  5    PCTFREE	   10
  6    INITRANS    2
  7    MAXTRANS    255
  8    TABLESPACE  tsi_pessoal
  9    STORAGE	 (
 10  	 INITIAL     65536
 11  	 MINEXTENTS  1
 12  	 MAXEXTENTS  2147483645
 13    )
 14  /
ADD CONSTRAINT qfu_pk PRIMARY KEY (qfu_fun_codigo, qfu_hfl_uor_codigo,
                      *
ERRO na linha 2:
ORA-02260: table can have only one primary key 


SQL> 
SQL> -- Start of DDL Script for Constraint IFRSRH2.QLA_PK
SQL> -- Generated 27-dez-2004 8:33:48 from SYSMAN@BDSEDE5
SQL> 
SQL> ALTER TABLE qlp_area_atuacao
  2  ADD CONSTRAINT qla_pk PRIMARY KEY (qla_atu_codigo, qla_qlp_icl_uor_codigo,
  3    qla_qlp_icl_data_vigencia, qla_qlp_car_codigo, qla_qlp_car_codigo_nivel,
  4    qla_qlp_car_occ_codigo, qla_data_vigencia)
  5  USING INDEX
  6    PCTFREE	   10
  7    INITRANS    2
  8    MAXTRANS    255
  9    TABLESPACE  tsi_pessoal
 10    STORAGE	 (
 11  	 INITIAL     65536
 12  	 MINEXTENTS  1
 13  	 MAXEXTENTS  2147483645
 14    )
 15  /
ADD CONSTRAINT qla_pk PRIMARY KEY (qla_atu_codigo, qla_qlp_icl_uor_codigo,
                      *
ERRO na linha 2:
ORA-02260: table can have only one primary key 


SQL> 
SQL> 
SQL> 
SQL> 
SQL> -- Start of DDL Script for Constraint IFRSRH2.QLP_PK
SQL> -- Generated 27-dez-2004 8:33:49 from SYSMAN@BDSEDE5
SQL> 
SQL> ALTER TABLE quadros_lotacao_pessoal
  2  ADD CONSTRAINT qlp_pk PRIMARY KEY (qlp_icl_uor_codigo, qlp_icl_data_vigencia,
  3    qlp_car_codigo, qlp_car_codigo_nivel, qlp_car_occ_codigo)
  4  USING INDEX
  5    PCTFREE	   10
  6    INITRANS    2
  7    MAXTRANS    255
  8    TABLESPACE  tsi_pessoal
  9    STORAGE	 (
 10  	 INITIAL     65536
 11  	 MINEXTENTS  1
 12  	 MAXEXTENTS  2147483645
 13    )
 14  /
ADD CONSTRAINT qlp_pk PRIMARY KEY (qlp_icl_uor_codigo, qlp_icl_data_vigencia,
                      *
ERRO na linha 2:
ORA-02260: table can have only one primary key 


SQL> 
SQL> 
SQL> -- Start of DDL Script for Constraint IFRSRH2.QUAC_PK
SQL> -- Generated 27-dez-2004 8:33:50 from SYSMAN@BDSEDE5
SQL> 
SQL> ALTER TABLE tab_qualificacao_academica
  2  ADD CONSTRAINT quac_pk PRIMARY KEY (qua_cod_qualif_academica)
  3  USING INDEX
  4    PCTFREE	   10
  5    INITRANS    2
  6    MAXTRANS    255
  7    TABLESPACE  tsi_pessoal
  8    STORAGE	 (
  9  	 INITIAL     40960
 10  	 MINEXTENTS  1
 11  	 MAXEXTENTS  2147483645
 12    )
 13  /
ADD CONSTRAINT quac_pk PRIMARY KEY (qua_cod_qualif_academica)
                       *
ERRO na linha 2:
ORA-02260: table can have only one primary key 


SQL> 
SQL> -- Start of DDL Script for Constraint IFRSRH2.RAA_PK
SQL> -- Generated 27-dez-2004 8:33:50 from SYSMAN@BDSEDE5
SQL> 
SQL> ALTER TABLE refer_auxilio_alimentacao
  2  ADD CONSTRAINT raa_pk PRIMARY KEY (raa_falta, raa_quantidade)
  3  USING INDEX
  4    PCTFREE	   10
  5    INITRANS    2
  6    MAXTRANS    255
  7    TABLESPACE  tsi_pessoal
  8    STORAGE	 (
  9  	 INITIAL     65536
 10  	 MINEXTENTS  1
 11  	 MAXEXTENTS  2147483645
 12    )
 13  /
ADD CONSTRAINT raa_pk PRIMARY KEY (raa_falta, raa_quantidade)
                      *
ERRO na linha 2:
ORA-02260: table can have only one primary key 


SQL> 
SQL> -- Start of DDL Script for Constraint IFRSRH2.RAC_PK
SQL> -- Generated 27-dez-2004 8:33:51 from SYSMAN@BDSEDE5
SQL> 
SQL> ALTER TABLE reembolsos_auxilios_creches
  2  ADD CONSTRAINT rac_pk PRIMARY KEY (rac_sequencial, data_inicio)
  3  USING INDEX
  4    PCTFREE	   10
  5    INITRANS    2
  6    MAXTRANS    255
  7    TABLESPACE  tsi_pessoal
  8    STORAGE	 (
  9  	 INITIAL     65536
 10  	 MINEXTENTS  1
 11  	 MAXEXTENTS  2147483645
 12    )
 13  /
ADD CONSTRAINT rac_pk PRIMARY KEY (rac_sequencial, data_inicio)
                      *
ERRO na linha 2:
ORA-02260: table can have only one primary key 


SQL> 
SQL> 
SQL> -- Start of DDL Script for Constraint IFRSRH2.RDF_PK
SQL> -- Generated 27-dez-2004 8:33:51 from SYSMAN@BDSEDE5
SQL> 
SQL> ALTER TABLE reajuste_percentual_13_ferias
  2  ADD CONSTRAINT rdf_pk PRIMARY KEY (rdf_ano_referencia, rdf_mes_referencia,
  3    rdf_gru_codigo)
  4  USING INDEX
  5    PCTFREE	   10
  6    INITRANS    2
  7    MAXTRANS    255
  8    TABLESPACE  tsi_pessoal
  9    STORAGE	 (
 10  	 INITIAL     65536
 11  	 MINEXTENTS  1
 12  	 MAXEXTENTS  2147483645
 13    )
 14  /
ADD CONSTRAINT rdf_pk PRIMARY KEY (rdf_ano_referencia, rdf_mes_referencia,
                      *
ERRO na linha 2:
ORA-02260: table can have only one primary key 


SQL> 
SQL> 
SQL> -- Start of DDL Script for Constraint IFRSRH2.REA_PK
SQL> -- Generated 27-dez-2004 8:33:52 from SYSMAN@BDSEDE5
SQL> 
SQL> ALTER TABLE resumo_encargos_inss_autonomo
  2  ADD CONSTRAINT rea_pk PRIMARY KEY (rea_ano_referencia, rea_mes_referencia,
  3    rea_versao_pagto, rea_dep_codigo, rea_cre_sequencial, rea_ind_aut_coop)
  4  USING INDEX
  5    PCTFREE	   10
  6    INITRANS    2
  7    MAXTRANS    255
  8    TABLESPACE  tsi_pessoal
  9    STORAGE	 (
 10  	 INITIAL     65536
 11  	 MINEXTENTS  1
 12  	 MAXEXTENTS  2147483645
 13    )
 14  /
ADD CONSTRAINT rea_pk PRIMARY KEY (rea_ano_referencia, rea_mes_referencia,
                      *
ERRO na linha 2:
ORA-02260: table can have only one primary key 


SQL> 
SQL> 
SQL> 
SQL> -- Start of DDL Script for Constraint IFRSRH2.REE_PK
SQL> -- Generated 27-dez-2004 8:33:53 from SYSMAN@BDSEDE5
SQL> 
SQL> ALTER TABLE reembolsos
  2  ADD CONSTRAINT ree_pk PRIMARY KEY (ree_sequencial, ree_emb_emp_numero_matricula,
  3    ree_mes, ree_ano, ree_tipo, ree_emb_ben_sigla)
  4  USING INDEX
  5    PCTFREE	   10
  6    INITRANS    2
  7    MAXTRANS    255
  8    TABLESPACE  tsi_pessoal
  9    STORAGE	 (
 10  	 INITIAL     65536
 11  	 MINEXTENTS  1
 12  	 MAXEXTENTS  2147483645
 13    )
 14  /
ADD CONSTRAINT ree_pk PRIMARY KEY (ree_sequencial, ree_emb_emp_numero_matricula,
                      *
ERRO na linha 2:
ORA-02260: table can have only one primary key 


SQL> 
SQL> 
SQL> 
SQL> -- Start of DDL Script for Constraint IFRSRH2.REF_PK
SQL> -- Generated 27-dez-2004 8:33:54 from SYSMAN@BDSEDE5
SQL> 
SQL> ALTER TABLE resumo_encargos_fgts
  2  ADD CONSTRAINT ref_pk PRIMARY KEY (ref_ano_referencia, ref_mes_referencia,
  3    ref_versao_pagto, ref_emp_numero_matricula)
  4  USING INDEX
  5    PCTFREE	   10
  6    INITRANS    2
  7    MAXTRANS    255
  8    TABLESPACE  tsi_pessoal
  9    STORAGE	 (
 10  	 INITIAL     65536
 11  	 MINEXTENTS  1
 12  	 MAXEXTENTS  2147483645
 13    )
 14  /
ADD CONSTRAINT ref_pk PRIMARY KEY (ref_ano_referencia, ref_mes_referencia,
                      *
ERRO na linha 2:
ORA-02260: table can have only one primary key 


SQL> 
SQL> 
SQL> -- Start of DDL Script for Constraint IFRSRH2.REI_PK
SQL> -- Generated 27-dez-2004 8:33:55 from SYSMAN@BDSEDE5
SQL> 
SQL> ALTER TABLE resumo_encargos_inss
  2  ADD CONSTRAINT rei_pk PRIMARY KEY (rei_ano_referencia, rei_mes_referencia,
  3    rei_versao_pagto, rei_emp_numero_matricula)
  4  USING INDEX
  5    PCTFREE	   10
  6    INITRANS    2
  7    MAXTRANS    255
  8    TABLESPACE  tsi_pessoal
  9    STORAGE	 (
 10  	 INITIAL     65536
 11  	 MINEXTENTS  1
 12  	 MAXEXTENTS  2147483645
 13    )
 14  /
ADD CONSTRAINT rei_pk PRIMARY KEY (rei_ano_referencia, rei_mes_referencia,
                      *
ERRO na linha 2:
ORA-02260: table can have only one primary key 


SQL> 
SQL> 
SQL> -- Start of DDL Script for Constraint IFRSRH2.RETENCAO_PK
SQL> -- Generated 27-dez-2004 8:33:55 from SYSMAN@BDSEDE5
SQL> 
SQL> ALTER TABLE retencao_impostos
  2  ADD CONSTRAINT retencao_pk PRIMARY KEY (ri_cod_receita, ri_dat_inicio)
  3  USING INDEX
  4    PCTFREE	   10
  5    INITRANS    2
  6    MAXTRANS    255
  7    TABLESPACE  tsi_pessoal
  8    STORAGE	 (
  9  	 INITIAL     65536
 10  	 MINEXTENTS  1
 11  	 MAXEXTENTS  2147483645
 12    )
 13  /
ADD CONSTRAINT retencao_pk PRIMARY KEY (ri_cod_receita, ri_dat_inicio)
                           *
ERRO na linha 2:
ORA-02260: table can have only one primary key 


SQL> 
SQL> -- Start of DDL Script for Constraint IFRSRH2.RFI_PK
SQL> -- Generated 27-dez-2004 8:33:56 from SYSMAN@BDSEDE5
SQL> 
SQL> ALTER TABLE responsavel_financeiro
  2  ADD CONSTRAINT rfi_pk PRIMARY KEY (rfi_sequencial)
  3  USING INDEX
  4    PCTFREE	   10
  5    INITRANS    2
  6    MAXTRANS    255
  7    TABLESPACE  tsi_pessoal
  8    STORAGE	 (
  9  	 INITIAL     65536
 10  	 MINEXTENTS  1
 11  	 MAXEXTENTS  2147483645
 12    )
 13  /
ADD CONSTRAINT rfi_pk PRIMARY KEY (rfi_sequencial)
                      *
ERRO na linha 2:
ORA-02260: table can have only one primary key 


SQL> 
SQL> -- Start of DDL Script for Constraint IFRSRH2.RFP_PK
SQL> -- Generated 27-dez-2004 8:33:57 from SYSMAN@BDSEDE5
SQL> 
SQL> ALTER TABLE resp_financeiro_psv
  2  ADD CONSTRAINT rfp_pk PRIMARY KEY (rfp_ano_referencia, "RFP_MS_REFERENCIA",
  3    rfp_psv_sequencial, rfp_rfi_sequencial)
  4  USING INDEX
  5    PCTFREE	   10
  6    INITRANS    2
  7    MAXTRANS    255
  8    TABLESPACE  tsi_pessoal
  9    STORAGE	 (
 10  	 INITIAL     65536
 11  	 MINEXTENTS  1
 12  	 MAXEXTENTS  2147483645
 13    )
 14  /
ADD CONSTRAINT rfp_pk PRIMARY KEY (rfp_ano_referencia, "RFP_MS_REFERENCIA",
                      *
ERRO na linha 2:
ORA-02260: table can have only one primary key 


SQL> 
SQL> 
SQL> 
SQL> -- Start of DDL Script for Constraint IFRSRH2.RIN_PK
SQL> -- Generated 27-dez-2004 8:33:58 from SYSMAN@BDSEDE5
SQL> 
SQL> ALTER TABLE resumo_encargos_infraprev
  2  ADD CONSTRAINT rin_pk PRIMARY KEY (rin_ano_referencia, rin_mes_referencia,
  3    rin_versao_pagto, rin_emp_numero_matricula, rin_plano_infraprev)
  4  USING INDEX
  5    PCTFREE	   10
  6    INITRANS    2
  7    MAXTRANS    255
  8    TABLESPACE  tsi_pessoal
  9    STORAGE	 (
 10  	 INITIAL     65536
 11  	 MINEXTENTS  1
 12  	 MAXEXTENTS  2147483645
 13    )
 14  /
ADD CONSTRAINT rin_pk PRIMARY KEY (rin_ano_referencia, rin_mes_referencia,
                      *
ERRO na linha 2:
ORA-02260: table can have only one primary key 


SQL> 
SQL> 
SQL> -- Start of DDL Script for Constraint IFRSRH2.RIR_PK
SQL> -- Generated 27-dez-2004 8:33:58 from SYSMAN@BDSEDE5
SQL> 
SQL> ALTER TABLE resumo_encargos_irrf
  2  ADD CONSTRAINT rir_pk PRIMARY KEY (rir_ano_referencia, rir_mes_referencia,
  3    rir_versao_pagto, rir_emp_numero_matricula)
  4  USING INDEX
  5    PCTFREE	   10
  6    INITRANS    2
  7    MAXTRANS    255
  8    TABLESPACE  tsi_pessoal
  9    STORAGE	 (
 10  	 INITIAL     65536
 11  	 MINEXTENTS  1
 12  	 MAXEXTENTS  2147483645
 13    )
 14  /
ADD CONSTRAINT rir_pk PRIMARY KEY (rir_ano_referencia, rir_mes_referencia,
                      *
ERRO na linha 2:
ORA-02260: table can have only one primary key 


SQL> 
SQL> 
SQL> -- Start of DDL Script for Constraint IFRSRH2.RSE_PK
SQL> -- Generated 27-dez-2004 8:33:59 from SYSMAN@BDSEDE5
SQL> 
SQL> ALTER TABLE resumo_encargos_sal_educacao
  2  ADD CONSTRAINT rse_pk PRIMARY KEY (rse_ano_referencia, rse_mes_referencia,
  3    rse_versao_pagto, rse_emp_numero_matricula)
  4  USING INDEX
  5    PCTFREE	   10
  6    INITRANS    2
  7    MAXTRANS    255
  8    TABLESPACE  tsi_pessoal
  9    STORAGE	 (
 10  	 INITIAL     65536
 11  	 MINEXTENTS  1
 12  	 MAXEXTENTS  2147483645
 13    )
 14  /
ADD CONSTRAINT rse_pk PRIMARY KEY (rse_ano_referencia, rse_mes_referencia,
                      *
ERRO na linha 2:
ORA-02260: table can have only one primary key 


SQL> 
SQL> -- Start of DDL Script for Constraint IFRSRH2.RUA_PK
SQL> -- Generated 27-dez-2004 8:34:00 from SYSMAN@BDSEDE5
SQL> 
SQL> ALTER TABLE rubricas_anteriores
  2  ADD CONSTRAINT rua_pk PRIMARY KEY (rua_rub_codigo, rua_codigo_anterior)
  3  USING INDEX
  4    PCTFREE	   10
  5    INITRANS    2
  6    MAXTRANS    255
  7    TABLESPACE  tsi_pessoal
  8    STORAGE	 (
  9  	 INITIAL     65536
 10  	 MINEXTENTS  1
 11  	 MAXEXTENTS  2147483645
 12    )
 13  /
ADD CONSTRAINT rua_pk PRIMARY KEY (rua_rub_codigo, rua_codigo_anterior)
                      *
ERRO na linha 2:
ORA-02260: table can have only one primary key 


SQL> 
SQL> 
SQL> 
SQL> 
SQL> -- Start of DDL Script for Constraint IFRSRH2.RUB_PK
SQL> -- Generated 27-dez-2004 8:34:01 from SYSMAN@BDSEDE5
SQL> 
SQL> ALTER TABLE rubricas
  2  ADD CONSTRAINT rub_pk PRIMARY KEY (rub_codigo)
  3  USING INDEX
  4    PCTFREE	   10
  5    INITRANS    2
  6    MAXTRANS    255
  7    TABLESPACE  tsi_pessoal
  8    STORAGE	 (
  9  	 INITIAL     65536
 10  	 MINEXTENTS  1
 11  	 MAXEXTENTS  2147483645
 12    )
 13  /
ADD CONSTRAINT rub_pk PRIMARY KEY (rub_codigo)
                      *
ERRO na linha 2:
ORA-02260: table can have only one primary key 


SQL> 
SQL> -- Start of DDL Script for Constraint IFRSRH2.RUBRICA_TEMP_PK
SQL> -- Generated 27-dez-2004 8:34:01 from SYSMAN@BDSEDE5
SQL> 
SQL> ALTER TABLE rubrica_temp
  2  ADD CONSTRAINT rubrica_temp_pk PRIMARY KEY (num_sequencia, cod_rubrica)
  3  USING INDEX
  4    PCTFREE	   10
  5    INITRANS    2
  6    MAXTRANS    255
  7    TABLESPACE  tsi_pessoal
  8    STORAGE	 (
  9  	 INITIAL     65536
 10  	 MINEXTENTS  1
 11  	 MAXEXTENTS  2147483645
 12    )
 13  /
ADD CONSTRAINT rubrica_temp_pk PRIMARY KEY (num_sequencia, cod_rubrica)
                               *
ERRO na linha 2:
ORA-02260: table can have only one primary key 


SQL> 
SQL> -- Start of DDL Script for Constraint IFRSRH2.SAF_PK
SQL> -- Generated 27-dez-2004 8:34:02 from SYSMAN@BDSEDE5
SQL> 
SQL> ALTER TABLE salario_familia
  2  ADD CONSTRAINT saf_pk PRIMARY KEY (saf_ano_referencia, saf_mes_referencia,
  3    saf_faixa)
  4  USING INDEX
  5    PCTFREE	   10
  6    INITRANS    2
  7    MAXTRANS    255
  8    TABLESPACE  tsi_pessoal
  9    STORAGE	 (
 10  	 INITIAL     65536
 11  	 MINEXTENTS  1
 12  	 MAXEXTENTS  2147483645
 13    )
 14  /
ADD CONSTRAINT saf_pk PRIMARY KEY (saf_ano_referencia, saf_mes_referencia,
                      *
ERRO na linha 2:
ORA-02260: table can have only one primary key 


SQL> 
SQL> 
SQL> 
SQL> -- Start of DDL Script for Constraint IFRSRH2.SCA_PK
SQL> -- Generated 27-dez-2004 8:34:04 from SYSMAN@BDSEDE5
SQL> 
SQL> ALTER TABLE saldo_cobranca_aposentado
  2  ADD CONSTRAINT sca_pk PRIMARY KEY (sca_emp_numero_matricula, sca_mes_referencia,
  3    sca_ano_referencia, sca_sequencial)
  4  USING INDEX
  5    PCTFREE	   10
  6    INITRANS    2
  7    MAXTRANS    255
  8    TABLESPACE  tsi_pessoal
  9    STORAGE	 (
 10  	 INITIAL     65536
 11  	 MINEXTENTS  1
 12  	 MAXEXTENTS  2147483645
 13    )
 14  /
ADD CONSTRAINT sca_pk PRIMARY KEY (sca_emp_numero_matricula, sca_mes_referencia,
                      *
ERRO na linha 2:
ORA-02260: table can have only one primary key 


SQL> 
SQL> -- Start of DDL Script for Constraint IFRSRH2.SFU_PK
SQL> -- Generated 27-dez-2004 8:34:04 from SYSMAN@BDSEDE5
SQL> 
SQL> ALTER TABLE situacoes_funcionais
  2  ADD CONSTRAINT sfu_pk PRIMARY KEY (sfu_codigo)
  3  USING INDEX
  4    PCTFREE	   10
  5    INITRANS    2
  6    MAXTRANS    255
  7    TABLESPACE  tsi_pessoal
  8    STORAGE	 (
  9  	 INITIAL     24576
 10  	 MINEXTENTS  1
 11  	 MAXEXTENTS  2147483645
 12    )
 13  /
ADD CONSTRAINT sfu_pk PRIMARY KEY (sfu_codigo)
                      *
ERRO na linha 2:
ORA-02260: table can have only one primary key 


SQL> 
SQL> 
SQL> 
SQL> -- Start of DDL Script for Constraint IFRSRH2.SIN_PK
SQL> -- Generated 27-dez-2004 8:34:05 from SYSMAN@BDSEDE5
SQL> 
SQL> ALTER TABLE sinistros
  2  ADD CONSTRAINT sin_pk PRIMARY KEY (sin_sequencial)
  3  USING INDEX
  4    PCTFREE	   10
  5    INITRANS    2
  6    MAXTRANS    255
  7    TABLESPACE  tsi_pessoal
  8    STORAGE	 (
  9  	 INITIAL     40960
 10  	 MINEXTENTS  1
 11  	 MAXEXTENTS  2147483645
 12    )
 13  /
ADD CONSTRAINT sin_pk PRIMARY KEY (sin_sequencial)
                      *
ERRO na linha 2:
ORA-02260: table can have only one primary key 


SQL> 
SQL> 
SQL> -- Start of DDL Script for Constraint IFRSRH2.SNA_MAT_PK
SQL> -- Generated 27-dez-2004 8:34:06 from SYSMAN@BDSEDE5
SQL> 
SQL> ALTER TABLE siad_nao_avaliado
  2  ADD CONSTRAINT sna_mat_pk PRIMARY KEY (ano_avaliacao, matricula)
  3  USING INDEX
  4    PCTFREE	   10
  5    INITRANS    2
  6    MAXTRANS    255
  7    TABLESPACE  tsi_pessoal
  8    STORAGE	 (
  9  	 INITIAL     163840
 10  	 MINEXTENTS  1
 11  	 MAXEXTENTS  2147483645
 12    )
 13  /
ADD CONSTRAINT sna_mat_pk PRIMARY KEY (ano_avaliacao, matricula)
                          *
ERRO na linha 2:
ORA-02260: table can have only one primary key 


SQL> 
SQL> -- Start of DDL Script for Constraint IFRSRH2.SPF_LOCIND_PK
SQL> -- Generated 27-dez-2004 8:34:06 from SYSMAN@BDSEDE5
SQL> 
SQL> ALTER TABLE spf_local_indicacao
  2  ADD CONSTRAINT spf_locind_pk PRIMARY KEY (ano_indicacao, cod_local_indicacao,
  3    indicador_local)
  4  USING INDEX
  5    PCTFREE	   10
  6    INITRANS    2
  7    MAXTRANS    255
  8    TABLESPACE  tsi_pessoal
  9    STORAGE	 (
 10  	 INITIAL     40960
 11  	 MINEXTENTS  1
 12  	 MAXEXTENTS  2147483645
 13    )
 14  /
ADD CONSTRAINT spf_locind_pk PRIMARY KEY (ano_indicacao, cod_local_indicacao,
                             *
ERRO na linha 2:
ORA-02260: table can have only one primary key 


SQL> 
SQL> 
SQL> -- Start of DDL Script for Constraint IFRSRH2.TAB_CESTA_BASICA_PK
SQL> -- Generated 27-dez-2004 8:34:11 from SYSMAN@BDSEDE5
SQL> 
SQL> ALTER TABLE tab_cesta_basica
  2  ADD CONSTRAINT tab_cesta_basica_pk PRIMARY KEY (tcb_nsa_codigo_nivel,
  3    tcb_nsa_codigo_padrao, tcb_nsa_ind_nivel_escola, tcb_dt_ini_vigencia)
  4  USING INDEX
  5    PCTFREE	   10
  6    INITRANS    2
  7    MAXTRANS    255
  8    TABLESPACE  tsi_pessoal
  9    STORAGE	 (
 10  	 INITIAL     65536
 11  	 MINEXTENTS  1
 12  	 MAXEXTENTS  2147483645
 13    )
 14  /
ADD CONSTRAINT tab_cesta_basica_pk PRIMARY KEY (tcb_nsa_codigo_nivel,
                                   *
ERRO na linha 2:
ORA-02260: table can have only one primary key 


SQL> 
SQL> 
SQL> 
SQL> 
SQL> 
SQL> 
SQL> 
SQL> 
SQL> -- Start of DDL Script for Constraint IFRSRH2.TAC_SEQ_AUTORIZADOR_PK
SQL> -- Generated 27-dez-2004 8:34:14 from SYSMAN@BDSEDE5
SQL> 
SQL> ALTER TABLE tab_autorizador_certificador
  2  ADD CONSTRAINT tac_seq_autorizador_pk PRIMARY KEY (tac_seq_autorizador)
  3  USING INDEX
  4    PCTFREE	   10
  5    INITRANS    2
  6    MAXTRANS    255
  7    TABLESPACE  tsi_pessoal
  8    STORAGE	 (
  9  	 INITIAL     65536
 10  	 MINEXTENTS  1
 11  	 MAXEXTENTS  2147483645
 12    )
 13  /
ADD CONSTRAINT tac_seq_autorizador_pk PRIMARY KEY (tac_seq_autorizador)
                                      *
ERRO na linha 2:
ORA-02260: table can have only one primary key 


SQL> 
SQL> -- Start of DDL Script for Constraint IFRSRH2.TCR_PK
SQL> -- Generated 27-dez-2004 8:34:14 from SYSMAN@BDSEDE5
SQL> 
SQL> ALTER TABLE tmp_concurso_rdb
  2  ADD CONSTRAINT tcr_pk PRIMARY KEY (tcr_matricula)
  3  USING INDEX
  4    PCTFREE	   10
  5    INITRANS    2
  6    MAXTRANS    255
  7    TABLESPACE  tsi_pessoal
  8    STORAGE	 (
  9  	 INITIAL     163840
 10  	 MINEXTENTS  1
 11  	 MAXEXTENTS  2147483645
 12    )
 13  /
ADD CONSTRAINT tcr_pk PRIMARY KEY (tcr_matricula)
                      *
ERRO na linha 2:
ORA-02260: table can have only one primary key 


SQL> 
SQL> 
SQL> -- Start of DDL Script for Constraint IFRSRH2.TDC_SEQ_COBRANCA_PK
SQL> -- Generated 27-dez-2004 8:34:15 from SYSMAN@BDSEDE5
SQL> 
SQL> ALTER TABLE tab_doc_cobranca
  2  ADD CONSTRAINT tdc_seq_cobranca_pk PRIMARY KEY (tdc_seq_cobranca)
  3  USING INDEX
  4    PCTFREE	   10
  5    INITRANS    2
  6    MAXTRANS    255
  7    TABLESPACE  tsi_pessoal
  8    STORAGE	 (
  9  	 INITIAL     65536
 10  	 MINEXTENTS  1
 11  	 MAXEXTENTS  2147483645
 12    )
 13  /
ADD CONSTRAINT tdc_seq_cobranca_pk PRIMARY KEY (tdc_seq_cobranca)
                                   *
ERRO na linha 2:
ORA-02260: table can have only one primary key 


SQL> 
SQL> -- Start of DDL Script for Constraint IFRSRH2.TDC_UK
SQL> -- Generated 27-dez-2004 8:34:16 from SYSMAN@BDSEDE5
SQL> 
SQL> ALTER TABLE tab_doc_cobranca
  2  ADD CONSTRAINT tdc_uk UNIQUE (tdc_dep_codigo, tdc_cre_sequencial, tdc_ben_sigla,
  3    tdc_nr_doc_fiscal)
  4  DISABLE NOVALIDATE
  5  /
ADD CONSTRAINT tdc_uk UNIQUE (tdc_dep_codigo, tdc_cre_sequencial, tdc_ben_sigla,
                      *
ERRO na linha 2:
ORA-02261: such unique or primary key already exists in the table 


SQL> 
SQL> 
SQL> -- Start of DDL Script for Constraint IFRSRH2.TDE_PK
SQL> -- Generated 27-dez-2004 8:34:16 from SYSMAN@BDSEDE5
SQL> 
SQL> ALTER TABLE tmp_dependencia_empregado
  2  ADD CONSTRAINT tde_pk PRIMARY KEY (tde_emp_numero_matricula, tde_ano_referencia,
  3    tde_mes_referencia)
  4  USING INDEX
  5    PCTFREE	   10
  6    INITRANS    2
  7    MAXTRANS    255
  8    TABLESPACE  tsi_pessoal
  9    STORAGE	 (
 10  	 INITIAL     9805824
 11  	 MINEXTENTS  1
 12  	 MAXEXTENTS  2147483645
 13    )
 14  /
ADD CONSTRAINT tde_pk PRIMARY KEY (tde_emp_numero_matricula, tde_ano_referencia,
                      *
ERRO na linha 2:
ORA-02260: table can have only one primary key 


SQL> 
SQL> -- Start of DDL Script for Constraint IFRSRH2.TDEF_PK
SQL> -- Generated 27-dez-2004 8:34:17 from SYSMAN@BDSEDE5
SQL> 
SQL> ALTER TABLE tipo_deficiencia
  2  ADD CONSTRAINT tdef_pk PRIMARY KEY (tdef_cod_tipo_deficiencia)
  3  USING INDEX
  4    PCTFREE	   10
  5    INITRANS    2
  6    MAXTRANS    255
  7    TABLESPACE  tsi_pessoal
  8    STORAGE	 (
  9  	 INITIAL     65536
 10  	 MINEXTENTS  1
 11  	 MAXEXTENTS  2147483645
 12    )
 13  /
ADD CONSTRAINT tdef_pk PRIMARY KEY (tdef_cod_tipo_deficiencia)
                       *
ERRO na linha 2:
ORA-02260: table can have only one primary key 


SQL> 
SQL> -- Start of DDL Script for Constraint IFRSRH2.TDF_PK
SQL> -- Generated 27-dez-2004 8:34:17 from SYSMAN@BDSEDE5
SQL> 
SQL> ALTER TABLE tmp_demonstrativo_frequencia
  2  ADD CONSTRAINT tdf_pk PRIMARY KEY (tdf_dep_codigo, tdf_emp_numero_matricula,
  3    tdf_dat_ocorrencia, tdf_ofu_codigo)
  4  USING INDEX
  5    PCTFREE	   10
  6    INITRANS    2
  7    MAXTRANS    255
  8    TABLESPACE  tsi_pessoal
  9    STORAGE	 (
 10  	 INITIAL     778240
 11  	 MINEXTENTS  1
 12  	 MAXEXTENTS  2147483645
 13    )
 14  /
ADD CONSTRAINT tdf_pk PRIMARY KEY (tdf_dep_codigo, tdf_emp_numero_matricula,
                      *
ERRO na linha 2:
ORA-02260: table can have only one primary key 


SQL> 
SQL> 
SQL> -- Start of DDL Script for Constraint IFRSRH2.TDM_PK
SQL> -- Generated 27-dez-2004 8:34:18 from SYSMAN@BDSEDE5
SQL> 
SQL> ALTER TABLE tab_despesa_medicamentos
  2  ADD CONSTRAINT tdm_pk PRIMARY KEY (tdm_sequencial)
  3  USING INDEX
  4    PCTFREE	   10
  5    INITRANS    2
  6    MAXTRANS    255
  7    TABLESPACE  tsi_pessoal
  8    STORAGE	 (
  9  	 INITIAL     737280
 10  	 MINEXTENTS  1
 11  	 MAXEXTENTS  2147483645
 12    )
 13  /
ADD CONSTRAINT tdm_pk PRIMARY KEY (tdm_sequencial)
                      *
ERRO na linha 2:
ORA-02260: table can have only one primary key 


SQL> 
SQL> 
SQL> -- Start of DDL Script for Constraint IFRSRH2.TEMP_MOV_PK
SQL> -- Generated 27-dez-2004 8:34:19 from SYSMAN@BDSEDE5
SQL> 
SQL> ALTER TABLE temp_movimentacao
  2  ADD CONSTRAINT temp_mov_pk PRIMARY KEY (mov_ano_referencia, mov_mes_referencia,
  3    mov_versao_pagamento, mov_emp_numero_matricula, mov_rub_codigo,
  4    mov_tip_rubrica, mov_sequencial)
  5  USING INDEX
  6    PCTFREE	   10
  7    INITRANS    2
  8    MAXTRANS    255
  9    TABLESPACE  tsi_pessoal
 10    STORAGE	 (
 11  	 INITIAL     8749056
 12  	 MINEXTENTS  1
 13  	 MAXEXTENTS  2147483645
 14    )
 15  /
ADD CONSTRAINT temp_mov_pk PRIMARY KEY (mov_ano_referencia, mov_mes_referencia,
                           *
ERRO na linha 2:
ORA-02260: table can have only one primary key 


SQL> 
SQL> 
SQL> -- Start of DDL Script for Constraint IFRSRH2.TFAV_PK
SQL> -- Generated 27-dez-2004 8:34:20 from SYSMAN@BDSEDE5
SQL> 
SQL> ALTER TABLE tmp_ferias_a_vencer
  2  ADD CONSTRAINT tfav_pk PRIMARY KEY (tmp_matricula, cod_usuario)
  3  USING INDEX
  4    PCTFREE	   10
  5    INITRANS    2
  6    MAXTRANS    255
  7    TABLESPACE  tsi_pessoal
  8    STORAGE	 (
  9  	 INITIAL     65536
 10  	 MINEXTENTS  1
 11  	 MAXEXTENTS  2147483645
 12    )
 13  /
ADD CONSTRAINT tfav_pk PRIMARY KEY (tmp_matricula, cod_usuario)
                       *
ERRO na linha 2:
ORA-02260: table can have only one primary key 


SQL> 
SQL> -- Start of DDL Script for Constraint IFRSRH2.THC_PK
SQL> -- Generated 27-dez-2004 8:34:20 from SYSMAN@BDSEDE5
SQL> 
SQL> ALTER TABLE tab_hist_conf_ans
  2  ADD CONSTRAINT thc_pk PRIMARY KEY (thc_emp_numero_matricula,
  3    thc_ind_beneficiario, thc_flg_ans, thc_ans_beneficiario)
  4  USING INDEX
  5    PCTFREE	   10
  6    INITRANS    2
  7    MAXTRANS    255
  8    TABLESPACE  tsi_pessoal
  9    STORAGE	 (
 10  	 INITIAL     65536
 11  	 MINEXTENTS  1
 12  	 MAXEXTENTS  2147483645
 13    )
 14  /
ADD CONSTRAINT thc_pk PRIMARY KEY (thc_emp_numero_matricula,
                      *
ERRO na linha 2:
ORA-02260: table can have only one primary key 


SQL> 
SQL> -- Start of DDL Script for Constraint IFRSRH2.TI_PK
SQL> -- Generated 27-dez-2004 8:34:21 from SYSMAN@BDSEDE5
SQL> 
SQL> ALTER TABLE tab_intervalo
  2  ADD CONSTRAINT ti_pk PRIMARY KEY (ti_cod_intervalo)
  3  USING INDEX
  4    PCTFREE	   10
  5    INITRANS    2
  6    MAXTRANS    255
  7    TABLESPACE  tsd_pessoal2
  8    STORAGE	 (
  9  	 INITIAL     65536
 10  	 MINEXTENTS  1
 11  	 MAXEXTENTS  2147483645
 12    )
 13  /
ADD CONSTRAINT ti_pk PRIMARY KEY (ti_cod_intervalo)
                     *
ERRO na linha 2:
ORA-02260: table can have only one primary key 


SQL> 
SQL> -- Start of DDL Script for Constraint IFRSRH2.TIP_PROC_PK
SQL> -- Generated 27-dez-2004 8:34:22 from SYSMAN@BDSEDE5
SQL> 
SQL> ALTER TABLE spf_tipo_processo_judicial
  2  ADD CONSTRAINT tip_proc_pk PRIMARY KEY (tipo_processo_judicial)
  3  USING INDEX
  4    PCTFREE	   10
  5    INITRANS    2
  6    MAXTRANS    255
  7    TABLESPACE  tsi_pessoal
  8    STORAGE	 (
  9  	 INITIAL     40960
 10  	 MINEXTENTS  1
 11  	 MAXEXTENTS  2147483645
 12    )
 13  /
ADD CONSTRAINT tip_proc_pk PRIMARY KEY (tipo_processo_judicial)
                           *
ERRO na linha 2:
ORA-02260: table can have only one primary key 


SQL> 
SQL> 
SQL> 
SQL> -- Start of DDL Script for Constraint IFRSRH2.TMC_PK
SQL> -- Generated 27-dez-2004 8:34:23 from SYSMAN@BDSEDE5
SQL> 
SQL> ALTER TABLE tab_margem_consignavel
  2  ADD CONSTRAINT tmc_pk PRIMARY KEY (tmc_num_autenticacao)
  3  USING INDEX
  4    PCTFREE	   10
  5    INITRANS    2
  6    MAXTRANS    255
  7    TABLESPACE  tsi_pessoal
  8    STORAGE	 (
  9  	 INITIAL     65536
 10  	 MINEXTENTS  1
 11  	 MAXEXTENTS  2147483645
 12    )
 13  /
ADD CONSTRAINT tmc_pk PRIMARY KEY (tmc_num_autenticacao)
                      *
ERRO na linha 2:
ORA-02260: table can have only one primary key 


SQL> 
SQL> 
SQL> 
SQL> -- Start of DDL Script for Constraint IFRSRH2.TMP_CONTRACHEQUE_EMP_PK
SQL> -- Generated 27-dez-2004 8:34:23 from SYSMAN@BDSEDE5
SQL> 
SQL> ALTER TABLE tmp_contracheque_emp
  2  ADD CONSTRAINT tmp_contracheque_emp_pk PRIMARY KEY (emp_numero_matricula,
  3    sequencia)
  4  USING INDEX
  5    PCTFREE	   10
  6    INITRANS    2
  7    MAXTRANS    255
  8    TABLESPACE  tsi_pessoal
  9    STORAGE	 (
 10  	 INITIAL     65536
 11  	 MINEXTENTS  1
 12  	 MAXEXTENTS  2147483645
 13    )
 14  /
ADD CONSTRAINT tmp_contracheque_emp_pk PRIMARY KEY (emp_numero_matricula,
                                       *
ERRO na linha 2:
ORA-02260: table can have only one primary key 


SQL> 
SQL> -- Start of DDL Script for Constraint IFRSRH2.TMP_DIV_MED_HOS_UK
SQL> -- Generated 27-dez-2004 8:34:24 from SYSMAN@BDSEDE5
SQL> 
SQL> ALTER TABLE tmp_diversos_medicas_hospit
  2  ADD CONSTRAINT tmp_div_med_hos_uk UNIQUE (tmp_dmo_gui_doc_numero_unimed,
  3    tmp_dmo_gui_doc_cbe_cre_seq, tmp_dmo_gui_doc_dep_codigo, tmp_dmh_nr_doc_fiscal,
  4    tmp_dmo_gui_numero_unimed, tmp_dmo_sequencial_unimed)
  5  USING INDEX
  6    PCTFREE	   10
  7    INITRANS    2
  8    MAXTRANS    255
  9    TABLESPACE  tsi_pessoal
 10    STORAGE	 (
 11  	 INITIAL     65536
 12  	 MINEXTENTS  1
 13  	 MAXEXTENTS  2147483645
 14    )
 15  /
ADD CONSTRAINT tmp_div_med_hos_uk UNIQUE (tmp_dmo_gui_doc_numero_unimed,
                                  *
ERRO na linha 2:
ORA-02261: such unique or primary key already exists in the table 


SQL> 
SQL> -- Start of DDL Script for Constraint IFRSRH2.TMP_DOC_COB_UK
SQL> -- Generated 27-dez-2004 8:34:25 from SYSMAN@BDSEDE5
SQL> 
SQL> ALTER TABLE tmp_documentos_cobranca
  2  ADD CONSTRAINT tmp_doc_cob_uk UNIQUE (tmp_doc_numero_unimed,
  3    tmp_doc_cbe_cre_sequencial, tmp_doc_dep_codigo, tmp_doc_nr_doc_fiscal)
  4  USING INDEX
  5    PCTFREE	   10
  6    INITRANS    2
  7    MAXTRANS    255
  8    TABLESPACE  tsi_pessoal
  9    STORAGE	 (
 10  	 INITIAL     65536
 11  	 MINEXTENTS  1
 12  	 MAXEXTENTS  2147483645
 13    )
 14  /
ADD CONSTRAINT tmp_doc_cob_uk UNIQUE (tmp_doc_numero_unimed,
                              *
ERRO na linha 2:
ORA-02261: such unique or primary key already exists in the table 


SQL> 
SQL> -- Start of DDL Script for Constraint IFRSRH2.TMP_GUIA_PROC_UK
SQL> -- Generated 27-dez-2004 8:34:25 from SYSMAN@BDSEDE5
SQL> 
SQL> ALTER TABLE tmp_guias_procedimentos
  2  ADD CONSTRAINT tmp_guia_proc_uk UNIQUE (tmp_gpr_gui_doc_numero_unimed,
  3    tmp_gpr_gui_doc_cbe_cre_seq, tmp_gpr_gui_doc_dep_codigo, tmp_gpr_nr_doc_fiscal,
  4    tmp_gpr_gui_numero_unimed, tmp_gpr_sequencial_unimed)
  5  USING INDEX
  6    PCTFREE	   10
  7    INITRANS    2
  8    MAXTRANS    255
  9    TABLESPACE  tsi_pessoal
 10    STORAGE	 (
 11  	 INITIAL     65536
 12  	 MINEXTENTS  1
 13  	 MAXEXTENTS  2147483645
 14    )
 15  /
ADD CONSTRAINT tmp_guia_proc_uk UNIQUE (tmp_gpr_gui_doc_numero_unimed,
                                *
ERRO na linha 2:
ORA-02261: such unique or primary key already exists in the table 


SQL> 
SQL> -- Start of DDL Script for Constraint IFRSRH2.TMP_GUIA_UK
SQL> -- Generated 27-dez-2004 8:34:26 from SYSMAN@BDSEDE5
SQL> 
SQL> ALTER TABLE tmp_guias
  2  ADD CONSTRAINT tmp_guia_uk UNIQUE (tmp_gui_doc_numero_unimed,
  3    tmp_gui_doc_cbe_cre_seq, tmp_gui_doc_dep_codigo, tmp_gui_nr_doc_fiscal,
  4    tmp_gui_numero_unimed)
  5  USING INDEX
  6    PCTFREE	   10
  7    INITRANS    2
  8    MAXTRANS    255
  9    TABLESPACE  tsi_pessoal
 10    STORAGE	 (
 11  	 INITIAL     65536
 12  	 MINEXTENTS  1
 13  	 MAXEXTENTS  2147483645
 14    )
 15  /
ADD CONSTRAINT tmp_guia_uk UNIQUE (tmp_gui_doc_numero_unimed,
                           *
ERRO na linha 2:
ORA-02261: such unique or primary key already exists in the table 


SQL> 
SQL> -- Start of DDL Script for Constraint IFRSRH2.TMP_HON_MED_UK
SQL> -- Generated 27-dez-2004 8:34:27 from SYSMAN@BDSEDE5
SQL> 
SQL> ALTER TABLE tmp_honorarios_medicos
  2  ADD CONSTRAINT tmp_hon_med_uk UNIQUE (tmp_hnm_sequencial_unimed,
  3    tmp_hnm_gpr_gui_doc_nro_uni, tmp_hnm_gpr_gui_doc_cre_seq,
  4    tmp_hnm_gpr_gui_doc_dep_codigo, tmp_hnm_nr_doc_fiscal,
  5    tmp_hnm_gpr_gui_numero_unimed, tmp_hnm_gpr_sequencial_unimed)
  6  USING INDEX
  7    PCTFREE	   10
  8    INITRANS    2
  9    MAXTRANS    255
 10    TABLESPACE  tsi_pessoal
 11    STORAGE	 (
 12  	 INITIAL     65536
 13  	 MINEXTENTS  1
 14  	 MAXEXTENTS  2147483645
 15    )
 16  /
ADD CONSTRAINT tmp_hon_med_uk UNIQUE (tmp_hnm_sequencial_unimed,
                              *
ERRO na linha 2:
ORA-02261: such unique or primary key already exists in the table 


SQL> 
SQL> -- Start of DDL Script for Constraint IFRSRH2.TMP_INT_UK
SQL> -- Generated 27-dez-2004 8:34:28 from SYSMAN@BDSEDE5
SQL> 
SQL> ALTER TABLE tmp_internacao
  2  ADD CONSTRAINT tmp_int_uk UNIQUE (tmp_int_gui_doc_numero_unimed,
  3    tmp_int_gui_doc_cbe_cre_seq, tmp_int_gui_doc_dep_codigo, tmp_int_nr_doc_fiscal,
  4    tmp_int_gui_numero_unimed, tmp_int_sequencial_unimed)
  5  USING INDEX
  6    PCTFREE	   10
  7    INITRANS    2
  8    MAXTRANS    255
  9    TABLESPACE  tsi_pessoal
 10    STORAGE	 (
 11  	 INITIAL     65536
 12  	 MINEXTENTS  1
 13  	 MAXEXTENTS  2147483645
 14    )
 15  /
ADD CONSTRAINT tmp_int_uk UNIQUE (tmp_int_gui_doc_numero_unimed,
                          *
ERRO na linha 2:
ORA-02261: such unique or primary key already exists in the table 


SQL> 
SQL> -- Start of DDL Script for Constraint IFRSRH2.TMP_TAB_DES_MED_UK
SQL> -- Generated 27-dez-2004 8:34:29 from SYSMAN@BDSEDE5
SQL> 
SQL> ALTER TABLE tmp_tab_despesa_medicamentos
  2  ADD CONSTRAINT tmp_tab_des_med_uk UNIQUE (tmp_tdm_gui_doc_numero_unimed,
  3    tmp_tdm_gui_doc_cbe_cre_seq, tmp_tdm_gui_doc_dep_codigo, tmp_tdm_nr_doc_fiscal,
  4    tmp_tdm_gui_numero_unimed, tmp_tdm_sequencial_unimed)
  5  USING INDEX
  6    PCTFREE	   10
  7    INITRANS    2
  8    MAXTRANS    255
  9    TABLESPACE  tsi_pessoal
 10    STORAGE	 (
 11  	 INITIAL     65536
 12  	 MINEXTENTS  1
 13  	 MAXEXTENTS  2147483645
 14    )
 15  /
ADD CONSTRAINT tmp_tab_des_med_uk UNIQUE (tmp_tdm_gui_doc_numero_unimed,
                                  *
ERRO na linha 2:
ORA-02261: such unique or primary key already exists in the table 


SQL> 
SQL> 
SQL> -- Start of DDL Script for Constraint IFRSRH2.TOR_PK
SQL> -- Generated 27-dez-2004 8:34:30 from SYSMAN@BDSEDE5
SQL> 
SQL> ALTER TABLE tipos_ocorrencias_rubricas
  2  ADD CONSTRAINT tor_pk PRIMARY KEY (tor_ofu_codigo, tor_rub_codigo,
  3    tor_dat_inicio_vigencia)
  4  USING INDEX
  5    PCTFREE	   10
  6    INITRANS    2
  7    MAXTRANS    255
  8    TABLESPACE  tsi_pessoal
  9    STORAGE	 (
 10  	 INITIAL     40960
 11  	 MINEXTENTS  1
 12  	 MAXEXTENTS  2147483645
 13    )
 14  /
ADD CONSTRAINT tor_pk PRIMARY KEY (tor_ofu_codigo, tor_rub_codigo,
                      *
ERRO na linha 2:
ORA-02260: table can have only one primary key 


SQL> 
SQL> 
SQL> 
SQL> -- Start of DDL Script for Constraint IFRSRH2.TP_SINISTRO_DOC_PK
SQL> -- Generated 27-dez-2004 8:34:31 from SYSMAN@BDSEDE5
SQL> 
SQL> ALTER TABLE tipo_sinistro_doc
  2  ADD CONSTRAINT tp_sinistro_doc_pk PRIMARY KEY (tsd_dos_codigo_doc,
  3    tsd_tis_codigo_tipo)
  4  USING INDEX
  5    PCTFREE	   10
  6    INITRANS    2
  7    MAXTRANS    255
  8    TABLESPACE  tsi_pessoal
  9    STORAGE	 (
 10  	 INITIAL     65536
 11  	 MINEXTENTS  1
 12  	 MAXEXTENTS  2147483645
 13    )
 14  /
ADD CONSTRAINT tp_sinistro_doc_pk PRIMARY KEY (tsd_dos_codigo_doc,
                                  *
ERRO na linha 2:
ORA-02260: table can have only one primary key 


SQL> 
SQL> -- Start of DDL Script for Constraint IFRSRH2.TP_SINISTRO_PK
SQL> -- Generated 27-dez-2004 8:34:32 from SYSMAN@BDSEDE5
SQL> 
SQL> ALTER TABLE tipo_sinistro
  2  ADD CONSTRAINT tp_sinistro_pk PRIMARY KEY (tis_codigo_tipo)
  3  USING INDEX
  4    PCTFREE	   10
  5    INITRANS    2
  6    MAXTRANS    255
  7    TABLESPACE  tsi_pessoal
  8    STORAGE	 (
  9  	 INITIAL     65536
 10  	 MINEXTENTS  1
 11  	 MAXEXTENTS  2147483645
 12    )
 13  /
ADD CONSTRAINT tp_sinistro_pk PRIMARY KEY (tis_codigo_tipo)
                              *
ERRO na linha 2:
ORA-02260: table can have only one primary key 


SQL> 
SQL> 
SQL> -- Start of DDL Script for Constraint IFRSRH2.TPC_PK
SQL> -- Generated 27-dez-2004 8:34:32 from SYSMAN@BDSEDE5
SQL> 
SQL> ALTER TABLE tipos_credenciados
  2  ADD CONSTRAINT tpc_pk PRIMARY KEY (tpc_codigo)
  3  USING INDEX
  4    PCTFREE	   10
  5    INITRANS    2
  6    MAXTRANS    255
  7    TABLESPACE  tsi_pessoal
  8    STORAGE	 (
  9  	 INITIAL     40960
 10  	 MINEXTENTS  1
 11  	 MAXEXTENTS  2147483645
 12    )
 13  /
ADD CONSTRAINT tpc_pk PRIMARY KEY (tpc_codigo)
                      *
ERRO na linha 2:
ORA-02260: table can have only one primary key 


SQL> 
SQL> -- Start of DDL Script for Constraint IFRSRH2.TPV_CODIGO_PK
SQL> -- Generated 27-dez-2004 8:34:33 from SYSMAN@BDSEDE5
SQL> 
SQL> ALTER TABLE tipo_vinculos
  2  ADD CONSTRAINT tpv_codigo_pk PRIMARY KEY (tpv_codigo)
  3  USING INDEX
  4    PCTFREE	   10
  5    INITRANS    2
  6    MAXTRANS    255
  7    TABLESPACE  tsi_pessoal
  8    STORAGE	 (
  9  	 INITIAL     40960
 10  	 MINEXTENTS  1
 11  	 MAXEXTENTS  2147483645
 12    )
 13  /
ADD CONSTRAINT tpv_codigo_pk PRIMARY KEY (tpv_codigo)
                             *
ERRO na linha 2:
ORA-02260: table can have only one primary key 


SQL> 
SQL> -- Start of DDL Script for Constraint IFRSRH2.TREINO_PK
SQL> -- Generated 27-dez-2004 8:34:34 from SYSMAN@BDSEDE5
SQL> 
SQL> ALTER TABLE siad_treinamento
  2  ADD CONSTRAINT treino_pk PRIMARY KEY (ano_treinamento, codigo_treinamento)
  3  USING INDEX
  4    PCTFREE	   10
  5    INITRANS    2
  6    MAXTRANS    255
  7    TABLESPACE  tsi_pessoal
  8    STORAGE	 (
  9  	 INITIAL     40960
 10  	 MINEXTENTS  1
 11  	 MAXEXTENTS  2147483645
 12    )
 13  /
ADD CONSTRAINT treino_pk PRIMARY KEY (ano_treinamento, codigo_treinamento)
                         *
ERRO na linha 2:
ORA-02260: table can have only one primary key 


SQL> 
SQL> -- Start of DDL Script for Constraint IFRSRH2.TUO_PK
SQL> -- Generated 27-dez-2004 8:34:34 from SYSMAN@BDSEDE5
SQL> 
SQL> ALTER TABLE temp_unidades_organizacionais
  2  ADD CONSTRAINT tuo_pk PRIMARY KEY (uor_codigo_de)
  3  USING INDEX
  4    PCTFREE	   10
  5    INITRANS    2
  6    MAXTRANS    255
  7    TABLESPACE  tsi_pessoal
  8    STORAGE	 (
  9  	 INITIAL     40960
 10  	 MINEXTENTS  1
 11  	 MAXEXTENTS  2147483645
 12    )
 13  /
ADD CONSTRAINT tuo_pk PRIMARY KEY (uor_codigo_de)
                      *
ERRO na linha 2:
ORA-02260: table can have only one primary key 


SQL> 
SQL> -- Start of DDL Script for Constraint IFRSRH2.TVE_PK
SQL> -- Generated 27-dez-2004 8:34:35 from SYSMAN@BDSEDE5
SQL> 
SQL> ALTER TABLE tipo_visto_estrangeiro
  2  ADD CONSTRAINT tve_pk PRIMARY KEY (tve_cod_visto_estrang)
  3  USING INDEX
  4    PCTFREE	   10
  5    INITRANS    2
  6    MAXTRANS    255
  7    TABLESPACE  tsi_pessoal
  8    STORAGE	 (
  9  	 INITIAL     65536
 10  	 MINEXTENTS  1
 11  	 MAXEXTENTS  2147483645
 12    )
 13  /
ADD CONSTRAINT tve_pk PRIMARY KEY (tve_cod_visto_estrang)
                      *
ERRO na linha 2:
ORA-02260: table can have only one primary key 


SQL> 
SQL> 
SQL> -- Start of DDL Script for Constraint IFRSRH2.UFC_PK
SQL> -- Generated 27-dez-2004 8:34:36 from SYSMAN@BDSEDE5
SQL> 
SQL> ALTER TABLE uor_funcao_chefia
  2  ADD CONSTRAINT ufc_pk PRIMARY KEY (ufc_uor_codigo)
  3  USING INDEX
  4    PCTFREE	   10
  5    INITRANS    2
  6    MAXTRANS    255
  7    TABLESPACE  tsi_pessoal
  8    STORAGE	 (
  9  	 INITIAL     65536
 10  	 MINEXTENTS  1
 11  	 MAXEXTENTS  2147483645
 12    )
 13  /
ADD CONSTRAINT ufc_pk PRIMARY KEY (ufc_uor_codigo)
                      *
ERRO na linha 2:
ORA-02260: table can have only one primary key 


SQL> 
SQL> 
SQL> 
SQL> -- Start of DDL Script for Constraint IFRSRH2.UFF_PK
SQL> -- Generated 27-dez-2004 8:34:36 from SYSMAN@BDSEDE5
SQL> 
SQL> ALTER TABLE uor_fone_fax
  2  ADD CONSTRAINT uff_pk PRIMARY KEY (uff_uor_codigo, uff_tipo, uff_numero)
  3  USING INDEX
  4    PCTFREE	   10
  5    INITRANS    2
  6    MAXTRANS    255
  7    TABLESPACE  tsi_pessoal
  8    STORAGE	 (
  9  	 INITIAL     40960
 10  	 MINEXTENTS  1
 11  	 MAXEXTENTS  2147483645
 12    )
 13  /
ADD CONSTRAINT uff_pk PRIMARY KEY (uff_uor_codigo, uff_tipo, uff_numero)
                      *
ERRO na linha 2:
ORA-02260: table can have only one primary key 


SQL> 
SQL> 
SQL> 
SQL> 
SQL> -- Start of DDL Script for Constraint IFRSRH2.ULT_PK
SQL> -- Generated 27-dez-2004 8:34:37 from SYSMAN@BDSEDE5
SQL> 
SQL> ALTER TABLE usuarios_linhas_transportes
  2  ADD CONSTRAINT ult_pk PRIMARY KEY (ult_emb_emp_numero_matricula,
  3    ult_emb_ben_sigla, ult_ltf_numero, ult_ltf_dep_codigo)
  4  USING INDEX
  5    PCTFREE	   10
  6    INITRANS    2
  7    MAXTRANS    255
  8    TABLESPACE  tsi_pessoal
  9    STORAGE	 (
 10  	 INITIAL     81920
 11  	 MINEXTENTS  1
 12  	 MAXEXTENTS  2147483645
 13    )
 14  /
ADD CONSTRAINT ult_pk PRIMARY KEY (ult_emb_emp_numero_matricula,
                      *
ERRO na linha 2:
ORA-02260: table can have only one primary key 


SQL> 
SQL> 
SQL> 
SQL> 
SQL> -- Start of DDL Script for Constraint IFRSRH2.UPS_PK
SQL> -- Generated 27-dez-2004 8:34:38 from SYSMAN@BDSEDE5
SQL> 
SQL> ALTER TABLE usuarios_planos_saude
  2  ADD CONSTRAINT ups_pk PRIMARY KEY (ups_cre_sequencial, ups_emp_numero_matricula,
  3    ups_cod_usuario, ups_data_inicio)
  4  USING INDEX
  5    PCTFREE	   10
  6    INITRANS    2
  7    MAXTRANS    255
  8    TABLESPACE  tsi_pessoal
  9    STORAGE	 (
 10  	 INITIAL     532480
 11  	 MINEXTENTS  1
 12  	 MAXEXTENTS  2147483645
 13    )
 14  /
ADD CONSTRAINT ups_pk PRIMARY KEY (ups_cre_sequencial, ups_emp_numero_matricula,
                      *
ERRO na linha 2:
ORA-02260: table can have only one primary key 


SQL> 
SQL> 
SQL> 
SQL> 
SQL> 
SQL> -- Start of DDL Script for Constraint IFRSRH2.VIP_PK
SQL> -- Generated 27-dez-2004 8:34:39 from SYSMAN@BDSEDE5
SQL> 
SQL> ALTER TABLE vinculo_prestadora
  2  ADD CONSTRAINT vip_pk PRIMARY KEY (vip_cre_sequencial, vip_cod_vinculo)
  3  USING INDEX
  4    PCTFREE	   10
  5    INITRANS    2
  6    MAXTRANS    255
  7    TABLESPACE  tsi_pessoal
  8    STORAGE	 (
  9  	 INITIAL     40960
 10  	 MINEXTENTS  1
 11  	 MAXEXTENTS  2147483645
 12    )
 13  /
ADD CONSTRAINT vip_pk PRIMARY KEY (vip_cre_sequencial, vip_cod_vinculo)
                      *
ERRO na linha 2:
ORA-02260: table can have only one primary key 


SQL> 
SQL> 
SQL> -- Start of DDL Script for Constraint IFRSRH2.VIU_MATRICULA_SEQUENCIAL_PK
SQL> -- Generated 27-dez-2004 8:34:40 from SYSMAN@BDSEDE5
SQL> 
SQL> ALTER TABLE vinculado_universitarios
  2  ADD CONSTRAINT viu_matricula_sequencial_pk PRIMARY KEY (
  3    viu_data_entrega_declaracao, viu_pvi_emp_numero_matricula, viu_pvi_sequencial)
  4  USING INDEX
  5    PCTFREE	   10
  6    INITRANS    2
  7    MAXTRANS    255
  8    TABLESPACE  tsi_pessoal
  9    STORAGE	 (
 10  	 INITIAL     81920
 11  	 MINEXTENTS  1
 12  	 MAXEXTENTS  2147483645
 13    )
 14  /
ADD CONSTRAINT viu_matricula_sequencial_pk PRIMARY KEY (
                                           *
ERRO na linha 2:
ORA-02260: table can have only one primary key 


SQL> 
SQL> -- Start of DDL Script for Constraint IFRSRH2.VLD_PK
SQL> -- Generated 27-dez-2004 8:34:41 from SYSMAN@BDSEDE5
SQL> 
SQL> ALTER TABLE valores_diaria
  2  ADD CONSTRAINT vld_pk PRIMARY KEY (vld_codigo, vld_data_vigencia)
  3  USING INDEX
  4    PCTFREE	   10
  5    INITRANS    2
  6    MAXTRANS    255
  7    TABLESPACE  tsi_pessoal
  8    STORAGE	 (
  9  	 INITIAL     40960
 10  	 MINEXTENTS  1
 11  	 MAXEXTENTS  2147483645
 12    )
 13  /
ADD CONSTRAINT vld_pk PRIMARY KEY (vld_codigo, vld_data_vigencia)
                      *
ERRO na linha 2:
ORA-02260: table can have only one primary key 


SQL> 
SQL> -- Start of DDL Script for Constraint IFRSRH2.VLI_PK
SQL> -- Generated 27-dez-2004 8:34:42 from SYSMAN@BDSEDE5
SQL> 
SQL> ALTER TABLE valor_incentivo
  2  ADD CONSTRAINT vli_pk PRIMARY KEY (matricula)
  3  USING INDEX
  4    PCTFREE	   10
  5    INITRANS    2
  6    MAXTRANS    255
  7    TABLESPACE  tsi_pessoal
  8    STORAGE	 (
  9  	 INITIAL     204800
 10  	 MINEXTENTS  1
 11  	 MAXEXTENTS  2147483645
 12    )
 13  /
ADD CONSTRAINT vli_pk PRIMARY KEY (matricula)
                      *
ERRO na linha 2:
ORA-02260: table can have only one primary key 


SQL> 
SQL> -- Start of DDL Script for Constraint IFRSRH2.VO_PK
SQL> -- Generated 27-dez-2004 8:34:42 from SYSMAN@BDSEDE5
SQL> 
SQL> ALTER TABLE versao_objetos
  2  ADD CONSTRAINT vo_pk PRIMARY KEY (ver_cd_sistema, ver_objeto)
  3  USING INDEX
  4    PCTFREE	   10
  5    INITRANS    2
  6    MAXTRANS    255
  7    TABLESPACE  tsi_pessoal
  8    STORAGE	 (
  9  	 INITIAL     81920
 10  	 MINEXTENTS  1
 11  	 MAXEXTENTS  2147483645
 12    )
 13  /
ADD CONSTRAINT vo_pk PRIMARY KEY (ver_cd_sistema, ver_objeto)
                     *
ERRO na linha 2:
ORA-02260: table can have only one primary key 


SQL> 
SQL> 
SQL> -- Start of DDL Script for Constraint IFRSRH2.AAC_ATU_FK
SQL> -- Generated 27-dez-2004 8:27:18 from SYSMAN@BDSEDE5
SQL> 
SQL> ALTER TABLE areas_atuacao_cargo
  2  ADD CONSTRAINT aac_atu_fk FOREIGN KEY (aac_atu_codigo)
  3  REFERENCES areas_de_atuacao (atu_codigo)
  4  novalidate;

Tabela alterada.

SQL> -- Start of DDL Script for Constraint IFRSRH2.AAC_CAR_FK
SQL> -- Generated 27-dez-2004 8:27:18 from SYSMAN@BDSEDE5
SQL> 
SQL> ALTER TABLE areas_atuacao_cargo
  2  ADD CONSTRAINT aac_car_fk FOREIGN KEY (aac_car_codigo, aac_car_codigo_nivel,
  3    aac_car_occ_codigo)
  4  REFERENCES cargos (car_codigo,car_codigo_nivel,car_occ_codigo)
  5  novalidate;

Tabela alterada.

SQL> -- Start of DDL Script for Constraint IFRSRH2.ABL_CRE_SEQUENCIAL_FK
SQL> -- Generated 27-dez-2004 8:27:19 from SYSMAN@BDSEDE5
SQL> 
SQL> ALTER TABLE abo_local
  2  ADD CONSTRAINT abl_cre_sequencial_fk FOREIGN KEY (abl_cre_sequencial)
  3  REFERENCES credenciados (cre_sequencial)
  4  novalidate;

Tabela alterada.

SQL> -- Start of DDL Script for Constraint IFRSRH2.ABL_DEP_CODIGO_FK
SQL> -- Generated 27-dez-2004 8:27:21 from SYSMAN@BDSEDE5
SQL> 
SQL> ALTER TABLE abo_local
  2  ADD CONSTRAINT abl_dep_codigo_fk FOREIGN KEY (abl_dep_codigo)
  3  REFERENCES dependencias (dep_codigo)
  4  novalidate;

Tabela alterada.

SQL> -- Start of DDL Script for Constraint IFRSRH2.ABO_ESP_TIPO_FK
SQL> -- Generated 27-dez-2004 8:27:21 from SYSMAN@BDSEDE5
SQL> 
SQL> ALTER TABLE abo
  2  ADD CONSTRAINT abo_esp_tipo_fk FOREIGN KEY (esp_tipo, abo_esp_numero)
  3  REFERENCES especialidades (esp_tipo,esp_numero)
  4  novalidate;

Tabela alterada.

SQL> -- Start of DDL Script for Constraint IFRSRH2.ABT_AVB_FK
SQL> -- Generated 27-dez-2004 8:27:25 from SYSMAN@BDSEDE5
SQL> 
SQL> ALTER TABLE abatimento_averbacao
  2  ADD CONSTRAINT abt_avb_fk FOREIGN KEY (abt_avb_codigo,
  3    abt_avb_emp_numero_matricula)
  4  REFERENCES averbacao_tservico (avb_codigo,avb_emp_numero_matricula)
  5  novalidate;

Tabela alterada.

SQL> -- Start of DDL Script for Constraint IFRSRH2.ACA_ATI_FK
SQL> -- Generated 27-dez-2004 8:27:26 from SYSMAN@BDSEDE5
SQL> 
SQL> ALTER TABLE atividades_cargos
  2  ADD CONSTRAINT aca_ati_fk FOREIGN KEY (aca_ati_codigo)
  3  REFERENCES atividades (ati_codigo)
  4  novalidate;

Tabela alterada.

SQL> -- Start of DDL Script for Constraint IFRSRH2.ACA_CAR_FK
SQL> -- Generated 27-dez-2004 8:27:27 from SYSMAN@BDSEDE5
SQL> 
SQL> ALTER TABLE atividades_cargos
  2  ADD CONSTRAINT aca_car_fk FOREIGN KEY (aca_car_codigo, aca_car_codigo_nivel,
  3    aca_car_occ_codigo)
  4  REFERENCES cargos (car_codigo,car_codigo_nivel,car_occ_codigo)
  5  novalidate;

Tabela alterada.

SQL> -- Start of DDL Script for Constraint IFRSRH2.ACB_EGT_FK
SQL> -- Generated 27-dez-2004 8:27:29 from SYSMAN@BDSEDE5
SQL> 
SQL> ALTER TABLE arquivo_credito_bancario
  2  ADD CONSTRAINT acb_egt_fk FOREIGN KEY (acb_egt_crp_ano_pagamento,
  3    acb_egt_crp_mes_pagamento, acb_egt_crp_sequencial, acb_emp_numero_matricula)
  4  REFERENCES empregados_pagamentos (egt_crp_ano_pagamento,egt_crp_mes_pagamento,egt_crp_sequencial,egt_emp_numero_matricula)
  5  DISABLE NOVALIDATE
  6  novalidate;
novalidate
*
ERRO na linha 6:
ORA-01735: invalid ALTER TABLE option 


SQL> -- Start of DDL Script for Constraint IFRSRH2.ACP_DEP_FK
SQL> -- Generated 27-dez-2004 8:27:31 from SYSMAN@BDSEDE5
SQL> 
SQL> ALTER TABLE arquivo_credito_bancario_pens
  2  ADD CONSTRAINT acp_dep_fk FOREIGN KEY (dep_codigo)
  3  REFERENCES dependencias (dep_codigo)
  4  novalidate;

Tabela alterada.

SQL> -- Start of DDL Script for Constraint IFRSRH2.ACP_EGT_FK
SQL> -- Generated 27-dez-2004 8:27:32 from SYSMAN@BDSEDE5
SQL> 
SQL> ALTER TABLE arquivo_credito_bancario_pens
  2  ADD CONSTRAINT acp_egt_fk FOREIGN KEY (egt_crp_ano_pagamento,
  3    egt_crp_mes_pagamento, egt_crp_sequencial, acp_pen_emp_numero_matricula)
  4  REFERENCES empregados_pagamentos (egt_crp_ano_pagamento,egt_crp_mes_pagamento,egt_crp_sequencial,egt_emp_numero_matricula)
  5  novalidate;

Tabela alterada.

SQL> -- Start of DDL Script for Constraint IFRSRH2.ACP_PEN_FK
SQL> -- Generated 27-dez-2004 8:27:32 from SYSMAN@BDSEDE5
SQL> 
SQL> ALTER TABLE arquivo_credito_bancario_pens
  2  ADD CONSTRAINT acp_pen_fk FOREIGN KEY (acp_pen_emp_numero_matricula,
  3    acp_pen_codigo)
  4  REFERENCES pensionistas (pen_emp_numero_matricula,pen_codigo)
  5  novalidate;

Tabela alterada.

SQL> -- Start of DDL Script for Constraint IFRSRH2.ADE_CAS_FK
SQL> -- Generated 27-dez-2004 8:27:34 from SYSMAN@BDSEDE5
SQL> 
SQL> ALTER TABLE assinfra_dependencia
  2  ADD CONSTRAINT ade_cas_fk FOREIGN KEY (ade_cas_cnpj)
  3  REFERENCES cadastro_assinfra (cas_cnpj)
  4  novalidate;

Tabela alterada.

SQL> -- Start of DDL Script for Constraint IFRSRH2.ADE_DEP_FK
SQL> -- Generated 27-dez-2004 8:27:35 from SYSMAN@BDSEDE5
SQL> 
SQL> ALTER TABLE assinfra_dependencia
  2  ADD CONSTRAINT ade_dep_fk FOREIGN KEY (ade_dep_codigo)
  3  REFERENCES dependencias (dep_codigo)
  4  novalidate;

Tabela alterada.

SQL> -- Start of DDL Script for Constraint IFRSRH2.AEC_RUB_CODIGO_FK
SQL> -- Generated 27-dez-2004 8:27:40 from SYSMAN@BDSEDE5
SQL> 
SQL> ALTER TABLE emprestimos_consignados
  2  ADD CONSTRAINT aec_rub_codigo_fk FOREIGN KEY (aec_rub_codigo)
  3  REFERENCES rubricas (rub_codigo)
  4  novalidate;

Tabela alterada.

SQL> -- Start of DDL Script for Constraint IFRSRH2.AEM_ATI_FK
SQL> -- Generated 27-dez-2004 8:27:40 from SYSMAN@BDSEDE5
SQL> 
SQL> ALTER TABLE atividades_empregados
  2  ADD CONSTRAINT aem_ati_fk FOREIGN KEY (aem_ati_codigo)
  3  REFERENCES atividades (ati_codigo)
  4  novalidate;

Tabela alterada.

SQL> -- Start of DDL Script for Constraint IFRSRH2.AEM_EMP_FK
SQL> -- Generated 27-dez-2004 8:27:41 from SYSMAN@BDSEDE5
SQL> 
SQL> ALTER TABLE atividades_empregados
  2  ADD CONSTRAINT aem_emp_fk FOREIGN KEY (aem_emp_numero_matricula)
  3  REFERENCES cadastros (emp_numero_matricula)
  4  novalidate;

Tabela alterada.

SQL> -- Start of DDL Script for Constraint IFRSRH2.AEM_FUN_CODIGO_FK
SQL> -- Generated 27-dez-2004 8:27:41 from SYSMAN@BDSEDE5
SQL> 
SQL> ALTER TABLE atividades_empregados
  2  ADD CONSTRAINT aem_fun_codigo_fk FOREIGN KEY (aem_fun_codigo)
  3  REFERENCES cargos_confianca (fun_codigo)
  4  novalidate;

Tabela alterada.

SQL> -- Start of DDL Script for Constraint IFRSRH2.AER_CDR_FK
SQL> -- Generated 27-dez-2004 8:27:44 from SYSMAN@BDSEDE5
SQL> 
SQL> ALTER TABLE acompanhamento_execucao_rotina
  2  ADD CONSTRAINT aer_cdr_fk FOREIGN KEY (aer_cdr_cod_rotina)
  3  REFERENCES cadastro_rotina (cdr_cod_rotina)
  4  novalidate;

Tabela alterada.

SQL> -- Start of DDL Script for Constraint IFRSRH2.AES_DEP_3_FK
SQL> -- Generated 27-dez-2004 8:27:46 from SYSMAN@BDSEDE5
SQL> 
SQL> ALTER TABLE autorizacoes_especiais
  2  ADD CONSTRAINT aes_dep_3_fk FOREIGN KEY (aes_emp_dep_codigo_fisico)
  3  REFERENCES dependencias (dep_codigo)
  4  novalidate;

Tabela alterada.

SQL> -- Start of DDL Script for Constraint IFRSRH2.AES_DEP_FK
SQL> -- Generated 27-dez-2004 8:27:46 from SYSMAN@BDSEDE5
SQL> 
SQL> ALTER TABLE autorizacoes_especiais
  2  ADD CONSTRAINT aes_dep_fk FOREIGN KEY (aes_dep_codigo)
  3  REFERENCES dependencias (dep_codigo)
  4  novalidate;

Tabela alterada.

SQL> -- Start of DDL Script for Constraint IFRSRH2.AES_DPR_FK
SQL> -- Generated 27-dez-2004 8:27:46 from SYSMAN@BDSEDE5
SQL> 
SQL> ALTER TABLE autorizacoes_especiais
  2  ADD CONSTRAINT aes_dpr_fk FOREIGN KEY (aes_dep_resp_incl)
  3  REFERENCES dependencias (dep_codigo)
  4  novalidate;

Tabela alterada.

SQL> -- Start of DDL Script for Constraint IFRSRH2.AES_EMB_FK
SQL> -- Generated 27-dez-2004 8:27:46 from SYSMAN@BDSEDE5
SQL> 
SQL> ALTER TABLE autorizacoes_especiais
  2  ADD CONSTRAINT aes_emb_fk FOREIGN KEY (aes_emb_emp_numero_matricula,
  3    aes_emb_ben_sigla)
  4  REFERENCES empregados_beneficios (emb_emp_numero_matricula,emb_ben_sigla)
  5  novalidate;

Tabela alterada.

SQL> -- Start of DDL Script for Constraint IFRSRH2.AGM_CDE_FK
SQL> -- Generated 27-dez-2004 8:27:50 from SYSMAN@BDSEDE5
SQL> 
SQL> ALTER TABLE agendas_medicas
  2  ADD CONSTRAINT agm_cde_fk FOREIGN KEY (agm_cde_cre_sequencial, agm_cde_esp_tipo,
  3    agm_cde_esp_numero)
  4  REFERENCES credenciados_especialidades (cde_cre_sequencial,cde_esp_tipo,cde_esp_numero)
  5  novalidate;

Tabela alterada.

SQL> -- Start of DDL Script for Constraint IFRSRH2.AIM_ASM_FK
SQL> -- Generated 27-dez-2004 8:27:56 from SYSMAN@BDSEDE5
SQL> 
SQL> ALTER TABLE autorizacoes_itens_medicos
  2  ADD CONSTRAINT aim_asm_fk FOREIGN KEY (aim_asm_senha)
  3  REFERENCES autorizacoes_servicos_medicos (asm_senha)
  4  novalidate;

Tabela alterada.

SQL> -- Start of DDL Script for Constraint IFRSRH2.AMB_ESP_TIPO_FK
SQL> -- Generated 27-dez-2004 8:27:58 from SYSMAN@BDSEDE5
SQL> 
SQL> ALTER TABLE amb
  2  ADD CONSTRAINT amb_esp_tipo_fk FOREIGN KEY (amb_esp_tipo, amb_esp_numero)
  3  REFERENCES especialidades (esp_tipo,esp_numero)
  4  novalidate;

Tabela alterada.

SQL> -- Start of DDL Script for Constraint IFRSRH2.AML_CRE_SEQUENCIAL_FK
SQL> -- Generated 27-dez-2004 8:28:03 from SYSMAN@BDSEDE5
SQL> 
SQL> ALTER TABLE amb_local
  2  ADD CONSTRAINT aml_cre_sequencial_fk FOREIGN KEY (aml_cre_sequencial)
  3  REFERENCES credenciados (cre_sequencial)
  4  novalidate;

Tabela alterada.

SQL> -- Start of DDL Script for Constraint IFRSRH2.AML_PORTE_FK
SQL> -- Generated 27-dez-2004 8:28:03 from SYSMAN@BDSEDE5
SQL> 
SQL> ALTER TABLE amb_local
  2  ADD CONSTRAINT aml_porte_fk FOREIGN KEY (aml_porte_anestesico)
  3  REFERENCES portes_anestesicos (porte)
  4  novalidate;

Tabela alterada.

SQL> -- Start of DDL Script for Constraint IFRSRH2.AMO_ADE_CAS_FK
SQL> -- Generated 27-dez-2004 8:28:03 from SYSMAN@BDSEDE5
SQL> 
SQL> ALTER TABLE assinfra_movimentacao
  2  ADD CONSTRAINT amo_ade_cas_fk FOREIGN KEY (amo_ade_cas_cnpj, amo_ade_dep_codigo)
  3  REFERENCES assinfra_dependencia (ade_cas_cnpj,ade_dep_codigo)
  4  novalidate;

Tabela alterada.

SQL> -- Start of DDL Script for Constraint IFRSRH2.APROFOPENC_FK
SQL> -- Generated 27-dez-2004 8:28:11 from SYSMAN@BDSEDE5
SQL> 
SQL> ALTER TABLE aprofopenc
  2  ADD CONSTRAINT aprofopenc_fk FOREIGN KEY (dependencia)
  3  REFERENCES dependencias (dep_codigo)
  4  novalidate;

Tabela alterada.

SQL> -- Start of DDL Script for Constraint IFRSRH2.APROFOPENC1_FK
SQL> -- Generated 27-dez-2004 8:28:13 from SYSMAN@BDSEDE5
SQL> 
SQL> ALTER TABLE aprofopenc
  2  ADD CONSTRAINT aprofopenc1_fk FOREIGN KEY (empregado)
  3  REFERENCES cadastros (emp_numero_matricula)
  4  novalidate;

Tabela alterada.

SQL> -- Start of DDL Script for Constraint IFRSRH2.APV_APVT_FK
SQL> -- Generated 27-dez-2004 8:28:15 from SYSMAN@BDSEDE5
SQL> 
SQL> ALTER TABLE aprovador_viagem_tipo
  2  ADD CONSTRAINT apv_apvt_fk FOREIGN KEY (avi_uor_codigo, avi_data_inicio,
  3    avi_emp_numero_matricula)
  4  REFERENCES aprovador_viagem (avi_uor_codigo,avi_data_inicio,avi_emp_numero_matricula)
  5  novalidate;

Tabela alterada.

SQL> -- Start of DDL Script for Constraint IFRSRH2.ASM_CRE_FK
SQL> -- Generated 27-dez-2004 8:28:21 from SYSMAN@BDSEDE5
SQL> 
SQL> ALTER TABLE autorizacoes_servicos_medicos
  2  ADD CONSTRAINT asm_cre_fk FOREIGN KEY (asm_cre_sequencial)
  3  REFERENCES credenciados (cre_sequencial)
  4  novalidate;

Tabela alterada.

SQL> -- Start of DDL Script for Constraint IFRSRH2.ASM_DEP_FK
SQL> -- Generated 27-dez-2004 8:28:21 from SYSMAN@BDSEDE5
SQL> 
SQL> ALTER TABLE autorizacoes_servicos_medicos
  2  ADD CONSTRAINT asm_dep_fk FOREIGN KEY (asm_dep_codigo)
  3  REFERENCES dependencias (dep_codigo)
  4  novalidate;

Tabela alterada.

SQL> -- Start of DDL Script for Constraint IFRSRH2.ASM_EMP_FK
SQL> -- Generated 27-dez-2004 8:28:21 from SYSMAN@BDSEDE5
SQL> 
SQL> ALTER TABLE autorizacoes_servicos_medicos
  2  ADD CONSTRAINT asm_emp_fk FOREIGN KEY (asm_emp_numero_matricula)
  3  REFERENCES cadastros (emp_numero_matricula)
  4  novalidate;

Tabela alterada.

SQL> -- Start of DDL Script for Constraint IFRSRH2.ASM_EMP_RESP_FK
SQL> -- Generated 27-dez-2004 8:28:21 from SYSMAN@BDSEDE5
SQL> 
SQL> ALTER TABLE autorizacoes_servicos_medicos
  2  ADD CONSTRAINT asm_emp_resp_fk FOREIGN KEY (asm_emp_numero_matricula_resp)
  3  REFERENCES cadastros (emp_numero_matricula)
  4  novalidate;

Tabela alterada.

SQL> -- Start of DDL Script for Constraint IFRSRH2.ATF_ATI_CODIGO_FK
SQL> -- Generated 27-dez-2004 8:28:23 from SYSMAN@BDSEDE5
SQL> 
SQL> ALTER TABLE atividades_funcoes
  2  ADD CONSTRAINT atf_ati_codigo_fk FOREIGN KEY (atf_ati_codigo)
  3  REFERENCES atividades (ati_codigo)
  4  novalidate;

Tabela alterada.

SQL> -- Start of DDL Script for Constraint IFRSRH2.ATF_FUN_CODIGO_FK
SQL> -- Generated 27-dez-2004 8:28:24 from SYSMAN@BDSEDE5
SQL> 
SQL> ALTER TABLE atividades_funcoes
  2  ADD CONSTRAINT atf_fun_codigo_fk FOREIGN KEY (atf_fun_codigo)
  3  REFERENCES cargos_confianca (fun_codigo)
  4  novalidate;

Tabela alterada.

SQL> -- Start of DDL Script for Constraint IFRSRH2.ATI_CC2_FK
SQL> -- Generated 27-dez-2004 8:28:25 from SYSMAN@BDSEDE5
SQL> 
SQL> ALTER TABLE atividades
  2  ADD CONSTRAINT ati_cc2_fk FOREIGN KEY (ati_ct_custos_codigo)
  3  REFERENCES centro_custo (cd_centro_custo)
  4  novalidate;

Tabela alterada.

SQL> -- Start of DDL Script for Constraint IFRSRH2.ATO_EMB_FK
SQL> -- Generated 27-dez-2004 8:28:27 from SYSMAN@BDSEDE5
SQL> 
SQL> ALTER TABLE autorizacoes_tratamentos_odont
  2  ADD CONSTRAINT ato_emb_fk FOREIGN KEY (ato_emb_emp_numero_matricula,
  3    ato_emb_ben_sigla)
  4  REFERENCES empregados_beneficios (emb_emp_numero_matricula,emb_ben_sigla)
  5  novalidate;

Tabela alterada.

SQL> -- Start of DDL Script for Constraint IFRSRH2.ATO_FK_DEP
SQL> -- Generated 27-dez-2004 8:28:27 from SYSMAN@BDSEDE5
SQL> 
SQL> ALTER TABLE autorizacoes_tratamentos_odont
  2  ADD CONSTRAINT ato_fk_dep FOREIGN KEY (ato_dep_resp_incl)
  3  REFERENCES dependencias (dep_codigo)
  4  novalidate;

Tabela alterada.

SQL> -- Start of DDL Script for Constraint IFRSRH2.ATO_LOT_FK
SQL> -- Generated 27-dez-2004 8:28:27 from SYSMAN@BDSEDE5
SQL> 
SQL> ALTER TABLE autorizacoes_tratamentos_odont
  2  ADD CONSTRAINT ato_lot_fk FOREIGN KEY (ato_emp_dep_codigo_lotacao)
  3  REFERENCES dependencias (dep_codigo)
  4  novalidate;

Tabela alterada.

SQL> -- Start of DDL Script for Constraint IFRSRH2.ATO_PVB_FK
SQL> -- Generated 27-dez-2004 8:28:29 from SYSMAN@BDSEDE5
SQL> 
SQL> ALTER TABLE autorizacoes_tratamentos_odont
  2  ADD CONSTRAINT ato_pvb_fk FOREIGN KEY (ato_emb_emp_numero_matricula,
  3    ato_pvb_pvi_sequencial, ato_emb_ben_sigla, ato_pvb_adesao)
  4  REFERENCES pessoas_vinculadas_benef (pvb_pvi_emp_numero_matricula,pvb_pvi_sequencial,emb_ben_sigla,pvb_adesao)
  5  novalidate;

Tabela alterada.

SQL> -- Start of DDL Script for Constraint IFRSRH2.ATRIB_CONC_AVALIACAO_FK
SQL> -- Generated 27-dez-2004 8:28:30 from SYSMAN@BDSEDE5
SQL> 
SQL> ALTER TABLE siad_atribuicao_conceitos
  2  ADD CONSTRAINT atrib_conc_avaliacao_fk FOREIGN KEY (ano_avaliador,
  3    ano_avaliacao_final, matricula_avaliador, emp_numero_matricula)
  4  REFERENCES siad_avaliacao (ano_avaliador,ano_avaliacao_final,matricula_avaliador,emp_numero_matricula)
  5  novalidate;
ADD CONSTRAINT atrib_conc_avaliacao_fk FOREIGN KEY (ano_avaliador,
                                       *
ERRO na linha 2:
ORA-02275: such a referential constraint already exists in the table 


SQL> -- Start of DDL Script for Constraint IFRSRH2.ATRIB_CONC_CONCEITOS_FK
SQL> -- Generated 27-dez-2004 8:28:30 from SYSMAN@BDSEDE5
SQL> 
SQL> ALTER TABLE siad_atribuicao_conceitos
  2  ADD CONSTRAINT atrib_conc_conceitos_fk FOREIGN KEY (codigo_conceito,
  3    codigo_formulario, ano_formulario, codigo_fator)
  4  REFERENCES siad_conceitos_avaliacao (codigo_conceito,codigo_formulario,ano_formulario,codigo_fator)
  5  ENABLE NOVALIDATE
  6  novalidate;
novalidate
*
ERRO na linha 6:
ORA-01735: invalid ALTER TABLE option 


SQL> -- Start of DDL Script for Constraint IFRSRH2.AUO_ATU_FK
SQL> -- Generated 27-dez-2004 8:28:35 from SYSMAN@BDSEDE5
SQL> 
SQL> ALTER TABLE areas_atuacao_unid_organiz
  2  ADD CONSTRAINT auo_atu_fk FOREIGN KEY (auo_atu_codigo)
  3  REFERENCES areas_de_atuacao (atu_codigo)
  4  novalidate;

Tabela alterada.

SQL> -- Start of DDL Script for Constraint IFRSRH2.AUO_UOR_FK
SQL> -- Generated 27-dez-2004 8:28:37 from SYSMAN@BDSEDE5
SQL> 
SQL> ALTER TABLE areas_atuacao_unid_organiz
  2  ADD CONSTRAINT auo_uor_fk FOREIGN KEY (auo_uor_codigo)
  3  REFERENCES unidades_organizacionais (uor_codigo)
  4  novalidate;

Tabela alterada.

SQL> -- Start of DDL Script for Constraint IFRSRH2.AV_FINAL_ESCALA_FK
SQL> -- Generated 27-dez-2004 8:28:37 from SYSMAN@BDSEDE5
SQL> 
SQL> ALTER TABLE siad_avaliacao_final
  2  ADD CONSTRAINT av_final_escala_fk FOREIGN KEY (ano_escala, tipo_escala,
  3    codigo_classificacao)
  4  REFERENCES siad_escala_pontuacao (ano_escala,tipo_escala,codigo_classificacao)
  5  novalidate;
ADD CONSTRAINT av_final_escala_fk FOREIGN KEY (ano_escala, tipo_escala,
                                  *
ERRO na linha 2:
ORA-02275: such a referential constraint already exists in the table 


SQL> -- Start of DDL Script for Constraint IFRSRH2.AVAL_FOCOS_AVALIACAO_FK
SQL> -- Generated 27-dez-2004 8:28:39 from SYSMAN@BDSEDE5
SQL> 
SQL> ALTER TABLE siad_avaliacao_focos
  2  ADD CONSTRAINT aval_focos_avaliacao_fk FOREIGN KEY (ano_avaliador,
  3    ano_avaliacao_final, matricula_avaliador, emp_numero_matricula)
  4  REFERENCES siad_avaliacao (ano_avaliador,ano_avaliacao_final,matricula_avaliador,emp_numero_matricula)
  5  novalidate;
ADD CONSTRAINT aval_focos_avaliacao_fk FOREIGN KEY (ano_avaliador,
                                       *
ERRO na linha 2:
ORA-02275: such a referential constraint already exists in the table 


SQL> -- Start of DDL Script for Constraint IFRSRH2.AVAL_FOCOS_FOCOS_ATEN_FK
SQL> -- Generated 27-dez-2004 8:28:39 from SYSMAN@BDSEDE5
SQL> 
SQL> ALTER TABLE siad_avaliacao_focos
  2  ADD CONSTRAINT aval_focos_focos_aten_fk FOREIGN KEY (ano_focos, codigo_focos)
  3  REFERENCES siad_focos_atencao (ano_focos,codigo_focos)
  4  novalidate;
ADD CONSTRAINT aval_focos_focos_aten_fk FOREIGN KEY (ano_focos, codigo_focos)
                                        *
ERRO na linha 2:
ORA-02275: such a referential constraint already exists in the table 


SQL> -- Start of DDL Script for Constraint IFRSRH2.AVAL_TREIN_AVALIACAO_FK
SQL> -- Generated 27-dez-2004 8:28:41 from SYSMAN@BDSEDE5
SQL> 
SQL> ALTER TABLE siad_avaliacao_treinamento
  2  ADD CONSTRAINT aval_trein_avaliacao_fk FOREIGN KEY (ano_avaliador,
  3    ano_avaliacao_final, matricula_avaliador, emp_numero_matricula)
  4  REFERENCES siad_avaliacao (ano_avaliador,ano_avaliacao_final,matricula_avaliador,emp_numero_matricula)
  5  novalidate;
ADD CONSTRAINT aval_trein_avaliacao_fk FOREIGN KEY (ano_avaliador,
                                       *
ERRO na linha 2:
ORA-02275: such a referential constraint already exists in the table 


SQL> -- Start of DDL Script for Constraint IFRSRH2.AVAL_TREIN_TREINO_FK
SQL> -- Generated 27-dez-2004 8:28:44 from SYSMAN@BDSEDE5
SQL> 
SQL> ALTER TABLE siad_avaliacao_treinamento
  2  ADD CONSTRAINT aval_trein_treino_fk FOREIGN KEY (ano_treinamento,
  3    codigo_treinamento)
  4  REFERENCES siad_treinamento (ano_treinamento,codigo_treinamento)
  5  novalidate;
ADD CONSTRAINT aval_trein_treino_fk FOREIGN KEY (ano_treinamento,
                                    *
ERRO na linha 2:
ORA-02275: such a referential constraint already exists in the table 


SQL> -- Start of DDL Script for Constraint IFRSRH2.AVALIACAO_AV_FINAL_FK
SQL> -- Generated 27-dez-2004 8:28:45 from SYSMAN@BDSEDE5
SQL> 
SQL> ALTER TABLE siad_avaliacao
  2  ADD CONSTRAINT avaliacao_av_final_fk FOREIGN KEY (emp_numero_matricula,
  3    ano_avaliacao_final)
  4  REFERENCES siad_avaliacao_final (emp_numero_matricula,ano_avaliacao_final)
  5  novalidate;
ADD CONSTRAINT avaliacao_av_final_fk FOREIGN KEY (emp_numero_matricula,
                                     *
ERRO na linha 2:
ORA-02275: such a referential constraint already exists in the table 


SQL> -- Start of DDL Script for Constraint IFRSRH2.AVALIACAO_AVALIADOR_FK
SQL> -- Generated 27-dez-2004 8:28:45 from SYSMAN@BDSEDE5
SQL> 
SQL> ALTER TABLE siad_avaliacao
  2  ADD CONSTRAINT avaliacao_avaliador_fk FOREIGN KEY (ano_avaliador,
  3    matricula_avaliador)
  4  REFERENCES siad_avaliador (ano_avaliador,matricula_avaliador)
  5  novalidate;
ADD CONSTRAINT avaliacao_avaliador_fk FOREIGN KEY (ano_avaliador,
                                      *
ERRO na linha 2:
ORA-02275: such a referential constraint already exists in the table 


SQL> -- Start of DDL Script for Constraint IFRSRH2.AVALIACAO_FORMULARIO_FK
SQL> -- Generated 27-dez-2004 8:28:46 from SYSMAN@BDSEDE5
SQL> 
SQL> ALTER TABLE siad_avaliacao
  2  ADD CONSTRAINT avaliacao_formulario_fk FOREIGN KEY (ano_formulario,
  3    codigo_formulario)
  4  REFERENCES siad_formulario_avaliacao (ano_formulario,codigo_formulario)
  5  novalidate;
ADD CONSTRAINT avaliacao_formulario_fk FOREIGN KEY (ano_formulario,
                                       *
ERRO na linha 2:
ORA-02275: such a referential constraint already exists in the table 


SQL> -- Start of DDL Script for Constraint IFRSRH2.AVALIACAO_MOT_NAV_FK
SQL> -- Generated 27-dez-2004 8:28:46 from SYSMAN@BDSEDE5
SQL> 
SQL> ALTER TABLE siad_avaliacao
  2  ADD CONSTRAINT avaliacao_mot_nav_fk FOREIGN KEY (codigo_motivo)
  3  REFERENCES siad_motivo_nao_avaliacao (codigo_motivo)
  4  novalidate;
ADD CONSTRAINT avaliacao_mot_nav_fk FOREIGN KEY (codigo_motivo)
                                    *
ERRO na linha 2:
ORA-02275: such a referential constraint already exists in the table 


SQL> -- Start of DDL Script for Constraint IFRSRH2.AVB_EMP_FK
SQL> -- Generated 27-dez-2004 8:28:50 from SYSMAN@BDSEDE5
SQL> 
SQL> ALTER TABLE averbacao_tservico
  2  ADD CONSTRAINT avb_emp_fk FOREIGN KEY (avb_emp_numero_matricula)
  3  REFERENCES cadastros (emp_numero_matricula)
  4  novalidate;

Tabela alterada.

SQL> -- Start of DDL Script for Constraint IFRSRH2.AVI_EMP_FK
SQL> -- Generated 27-dez-2004 8:28:51 from SYSMAN@BDSEDE5
SQL> 
SQL> ALTER TABLE aprovador_viagem
  2  ADD CONSTRAINT avi_emp_fk FOREIGN KEY (avi_emp_numero_matricula)
  3  REFERENCES cadastros (emp_numero_matricula)
  4  novalidate;

Tabela alterada.

SQL> -- Start of DDL Script for Constraint IFRSRH2.AVI_EMP_RESP_FK
SQL> -- Generated 27-dez-2004 8:28:51 from SYSMAN@BDSEDE5
SQL> 
SQL> ALTER TABLE aprovador_viagem
  2  ADD CONSTRAINT avi_emp_resp_fk FOREIGN KEY (avi_emp_numero_matricula_resp)
  3  REFERENCES cadastros (emp_numero_matricula)
  4  novalidate;

Tabela alterada.

SQL> -- Start of DDL Script for Constraint IFRSRH2.AVI_UOR_FK
SQL> -- Generated 27-dez-2004 8:28:51 from SYSMAN@BDSEDE5
SQL> 
SQL> ALTER TABLE aprovador_viagem
  2  ADD CONSTRAINT avi_uor_fk FOREIGN KEY (avi_uor_codigo)
  3  REFERENCES unidades_organizacionais (uor_codigo)
  4  novalidate;

Tabela alterada.

SQL> -- Start of DDL Script for Constraint IFRSRH2.AVI_UOR_RESP_FK
SQL> -- Generated 27-dez-2004 8:28:51 from SYSMAN@BDSEDE5
SQL> 
SQL> ALTER TABLE aprovador_viagem
  2  ADD CONSTRAINT avi_uor_resp_fk FOREIGN KEY (avi_uor_codigo_resp)
  3  REFERENCES unidades_organizacionais (uor_codigo)
  4  novalidate;

Tabela alterada.

SQL> -- Start of DDL Script for Constraint IFRSRH2.BEN_COD_VINCULO_FK
SQL> -- Generated 27-dez-2004 8:28:53 from SYSMAN@BDSEDE5
SQL> 
SQL> ALTER TABLE tipos_vinculos_beneficios
  2  ADD CONSTRAINT ben_cod_vinculo_fk FOREIGN KEY (ben_cod_vinculo)
  3  REFERENCES tipo_vinculos (tpv_codigo)
  4  novalidate;
ADD CONSTRAINT ben_cod_vinculo_fk FOREIGN KEY (ben_cod_vinculo)
                                  *
ERRO na linha 2:
ORA-02275: such a referential constraint already exists in the table 


SQL> -- Start of DDL Script for Constraint IFRSRH2.BEN_IDX_FK
SQL> -- Generated 27-dez-2004 8:28:53 from SYSMAN@BDSEDE5
SQL> 
SQL> ALTER TABLE beneficios
  2  ADD CONSTRAINT ben_idx_fk FOREIGN KEY (ben_idx_sigla)
  3  REFERENCES indexadores (idx_sigla)
  4  novalidate;

Tabela alterada.

SQL> -- Start of DDL Script for Constraint IFRSRH2.BEN_RUB_FK
SQL> -- Generated 27-dez-2004 8:28:55 from SYSMAN@BDSEDE5
SQL> 
SQL> ALTER TABLE beneficios
  2  ADD CONSTRAINT ben_rub_fk FOREIGN KEY (ben_rub_codigo)
  3  REFERENCES rubricas (rub_codigo)
  4  novalidate;

Tabela alterada.

SQL> -- Start of DDL Script for Constraint IFRSRH2.BEN_SIGLA_BENEFICIO_FK
SQL> -- Generated 27-dez-2004 8:28:55 from SYSMAN@BDSEDE5
SQL> 
SQL> ALTER TABLE tipos_vinculos_beneficios
  2  ADD CONSTRAINT ben_sigla_beneficio_fk FOREIGN KEY (ben_sigla_beneficio)
  3  REFERENCES beneficios (ben_sigla)
  4  novalidate;
ADD CONSTRAINT ben_sigla_beneficio_fk FOREIGN KEY (ben_sigla_beneficio)
                                      *
ERRO na linha 2:
ORA-02275: such a referential constraint already exists in the table 


SQL> -- Start of DDL Script for Constraint IFRSRH2.BNF_ABA_FK
SQL> -- Generated 27-dez-2004 8:28:55 from SYSMAN@BDSEDE5
SQL> 
SQL> ALTER TABLE beneficiarios
  2  ADD CONSTRAINT bnf_aba_fk FOREIGN KEY (bnf_aba_ban_codigo, bnf_aba_codigo)
  3  REFERENCES agenciainf (ban_cd_banco,cd_agencia)
  4  novalidate;

Tabela alterada.

SQL> -- Start of DDL Script for Constraint IFRSRH2.BNF_EMP_FK
SQL> -- Generated 27-dez-2004 8:28:56 from SYSMAN@BDSEDE5
SQL> 
SQL> ALTER TABLE beneficiarios
  2  ADD CONSTRAINT bnf_emp_fk FOREIGN KEY (bnf_emp_numero_matricula)
  3  REFERENCES cadastros (emp_numero_matricula)
  4  novalidate;

Tabela alterada.

SQL> -- Start of DDL Script for Constraint IFRSRH2.BSG_EMP_BEN_FK
SQL> -- Generated 27-dez-2004 8:28:58 from SYSMAN@BDSEDE5
SQL> 
SQL> ALTER TABLE beneficiarios_seguros
  2  ADD CONSTRAINT bsg_emp_ben_fk FOREIGN KEY (bsg_emb_emp_numero_matricula,
  3    bsg_emb_ben_sigla)
  4  REFERENCES empregados_beneficios (emb_emp_numero_matricula,emb_ben_sigla)
  5  novalidate;

Tabela alterada.

SQL> -- Start of DDL Script for Constraint IFRSRH2.BSG_PVI_FK
SQL> -- Generated 27-dez-2004 8:28:58 from SYSMAN@BDSEDE5
SQL> 
SQL> ALTER TABLE beneficiarios_seguros
  2  ADD CONSTRAINT bsg_pvi_fk FOREIGN KEY (bsg_pvi_emp_numero_matricula,
  3    bsg_pvi_sequencial)
  4  REFERENCES pessoas_vinculadas (pvi_emp_numero_matricula,pvi_sequencial)
  5  novalidate;

Tabela alterada.

SQL> -- Start of DDL Script for Constraint IFRSRH2.CAR_CBO_PK
SQL> -- Generated 27-dez-2004 8:29:01 from SYSMAN@BDSEDE5
SQL> 
SQL> ALTER TABLE cargos
  2  ADD CONSTRAINT car_cbo_pk FOREIGN KEY (car_codigo_cbo, car_cbo_dta_inicio)
  3  REFERENCES cbo (cbo_codigo,cbo_dta_inicio)
  4  novalidate;

Tabela alterada.

SQL> -- Start of DDL Script for Constraint IFRSRH2.CAR_ESO_FK
SQL> -- Generated 27-dez-2004 8:29:02 from SYSMAN@BDSEDE5
SQL> 
SQL> ALTER TABLE cargos
  2  ADD CONSTRAINT car_eso_fk FOREIGN KEY (car_eso_codigo)
  3  REFERENCES escolaridades (eso_codigo)
  4  novalidate;

Tabela alterada.

SQL> -- Start of DDL Script for Constraint IFRSRH2.CAR_JTR_FK
SQL> -- Generated 27-dez-2004 8:29:02 from SYSMAN@BDSEDE5
SQL> 
SQL> ALTER TABLE cargos
  2  ADD CONSTRAINT car_jtr_fk FOREIGN KEY (car_jtr_codigo)
  3  REFERENCES jornadas_trabalho (jtr_codigo)
  4  novalidate;

Tabela alterada.

SQL> -- Start of DDL Script for Constraint IFRSRH2.CAR_NSA_FINALIZADO_FK
SQL> -- Generated 27-dez-2004 8:29:03 from SYSMAN@BDSEDE5
SQL> 
SQL> ALTER TABLE cargos
  2  ADD CONSTRAINT car_nsa_finalizado_fk FOREIGN KEY (car_nsa_codigo_nivel_final,
  3    car_nsa_codigo_padrao_final, car_nsa_in_nivel_escola_final)
  4  REFERENCES niveis_salariais (nsa_codigo_nivel,nsa_codigo_padrao,nsa_indicador_nivel_escola)
  5  novalidate;

Tabela alterada.

SQL> -- Start of DDL Script for Constraint IFRSRH2.CAR_NSA_INICIADO_FK
SQL> -- Generated 27-dez-2004 8:29:03 from SYSMAN@BDSEDE5
SQL> 
SQL> ALTER TABLE cargos
  2  ADD CONSTRAINT car_nsa_iniciado_fk FOREIGN KEY (car_nsa_codigo_nivel_inicio,
  3    car_nsa_codigo_padrao_inicio, car_nsa_in_nivel_escola_inicio)
  4  REFERENCES niveis_salariais (nsa_codigo_nivel,nsa_codigo_padrao,nsa_indicador_nivel_escola)
  5  novalidate;

Tabela alterada.

SQL> -- Start of DDL Script for Constraint IFRSRH2.CAR_OCC_FK
SQL> -- Generated 27-dez-2004 8:29:03 from SYSMAN@BDSEDE5
SQL> 
SQL> ALTER TABLE cargos
  2  ADD CONSTRAINT car_occ_fk FOREIGN KEY (car_occ_codigo)
  3  REFERENCES ocupacoes_cargo (occ_codigo)
  4  novalidate;

Tabela alterada.

SQL> -- Start of DDL Script for Constraint IFRSRH2.CAR_OCL_FK
SQL> -- Generated 27-dez-2004 8:29:04 from SYSMAN@BDSEDE5
SQL> 
SQL> ALTER TABLE cargos
  2  ADD CONSTRAINT car_ocl_fk FOREIGN KEY (car_ocl_sigla)
  3  REFERENCES orgaos_classes (ocl_sigla)
  4  novalidate;

Tabela alterada.

SQL> -- Start of DDL Script for Constraint IFRSRH2.CAT_CBE_FK
SQL> -- Generated 27-dez-2004 8:29:06 from SYSMAN@BDSEDE5
SQL> 
SQL> ALTER TABLE categorias_transporte
  2  ADD CONSTRAINT cat_cbe_fk FOREIGN KEY (cat_cbe_ben_sigla, cat_cbe_cre_sequencial)
  3  REFERENCES credenciados_beneficios (cbe_ben_sigla,cbe_cre_sequencial)
  4  novalidate;

Tabela alterada.

SQL> -- Start of DDL Script for Constraint IFRSRH2.CAT_DEP_FK
SQL> -- Generated 27-dez-2004 8:29:06 from SYSMAN@BDSEDE5
SQL> 
SQL> ALTER TABLE categorias_transporte
  2  ADD CONSTRAINT cat_dep_fk FOREIGN KEY (cat_dep_codigo)
  3  REFERENCES dependencias (dep_codigo)
  4  novalidate;

Tabela alterada.

SQL> -- Start of DDL Script for Constraint IFRSRH2.CAT_RESP_FK
SQL> -- Generated 27-dez-2004 8:29:08 from SYSMAN@BDSEDE5
SQL> 
SQL> ALTER TABLE categorias_transporte
  2  ADD CONSTRAINT cat_resp_fk FOREIGN KEY (cat_dep_resp_incl)
  3  REFERENCES dependencias (dep_codigo)
  4  novalidate;

Tabela alterada.

SQL> -- Start of DDL Script for Constraint IFRSRH2.CBA_TPV_CODIGO_FK
SQL> -- Generated 27-dez-2004 8:29:09 from SYSMAN@BDSEDE5
SQL> 
SQL> ALTER TABLE coberturas_seguros
  2  ADD CONSTRAINT cba_tpv_codigo_fk FOREIGN KEY (csg_tpv_codigo)
  3  REFERENCES tipo_vinculos (tpv_codigo)
  4  novalidate;

Tabela alterada.

SQL> -- Start of DDL Script for Constraint IFRSRH2.CBE_BEN_SIGLA_FK
SQL> -- Generated 27-dez-2004 8:29:09 from SYSMAN@BDSEDE5
SQL> 
SQL> ALTER TABLE credenciados_beneficios
  2  ADD CONSTRAINT cbe_ben_sigla_fk FOREIGN KEY (cbe_ben_sigla)
  3  REFERENCES beneficios (ben_sigla)
  4  novalidate;

Tabela alterada.

SQL> -- Start of DDL Script for Constraint IFRSRH2.CBE_CRE_SEQUENCIAL_FK
SQL> -- Generated 27-dez-2004 8:29:09 from SYSMAN@BDSEDE5
SQL> 
SQL> ALTER TABLE credenciados_beneficios
  2  ADD CONSTRAINT cbe_cre_sequencial_fk FOREIGN KEY (cbe_cre_sequencial)
  3  REFERENCES credenciados (cre_sequencial)
  4  novalidate;

Tabela alterada.

SQL> -- Start of DDL Script for Constraint IFRSRH2.CBO_CBO_FK
SQL> -- Generated 27-dez-2004 8:29:10 from SYSMAN@BDSEDE5
SQL> 
SQL> ALTER TABLE cbo
  2  ADD CONSTRAINT cbo_cbo_fk FOREIGN KEY (cbo_cbo_codigo, cbo_cbo_dta_inicio)
  3  REFERENCES cbo (cbo_codigo,cbo_dta_inicio)
  4  novalidate;

Tabela alterada.

SQL> -- Start of DDL Script for Constraint IFRSRH2.CC_CBE_BEN_SIGLA_FK
SQL> -- Generated 27-dez-2004 8:29:12 from SYSMAN@BDSEDE5
SQL> 
SQL> ALTER TABLE credenciados_contratos
  2  ADD CONSTRAINT cc_cbe_ben_sigla_fk FOREIGN KEY (cc_cbe_ben_sigla,
  3    cc_cbe_cre_sequencial)
  4  REFERENCES credenciados_beneficios (cbe_ben_sigla,cbe_cre_sequencial)
  5  novalidate;

Tabela alterada.

SQL> -- Start of DDL Script for Constraint IFRSRH2.CC_CBE_FK
SQL> -- Generated 27-dez-2004 8:29:12 from SYSMAN@BDSEDE5
SQL> 
SQL> ALTER TABLE corpo_clinico
  2  ADD CONSTRAINT cc_cbe_fk FOREIGN KEY (cc_cbe_ben_sigla, cc_cre_cod_seque)
  3  REFERENCES credenciados_beneficios (cbe_ben_sigla,cbe_cre_sequencial)
  4  novalidate;

Tabela alterada.

SQL> -- Start of DDL Script for Constraint IFRSRH2.CC_CRE_COD_SEQUE_FK
SQL> -- Generated 27-dez-2004 8:29:14 from SYSMAN@BDSEDE5
SQL> 
SQL> ALTER TABLE corpo_clinico
  2  ADD CONSTRAINT cc_cre_cod_seque_fk FOREIGN KEY (cc_cre_cod_seque)
  3  REFERENCES credenciados (cre_sequencial)
  4  novalidate;

Tabela alterada.

SQL> -- Start of DDL Script for Constraint IFRSRH2.CC_DEP_FK
SQL> -- Generated 27-dez-2004 8:29:15 from SYSMAN@BDSEDE5
SQL> 
SQL> ALTER TABLE credenciados_contratos
  2  ADD CONSTRAINT cc_dep_fk FOREIGN KEY (cc_dep_codigo)
  3  REFERENCES dependencias (dep_codigo)
  4  novalidate;

Tabela alterada.

SQL> -- Start of DDL Script for Constraint IFRSRH2.CCE_CCLI_FK
SQL> -- Generated 27-dez-2004 8:29:15 from SYSMAN@BDSEDE5
SQL> 
SQL> ALTER TABLE corpo_clinico_especialidades
  2  ADD CONSTRAINT cce_ccli_fk FOREIGN KEY (cce_cc_cre_cod_seque, cce_cc_sequencial)
  3  REFERENCES corpo_clinico (cc_cre_cod_seque,cc_sequencial)
  4  novalidate;

Tabela alterada.

SQL> -- Start of DDL Script for Constraint IFRSRH2.CCE_COD_SEQUE_FK
SQL> -- Generated 27-dez-2004 8:29:15 from SYSMAN@BDSEDE5
SQL> 
SQL> ALTER TABLE corpo_clinico_especialidades
  2  ADD CONSTRAINT cce_cod_seque_fk FOREIGN KEY (cce_esp_tipo, cce_esp_numero)
  3  REFERENCES especialidades (esp_tipo,esp_numero)
  4  novalidate;

Tabela alterada.

SQL> -- Start of DDL Script for Constraint IFRSRH2.CD_CBE_FK
SQL> -- Generated 27-dez-2004 8:29:16 from SYSMAN@BDSEDE5
SQL> 
SQL> ALTER TABLE credenciados_dependencias
  2  ADD CONSTRAINT cd_cbe_fk FOREIGN KEY (cd_cbe_ben_sigla, cd_cre_sequencial)
  3  REFERENCES credenciados_beneficios (cbe_ben_sigla,cbe_cre_sequencial)
  4  novalidate;

Tabela alterada.

SQL> -- Start of DDL Script for Constraint IFRSRH2.CD_DEP_FK
SQL> -- Generated 27-dez-2004 8:29:16 from SYSMAN@BDSEDE5
SQL> 
SQL> ALTER TABLE credenciados_dependencias
  2  ADD CONSTRAINT cd_dep_fk FOREIGN KEY (cd_dep_codigo)
  3  REFERENCES dependencias (dep_codigo)
  4  novalidate;

Tabela alterada.

SQL> -- Start of DDL Script for Constraint IFRSRH2.CDE_CAR_FK
SQL> -- Generated 27-dez-2004 8:29:17 from SYSMAN@BDSEDE5
SQL> 
SQL> ALTER TABLE cargos_dependencias
  2  ADD CONSTRAINT cde_car_fk FOREIGN KEY (cde_car_codigo, cde_car_codigo_nivel,
  3    cde_car_occ_codigo)
  4  REFERENCES cargos (car_codigo,car_codigo_nivel,car_occ_codigo)
  5  novalidate;

Tabela alterada.

SQL> -- Start of DDL Script for Constraint IFRSRH2.CDE_CRE_FK
SQL> -- Generated 27-dez-2004 8:29:18 from SYSMAN@BDSEDE5
SQL> 
SQL> ALTER TABLE credenciados_especialidades
  2  ADD CONSTRAINT cde_cre_fk FOREIGN KEY (cde_cre_sequencial)
  3  REFERENCES credenciados (cre_sequencial)
  4  novalidate;

Tabela alterada.

SQL> -- Start of DDL Script for Constraint IFRSRH2.CDE_DEP_FK
SQL> -- Generated 27-dez-2004 8:29:18 from SYSMAN@BDSEDE5
SQL> 
SQL> ALTER TABLE cargos_dependencias
  2  ADD CONSTRAINT cde_dep_fk FOREIGN KEY (cde_dep_codigo)
  3  REFERENCES dependencias (dep_codigo)
  4  novalidate;

Tabela alterada.

SQL> -- Start of DDL Script for Constraint IFRSRH2.CDE_ESP_FK
SQL> -- Generated 27-dez-2004 8:29:18 from SYSMAN@BDSEDE5
SQL> 
SQL> ALTER TABLE credenciados_especialidades
  2  ADD CONSTRAINT cde_esp_fk FOREIGN KEY (cde_esp_tipo, cde_esp_numero)
  3  REFERENCES especialidades (esp_tipo,esp_numero)
  4  novalidate;

Tabela alterada.

SQL> -- Start of DDL Script for Constraint IFRSRH2.CEM_CRE_FK
SQL> -- Generated 27-dez-2004 8:29:21 from SYSMAN@BDSEDE5
SQL> 
SQL> ALTER TABLE credenciados_email
  2  ADD CONSTRAINT cem_cre_fk FOREIGN KEY (cem_cre_sequencial)
  3  REFERENCES credenciados (cre_sequencial)
  4  novalidate;

Tabela alterada.

SQL> -- Start of DDL Script for Constraint IFRSRH2.CFV_CFU_FK
SQL> -- Generated 27-dez-2004 8:29:27 from SYSMAN@BDSEDE5
SQL> 
SQL> ALTER TABLE categorias_funcoes_valor
  2  ADD CONSTRAINT cfv_cfu_fk FOREIGN KEY (cfv_cfu_codigo)
  3  REFERENCES categorias_funcoes (cfu_codigo)
  4  novalidate;

Tabela alterada.

SQL> -- Start of DDL Script for Constraint IFRSRH2.COA_EMP_FK
SQL> -- Generated 27-dez-2004 8:29:33 from SYSMAN@BDSEDE5
SQL> 
SQL> ALTER TABLE concursados_aprovados
  2  ADD CONSTRAINT coa_emp_fk FOREIGN KEY (coa_emp_numero_matricula)
  3  REFERENCES cadastros (emp_numero_matricula)
  4  novalidate;

Tabela alterada.

SQL> -- Start of DDL Script for Constraint IFRSRH2.COMP_GRUPO_GRUPO_AVAL_FK
SQL> -- Generated 27-dez-2004 8:29:40 from SYSMAN@BDSEDE5
SQL> 
SQL> ALTER TABLE siad_composicao_grupo
  2  ADD CONSTRAINT comp_grupo_grupo_aval_fk FOREIGN KEY (ano_grupo_avaliacao,
  3    codigo_grupo)
  4  REFERENCES siad_grupo_avaliacao (ano_grupo_avaliacao,codigo_grupo)
  5  novalidate;
ADD CONSTRAINT comp_grupo_grupo_aval_fk FOREIGN KEY (ano_grupo_avaliacao,
                                        *
ERRO na linha 2:
ORA-02275: such a referential constraint already exists in the table 


SQL> -- Start of DDL Script for Constraint IFRSRH2.CONCEITOS_FATORES_FK
SQL> -- Generated 27-dez-2004 8:29:46 from SYSMAN@BDSEDE5
SQL> 
SQL> ALTER TABLE siad_conceitos_avaliacao
  2  ADD CONSTRAINT conceitos_fatores_fk FOREIGN KEY (ano_formulario,
  3    codigo_formulario, codigo_fator)
  4  REFERENCES siad_fatores_avaliativos (ano_formulario,codigo_formulario,codigo_fator)
  5  novalidate;
ADD CONSTRAINT conceitos_fatores_fk FOREIGN KEY (ano_formulario,
                                    *
ERRO na linha 2:
ORA-02275: such a referential constraint already exists in the table 


SQL> -- Start of DDL Script for Constraint IFRSRH2.COR_COR_FK
SQL> -- Generated 27-dez-2004 8:29:49 from SYSMAN@BDSEDE5
SQL> 
SQL> ALTER TABLE credenc_inss_outros_recolhim
  2  ADD CONSTRAINT cor_cor_fk FOREIGN KEY (cor_cor_cre_sequencial,
  3    cor_cor_dta_doc_fiscal, cor_cor_num_doc_fiscal, cor_cor_cnpj_empresa,
  4    cor_cor_dta_inclusao)
  5  REFERENCES credenc_inss_outros_recolhim (cor_cre_sequencial,cor_dta_doc_fiscal,cor_num_doc_fiscal,cor_cnpj_empresa,cor_dta_inclusao)
  6  novalidate;

Tabela alterada.

SQL> -- Start of DDL Script for Constraint IFRSRH2.COR_CRE_FK
SQL> -- Generated 27-dez-2004 8:29:49 from SYSMAN@BDSEDE5
SQL> 
SQL> ALTER TABLE credenc_inss_outros_recolhim
  2  ADD CONSTRAINT cor_cre_fk FOREIGN KEY (cor_cre_sequencial)
  3  REFERENCES credenciados (cre_sequencial)
  4  novalidate;

Tabela alterada.

SQL> -- Start of DDL Script for Constraint IFRSRH2.COR_DEP_FK
SQL> -- Generated 27-dez-2004 8:29:50 from SYSMAN@BDSEDE5
SQL> 
SQL> ALTER TABLE credenc_inss_outros_recolhim
  2  ADD CONSTRAINT cor_dep_fk FOREIGN KEY (cor_dep_codigo)
  3  REFERENCES dependencias (dep_codigo)
  4  novalidate;

Tabela alterada.

SQL> -- Start of DDL Script for Constraint IFRSRH2.CRE_ABA_FK
SQL> -- Generated 27-dez-2004 8:29:56 from SYSMAN@BDSEDE5
SQL> 
SQL> ALTER TABLE credenciados
  2  ADD CONSTRAINT cre_aba_fk FOREIGN KEY (cre_aba_ban_codigo, cre_aba_codigo)
  3  REFERENCES agenciainf (ban_cd_banco,cd_agencia)
  4  ENABLE NOVALIDATE
  5  novalidate;
novalidate
*
ERRO na linha 5:
ORA-01735: invalid ALTER TABLE option 


SQL> -- Start of DDL Script for Constraint IFRSRH2.CRE_CRE_FK
SQL> -- Generated 27-dez-2004 8:29:56 from SYSMAN@BDSEDE5
SQL> 
SQL> ALTER TABLE credenciados
  2  ADD CONSTRAINT cre_cre_fk FOREIGN KEY (cre_cre_sequencial)
  3  REFERENCES credenciados (cre_sequencial)
  4  novalidate;

Tabela alterada.

SQL> -- Start of DDL Script for Constraint IFRSRH2.CRE_DEP_FK
SQL> -- Generated 27-dez-2004 8:29:56 from SYSMAN@BDSEDE5
SQL> 
SQL> ALTER TABLE credenciados
  2  ADD CONSTRAINT cre_dep_fk FOREIGN KEY (cre_dep_resp_incl)
  3  REFERENCES dependencias (dep_codigo)
  4  novalidate;

Tabela alterada.

SQL> -- Start of DDL Script for Constraint IFRSRH2.CRE_OCL_FK
SQL> -- Generated 27-dez-2004 8:29:56 from SYSMAN@BDSEDE5
SQL> 
SQL> ALTER TABLE credenciados
  2  ADD CONSTRAINT cre_ocl_fk FOREIGN KEY (cre_ocl_sigla)
  3  REFERENCES orgaos_classes (ocl_sigla)
  4  novalidate;

Tabela alterada.

SQL> -- Start of DDL Script for Constraint IFRSRH2.CRE_UFE_FK
SQL> -- Generated 27-dez-2004 8:29:58 from SYSMAN@BDSEDE5
SQL> 
SQL> ALTER TABLE credenciados
  2  ADD CONSTRAINT cre_ufe_fk FOREIGN KEY (cre_ufe_sigla)
  3  REFERENCES unidades_federacao (ufe_sigla)
  4  novalidate;

Tabela alterada.

SQL> -- Start of DDL Script for Constraint IFRSRH2.CRP_DEP_FK
SQL> -- Generated 27-dez-2004 8:29:59 from SYSMAN@BDSEDE5
SQL> 
SQL> ALTER TABLE cronogramas_pagamentos
  2  ADD CONSTRAINT crp_dep_fk FOREIGN KEY (crp_dep_codigo)
  3  REFERENCES dependencias (dep_codigo)
  4  novalidate;

Tabela alterada.

SQL> -- Start of DDL Script for Constraint IFRSRH2.CRP_EPG_FK
SQL> -- Generated 27-dez-2004 8:29:59 from SYSMAN@BDSEDE5
SQL> 
SQL> ALTER TABLE cronogramas_pagamentos
  2  ADD CONSTRAINT crp_epg_fk FOREIGN KEY (crp_epg_codigo)
  3  REFERENCES eventos_pagamentos (epg_codigo)
  4  novalidate;

Tabela alterada.

SQL> -- Start of DDL Script for Constraint IFRSRH2.CSV_CRE_FK
SQL> -- Generated 27-dez-2004 8:30:00 from SYSMAN@BDSEDE5
SQL> 
SQL> ALTER TABLE cobranca_psv
  2  ADD CONSTRAINT csv_cre_fk FOREIGN KEY (csv_cre_sequencial)
  3  REFERENCES credenciados (cre_sequencial)
  4  novalidate;

Tabela alterada.

SQL> -- Start of DDL Script for Constraint IFRSRH2.CSV_PSV_FK
SQL> -- Generated 27-dez-2004 8:30:02 from SYSMAN@BDSEDE5
SQL> 
SQL> ALTER TABLE cobranca_psv
  2  ADD CONSTRAINT csv_psv_fk FOREIGN KEY (csv_psv_sequencial)
  3  REFERENCES pessoal_sem_vinculo (psv_sequencial)
  4  novalidate;

Tabela alterada.

SQL> -- Start of DDL Script for Constraint IFRSRH2.CUD_DEP_FK
SQL> -- Generated 27-dez-2004 8:30:04 from SYSMAN@BDSEDE5
SQL> 
SQL> ALTER TABLE controle_usuario_dependencia
  2  ADD CONSTRAINT cud_dep_fk FOREIGN KEY (dep_cd_dependencia)
  3  REFERENCES dependencias (dep_codigo)
  4  novalidate;

Tabela alterada.

SQL> -- Start of DDL Script for Constraint IFRSRH2.CUD_SS_FK
SQL> -- Generated 27-dez-2004 8:30:05 from SYSMAN@BDSEDE5
SQL> 
SQL> ALTER TABLE controle_usuario_dependencia
  2  ADD CONSTRAINT cud_ss_fk FOREIGN KEY (ssi_cd_sistema)
  3  REFERENCES seg_sistema (cd_sistema)
  4  ENABLE NOVALIDATE
  5  novalidate;
novalidate
*
ERRO na linha 5:
ORA-01735: invalid ALTER TABLE option 


SQL> -- Start of DDL Script for Constraint IFRSRH2.CUD_SU_FK
SQL> -- Generated 27-dez-2004 8:30:06 from SYSMAN@BDSEDE5
SQL> 
SQL> ALTER TABLE controle_usuario_dependencia
  2  ADD CONSTRAINT cud_su_fk FOREIGN KEY (sgu_id_usuario)
  3  REFERENCES seg_usuario (id_usuario)
  4  ENABLE NOVALIDATE
  5  novalidate;
novalidate
*
ERRO na linha 5:
ORA-01735: invalid ALTER TABLE option 


SQL> -- Start of DDL Script for Constraint IFRSRH2.CUF_FUN_FK
SQL> -- Generated 27-dez-2004 8:30:06 from SYSMAN@BDSEDE5
SQL> 
SQL> ALTER TABLE controle_usuarios_funcoes
  2  ADD CONSTRAINT cuf_fun_fk FOREIGN KEY (fun_codigo)
  3  REFERENCES cargos_confianca (fun_codigo)
  4  novalidate;

Tabela alterada.

SQL> -- Start of DDL Script for Constraint IFRSRH2.CUO_OFU_FK
SQL> -- Generated 27-dez-2004 8:30:08 from SYSMAN@BDSEDE5
SQL> 
SQL> ALTER TABLE controle_usuarios_ocorrencias
  2  ADD CONSTRAINT cuo_ofu_fk FOREIGN KEY (ofu_codigo)
  3  REFERENCES tipos_ocorrencias (ofu_codigo)
  4  novalidate;

Tabela alterada.

SQL> -- Start of DDL Script for Constraint IFRSRH2.DCB_DEP_FK
SQL> -- Generated 27-dez-2004 8:30:11 from SYSMAN@BDSEDE5
SQL> 
SQL> ALTER TABLE demonstrativo_custo_beneficio
  2  ADD CONSTRAINT dcb_dep_fk FOREIGN KEY (dcb_dep_codigo)
  3  REFERENCES dependencias (dep_codigo)
  4  novalidate;

Tabela alterada.

SQL> -- Start of DDL Script for Constraint IFRSRH2.DCN_CRE_FK
SQL> -- Generated 27-dez-2004 8:30:11 from SYSMAN@BDSEDE5
SQL> 
SQL> ALTER TABLE documentacao_contratual
  2  ADD CONSTRAINT dcn_cre_fk FOREIGN KEY (dcn_cre_sequencial)
  3  REFERENCES credenciados (cre_sequencial)
  4  novalidate;

Tabela alterada.

SQL> -- Start of DDL Script for Constraint IFRSRH2.DEF_TDEF_FK
SQL> -- Generated 27-dez-2004 8:30:15 from SYSMAN@BDSEDE5
SQL> 
SQL> ALTER TABLE deficiencia
  2  ADD CONSTRAINT def_tdef_fk FOREIGN KEY (def_tdef_cod_tipo_deficiencia)
  3  REFERENCES tipo_deficiencia (tdef_cod_tipo_deficiencia)
  4  novalidate;

Tabela alterada.

SQL> -- Start of DDL Script for Constraint IFRSRH2.DEP_ARQ_DEP_ARQ_FREQ_FK
SQL> -- Generated 27-dez-2004 8:30:15 from SYSMAN@BDSEDE5
SQL> 
SQL> ALTER TABLE dep_controle_arq_freq
  2  ADD CONSTRAINT dep_arq_dep_arq_freq_fk FOREIGN KEY (dep_codigo_arq_freq)
  3  REFERENCES dependencias (dep_codigo)
  4  novalidate;

Tabela alterada.

SQL> -- Start of DDL Script for Constraint IFRSRH2.DEP_ARQ_RESP_ENVIO_FK
SQL> -- Generated 27-dez-2004 8:30:15 from SYSMAN@BDSEDE5
SQL> 
SQL> ALTER TABLE dep_controle_arq_freq
  2  ADD CONSTRAINT dep_arq_resp_envio_fk FOREIGN KEY (dep_codigo_resp_envio)
  3  REFERENCES dependencias (dep_codigo)
  4  novalidate;

Tabela alterada.

SQL> -- Start of DDL Script for Constraint IFRSRH2.DEP_FK
SQL> -- Generated 27-dez-2004 8:30:16 from SYSMAN@BDSEDE5
SQL> 
SQL> ALTER TABLE empregados_participacao_lucros
  2  ADD CONSTRAINT dep_fk FOREIGN KEY (epl_dep_codigo_lotacao)
  3  REFERENCES dependencias (dep_codigo)
  4  novalidate;

Tabela alterada.

SQL> -- Start of DDL Script for Constraint IFRSRH2.DEP_LOTACAO_FK
SQL> -- Generated 27-dez-2004 8:30:16 from SYSMAN@BDSEDE5
SQL> 
SQL> ALTER TABLE aprofop
  2  ADD CONSTRAINT dep_lotacao_fk FOREIGN KEY (dep_lotacao)
  3  REFERENCES dependencias (dep_codigo)
  4  novalidate;

Tabela alterada.

SQL> -- Start of DDL Script for Constraint IFRSRH2.DIA_CRE_FK
SQL> -- Generated 27-dez-2004 8:30:16 from SYSMAN@BDSEDE5
SQL> 
SQL> ALTER TABLE deducao_inss_aut_coop
  2  ADD CONSTRAINT dia_cre_fk FOREIGN KEY (dia_cre_sequencial)
  3  REFERENCES credenciados (cre_sequencial)
  4  novalidate;

Tabela alterada.

SQL> -- Start of DDL Script for Constraint IFRSRH2.DIA_DEP_FK
SQL> -- Generated 27-dez-2004 8:30:16 from SYSMAN@BDSEDE5
SQL> 
SQL> ALTER TABLE deducao_inss_aut_coop
  2  ADD CONSTRAINT dia_dep_fk FOREIGN KEY (dia_dep_codigo)
  3  REFERENCES dependencias (dep_codigo)
  4  novalidate;

Tabela alterada.

SQL> -- Start of DDL Script for Constraint IFRSRH2.DIE_CAD_FK
SQL> -- Generated 27-dez-2004 8:30:17 from SYSMAN@BDSEDE5
SQL> 
SQL> ALTER TABLE deducao_inss_empregados
  2  ADD CONSTRAINT die_cad_fk FOREIGN KEY (die_emp_numero_matricula)
  3  REFERENCES cadastros (emp_numero_matricula)
  4  novalidate;

Tabela alterada.

SQL> -- Start of DDL Script for Constraint IFRSRH2.DIE_DEP_FK
SQL> -- Generated 27-dez-2004 8:30:18 from SYSMAN@BDSEDE5
SQL> 
SQL> ALTER TABLE deducao_inss_empregados
  2  ADD CONSTRAINT die_dep_fk FOREIGN KEY (die_dep_codigo)
  3  REFERENCES dependencias (dep_codigo)
  4  novalidate;

Tabela alterada.

SQL> -- Start of DDL Script for Constraint IFRSRH2.DMO_GUI_FK
SQL> -- Generated 27-dez-2004 8:30:19 from SYSMAN@BDSEDE5
SQL> 
SQL> ALTER TABLE diversos_medicas_hospit
  2  ADD CONSTRAINT dmo_gui_fk FOREIGN KEY (dmo_gui_doc_numero,
  3    dmo_gui_doc_cbe_ben_sigla, dmo_gui_doc_cbe_cre_sequencial,
  4    dmo_gui_doc_dep_codigo, dmo_gui_numero)
  5  REFERENCES guias (gui_doc_numero,gui_doc_cbe_ben_sigla,gui_doc_cbe_cre_sequencial,gui_doc_dep_codigo,gui_numero)
  6  novalidate;

Tabela alterada.

SQL> -- Start of DDL Script for Constraint IFRSRH2.DMP_GUI_FK
SQL> -- Generated 27-dez-2004 8:30:20 from SYSMAN@BDSEDE5
SQL> 
SQL> ALTER TABLE despesas_medicas_hospitalares
  2  ADD CONSTRAINT dmp_gui_fk FOREIGN KEY (dmp_gui_doc_numero,
  3    dmp_gui_doc_cbe_ben_sigla, dmp_gui_doc_cbe_cre_sequencial,
  4    dmp_gui_doc_dep_codigo, dmp_gui_numero)
  5  REFERENCES guias (gui_doc_numero,gui_doc_cbe_ben_sigla,gui_doc_cbe_cre_sequencial,gui_doc_dep_codigo,gui_numero)
  6  novalidate;

Tabela alterada.

SQL> -- Start of DDL Script for Constraint IFRSRH2.DOC_CBE_FK
SQL> -- Generated 27-dez-2004 8:30:22 from SYSMAN@BDSEDE5
SQL> 
SQL> ALTER TABLE documentos_cobranca
  2  ADD CONSTRAINT doc_cbe_fk FOREIGN KEY (doc_cbe_ben_sigla, doc_cbe_cre_sequencial)
  3  REFERENCES credenciados_beneficios (cbe_ben_sigla,cbe_cre_sequencial)
  4  novalidate;

Tabela alterada.

SQL> -- Start of DDL Script for Constraint IFRSRH2.DOC_EMB_FK
SQL> -- Generated 27-dez-2004 8:30:22 from SYSMAN@BDSEDE5
SQL> 
SQL> ALTER TABLE documentos_cobranca
  2  ADD CONSTRAINT doc_emb_fk FOREIGN KEY (doc_emb_emp_numero_matricula,
  3    doc_cbe_ben_sigla)
  4  REFERENCES empregados_beneficios (emb_emp_numero_matricula,emb_ben_sigla)
  5  novalidate;

Tabela alterada.

SQL> -- Start of DDL Script for Constraint IFRSRH2.DOC_PVB_FK
SQL> -- Generated 27-dez-2004 8:30:22 from SYSMAN@BDSEDE5
SQL> 
SQL> ALTER TABLE documentos_cobranca
  2  ADD CONSTRAINT doc_pvb_fk FOREIGN KEY (doc_pvi_emp_numero_matricula,
  3    doc_pvi_sequencial)
  4  REFERENCES pessoas_vinculadas (pvi_emp_numero_matricula,pvi_sequencial)
  5  novalidate;

Tabela alterada.

SQL> -- Start of DDL Script for Constraint IFRSRH2.DOC_RI_FK
SQL> -- Generated 27-dez-2004 8:30:22 from SYSMAN@BDSEDE5
SQL> 
SQL> ALTER TABLE documentos_cobranca
  2  ADD CONSTRAINT doc_ri_fk FOREIGN KEY (doc_ri_cod_receita, doc_ri_dat_inicio)
  3  REFERENCES retencao_impostos (ri_cod_receita,ri_dat_inicio)
  4  novalidate;

Tabela alterada.

SQL> -- Start of DDL Script for Constraint IFRSRH2.DOC_TDC_FK
SQL> -- Generated 27-dez-2004 8:30:24 from SYSMAN@BDSEDE5
SQL> 
SQL> ALTER TABLE documentos_cobranca
  2  ADD CONSTRAINT doc_tdc_fk FOREIGN KEY (doc_tdc_seq_cobranca)
  3  REFERENCES tab_doc_cobranca (tdc_seq_cobranca)
  4  novalidate;

Tabela alterada.

SQL> -- Start of DDL Script for Constraint IFRSRH2.DREE_CAD_FK
SQL> -- Generated 27-dez-2004 8:30:27 from SYSMAN@BDSEDE5
SQL> 
SQL> ALTER TABLE dataprev_reembolso
  2  ADD CONSTRAINT dree_cad_fk FOREIGN KEY (dar_emp_numero_matricula)
  3  REFERENCES cadastros (emp_numero_matricula)
  4  novalidate;

Tabela alterada.

SQL> -- Start of DDL Script for Constraint IFRSRH2.DREE_DE_FK
SQL> -- Generated 27-dez-2004 8:30:27 from SYSMAN@BDSEDE5
SQL> 
SQL> ALTER TABLE dataprev_reembolso
  2  ADD CONSTRAINT dree_de_fk FOREIGN KEY (dar_des_cod_especie)
  3  REFERENCES dataprev_especie (des_cod_especie)
  4  novalidate;

Tabela alterada.

SQL> -- Start of DDL Script for Constraint IFRSRH2.DREE_DEP_FK
SQL> -- Generated 27-dez-2004 8:30:27 from SYSMAN@BDSEDE5
SQL> 
SQL> ALTER TABLE dataprev_reembolso
  2  ADD CONSTRAINT dree_dep_fk FOREIGN KEY (dar_dep_codigo)
  3  REFERENCES dependencias (dep_codigo)
  4  novalidate;

Tabela alterada.

SQL> -- Start of DDL Script for Constraint IFRSRH2.DRR_DR_FK
SQL> -- Generated 27-dez-2004 8:30:29 from SYSMAN@BDSEDE5
SQL> 
SQL> ALTER TABLE dataprev_reembolso_rubricas
  2  ADD CONSTRAINT drr_dr_fk FOREIGN KEY (drr_ano_referencia, drr_mes_referencia,
  3    drr_emp_numero_matricula, drr_cod_beneficio, drr_cod_benef_sequencial)
  4  REFERENCES dataprev_reembolso (dar_ano_referencia,dar_mes_referencia,dar_emp_numero_matricula,dar_cod_beneficio,dar_cod_benef_sequencial)
  5  novalidate;

Tabela alterada.

SQL> -- Start of DDL Script for Constraint IFRSRH2.DUS_CRE_FK
SQL> -- Generated 27-dez-2004 8:30:32 from SYSMAN@BDSEDE5
SQL> 
SQL> ALTER TABLE dependentes_usu_plano_saude
  2  ADD CONSTRAINT dus_cre_fk FOREIGN KEY (dus_cre_sequencial)
  3  REFERENCES credenciados (cre_sequencial)
  4  novalidate;

Tabela alterada.

SQL> -- Start of DDL Script for Constraint IFRSRH2.DUS_EMP_FK
SQL> -- Generated 27-dez-2004 8:30:33 from SYSMAN@BDSEDE5
SQL> 
SQL> ALTER TABLE dependentes_usu_plano_saude
  2  ADD CONSTRAINT dus_emp_fk FOREIGN KEY (dus_emp_numero_matricula)
  3  REFERENCES cadastros (emp_numero_matricula)
  4  novalidate;

Tabela alterada.

SQL> -- Start of DDL Script for Constraint IFRSRH2.DUS_PVI_FK
SQL> -- Generated 27-dez-2004 8:30:34 from SYSMAN@BDSEDE5
SQL> 
SQL> ALTER TABLE dependentes_usu_plano_saude
  2  ADD CONSTRAINT dus_pvi_fk FOREIGN KEY (dus_emp_numero_matricula,
  3    dus_pvi_sequencial)
  4  REFERENCES pessoas_vinculadas (pvi_emp_numero_matricula,pvi_sequencial)
  5  novalidate;

Tabela alterada.

SQL> -- Start of DDL Script for Constraint IFRSRH2.DUS_UPS_FK
SQL> -- Generated 27-dez-2004 8:30:34 from SYSMAN@BDSEDE5
SQL> 
SQL> ALTER TABLE dependentes_usu_plano_saude
  2  ADD CONSTRAINT dus_ups_fk FOREIGN KEY (dus_cre_sequencial,
  3    dus_emp_numero_matricula, dus_ups_cod_usuario, dus_ups_data_inicio)
  4  REFERENCES usuarios_planos_saude (ups_cre_sequencial,ups_emp_numero_matricula,ups_cod_usuario,ups_data_inicio)
  5  novalidate;

Tabela alterada.

SQL> -- Start of DDL Script for Constraint IFRSRH2.EAC_CAR_FK
SQL> -- Generated 27-dez-2004 8:30:35 from SYSMAN@BDSEDE5
SQL> 
SQL> ALTER TABLE empregados_atuacao_cargo
  2  ADD CONSTRAINT eac_car_fk FOREIGN KEY (eac_aac_car_codigo,
  3    eac_aac_car_codigo_nivel, eac_aac_car_occ_codigo)
  4  REFERENCES cargos (car_codigo,car_codigo_nivel,car_occ_codigo)
  5  novalidate;

Tabela alterada.

SQL> -- Start of DDL Script for Constraint IFRSRH2.EAC_EMP_FK
SQL> -- Generated 27-dez-2004 8:30:35 from SYSMAN@BDSEDE5
SQL> 
SQL> ALTER TABLE empregados_atuacao_cargo
  2  ADD CONSTRAINT eac_emp_fk FOREIGN KEY (eac_emp_numero_matricula)
  3  REFERENCES cadastros (emp_numero_matricula)
  4  novalidate;

Tabela alterada.

SQL> -- Start of DDL Script for Constraint IFRSRH2.EAC_OCC_FK
SQL> -- Generated 27-dez-2004 8:30:35 from SYSMAN@BDSEDE5
SQL> 
SQL> ALTER TABLE empregados_atuacao_cargo
  2  ADD CONSTRAINT eac_occ_fk FOREIGN KEY (eac_aac_car_occ_codigo)
  3  REFERENCES ocupacoes_cargo (occ_codigo)
  4  novalidate;

Tabela alterada.

SQL> -- Start of DDL Script for Constraint IFRSRH2.EFC_FK
SQL> -- Generated 27-dez-2004 8:30:39 from SYSMAN@BDSEDE5
SQL> 
SQL> ALTER TABLE empregado_fone_comercial
  2  ADD CONSTRAINT efc_fk FOREIGN KEY (efc_emp_numero_matricula)
  3  REFERENCES cadastros (emp_numero_matricula)
  4  novalidate;

Tabela alterada.

SQL> -- Start of DDL Script for Constraint IFRSRH2.EFE_EMP_FK
SQL> -- Generated 27-dez-2004 8:30:39 from SYSMAN@BDSEDE5
SQL> 
SQL> ALTER TABLE empregados_ferias_13
  2  ADD CONSTRAINT efe_emp_fk FOREIGN KEY (efe_emp_numero_matricula)
  3  REFERENCES cadastros (emp_numero_matricula)
  4  novalidate;

Tabela alterada.

SQL> -- Start of DDL Script for Constraint IFRSRH2.EGT_DEP_FK
SQL> -- Generated 27-dez-2004 8:30:41 from SYSMAN@BDSEDE5
SQL> 
SQL> ALTER TABLE empregados_pagamentos
  2  ADD CONSTRAINT egt_dep_fk FOREIGN KEY (egt_dep_codigo)
  3  REFERENCES dependencias (dep_codigo)
  4  novalidate;
ADD CONSTRAINT egt_dep_fk FOREIGN KEY (egt_dep_codigo)
                          *
ERRO na linha 2:
ORA-02275: such a referential constraint already exists in the table 


SQL> -- Start of DDL Script for Constraint IFRSRH2.EGT_UOR_FK
SQL> -- Generated 27-dez-2004 8:30:42 from SYSMAN@BDSEDE5
SQL> 
SQL> ALTER TABLE empregados_pagamentos
  2  ADD CONSTRAINT egt_uor_fk FOREIGN KEY (egt_uor_codigo)
  3  REFERENCES unidades_organizacionais (uor_codigo)
  4  novalidate;
ADD CONSTRAINT egt_uor_fk FOREIGN KEY (egt_uor_codigo)
                          *
ERRO na linha 2:
ORA-02275: such a referential constraint already exists in the table 


SQL> -- Start of DDL Script for Constraint IFRSRH2.EII_CADAST_FK
SQL> -- Generated 27-dez-2004 8:30:43 from SYSMAN@BDSEDE5
SQL> 
SQL> ALTER TABLE spf_empregado_ind_insuficienci
  2  ADD CONSTRAINT eii_cadast_fk FOREIGN KEY (matricula_emp_indicado_ins)
  3  REFERENCES cadastros (emp_numero_matricula)
  4  novalidate;
ADD CONSTRAINT eii_cadast_fk FOREIGN KEY (matricula_emp_indicado_ins)
                             *
ERRO na linha 2:
ORA-02275: such a referential constraint already exists in the table 


SQL> -- Start of DDL Script for Constraint IFRSRH2.EII_INDLOC_FK
SQL> -- Generated 27-dez-2004 8:30:44 from SYSMAN@BDSEDE5
SQL> 
SQL> ALTER TABLE spf_empregado_ind_insuficienci
  2  ADD CONSTRAINT eii_indloc_fk FOREIGN KEY (ano_indicacao_ins,
  3    cod_local_indicacao_ins, indicador_local_ins)
  4  REFERENCES spf_local_indicacao (ano_indicacao,cod_local_indicacao,indicador_local)
  5  novalidate;
ADD CONSTRAINT eii_indloc_fk FOREIGN KEY (ano_indicacao_ins,
                             *
ERRO na linha 2:
ORA-02275: such a referential constraint already exists in the table 


SQL> -- Start of DDL Script for Constraint IFRSRH2.EIN_DEP_FK
SQL> -- Generated 27-dez-2004 8:30:45 from SYSMAN@BDSEDE5
SQL> 
SQL> ALTER TABLE efetivo_infraero
  2  ADD CONSTRAINT ein_dep_fk FOREIGN KEY (ein_dep_codigo)
  3  REFERENCES dependencias (dep_codigo)
  4  novalidate;

Tabela alterada.

SQL> -- Start of DDL Script for Constraint IFRSRH2.EIP_CADATR_FK
SQL> -- Generated 27-dez-2004 8:30:45 from SYSMAN@BDSEDE5
SQL> 
SQL> ALTER TABLE spf_empregado_ind_promocao
  2  ADD CONSTRAINT eip_cadatr_fk FOREIGN KEY (matricula_emp_indicado_prom)
  3  REFERENCES cadastros (emp_numero_matricula)
  4  novalidate;
ADD CONSTRAINT eip_cadatr_fk FOREIGN KEY (matricula_emp_indicado_prom)
                             *
ERRO na linha 2:
ORA-02275: such a referential constraint already exists in the table 


SQL> -- Start of DDL Script for Constraint IFRSRH2.EIP_INDLOCAL_FK
SQL> -- Generated 27-dez-2004 8:30:45 from SYSMAN@BDSEDE5
SQL> 
SQL> ALTER TABLE spf_empregado_ind_promocao
  2  ADD CONSTRAINT eip_indlocal_fk FOREIGN KEY (ano_indicacao_prom,
  3    cod_local_indicacao_prom, indicador_local_prom)
  4  REFERENCES spf_local_indicacao (ano_indicacao,cod_local_indicacao,indicador_local)
  5  novalidate;
ADD CONSTRAINT eip_indlocal_fk FOREIGN KEY (ano_indicacao_prom,
                               *
ERRO na linha 2:
ORA-02275: such a referential constraint already exists in the table 


SQL> -- Start of DDL Script for Constraint IFRSRH2.EMB_BEN_FK
SQL> -- Generated 27-dez-2004 8:30:47 from SYSMAN@BDSEDE5
SQL> 
SQL> ALTER TABLE empregados_beneficios
  2  ADD CONSTRAINT emb_ben_fk FOREIGN KEY (emb_ben_sigla)
  3  REFERENCES beneficios (ben_sigla)
  4  novalidate;

Tabela alterada.

SQL> -- Start of DDL Script for Constraint IFRSRH2.EMB_DEP_FK
SQL> -- Generated 27-dez-2004 8:30:48 from SYSMAN@BDSEDE5
SQL> 
SQL> ALTER TABLE empregados_beneficios
  2  ADD CONSTRAINT emb_dep_fk FOREIGN KEY (emb_dep_resp_incl)
  3  REFERENCES dependencias (dep_codigo)
  4  novalidate;

Tabela alterada.

SQL> -- Start of DDL Script for Constraint IFRSRH2.EMB_EMP_FK
SQL> -- Generated 27-dez-2004 8:30:48 from SYSMAN@BDSEDE5
SQL> 
SQL> ALTER TABLE empregados_beneficios
  2  ADD CONSTRAINT emb_emp_fk FOREIGN KEY (emb_emp_numero_matricula)
  3  REFERENCES cadastros (emp_numero_matricula)
  4  novalidate;

Tabela alterada.

SQL> -- Start of DDL Script for Constraint IFRSRH2.EMC_CAT_FK
SQL> -- Generated 27-dez-2004 8:30:49 from SYSMAN@BDSEDE5
SQL> 
SQL> ALTER TABLE empregados_categorias
  2  ADD CONSTRAINT emc_cat_fk FOREIGN KEY (emc_cat_dep_codigo, emc_cat_sigla)
  3  REFERENCES categorias_transporte (cat_dep_codigo,cat_sigla)
  4  novalidate;

Tabela alterada.

SQL> -- Start of DDL Script for Constraint IFRSRH2.EMC_DEP_FK
SQL> -- Generated 27-dez-2004 8:30:49 from SYSMAN@BDSEDE5
SQL> 
SQL> ALTER TABLE empregados_categorias
  2  ADD CONSTRAINT emc_dep_fk FOREIGN KEY (emc_dep_resp_incl)
  3  REFERENCES dependencias (dep_codigo)
  4  novalidate;

Tabela alterada.

SQL> -- Start of DDL Script for Constraint IFRSRH2.EMC_EMB_FK
SQL> -- Generated 27-dez-2004 8:30:49 from SYSMAN@BDSEDE5
SQL> 
SQL> ALTER TABLE empregados_categorias
  2  ADD CONSTRAINT emc_emb_fk FOREIGN KEY (emc_emb_emp_numero_matricula,
  3    emc_emb_ben_sigla)
  4  REFERENCES empregados_beneficios (emb_emp_numero_matricula,emb_ben_sigla)
  5  novalidate;

Tabela alterada.

SQL> -- Start of DDL Script for Constraint IFRSRH2.EMF_EMP_FK
SQL> -- Generated 27-dez-2004 8:30:51 from SYSMAN@BDSEDE5
SQL> 
SQL> ALTER TABLE empregados_formacoes
  2  ADD CONSTRAINT emf_emp_fk FOREIGN KEY (emf_emp_numero_matricula)
  3  REFERENCES cadastros (emp_numero_matricula)
  4  novalidate;

Tabela alterada.

SQL> -- Start of DDL Script for Constraint IFRSRH2.EMF_FORP_FK
SQL> -- Generated 27-dez-2004 8:30:51 from SYSMAN@BDSEDE5
SQL> 
SQL> ALTER TABLE empregados_formacoes
  2  ADD CONSTRAINT emf_forp_fk FOREIGN KEY (emf_for_codigo)
  3  REFERENCES formacoes_profissionais (for_codigo)
  4  novalidate;

Tabela alterada.

SQL> -- Start of DDL Script for Constraint IFRSRH2.EMP_ABA_CONTA_FGTS_FK
SQL> -- Generated 27-dez-2004 8:30:53 from SYSMAN@BDSEDE5
SQL> 
SQL> ALTER TABLE cadastros
  2  ADD CONSTRAINT emp_aba_conta_fgts_fk FOREIGN KEY (emp_aba_ban_codigo_fgts,
  3    emp_aba_codigo_fgts)
  4  REFERENCES agenciainf (ban_cd_banco,cd_agencia)
  5  ENABLE NOVALIDATE
  6  novalidate;
novalidate
*
ERRO na linha 6:
ORA-01735: invalid ALTER TABLE option 


SQL> -- Start of DDL Script for Constraint IFRSRH2.EMP_ABA_CONTA_PGTO_FK
SQL> -- Generated 27-dez-2004 8:30:53 from SYSMAN@BDSEDE5
SQL> 
SQL> ALTER TABLE cadastros
  2  ADD CONSTRAINT emp_aba_conta_pgto_fk FOREIGN KEY (emp_aba_ban_codigo_cta_pgto,
  3    emp_aba_codigo_conta_pgto)
  4  REFERENCES agenciainf (ban_cd_banco,cd_agencia)
  5  ENABLE NOVALIDATE
  6  novalidate;
novalidate
*
ERRO na linha 6:
ORA-01735: invalid ALTER TABLE option 


SQL> -- Start of DDL Script for Constraint IFRSRH2.EMP_DEF_FK
SQL> -- Generated 27-dez-2004 8:31:11 from SYSMAN@BDSEDE5
SQL> 
SQL> ALTER TABLE cadastros
  2  ADD CONSTRAINT emp_def_fk FOREIGN KEY (emp_def_cod_deficiencia,
  3    emp_def_cod_tipo_deficiencia)
  4  REFERENCES deficiencia (def_cod_deficiencia,def_tdef_cod_tipo_deficiencia)
  5  novalidate;

Tabela alterada.

SQL> -- Start of DDL Script for Constraint IFRSRH2.EMP_ESO_FK
SQL> -- Generated 27-dez-2004 8:31:11 from SYSMAN@BDSEDE5
SQL> 
SQL> ALTER TABLE cadastros
  2  ADD CONSTRAINT emp_eso_fk FOREIGN KEY (emp_eso_codigo)
  3  REFERENCES escolaridades (eso_codigo)
  4  novalidate;

Tabela alterada.

SQL> -- Start of DDL Script for Constraint IFRSRH2.EMP_FK
SQL> -- Generated 27-dez-2004 8:31:11 from SYSMAN@BDSEDE5
SQL> 
SQL> ALTER TABLE empregados_participacao_lucros
  2  ADD CONSTRAINT emp_fk FOREIGN KEY (epl_emp_numero_matricula)
  3  REFERENCES cadastros (emp_numero_matricula)
  4  novalidate;

Tabela alterada.

SQL> -- Start of DDL Script for Constraint IFRSRH2.EMP_FORCA_ARMADA_CODIGO_FK
SQL> -- Generated 27-dez-2004 8:31:11 from SYSMAN@BDSEDE5
SQL> 
SQL> ALTER TABLE cadastros
  2  ADD CONSTRAINT emp_forca_armada_codigo_fk FOREIGN KEY (emp_forca_armada_codigo)
  3  REFERENCES forcas_armadas (far_codigo)
  4  novalidate;

Tabela alterada.

SQL> -- Start of DDL Script for Constraint IFRSRH2.EMP_FUNCAO_FK
SQL> -- Generated 27-dez-2004 8:31:11 from SYSMAN@BDSEDE5
SQL> 
SQL> ALTER TABLE cadastros
  2  ADD CONSTRAINT emp_funcao_fk FOREIGN KEY (emp_qfu_fun_codigo)
  3  REFERENCES cargos_confianca (fun_codigo)
  4  novalidate;

Tabela alterada.

SQL> -- Start of DDL Script for Constraint IFRSRH2.EMP_HTD_FK
SQL> -- Generated 27-dez-2004 8:31:11 from SYSMAN@BDSEDE5
SQL> 
SQL> ALTER TABLE cadastros
  2  ADD CONSTRAINT emp_htd_fk FOREIGN KEY (emp_htd_dep_codigo, emp_htd_htr_codigo,
  3    emp_htd_sequencial)
  4  REFERENCES horarios_trabalho_dep (htd_dep_codigo,htd_htr_codigo,htd_sequencial)
  5  novalidate;

Tabela alterada.

SQL> -- Start of DDL Script for Constraint IFRSRH2.EMP_JTR_FK
SQL> -- Generated 27-dez-2004 8:31:12 from SYSMAN@BDSEDE5
SQL> 
SQL> ALTER TABLE cadastros
  2  ADD CONSTRAINT emp_jtr_fk FOREIGN KEY (emp_jtr_codigo)
  3  REFERENCES jornadas_trabalho (jtr_codigo)
  4  novalidate;

Tabela alterada.

SQL> -- Start of DDL Script for Constraint IFRSRH2.EMP_MUN_NATURAL_FK
SQL> -- Generated 27-dez-2004 8:31:12 from SYSMAN@BDSEDE5
SQL> 
SQL> ALTER TABLE cadastros
  2  ADD CONSTRAINT emp_mun_natural_fk FOREIGN KEY (emp_mun_codigo_natural,
  3    emp_ufe_sigla_natural)
  4  REFERENCES municipios (mun_codigo,mun_ufe_sigla)
  5  ENABLE NOVALIDATE
  6  novalidate;
novalidate
*
ERRO na linha 6:
ORA-01735: invalid ALTER TABLE option 


SQL> -- Start of DDL Script for Constraint IFRSRH2.EMP_MUN_RESIDE_FK
SQL> -- Generated 27-dez-2004 8:31:12 from SYSMAN@BDSEDE5
SQL> 
SQL> ALTER TABLE cadastros
  2  ADD CONSTRAINT emp_mun_reside_fk FOREIGN KEY (emp_mun_codigo_reside,
  3    emp_ufe_sigla_residente)
  4  REFERENCES municipios (mun_codigo,mun_ufe_sigla)
  5  ENABLE NOVALIDATE
  6  novalidate;
novalidate
*
ERRO na linha 6:
ORA-01735: invalid ALTER TABLE option 


SQL> -- Start of DDL Script for Constraint IFRSRH2.EMP_NPROMV_CADASTROS_FK
SQL> -- Generated 27-dez-2004 8:31:12 from SYSMAN@BDSEDE5
SQL> 
SQL> ALTER TABLE spf_empregado_nao_promovido
  2  ADD CONSTRAINT emp_npromv_cadastros_fk FOREIGN KEY (
  3    cadastros_emp_numero_matricula)
  4  REFERENCES cadastros (emp_numero_matricula)
  5  novalidate;
ADD CONSTRAINT emp_npromv_cadastros_fk FOREIGN KEY (
                                       *
ERRO na linha 2:
ORA-02275: such a referential constraint already exists in the table 


SQL> -- Start of DDL Script for Constraint IFRSRH2.EMP_NPROMV_MOTN_PROM_FK
SQL> -- Generated 27-dez-2004 8:31:12 from SYSMAN@BDSEDE5
SQL> 
SQL> ALTER TABLE spf_empregado_nao_promovido
  2  ADD CONSTRAINT emp_npromv_motn_prom_fk FOREIGN KEY (motn_prom_ano_promocao,
  3    motn_prom_cod_motivo_nao_promo, motn_prom_tipo_promocao)
  4  REFERENCES spf_motivo_nao_promocao (ano_promocao,cod_motivo_nao_promocao,tipo_promocao)
  5  novalidate;
ADD CONSTRAINT emp_npromv_motn_prom_fk FOREIGN KEY (motn_prom_ano_promocao,
                                       *
ERRO na linha 2:
ORA-02275: such a referential constraint already exists in the table 


SQL> -- Start of DDL Script for Constraint IFRSRH2.EMP_NSA_FK
SQL> -- Generated 27-dez-2004 8:31:14 from SYSMAN@BDSEDE5
SQL> 
SQL> ALTER TABLE cadastros
  2  ADD CONSTRAINT emp_nsa_fk FOREIGN KEY (emp_nsa_codigo_nivel,
  3    emp_nsa_codigo_padrao, emp_nsa_in_nivel_escolaridade)
  4  REFERENCES niveis_salariais (nsa_codigo_nivel,nsa_codigo_padrao,nsa_indicador_nivel_escola)
  5  novalidate;

Tabela alterada.

SQL> -- Start of DDL Script for Constraint IFRSRH2.EMP_NUMERO_MATRICULA_FK
SQL> -- Generated 27-dez-2004 8:31:14 from SYSMAN@BDSEDE5
SQL> 
SQL> ALTER TABLE eventos_excecao_infraprev
  2  ADD CONSTRAINT emp_numero_matricula_fk FOREIGN KEY (eei_emp_numero_matricula)
  3  REFERENCES cadastros (emp_numero_matricula)
  4  novalidate;

Tabela alterada.

SQL> -- Start of DDL Script for Constraint IFRSRH2.EMP_OCL_FK
SQL> -- Generated 27-dez-2004 8:31:14 from SYSMAN@BDSEDE5
SQL> 
SQL> ALTER TABLE cadastros
  2  ADD CONSTRAINT emp_ocl_fk FOREIGN KEY (emp_ocl_sigla)
  3  REFERENCES orgaos_classes (ocl_sigla)
  4  novalidate;

Tabela alterada.

SQL> -- Start of DDL Script for Constraint IFRSRH2.EMP_OPT_FK
SQL> -- Generated 27-dez-2004 8:31:14 from SYSMAN@BDSEDE5
SQL> 
SQL> ALTER TABLE empregados_optantes
  2  ADD CONSTRAINT emp_opt_fk FOREIGN KEY (emp_opt_matricula)
  3  REFERENCES cadastros (emp_numero_matricula)
  4  novalidate;

Tabela alterada.

SQL> -- Start of DDL Script for Constraint IFRSRH2.EMP_PAI_FK
SQL> -- Generated 27-dez-2004 8:31:15 from SYSMAN@BDSEDE5
SQL> 
SQL> ALTER TABLE cadastros
  2  ADD CONSTRAINT emp_pai_fk FOREIGN KEY (emp_pai_codigo)
  3  REFERENCES paises (pai_codigo)
  4  novalidate;

Tabela alterada.

SQL> -- Start of DDL Script for Constraint IFRSRH2.EMP_POSTO_GRADUACAO_CODIGO_FK
SQL> -- Generated 27-dez-2004 8:31:17 from SYSMAN@BDSEDE5
SQL> 
SQL> ALTER TABLE cadastros
  2  ADD CONSTRAINT emp_posto_graduacao_codigo_fk FOREIGN KEY (
  3    emp_posto_graduacao_codigo)
  4  REFERENCES posto_graduacao (pgr_codigo)
  5  novalidate;

Tabela alterada.

SQL> -- Start of DDL Script for Constraint IFRSRH2.EMP_PROM_CADASTROS_FK
SQL> -- Generated 27-dez-2004 8:31:17 from SYSMAN@BDSEDE5
SQL> 
SQL> ALTER TABLE spf_empregado_promovido
  2  ADD CONSTRAINT emp_prom_cadastros_fk FOREIGN KEY (cadastros_emp_numero_matricula)
  3  REFERENCES cadastros (emp_numero_matricula)
  4  novalidate;
ADD CONSTRAINT emp_prom_cadastros_fk FOREIGN KEY (cadastros_emp_numero_matricula)
                                     *
ERRO na linha 2:
ORA-02275: such a referential constraint already exists in the table 


SQL> -- Start of DDL Script for Constraint IFRSRH2.EMP_PROM_CARGOS_FK
SQL> -- Generated 27-dez-2004 8:31:17 from SYSMAN@BDSEDE5
SQL> 
SQL> ALTER TABLE spf_empregado_promovido
  2  ADD CONSTRAINT emp_prom_cargos_fk FOREIGN KEY (cargos_car_codigo,
  3    cargos_car_codigo_nivel, cargos_ocucargo_occ_codigo)
  4  REFERENCES cargos (car_codigo,car_codigo_nivel,car_occ_codigo)
  5  novalidate;
ADD CONSTRAINT emp_prom_cargos_fk FOREIGN KEY (cargos_car_codigo,
                                  *
ERRO na linha 2:
ORA-02275: such a referential constraint already exists in the table 


SQL> -- Start of DDL Script for Constraint IFRSRH2.EMP_PROM_NIVEIS_SAL_FK
SQL> -- Generated 27-dez-2004 8:31:17 from SYSMAN@BDSEDE5
SQL> 
SQL> ALTER TABLE spf_empregado_promovido
  2  ADD CONSTRAINT emp_prom_niveis_sal_fk FOREIGN KEY (niveis_sal_nsa_codigo_nivel,
  3    niveis_sal_nsa_codigo_padrao, niveis_sal_nsa_indicador_nivel)
  4  REFERENCES niveis_salariais (nsa_codigo_nivel,nsa_codigo_padrao,nsa_indicador_nivel_escola)
  5  novalidate;
ADD CONSTRAINT emp_prom_niveis_sal_fk FOREIGN KEY (niveis_sal_nsa_codigo_nivel,
                                      *
ERRO na linha 2:
ORA-02275: such a referential constraint already exists in the table 


SQL> -- Start of DDL Script for Constraint IFRSRH2.EMP_PROM_PROMOCAO_FK
SQL> -- Generated 27-dez-2004 8:31:19 from SYSMAN@BDSEDE5
SQL> 
SQL> ALTER TABLE spf_empregado_promovido
  2  ADD CONSTRAINT emp_prom_promocao_fk FOREIGN KEY (promocao_tipos_ocor_ofu_codigo,
  3    promocao_ano_promocao)
  4  REFERENCES spf_promocao (tipos_ocor_ofu_codigo,ano_promocao)
  5  novalidate;
ADD CONSTRAINT emp_prom_promocao_fk FOREIGN KEY (promocao_tipos_ocor_ofu_codigo,
                                    *
ERRO na linha 2:
ORA-02275: such a referential constraint already exists in the table 


SQL> -- Start of DDL Script for Constraint IFRSRH2.EMP_QFU_ESTAR_SUBSTITUINDO_FK
SQL> -- Generated 27-dez-2004 8:31:19 from SYSMAN@BDSEDE5
SQL> 
SQL> ALTER TABLE cadastros
  2  ADD CONSTRAINT emp_qfu_estar_substituindo_fk FOREIGN KEY (
  3    emp_qfu_fun_codigo_substitui, emp_qfu_hfl_uor_cod_subst,
  4    emp_qfu_hfl_data_vigen_subst)
  5  REFERENCES quadro_funcoes (qfu_fun_codigo,qfu_hfl_uor_codigo,qfu_hfl_data_vigencia)
  6  novalidate;

Tabela alterada.

SQL> -- Start of DDL Script for Constraint IFRSRH2.EMP_QFU_FK
SQL> -- Generated 27-dez-2004 8:31:20 from SYSMAN@BDSEDE5
SQL> 
SQL> ALTER TABLE cadastros
  2  ADD CONSTRAINT emp_qfu_fk FOREIGN KEY (emp_qfu_fun_codigo,
  3    emp_qfu_hfl_uor_codigo, emp_qfu_hfl_data_vigencia)
  4  REFERENCES quadro_funcoes (qfu_fun_codigo,qfu_hfl_uor_codigo,qfu_hfl_data_vigencia)
  5  DISABLE NOVALIDATE
  6  novalidate;
novalidate
*
ERRO na linha 6:
ORA-01735: invalid ALTER TABLE option 


SQL> -- Start of DDL Script for Constraint IFRSRH2.EMP_QLP_FK
SQL> -- Generated 27-dez-2004 8:31:20 from SYSMAN@BDSEDE5
SQL> 
SQL> ALTER TABLE cadastros
  2  ADD CONSTRAINT emp_qlp_fk FOREIGN KEY (emp_qlp_hcl_uor_codigo,
  3    emp_qlp_hcl_data_vigencia, emp_qlp_car_codigo, emp_qlp_car_codigo_nivel,
  4    emp_qlp_car_occ_codigo)
  5  REFERENCES quadros_lotacao_pessoal (qlp_icl_uor_codigo,qlp_icl_data_vigencia,qlp_car_codigo,qlp_car_codigo_nivel,qlp_car_occ_codigo)
  6  DISABLE NOVALIDATE
  7  novalidate;
novalidate
*
ERRO na linha 7:
ORA-01735: invalid ALTER TABLE option 


SQL> -- Start of DDL Script for Constraint IFRSRH2.EMP_QUADRO_ARMA_ESP_CODIGO_FK
SQL> -- Generated 27-dez-2004 8:31:20 from SYSMAN@BDSEDE5
SQL> 
SQL> ALTER TABLE cadastros
  2  ADD CONSTRAINT emp_quadro_arma_esp_codigo_fk FOREIGN KEY (
  3    emp_quadro_arma_esp_codigo)
  4  REFERENCES quadro_arma_espec (qae_codigo)
  5  novalidate;

Tabela alterada.

SQL> -- Start of DDL Script for Constraint IFRSRH2.EMP_SFU_FK
SQL> -- Generated 27-dez-2004 8:31:21 from SYSMAN@BDSEDE5
SQL> 
SQL> ALTER TABLE cadastros
  2  ADD CONSTRAINT emp_sfu_fk FOREIGN KEY (emp_sfu_codigo)
  3  REFERENCES situacoes_funcionais (sfu_codigo)
  4  novalidate;

Tabela alterada.

SQL> -- Start of DDL Script for Constraint IFRSRH2.EMP_TVE_FK
SQL> -- Generated 27-dez-2004 8:31:21 from SYSMAN@BDSEDE5
SQL> 
SQL> ALTER TABLE cadastros
  2  ADD CONSTRAINT emp_tve_fk FOREIGN KEY (emp_tve_cod_visto_estrang)
  3  REFERENCES tipo_visto_estrangeiro (tve_cod_visto_estrang)
  4  novalidate;

Tabela alterada.

SQL> -- Start of DDL Script for Constraint IFRSRH2.EMP_UFE_CI_FK
SQL> -- Generated 27-dez-2004 8:31:21 from SYSMAN@BDSEDE5
SQL> 
SQL> ALTER TABLE cadastros
  2  ADD CONSTRAINT emp_ufe_ci_fk FOREIGN KEY (emp_ufe_sigla_ci)
  3  REFERENCES unidades_federacao (ufe_sigla)
  4  novalidate;

Tabela alterada.

SQL> -- Start of DDL Script for Constraint IFRSRH2.EMP_UFE_CTPS_FK
SQL> -- Generated 27-dez-2004 8:31:21 from SYSMAN@BDSEDE5
SQL> 
SQL> ALTER TABLE cadastros
  2  ADD CONSTRAINT emp_ufe_ctps_fk FOREIGN KEY (emp_ufe_sigla_ctps)
  3  REFERENCES unidades_federacao (ufe_sigla)
  4  novalidate;

Tabela alterada.

SQL> -- Start of DDL Script for Constraint IFRSRH2.EMP_UFE_ESTRANG_REG_FK
SQL> -- Generated 27-dez-2004 8:31:21 from SYSMAN@BDSEDE5
SQL> 
SQL> ALTER TABLE cadastros
  2  ADD CONSTRAINT emp_ufe_estrang_reg_fk FOREIGN KEY (emp_ufe_sigla_estrangeiro)
  3  REFERENCES unidades_federacao (ufe_sigla)
  4  novalidate;

Tabela alterada.

SQL> -- Start of DDL Script for Constraint IFRSRH2.EMP_UFE_PRIMEIRO_EMPREGO_FK
SQL> -- Generated 27-dez-2004 8:31:22 from SYSMAN@BDSEDE5
SQL> 
SQL> ALTER TABLE cadastros
  2  ADD CONSTRAINT emp_ufe_primeiro_emprego_fk FOREIGN KEY (
  3    emp_ufe_sigla_primeiro_emprego)
  4  REFERENCES unidades_federacao (ufe_sigla)
  5  novalidate;

Tabela alterada.

SQL> -- Start of DDL Script for Constraint IFRSRH2.EMP_UFE_REG_PROFIS_FK
SQL> -- Generated 27-dez-2004 8:31:22 from SYSMAN@BDSEDE5
SQL> 
SQL> ALTER TABLE cadastros
  2  ADD CONSTRAINT emp_ufe_reg_profis_fk FOREIGN KEY (emp_ufe_sigla_reg_profis)
  3  REFERENCES unidades_federacao (ufe_sigla)
  4  novalidate;

Tabela alterada.

SQL> -- Start of DDL Script for Constraint IFRSRH2.EMP_UFE_TIT_ELEITORAL_FK
SQL> -- Generated 27-dez-2004 8:31:22 from SYSMAN@BDSEDE5
SQL> 
SQL> ALTER TABLE cadastros
  2  ADD CONSTRAINT emp_ufe_tit_eleitoral_fk FOREIGN KEY (emp_ufe_sigla_tit_eleitor)
  3  REFERENCES unidades_federacao (ufe_sigla)
  4  novalidate;

Tabela alterada.

SQL> -- Start of DDL Script for Constraint IFRSRH2.EMP_UOR1_FK
SQL> -- Generated 27-dez-2004 8:31:24 from SYSMAN@BDSEDE5
SQL> 
SQL> ALTER TABLE cadastros
  2  ADD CONSTRAINT emp_uor1_fk FOREIGN KEY (emp_uor_codigo_lotacao)
  3  REFERENCES unidades_organizacionais (uor_codigo)
  4  novalidate;

Tabela alterada.

SQL> -- Start of DDL Script for Constraint IFRSRH2.EMPREST_INFRAP_VAL_CADASTROS
SQL> -- Generated 27-dez-2004 8:31:25 from SYSMAN@BDSEDE5
SQL> 
SQL> ALTER TABLE emprestimos_infraprev
  2  ADD CONSTRAINT emprest_infrap_val_cadastros FOREIGN KEY (num_matricula_empregado)
  3  REFERENCES cadastros (emp_numero_matricula)
  4  novalidate;

Tabela alterada.

SQL> -- Start of DDL Script for Constraint IFRSRH2.EOI_CAD_FK
SQL> -- Generated 27-dez-2004 8:31:28 from SYSMAN@BDSEDE5
SQL> 
SQL> ALTER TABLE empregado_ocorrencia_inss
  2  ADD CONSTRAINT eoi_cad_fk FOREIGN KEY (eoi_emp_numero_matricula)
  3  REFERENCES cadastros (emp_numero_matricula)
  4  novalidate;

Tabela alterada.

SQL> -- Start of DDL Script for Constraint IFRSRH2.EOI_OIA_FK
SQL> -- Generated 27-dez-2004 8:31:31 from SYSMAN@BDSEDE5
SQL> 
SQL> ALTER TABLE empregado_ocorrencia_inss
  2  ADD CONSTRAINT eoi_oia_fk FOREIGN KEY (eoi_oia_agn_codigo,
  3    eoi_oia_oin_codigo_padrao_nac)
  4  REFERENCES ocorrencias_inss_agnocivos (oia_agn_codigo,oia_oin_codigo_padrao_nacional)
  5  novalidate;

Tabela alterada.

SQL> -- Start of DDL Script for Constraint IFRSRH2.EPG_EPG_FK
SQL> -- Generated 27-dez-2004 8:31:31 from SYSMAN@BDSEDE5
SQL> 
SQL> ALTER TABLE eventos_pagamentos
  2  ADD CONSTRAINT epg_epg_fk FOREIGN KEY (epg_epg_codigo)
  3  REFERENCES eventos_pagamentos (epg_codigo)
  4  novalidate;

Tabela alterada.

SQL> -- Start of DDL Script for Constraint IFRSRH2.EPG_EPG_PRE_REQUISITO_2_FK
SQL> -- Generated 27-dez-2004 8:31:32 from SYSMAN@BDSEDE5
SQL> 
SQL> ALTER TABLE eventos_pagamentos
  2  ADD CONSTRAINT epg_epg_pre_requisito_2_fk FOREIGN KEY (epg_epg_codigo_pre_2)
  3  REFERENCES eventos_pagamentos (epg_codigo)
  4  novalidate;

Tabela alterada.

SQL> -- Start of DDL Script for Constraint IFRSRH2.EPV_EMP_FK
SQL> -- Generated 27-dez-2004 8:31:35 from SYSMAN@BDSEDE5
SQL> 
SQL> ALTER TABLE empregados_pessoal_sem_vinculo
  2  ADD CONSTRAINT epv_emp_fk FOREIGN KEY (epv_emp_numero_matricula)
  3  REFERENCES cadastros (emp_numero_matricula)
  4  novalidate;

Tabela alterada.

SQL> -- Start of DDL Script for Constraint IFRSRH2.EPV_PSV_FK
SQL> -- Generated 27-dez-2004 8:31:36 from SYSMAN@BDSEDE5
SQL> 
SQL> ALTER TABLE empregados_pessoal_sem_vinculo
  2  ADD CONSTRAINT epv_psv_fk FOREIGN KEY (epv_psv_sequencial)
  3  REFERENCES pessoal_sem_vinculo (psv_sequencial)
  4  novalidate;

Tabela alterada.

SQL> -- Start of DDL Script for Constraint IFRSRH2.EQA_EMP_FK
SQL> -- Generated 27-dez-2004 8:31:36 from SYSMAN@BDSEDE5
SQL> 
SQL> ALTER TABLE emp_qualificacao_academica
  2  ADD CONSTRAINT eqa_emp_fk FOREIGN KEY (eqa_cod_matricula)
  3  REFERENCES cadastros (emp_numero_matricula)
  4  novalidate;

Tabela alterada.

SQL> -- Start of DDL Script for Constraint IFRSRH2.EQA_QUA_FK
SQL> -- Generated 27-dez-2004 8:31:37 from SYSMAN@BDSEDE5
SQL> 
SQL> ALTER TABLE emp_qualificacao_academica
  2  ADD CONSTRAINT eqa_qua_fk FOREIGN KEY (eqa_qua_cod_qualif_academica)
  3  REFERENCES tab_qualificacao_academica (qua_cod_qualif_academica)
  4  novalidate;

Tabela alterada.

SQL> -- Start of DDL Script for Constraint IFRSRH2.ESC_CID_FK
SQL> -- Generated 27-dez-2004 8:31:38 from SYSMAN@BDSEDE5
SQL> 
SQL> ALTER TABLE especificacao_cid
  2  ADD CONSTRAINT esc_cid_fk FOREIGN KEY (esc_cid_codigo)
  3  REFERENCES cid (cid_codigo)
  4  novalidate;

Tabela alterada.

SQL> -- Start of DDL Script for Constraint IFRSRH2.EXC_CRE_FK
SQL> -- Generated 27-dez-2004 8:31:42 from SYSMAN@BDSEDE5
SQL> 
SQL> ALTER TABLE exames_complementares
  2  ADD CONSTRAINT exc_cre_fk FOREIGN KEY (exc_cre_sequencial)
  3  REFERENCES credenciados (cre_sequencial)
  4  novalidate;

Tabela alterada.

SQL> -- Start of DDL Script for Constraint IFRSRH2.EXO_EMP_FK
SQL> -- Generated 27-dez-2004 8:31:43 from SYSMAN@BDSEDE5
SQL> 
SQL> ALTER TABLE exames_obrigatorios
  2  ADD CONSTRAINT exo_emp_fk FOREIGN KEY (exo_emp_numero_matricula)
  3  REFERENCES cadastros (emp_numero_matricula)
  4  novalidate;

Tabela alterada.

SQL> -- Start of DDL Script for Constraint IFRSRH2.FAIXA_PROMOCAO_FK
SQL> -- Generated 27-dez-2004 8:31:46 from SYSMAN@BDSEDE5
SQL> 
SQL> ALTER TABLE spf_faixa_promovida
  2  ADD CONSTRAINT faixa_promocao_fk FOREIGN KEY (promocao_tipos_ocor_ofu_codigo,
  3    promocao_ano_promocao)
  4  REFERENCES spf_promocao (tipos_ocor_ofu_codigo,ano_promocao)
  5  novalidate;
ADD CONSTRAINT faixa_promocao_fk FOREIGN KEY (promocao_tipos_ocor_ofu_codigo,
                                 *
ERRO na linha 2:
ORA-02275: such a referential constraint already exists in the table 


SQL> -- Start of DDL Script for Constraint IFRSRH2.FAL_USU_LIN_VAL_DEPENDEN
SQL> -- Generated 27-dez-2004 8:31:46 from SYSMAN@BDSEDE5
SQL> 
SQL> ALTER TABLE faltas_usuarios_linhas
  2  ADD CONSTRAINT fal_usu_lin_val_dependen FOREIGN KEY (ful_dep_resp_incl)
  3  REFERENCES dependencias (dep_codigo)
  4  novalidate;

Tabela alterada.

SQL> -- Start of DDL Script for Constraint IFRSRH2.FATORES_FORMULARIO_FK
SQL> -- Generated 27-dez-2004 8:31:47 from SYSMAN@BDSEDE5
SQL> 
SQL> ALTER TABLE siad_fatores_avaliativos
  2  ADD CONSTRAINT fatores_formulario_fk FOREIGN KEY (ano_formulario,
  3    codigo_formulario)
  4  REFERENCES siad_formulario_avaliacao (ano_formulario,codigo_formulario)
  5  novalidate;
ADD CONSTRAINT fatores_formulario_fk FOREIGN KEY (ano_formulario,
                                     *
ERRO na linha 2:
ORA-02275: such a referential constraint already exists in the table 


SQL> -- Start of DDL Script for Constraint IFRSRH2.FEC_CAR_FK
SQL> -- Generated 27-dez-2004 8:31:48 from SYSMAN@BDSEDE5
SQL> 
SQL> ALTER TABLE formacoes_espec_cargo
  2  ADD CONSTRAINT fec_car_fk FOREIGN KEY (fec_car_codigo, fec_car_codigo_nivel,
  3    fec_car_occ_codigo)
  4  REFERENCES cargos (car_codigo,car_codigo_nivel,car_occ_codigo)
  5  novalidate;

Tabela alterada.

SQL> -- Start of DDL Script for Constraint IFRSRH2.FEC_FES_FK
SQL> -- Generated 27-dez-2004 8:31:49 from SYSMAN@BDSEDE5
SQL> 
SQL> ALTER TABLE formacoes_espec_cargo
  2  ADD CONSTRAINT fec_fes_fk FOREIGN KEY (fec_fes_codigo)
  3  REFERENCES formacoes_especializadas (fes_codigo)
  4  novalidate;

Tabela alterada.

SQL> -- Start of DDL Script for Constraint IFRSRH2.FEE_EMP_FK
SQL> -- Generated 27-dez-2004 8:31:50 from SYSMAN@BDSEDE5
SQL> 
SQL> ALTER TABLE formacoes_espec_empregado
  2  ADD CONSTRAINT fee_emp_fk FOREIGN KEY (fee_emp_numero_matricula)
  3  REFERENCES cadastros (emp_numero_matricula)
  4  novalidate;

Tabela alterada.

SQL> -- Start of DDL Script for Constraint IFRSRH2.FEE_FES_FK
SQL> -- Generated 27-dez-2004 8:31:50 from SYSMAN@BDSEDE5
SQL> 
SQL> ALTER TABLE formacoes_espec_empregado
  2  ADD CONSTRAINT fee_fes_fk FOREIGN KEY (fee_fes_codigo)
  3  REFERENCES formacoes_especializadas (fes_codigo)
  4  novalidate;

Tabela alterada.

SQL> -- Start of DDL Script for Constraint IFRSRH2.FINASA_VAL_CENTRO_CUSTO
SQL> -- Generated 27-dez-2004 8:31:52 from SYSMAN@BDSEDE5
SQL> 
SQL> ALTER TABLE finasa
  2  ADD CONSTRAINT finasa_val_centro_custo FOREIGN KEY (fin_centro_custos)
  3  REFERENCES centro_custo (cd_centro_custo)
  4  novalidate;

Tabela alterada.

SQL> -- Start of DDL Script for Constraint IFRSRH2.FINASA_VAL_DEPENDENCIAS
SQL> -- Generated 27-dez-2004 8:31:52 from SYSMAN@BDSEDE5
SQL> 
SQL> ALTER TABLE finasa
  2  ADD CONSTRAINT finasa_val_dependencias FOREIGN KEY (fin_emp_dep_codigo_lotacao)
  3  REFERENCES dependencias (dep_codigo)
  4  novalidate;

Tabela alterada.

SQL> -- Start of DDL Script for Constraint IFRSRH2.FISC_LIN_EMPR_VAL_DEPENDEN
SQL> -- Generated 27-dez-2004 8:31:52 from SYSMAN@BDSEDE5
SQL> 
SQL> ALTER TABLE fiscalizacoes_linhas_empreg
  2  ADD CONSTRAINT fisc_lin_empr_val_dependen FOREIGN KEY (fle_dep_resp_incl)
  3  REFERENCES dependencias (dep_codigo)
  4  novalidate;

Tabela alterada.

SQL> -- Start of DDL Script for Constraint IFRSRH2.FISC_LIN_TRAN_VAL_DEPENDEN
SQL> -- Generated 27-dez-2004 8:31:53 from SYSMAN@BDSEDE5
SQL> 
SQL> ALTER TABLE fiscais_linhas_transportes
  2  ADD CONSTRAINT fisc_lin_tran_val_dependen FOREIGN KEY (flt_dep_resp_incl)
  3  REFERENCES dependencias (dep_codigo)
  4  novalidate;

Tabela alterada.

SQL> -- Start of DDL Script for Constraint IFRSRH2.FISC_LIN_TRANS_VAL_DEPENDEN
SQL> -- Generated 27-dez-2004 8:31:53 from SYSMAN@BDSEDE5
SQL> 
SQL> ALTER TABLE fiscalizacoes_linhas_transp
  2  ADD CONSTRAINT fisc_lin_trans_val_dependen FOREIGN KEY (flr_dep_resp_incl)
  3  REFERENCES dependencias (dep_codigo)
  4  novalidate;

Tabela alterada.

SQL> -- Start of DDL Script for Constraint IFRSRH2.FK_COA_CON
SQL> -- Generated 27-dez-2004 8:31:53 from SYSMAN@BDSEDE5
SQL> 
SQL> ALTER TABLE concursados_aprovados
  2  ADD CONSTRAINT fk_coa_con FOREIGN KEY (coa_con_nr_concurso)
  3  REFERENCES concursos (con_nr_concurso)
  4  novalidate;

Tabela alterada.

SQL> -- Start of DDL Script for Constraint IFRSRH2.FK_CUF_SS
SQL> -- Generated 27-dez-2004 8:31:53 from SYSMAN@BDSEDE5
SQL> 
SQL> ALTER TABLE controle_usuarios_funcoes
  2  ADD CONSTRAINT fk_cuf_ss FOREIGN KEY (ss_cd_sistema)
  3  REFERENCES seg_sistema (cd_sistema)
  4  ENABLE NOVALIDATE
  5  novalidate;
novalidate
*
ERRO na linha 5:
ORA-01735: invalid ALTER TABLE option 


SQL> -- Start of DDL Script for Constraint IFRSRH2.FK_CUO_SS
SQL> -- Generated 27-dez-2004 8:31:53 from SYSMAN@BDSEDE5
SQL> 
SQL> ALTER TABLE controle_usuarios_ocorrencias
  2  ADD CONSTRAINT fk_cuo_ss FOREIGN KEY (ss_cd_sistema)
  3  REFERENCES seg_sistema (cd_sistema)
  4  novalidate;

Tabela alterada.

SQL> -- Start of DDL Script for Constraint IFRSRH2.FK_GUI_ASM
SQL> -- Generated 27-dez-2004 8:31:53 from SYSMAN@BDSEDE5
SQL> 
SQL> ALTER TABLE guias
  2  ADD CONSTRAINT fk_gui_asm FOREIGN KEY (gui_asm_senha)
  3  REFERENCES autorizacoes_servicos_medicos (asm_senha)
  4  DEFERRABLE INITIALLY DEFERRED
  5  novalidate;

Tabela alterada.

SQL> -- Start of DDL Script for Constraint IFRSRH2.FK_TAB_PARA_RELATIONS_TAB_PARA
SQL> -- Generated 27-dez-2004 8:31:54 from SYSMAN@BDSEDE5
SQL> 
SQL> ALTER TABLE tab_parametros_detalhes
  2  ADD CONSTRAINT fk_tab_para_relations_tab_para FOREIGN KEY (cod_grupo,
  3    cod_assunto)
  4  REFERENCES tab_parametros (cod_grupo,cod_assunto)
  5  novalidate;
ADD CONSTRAINT fk_tab_para_relations_tab_para FOREIGN KEY (cod_grupo,
                                              *
ERRO na linha 2:
ORA-02275: such a referential constraint already exists in the table 


SQL> -- Start of DDL Script for Constraint IFRSRH2.FLE_EMP_FK
SQL> -- Generated 27-dez-2004 8:31:54 from SYSMAN@BDSEDE5
SQL> 
SQL> ALTER TABLE fiscalizacoes_linhas_empreg
  2  ADD CONSTRAINT fle_emp_fk FOREIGN KEY (fle_emp_numero_matricula)
  3  REFERENCES cadastros (emp_numero_matricula)
  4  novalidate;

Tabela alterada.

SQL> -- Start of DDL Script for Constraint IFRSRH2.FLE_FLR_FK
SQL> -- Generated 27-dez-2004 8:31:54 from SYSMAN@BDSEDE5
SQL> 
SQL> ALTER TABLE fiscalizacoes_linhas_empreg
  2  ADD CONSTRAINT fle_flr_fk FOREIGN KEY (fle_flr_numero_ato)
  3  REFERENCES fiscalizacoes_linhas_transp (flr_numero_ato)
  4  novalidate;

Tabela alterada.

SQL> -- Start of DDL Script for Constraint IFRSRH2.FLR_LTF_FK
SQL> -- Generated 27-dez-2004 8:31:55 from SYSMAN@BDSEDE5
SQL> 
SQL> ALTER TABLE fiscalizacoes_linhas_transp
  2  ADD CONSTRAINT flr_ltf_fk FOREIGN KEY (flr_ltf_numero, flr_ltf_dep_codigo)
  3  REFERENCES linhas_transportes_fretados (ltf_numero,ltf_dep_codigo)
  4  novalidate;

Tabela alterada.

SQL> -- Start of DDL Script for Constraint IFRSRH2.FLT_EMP_FK
SQL> -- Generated 27-dez-2004 8:31:56 from SYSMAN@BDSEDE5
SQL> 
SQL> ALTER TABLE fiscais_linhas_transportes
  2  ADD CONSTRAINT flt_emp_fk FOREIGN KEY (flt_emp_numero_matricula)
  3  REFERENCES cadastros (emp_numero_matricula)
  4  novalidate;

Tabela alterada.

SQL> -- Start of DDL Script for Constraint IFRSRH2.FPC_CAR_FK
SQL> -- Generated 27-dez-2004 8:32:02 from SYSMAN@BDSEDE5
SQL> 
SQL> ALTER TABLE formacoes_prof_cargo
  2  ADD CONSTRAINT fpc_car_fk FOREIGN KEY (fpc_car_codigo, fpc_car_codigo_nivel,
  3    fpc_car_occ_codigo)
  4  REFERENCES cargos (car_codigo,car_codigo_nivel,car_occ_codigo)
  5  novalidate;

Tabela alterada.

SQL> -- Start of DDL Script for Constraint IFRSRH2.FPC_FOR_FK
SQL> -- Generated 27-dez-2004 8:32:02 from SYSMAN@BDSEDE5
SQL> 
SQL> ALTER TABLE formacoes_prof_cargo
  2  ADD CONSTRAINT fpc_for_fk FOREIGN KEY (fpc_for_codigo)
  3  REFERENCES formacoes_profissionais (for_codigo)
  4  novalidate;

Tabela alterada.

SQL> -- Start of DDL Script for Constraint IFRSRH2.FRU_FORM_FK
SQL> -- Generated 27-dez-2004 8:32:02 from SYSMAN@BDSEDE5
SQL> 
SQL> ALTER TABLE formulas_rubricas
  2  ADD CONSTRAINT fru_form_fk FOREIGN KEY (fru_for_codigo)
  3  REFERENCES formulas (for_codigo)
  4  novalidate;

Tabela alterada.

SQL> -- Start of DDL Script for Constraint IFRSRH2.FRU_RUB_FK
SQL> -- Generated 27-dez-2004 8:32:04 from SYSMAN@BDSEDE5
SQL> 
SQL> ALTER TABLE formulas_rubricas
  2  ADD CONSTRAINT fru_rub_fk FOREIGN KEY (fru_rub_codigo)
  3  REFERENCES rubricas (rub_codigo)
  4  novalidate;

Tabela alterada.

SQL> -- Start of DDL Script for Constraint IFRSRH2.FUL_ULT_FK
SQL> -- Generated 27-dez-2004 8:32:05 from SYSMAN@BDSEDE5
SQL> 
SQL> ALTER TABLE faltas_usuarios_linhas
  2  ADD CONSTRAINT ful_ult_fk FOREIGN KEY (ful_ult_emb_emp_numero_matricu,
  3    ful_ult_emb_ben_sigla, ful_ult_ltf_numero, ful_ult_ltf_dep_codigo)
  4  REFERENCES usuarios_linhas_transportes (ult_emb_emp_numero_matricula,ult_emb_ben_sigla,ult_ltf_numero,ult_ltf_dep_codigo)
  5  novalidate;

Tabela alterada.

SQL> -- Start of DDL Script for Constraint IFRSRH2.FUN_CBO_FK
SQL> -- Generated 27-dez-2004 8:32:05 from SYSMAN@BDSEDE5
SQL> 
SQL> ALTER TABLE cargos_confianca
  2  ADD CONSTRAINT fun_cbo_fk FOREIGN KEY (fun_codigo_cbo, fun_cbo_dta_inicio)
  3  REFERENCES cbo (cbo_codigo,cbo_dta_inicio)
  4  novalidate;

Tabela alterada.

SQL> -- Start of DDL Script for Constraint IFRSRH2.FUN_CFU_FK
SQL> -- Generated 27-dez-2004 8:32:05 from SYSMAN@BDSEDE5
SQL> 
SQL> ALTER TABLE cargos_confianca
  2  ADD CONSTRAINT fun_cfu_fk FOREIGN KEY (fun_cfu_codigo)
  3  REFERENCES categorias_funcoes (cfu_codigo)
  4  novalidate;

Tabela alterada.

SQL> -- Start of DDL Script for Constraint IFRSRH2.FUN_JTR_FK
SQL> -- Generated 27-dez-2004 8:32:06 from SYSMAN@BDSEDE5
SQL> 
SQL> ALTER TABLE cargos_confianca
  2  ADD CONSTRAINT fun_jtr_fk FOREIGN KEY (fun_jtr_codigo)
  3  REFERENCES jornadas_trabalho (jtr_codigo)
  4  novalidate;

Tabela alterada.

SQL> -- Start of DDL Script for Constraint IFRSRH2.GPR_ABO_FK
SQL> -- Generated 27-dez-2004 8:32:08 from SYSMAN@BDSEDE5
SQL> 
SQL> ALTER TABLE guias_procedimentos
  2  ADD CONSTRAINT gpr_abo_fk FOREIGN KEY (gpr_abo_codigo)
  3  REFERENCES abo (abo_codigo)
  4  novalidate;

Tabela alterada.

SQL> -- Start of DDL Script for Constraint IFRSRH2.GPR_GUI_FK
SQL> -- Generated 27-dez-2004 8:32:08 from SYSMAN@BDSEDE5
SQL> 
SQL> ALTER TABLE guias_procedimentos
  2  ADD CONSTRAINT gpr_gui_fk FOREIGN KEY (gpr_gui_doc_numero,
  3    gpr_gui_doc_cbe_ben_sigla, gpr_gui_doc_cbe_cre_sequencial,
  4    gpr_gui_doc_dep_codigo, gpr_gui_numero)
  5  REFERENCES guias (gui_doc_numero,gui_doc_cbe_ben_sigla,gui_doc_cbe_cre_sequencial,gui_doc_dep_codigo,gui_numero)
  6  novalidate;

Tabela alterada.

SQL> -- Start of DDL Script for Constraint IFRSRH2.GUI_DOC_FK
SQL> -- Generated 27-dez-2004 8:32:14 from SYSMAN@BDSEDE5
SQL> 
SQL> ALTER TABLE guias
  2  ADD CONSTRAINT gui_doc_fk FOREIGN KEY (gui_doc_numero, gui_doc_cbe_ben_sigla,
  3    gui_doc_cbe_cre_sequencial, gui_doc_dep_codigo)
  4  REFERENCES documentos_cobranca (doc_numero,doc_cbe_ben_sigla,doc_cbe_cre_sequencial,doc_dep_codigo)
  5  novalidate;

Tabela alterada.

SQL> -- Start of DDL Script for Constraint IFRSRH2.GUI_EMB_FK
SQL> -- Generated 27-dez-2004 8:32:14 from SYSMAN@BDSEDE5
SQL> 
SQL> ALTER TABLE guias
  2  ADD CONSTRAINT gui_emb_fk FOREIGN KEY (gui_emp_numero_matricula,
  3    gui_doc_cbe_ben_sigla)
  4  REFERENCES empregados_beneficios (emb_emp_numero_matricula,emb_ben_sigla)
  5  novalidate;

Tabela alterada.

SQL> -- Start of DDL Script for Constraint IFRSRH2.GUI_LOT_FK
SQL> -- Generated 27-dez-2004 8:32:14 from SYSMAN@BDSEDE5
SQL> 
SQL> ALTER TABLE guias
  2  ADD CONSTRAINT gui_lot_fk FOREIGN KEY (gui_emp_dep_codigo_lotacao)
  3  REFERENCES dependencias (dep_codigo)
  4  novalidate;

Tabela alterada.

SQL> -- Start of DDL Script for Constraint IFRSRH2.GUI_PVB_FK
SQL> -- Generated 27-dez-2004 8:32:16 from SYSMAN@BDSEDE5
SQL> 
SQL> ALTER TABLE guias
  2  ADD CONSTRAINT gui_pvb_fk FOREIGN KEY (gui_emp_numero_matricula,
  3    gui_pvi_sequencial, gui_doc_cbe_ben_sigla, gui_pvb_adesao)
  4  REFERENCES pessoas_vinculadas_benef (pvb_pvi_emp_numero_matricula,pvb_pvi_sequencial,emb_ben_sigla,pvb_adesao)
  5  novalidate;

Tabela alterada.

SQL> -- Start of DDL Script for Constraint IFRSRH2.HAN_PVI_FK
SQL> -- Generated 27-dez-2004 8:32:16 from SYSMAN@BDSEDE5
SQL> 
SQL> ALTER TABLE historico_ans
  2  ADD CONSTRAINT han_pvi_fk FOREIGN KEY (han_emp_numero_matricula,
  3    han_pvi_sequencial)
  4  REFERENCES pessoas_vinculadas (pvi_emp_numero_matricula,pvi_sequencial)
  5  novalidate;

Tabela alterada.

SQL> -- Start of DDL Script for Constraint IFRSRH2.HAN_USU_FK
SQL> -- Generated 27-dez-2004 8:32:16 from SYSMAN@BDSEDE5
SQL> 
SQL> ALTER TABLE historico_ans
  2  ADD CONSTRAINT han_usu_fk FOREIGN KEY (han_cod_usuario_geracao)
  3  REFERENCES seg_usuario (id_usuario)
  4  ENABLE NOVALIDATE
  5  novalidate;
novalidate
*
ERRO na linha 5:
ORA-01735: invalid ALTER TABLE option 


SQL> -- Start of DDL Script for Constraint IFRSRH2.HCD_DEP_FK
SQL> -- Generated 27-dez-2004 8:32:16 from SYSMAN@BDSEDE5
SQL> 
SQL> ALTER TABLE historico_cargos_dependencias
  2  ADD CONSTRAINT hcd_dep_fk FOREIGN KEY (hcd_dep_codigo)
  3  REFERENCES dependencias (dep_codigo)
  4  novalidate;

Tabela alterada.

SQL> -- Start of DDL Script for Constraint IFRSRH2.HDD_HDA_PK
SQL> -- Generated 27-dez-2004 8:32:19 from SYSMAN@BDSEDE5
SQL> 
SQL> ALTER TABLE hist_detalhe_dev_ans
  2  ADD CONSTRAINT hdd_hda_pk FOREIGN KEY (hdd_hda_dt_carga_arq, hdd_hda_cod_usuario,
  3    hdd_hda_nome_arquivo)
  4  REFERENCES historico_devolucao_ans (hda_dt_carga_arq,hda_cod_usuario,hda_nome_arquivo)
  5  novalidate;

Tabela alterada.

SQL> -- Start of DDL Script for Constraint IFRSRH2.HF_DEP_FK
SQL> -- Generated 27-dez-2004 8:32:21 from SYSMAN@BDSEDE5
SQL> 
SQL> ALTER TABLE horarios_frequencia
  2  ADD CONSTRAINT hf_dep_fk FOREIGN KEY (hfr_dep_codigo)
  3  REFERENCES dependencias (dep_codigo)
  4  novalidate;
ADD CONSTRAINT hf_dep_fk FOREIGN KEY (hfr_dep_codigo)
                         *
ERRO na linha 2:
ORA-02275: such a referential constraint already exists in the table 


SQL> -- Start of DDL Script for Constraint IFRSRH2.HFD_FK
SQL> -- Generated 27-dez-2004 8:32:22 from SYSMAN@BDSEDE5
SQL> 
SQL> ALTER TABLE historicos_funcoes_dependencia
  2  ADD CONSTRAINT hfd_fk FOREIGN KEY (hfd_dep_codigo)
  3  REFERENCES dependencias (dep_codigo)
  4  novalidate;
ADD CONSTRAINT hfd_fk FOREIGN KEY (hfd_dep_codigo)
                      *
ERRO na linha 2:
ORA-02275: such a referential constraint already exists in the table 


SQL> -- Start of DDL Script for Constraint IFRSRH2.HFL_HFD_FK
SQL> -- Generated 27-dez-2004 8:32:23 from SYSMAN@BDSEDE5
SQL> 
SQL> ALTER TABLE historicos_funcoes_lotacoes
  2  ADD CONSTRAINT hfl_hfd_fk FOREIGN KEY (hfl_hfd_dep_codigo, hfl_hfd_data_vigencia)
  3  REFERENCES historicos_funcoes_dependencia (hfd_dep_codigo,hfd_data_vigencia)
  4  novalidate;
ADD CONSTRAINT hfl_hfd_fk FOREIGN KEY (hfl_hfd_dep_codigo, hfl_hfd_data_vigencia)
                          *
ERRO na linha 2:
ORA-02275: such a referential constraint already exists in the table 


SQL> -- Start of DDL Script for Constraint IFRSRH2.HGT_EMP_FK
SQL> -- Generated 27-dez-2004 8:32:25 from SYSMAN@BDSEDE5
SQL> 
SQL> ALTER TABLE historico_geracao_tcu
  2  ADD CONSTRAINT hgt_emp_fk FOREIGN KEY (hgt_emp_numero_matricula)
  3  REFERENCES cadastros (emp_numero_matricula)
  4  novalidate;

Tabela alterada.

SQL> -- Start of DDL Script for Constraint IFRSRH2.HNM_GPR_FK
SQL> -- Generated 27-dez-2004 8:32:27 from SYSMAN@BDSEDE5
SQL> 
SQL> ALTER TABLE honorarios_medicos
  2  ADD CONSTRAINT hnm_gpr_fk FOREIGN KEY (hnm_gpr_gui_doc_numero,
  3    hnm_gpr_gui_doc_cbe_ben_sigla, hnm_gpr_gui_doc_cbe_cre_seq,
  4    hnm_gpr_gui_doc_dep_codigo, hnm_gpr_gui_numero, hnm_gpr_sequencial)
  5  REFERENCES guias_procedimentos (gpr_gui_doc_numero,gpr_gui_doc_cbe_ben_sigla,gpr_gui_doc_cbe_cre_sequencial,gpr_gui_doc_dep_codigo,gpr_gui_numero,gpr_sequencial)
  6  ENABLE NOVALIDATE
  7  novalidate;
novalidate
*
ERRO na linha 7:
ORA-01735: invalid ALTER TABLE option 


SQL> -- Start of DDL Script for Constraint IFRSRH2.HNS_NSA_FK
SQL> -- Generated 27-dez-2004 8:32:28 from SYSMAN@BDSEDE5
SQL> 
SQL> ALTER TABLE historico_niveis_salariais
  2  ADD CONSTRAINT hns_nsa_fk FOREIGN KEY (hns_nsa_codigo_nivel,
  3    hns_nsa_codigo_padrao, hns_nsa_indicador_nivel_escola)
  4  REFERENCES niveis_salariais (nsa_codigo_nivel,nsa_codigo_padrao,nsa_indicador_nivel_escola)
  5  novalidate;
ADD CONSTRAINT hns_nsa_fk FOREIGN KEY (hns_nsa_codigo_nivel,
                          *
ERRO na linha 2:
ORA-02275: such a referential constraint already exists in the table 


SQL> -- Start of DDL Script for Constraint IFRSRH2.HPI_EMP_FK
SQL> -- Generated 27-dez-2004 8:32:29 from SYSMAN@BDSEDE5
SQL> 
SQL> ALTER TABLE hist_pericul_insalub
  2  ADD CONSTRAINT hpi_emp_fk FOREIGN KEY (hpi_emp_numero_matricula)
  3  REFERENCES cadastros (emp_numero_matricula)
  4  novalidate;
ADD CONSTRAINT hpi_emp_fk FOREIGN KEY (hpi_emp_numero_matricula)
                          *
ERRO na linha 2:
ORA-02275: such a referential constraint already exists in the table 


SQL> -- Start of DDL Script for Constraint IFRSRH2.HPS_BSG_FK
SQL> -- Generated 27-dez-2004 8:32:30 from SYSMAN@BDSEDE5
SQL> 
SQL> ALTER TABLE historicos_processos_sinistros
  2  ADD CONSTRAINT hps_bsg_fk FOREIGN KEY (hps_bsg_sequencial)
  3  REFERENCES beneficiarios_seguros (bsg_sequencial)
  4  novalidate;
ADD CONSTRAINT hps_bsg_fk FOREIGN KEY (hps_bsg_sequencial)
                          *
ERRO na linha 2:
ORA-02275: such a referential constraint already exists in the table 


SQL> -- Start of DDL Script for Constraint IFRSRH2.HPS_DEP_RESP_FK
SQL> -- Generated 27-dez-2004 8:32:30 from SYSMAN@BDSEDE5
SQL> 
SQL> ALTER TABLE historicos_processos_sinistros
  2  ADD CONSTRAINT hps_dep_resp_fk FOREIGN KEY (hps_dep_resp_incl)
  3  REFERENCES dependencias (dep_codigo)
  4  novalidate;
ADD CONSTRAINT hps_dep_resp_fk FOREIGN KEY (hps_dep_resp_incl)
                               *
ERRO na linha 2:
ORA-02275: such a referential constraint already exists in the table 


SQL> -- Start of DDL Script for Constraint IFRSRH2.HPS_EMB_FK
SQL> -- Generated 27-dez-2004 8:32:30 from SYSMAN@BDSEDE5
SQL> 
SQL> ALTER TABLE historicos_processos_sinistros
  2  ADD CONSTRAINT hps_emb_fk FOREIGN KEY (hps_emb_emp_numero_matricula,
  3    hps_emb_ben_sigla)
  4  REFERENCES empregados_beneficios (emb_emp_numero_matricula,emb_ben_sigla)
  5  novalidate;
ADD CONSTRAINT hps_emb_fk FOREIGN KEY (hps_emb_emp_numero_matricula,
                          *
ERRO na linha 2:
ORA-02275: such a referential constraint already exists in the table 


SQL> -- Start of DDL Script for Constraint IFRSRH2.HPS_SIN_FK
SQL> -- Generated 27-dez-2004 8:32:31 from SYSMAN@BDSEDE5
SQL> 
SQL> ALTER TABLE historicos_processos_sinistros
  2  ADD CONSTRAINT hps_sin_fk FOREIGN KEY (hps_sin_sequencial)
  3  REFERENCES sinistros (sin_sequencial)
  4  novalidate;

Tabela alterada.

SQL> -- Start of DDL Script for Constraint IFRSRH2.HST_MOV_EMP_FK
SQL> -- Generated 27-dez-2004 8:32:31 from SYSMAN@BDSEDE5
SQL> 
SQL> ALTER TABLE historico_movimentacao
  2  ADD CONSTRAINT hst_mov_emp_fk FOREIGN KEY (mov_emp_numero_matricula)
  3  REFERENCES cadastros (emp_numero_matricula)
  4  novalidate;
ADD CONSTRAINT hst_mov_emp_fk FOREIGN KEY (mov_emp_numero_matricula)
                              *
ERRO na linha 2:
ORA-02275: such a referential constraint already exists in the table 


SQL> -- Start of DDL Script for Constraint IFRSRH2.HST_MOV_FORM_FK
SQL> -- Generated 27-dez-2004 8:32:32 from SYSMAN@BDSEDE5
SQL> 
SQL> ALTER TABLE historico_movimentacao
  2  ADD CONSTRAINT hst_mov_form_fk FOREIGN KEY (mov_for_codigo)
  3  REFERENCES formulas (for_codigo)
  4  novalidate;
ADD CONSTRAINT hst_mov_form_fk FOREIGN KEY (mov_for_codigo)
                               *
ERRO na linha 2:
ORA-02275: such a referential constraint already exists in the table 


SQL> -- Start of DDL Script for Constraint IFRSRH2.HST_MOV_OEM_FK
SQL> -- Generated 27-dez-2004 8:32:32 from SYSMAN@BDSEDE5
SQL> 
SQL> ALTER TABLE historico_movimentacao
  2  ADD CONSTRAINT hst_mov_oem_fk FOREIGN KEY (mov_oem_emp_numero_matricula,
  3    mov_oem_ofu_codigo, mov_oem_data_inicio)
  4  REFERENCES ocorrencias_empregados (oem_emp_numero_matricula,oem_ofu_codigo,oem_data_inicio)
  5  novalidate;
ADD CONSTRAINT hst_mov_oem_fk FOREIGN KEY (mov_oem_emp_numero_matricula,
                              *
ERRO na linha 2:
ORA-02275: such a referential constraint already exists in the table 


SQL> -- Start of DDL Script for Constraint IFRSRH2.HST_MOV_RUB_FK
SQL> -- Generated 27-dez-2004 8:32:33 from SYSMAN@BDSEDE5
SQL> 
SQL> ALTER TABLE historico_movimentacao
  2  ADD CONSTRAINT hst_mov_rub_fk FOREIGN KEY (mov_rub_codigo)
  3  REFERENCES rubricas (rub_codigo)
  4  novalidate;

Tabela alterada.

SQL> -- Start of DDL Script for Constraint IFRSRH2.HTD_DEP_FK
SQL> -- Generated 27-dez-2004 8:32:33 from SYSMAN@BDSEDE5
SQL> 
SQL> ALTER TABLE horarios_trabalho_dep
  2  ADD CONSTRAINT htd_dep_fk FOREIGN KEY (htd_dep_codigo)
  3  REFERENCES dependencias (dep_codigo)
  4  novalidate;
ADD CONSTRAINT htd_dep_fk FOREIGN KEY (htd_dep_codigo)
                          *
ERRO na linha 2:
ORA-02275: such a referential constraint already exists in the table 


SQL> -- Start of DDL Script for Constraint IFRSRH2.HTD_HTR_FK
SQL> -- Generated 27-dez-2004 8:32:33 from SYSMAN@BDSEDE5
SQL> 
SQL> ALTER TABLE horarios_trabalho_dep
  2  ADD CONSTRAINT htd_htr_fk FOREIGN KEY (htd_htr_codigo)
  3  REFERENCES horarios_trabalhos (htr_codigo)
  4  novalidate;
ADD CONSTRAINT htd_htr_fk FOREIGN KEY (htd_htr_codigo)
                          *
ERRO na linha 2:
ORA-02275: such a referential constraint already exists in the table 


SQL> -- Start of DDL Script for Constraint IFRSRH2.IAB_DEP_FK
SQL> -- Generated 27-dez-2004 8:32:35 from SYSMAN@BDSEDE5
SQL> 
SQL> ALTER TABLE indice_absenteismo
  2  ADD CONSTRAINT iab_dep_fk FOREIGN KEY (iab_dep_codigo)
  3  REFERENCES dependencias (dep_codigo)
  4  novalidate;
ADD CONSTRAINT iab_dep_fk FOREIGN KEY (iab_dep_codigo)
                          *
ERRO na linha 2:
ORA-02275: such a referential constraint already exists in the table 


SQL> -- Start of DDL Script for Constraint IFRSRH2.IAB_OFU_FK
SQL> -- Generated 27-dez-2004 8:32:35 from SYSMAN@BDSEDE5
SQL> 
SQL> ALTER TABLE indice_absenteismo
  2  ADD CONSTRAINT iab_ofu_fk FOREIGN KEY (iab_ofu_codigo)
  3  REFERENCES tipos_ocorrencias (ofu_codigo)
  4  novalidate;

Tabela alterada.

SQL> -- Start of DDL Script for Constraint IFRSRH2.ICL_HCD_FK
SQL> -- Generated 27-dez-2004 8:32:36 from SYSMAN@BDSEDE5
SQL> 
SQL> ALTER TABLE historico_cargos_lotacao
  2  ADD CONSTRAINT icl_hcd_fk FOREIGN KEY (icl_hcd_dep_codigo, icl_hcd_data_vigencia)
  3  REFERENCES historico_cargos_dependencias (hcd_dep_codigo,hcd_data_vigencia)
  4  novalidate;

Tabela alterada.

SQL> -- Start of DDL Script for Constraint IFRSRH2.ICL_UOR_FK
SQL> -- Generated 27-dez-2004 8:32:36 from SYSMAN@BDSEDE5
SQL> 
SQL> ALTER TABLE historico_cargos_lotacao
  2  ADD CONSTRAINT icl_uor_fk FOREIGN KEY (icl_uor_codigo)
  3  REFERENCES unidades_organizacionais (uor_codigo)
  4  novalidate;

Tabela alterada.

SQL> -- Start of DDL Script for Constraint IFRSRH2.ILI_LTF_FK
SQL> -- Generated 27-dez-2004 8:32:38 from SYSMAN@BDSEDE5
SQL> 
SQL> ALTER TABLE itinerarios_linhas_transportes
  2  ADD CONSTRAINT ili_ltf_fk FOREIGN KEY (ili_ltf_numero, ili_ltf_dep_codigo)
  3  REFERENCES linhas_transportes_fretados (ltf_numero,ltf_dep_codigo)
  4  novalidate;
ADD CONSTRAINT ili_ltf_fk FOREIGN KEY (ili_ltf_numero, ili_ltf_dep_codigo)
                          *
ERRO na linha 2:
ORA-02275: such a referential constraint already exists in the table 


SQL> -- Start of DDL Script for Constraint IFRSRH2.IND_BEN_FK
SQL> -- Generated 27-dez-2004 8:32:39 from SYSMAN@BDSEDE5
SQL> 
SQL> ALTER TABLE indices
  2  ADD CONSTRAINT ind_ben_fk FOREIGN KEY (ind_ben_sigla)
  3  REFERENCES beneficios (ben_sigla)
  4  novalidate;
ADD CONSTRAINT ind_ben_fk FOREIGN KEY (ind_ben_sigla)
                          *
ERRO na linha 2:
ORA-02275: such a referential constraint already exists in the table 


SQL> -- Start of DDL Script for Constraint IFRSRH2.IND_CRE_FK
SQL> -- Generated 27-dez-2004 8:32:39 from SYSMAN@BDSEDE5
SQL> 
SQL> ALTER TABLE indices
  2  ADD CONSTRAINT ind_cre_fk FOREIGN KEY (ind_cre_sequencial)
  3  REFERENCES credenciados (cre_sequencial)
  4  novalidate;
ADD CONSTRAINT ind_cre_fk FOREIGN KEY (ind_cre_sequencial)
                          *
ERRO na linha 2:
ORA-02275: such a referential constraint already exists in the table 


SQL> -- Start of DDL Script for Constraint IFRSRH2.IND_IDX_FK
SQL> -- Generated 27-dez-2004 8:32:39 from SYSMAN@BDSEDE5
SQL> 
SQL> ALTER TABLE indices
  2  ADD CONSTRAINT ind_idx_fk FOREIGN KEY (ind_idx_sigla)
  3  REFERENCES indexadores (idx_sigla)
  4  novalidate;
ADD CONSTRAINT ind_idx_fk FOREIGN KEY (ind_idx_sigla)
                          *
ERRO na linha 2:
ORA-02275: such a referential constraint already exists in the table 


SQL> -- Start of DDL Script for Constraint IFRSRH2.INTERNA_GUI_FK
SQL> -- Generated 27-dez-2004 8:32:40 from SYSMAN@BDSEDE5
SQL> 
SQL> ALTER TABLE internacao
  2  ADD CONSTRAINT interna_gui_fk FOREIGN KEY (int_gui_doc_numero,
  3    int_gui_doc_cbe_ben_sigla, int_gui_doc_cbe_cre_sequencial,
  4    int_gui_doc_dep_codigo, int_gui_numero)
  5  REFERENCES guias (gui_doc_numero,gui_doc_cbe_ben_sigla,gui_doc_cbe_cre_sequencial,gui_doc_dep_codigo,gui_numero)
  6  novalidate;
ADD CONSTRAINT interna_gui_fk FOREIGN KEY (int_gui_doc_numero,
                              *
ERRO na linha 2:
ORA-02275: such a referential constraint already exists in the table 


SQL> -- Start of DDL Script for Constraint IFRSRH2.IRU_RUB_FK
SQL> -- Generated 27-dez-2004 8:32:41 from SYSMAN@BDSEDE5
SQL> 
SQL> ALTER TABLE incidencias_rubricas
  2  ADD CONSTRAINT iru_rub_fk FOREIGN KEY (iru_rub_codigo)
  3  REFERENCES rubricas (rub_codigo)
  4  novalidate;

Tabela alterada.

SQL> -- Start of DDL Script for Constraint IFRSRH2.IRU_RUB2_FK
SQL> -- Generated 27-dez-2004 8:32:41 from SYSMAN@BDSEDE5
SQL> 
SQL> ALTER TABLE incidencias_rubricas
  2  ADD CONSTRAINT iru_rub2_fk FOREIGN KEY (iru_rub_codigo_incide)
  3  REFERENCES rubricas (rub_codigo)
  4  novalidate;

Tabela alterada.

SQL> -- Start of DDL Script for Constraint IFRSRH2.ITIN_LIN_TRANS_VAL_DEPENDEN
SQL> -- Generated 27-dez-2004 8:32:41 from SYSMAN@BDSEDE5
SQL> 
SQL> ALTER TABLE itinerarios_linhas_transportes
  2  ADD CONSTRAINT itin_lin_trans_val_dependen FOREIGN KEY (ili_dep_resp_incl)
  3  REFERENCES dependencias (dep_codigo)
  4  novalidate;
ADD CONSTRAINT itin_lin_trans_val_dependen FOREIGN KEY (ili_dep_resp_incl)
                                           *
ERRO na linha 2:
ORA-02275: such a referential constraint already exists in the table 


SQL> -- Start of DDL Script for Constraint IFRSRH2.LET_EMB_FK
SQL> -- Generated 27-dez-2004 8:32:42 from SYSMAN@BDSEDE5
SQL> 
SQL> ALTER TABLE listas_esperas_transportes
  2  ADD CONSTRAINT let_emb_fk FOREIGN KEY (let_emb_emp_numero_matricula,
  3    let_emb_ben_sigla)
  4  REFERENCES empregados_beneficios (emb_emp_numero_matricula,emb_ben_sigla)
  5  novalidate;
ADD CONSTRAINT let_emb_fk FOREIGN KEY (let_emb_emp_numero_matricula,
                          *
ERRO na linha 2:
ORA-02275: such a referential constraint already exists in the table 


SQL> -- Start of DDL Script for Constraint IFRSRH2.LET_LTF_FK
SQL> -- Generated 27-dez-2004 8:32:42 from SYSMAN@BDSEDE5
SQL> 
SQL> ALTER TABLE listas_esperas_transportes
  2  ADD CONSTRAINT let_ltf_fk FOREIGN KEY (let_ltf_numero, let_ltf_dep_codigo)
  3  REFERENCES linhas_transportes_fretados (ltf_numero,ltf_dep_codigo)
  4  novalidate;
ADD CONSTRAINT let_ltf_fk FOREIGN KEY (let_ltf_numero, let_ltf_dep_codigo)
                          *
ERRO na linha 2:
ORA-02275: such a referential constraint already exists in the table 


SQL> -- Start of DDL Script for Constraint IFRSRH2.LIN_TRANS_FRET_VAL_DEPENDEN
SQL> -- Generated 27-dez-2004 8:32:43 from SYSMAN@BDSEDE5
SQL> 
SQL> ALTER TABLE linhas_transportes_fretados
  2  ADD CONSTRAINT lin_trans_fret_val_dependen FOREIGN KEY (ltf_dep_resp_incl)
  3  REFERENCES dependencias (dep_codigo)
  4  novalidate;
ADD CONSTRAINT lin_trans_fret_val_dependen FOREIGN KEY (ltf_dep_resp_incl)
                                           *
ERRO na linha 2:
ORA-02275: such a referential constraint already exists in the table 


SQL> -- Start of DDL Script for Constraint IFRSRH2.LIS_ESPER_TRANS_VAL_DEPENDEN
SQL> -- Generated 27-dez-2004 8:32:43 from SYSMAN@BDSEDE5
SQL> 
SQL> ALTER TABLE listas_esperas_transportes
  2  ADD CONSTRAINT lis_esper_trans_val_dependen FOREIGN KEY (let_dep_resp_incl)
  3  REFERENCES dependencias (dep_codigo)
  4  novalidate;
ADD CONSTRAINT lis_esper_trans_val_dependen FOREIGN KEY (let_dep_resp_incl)
                                            *
ERRO na linha 2:
ORA-02275: such a referential constraint already exists in the table 


SQL> -- Start of DDL Script for Constraint IFRSRH2.LOA_CRE_FK
SQL> -- Generated 27-dez-2004 8:32:43 from SYSMAN@BDSEDE5
SQL> 
SQL> ALTER TABLE local_atendimento
  2  ADD CONSTRAINT loa_cre_fk FOREIGN KEY (loa_cre_sequencial)
  3  REFERENCES credenciados (cre_sequencial)
  4  novalidate;
ADD CONSTRAINT loa_cre_fk FOREIGN KEY (loa_cre_sequencial)
                          *
ERRO na linha 2:
ORA-02275: such a referential constraint already exists in the table 


SQL> -- Start of DDL Script for Constraint IFRSRH2.LOA_DEP_FK
SQL> -- Generated 27-dez-2004 8:32:44 from SYSMAN@BDSEDE5
SQL> 
SQL> ALTER TABLE local_atendimento
  2  ADD CONSTRAINT loa_dep_fk FOREIGN KEY (loa_dep_codigo)
  3  REFERENCES dependencias (dep_codigo)
  4  novalidate;
ADD CONSTRAINT loa_dep_fk FOREIGN KEY (loa_dep_codigo)
                          *
ERRO na linha 2:
ORA-02275: such a referential constraint already exists in the table 


SQL> -- Start of DDL Script for Constraint IFRSRH2.LPL_CRE_SEQUENCIAL_FK
SQL> -- Generated 27-dez-2004 8:32:45 from SYSMAN@BDSEDE5
SQL> 
SQL> ALTER TABLE lpm_local
  2  ADD CONSTRAINT lpl_cre_sequencial_fk FOREIGN KEY (lpl_cre_sequencial)
  3  REFERENCES credenciados (cre_sequencial)
  4  novalidate;
ADD CONSTRAINT lpl_cre_sequencial_fk FOREIGN KEY (lpl_cre_sequencial)
                                     *
ERRO na linha 2:
ORA-02275: such a referential constraint already exists in the table 


SQL> -- Start of DDL Script for Constraint IFRSRH2.LPM_ESP_TIPO_FK
SQL> -- Generated 27-dez-2004 8:32:45 from SYSMAN@BDSEDE5
SQL> 
SQL> ALTER TABLE lpm
  2  ADD CONSTRAINT lpm_esp_tipo_fk FOREIGN KEY (lpm_esp_tipo, lpm_esp_numero)
  3  REFERENCES especialidades (esp_tipo,esp_numero)
  4  novalidate;
ADD CONSTRAINT lpm_esp_tipo_fk FOREIGN KEY (lpm_esp_tipo, lpm_esp_numero)
                               *
ERRO na linha 2:
ORA-02275: such a referential constraint already exists in the table 


SQL> -- Start of DDL Script for Constraint IFRSRH2.LPR_EMP_FK
SQL> -- Generated 27-dez-2004 8:32:46 from SYSMAN@BDSEDE5
SQL> 
SQL> ALTER TABLE licenca_premio
  2  ADD CONSTRAINT lpr_emp_fk FOREIGN KEY (lpr_emp_numero_matricula)
  3  REFERENCES cadastros (emp_numero_matricula)
  4  novalidate;
ADD CONSTRAINT lpr_emp_fk FOREIGN KEY (lpr_emp_numero_matricula)
                          *
ERRO na linha 2:
ORA-02275: such a referential constraint already exists in the table 


SQL> -- Start of DDL Script for Constraint IFRSRH2.LTF_CRE_FK
SQL> -- Generated 27-dez-2004 8:32:47 from SYSMAN@BDSEDE5
SQL> 
SQL> ALTER TABLE linhas_transportes_fretados
  2  ADD CONSTRAINT ltf_cre_fk FOREIGN KEY (ltf_cre_sequencial)
  3  REFERENCES credenciados (cre_sequencial)
  4  novalidate;
ADD CONSTRAINT ltf_cre_fk FOREIGN KEY (ltf_cre_sequencial)
                          *
ERRO na linha 2:
ORA-02275: such a referential constraint already exists in the table 


SQL> -- Start of DDL Script for Constraint IFRSRH2.LTF_DEP_FK
SQL> -- Generated 27-dez-2004 8:32:47 from SYSMAN@BDSEDE5
SQL> 
SQL> ALTER TABLE linhas_transportes_fretados
  2  ADD CONSTRAINT ltf_dep_fk FOREIGN KEY (ltf_dep_codigo)
  3  REFERENCES dependencias (dep_codigo)
  4  novalidate;
ADD CONSTRAINT ltf_dep_fk FOREIGN KEY (ltf_dep_codigo)
                          *
ERRO na linha 2:
ORA-02275: such a referential constraint already exists in the table 


SQL> -- Start of DDL Script for Constraint IFRSRH2.LTF_FLT_FK
SQL> -- Generated 27-dez-2004 8:32:47 from SYSMAN@BDSEDE5
SQL> 
SQL> ALTER TABLE linhas_transportes_fretados
  2  ADD CONSTRAINT ltf_flt_fk FOREIGN KEY (ltf_flt_emp_numero_matricula)
  3  REFERENCES fiscais_linhas_transportes (flt_emp_numero_matricula)
  4  novalidate;
ADD CONSTRAINT ltf_flt_fk FOREIGN KEY (ltf_flt_emp_numero_matricula)
                          *
ERRO na linha 2:
ORA-02275: such a referential constraint already exists in the table 


SQL> -- Start of DDL Script for Constraint IFRSRH2.MAC_CBO_FK
SQL> -- Generated 27-dez-2004 8:32:48 from SYSMAN@BDSEDE5
SQL> 
SQL> ALTER TABLE movimentacao_autonomo_cooperat
  2  ADD CONSTRAINT mac_cbo_fk FOREIGN KEY (mac_cbo_codigo, mac_cbo_dta_inicio)
  3  REFERENCES cbo (cbo_codigo,cbo_dta_inicio)
  4  novalidate;
ADD CONSTRAINT mac_cbo_fk FOREIGN KEY (mac_cbo_codigo, mac_cbo_dta_inicio)
                          *
ERRO na linha 2:
ORA-02275: such a referential constraint already exists in the table 


SQL> -- Start of DDL Script for Constraint IFRSRH2.MAC_CRE_FK
SQL> -- Generated 27-dez-2004 8:32:48 from SYSMAN@BDSEDE5
SQL> 
SQL> ALTER TABLE movimentacao_autonomo_cooperat
  2  ADD CONSTRAINT mac_cre_fk FOREIGN KEY (mac_cre_sequencial)
  3  REFERENCES credenciados (cre_sequencial)
  4  novalidate;
ADD CONSTRAINT mac_cre_fk FOREIGN KEY (mac_cre_sequencial)
                          *
ERRO na linha 2:
ORA-02275: such a referential constraint already exists in the table 


SQL> -- Start of DDL Script for Constraint IFRSRH2.MAC_DEP_FK
SQL> -- Generated 27-dez-2004 8:32:48 from SYSMAN@BDSEDE5
SQL> 
SQL> ALTER TABLE movimentacao_autonomo_cooperat
  2  ADD CONSTRAINT mac_dep_fk FOREIGN KEY (mac_dep_codigo)
  3  REFERENCES dependencias (dep_codigo)
  4  novalidate;
ADD CONSTRAINT mac_dep_fk FOREIGN KEY (mac_dep_codigo)
                          *
ERRO na linha 2:
ORA-02275: such a referential constraint already exists in the table 


SQL> -- Start of DDL Script for Constraint IFRSRH2.MCT_DEP_FK
SQL> -- Generated 27-dez-2004 8:32:48 from SYSMAN@BDSEDE5
SQL> 
SQL> ALTER TABLE medias_categorias_transportes
  2  ADD CONSTRAINT mct_dep_fk FOREIGN KEY (mct_dep_codigo)
  3  REFERENCES dependencias (dep_codigo)
  4  novalidate;
ADD CONSTRAINT mct_dep_fk FOREIGN KEY (mct_dep_codigo)
                          *
ERRO na linha 2:
ORA-02275: such a referential constraint already exists in the table 


SQL> -- Start of DDL Script for Constraint IFRSRH2.MEC_DEP_FK
SQL> -- Generated 27-dez-2004 8:32:50 from SYSMAN@BDSEDE5
SQL> 
SQL> ALTER TABLE mensagens_contracheques
  2  ADD CONSTRAINT mec_dep_fk FOREIGN KEY (mec_dep_codigo)
  3  REFERENCES dependencias (dep_codigo)
  4  novalidate;
ADD CONSTRAINT mec_dep_fk FOREIGN KEY (mec_dep_codigo)
                          *
ERRO na linha 2:
ORA-02275: such a referential constraint already exists in the table 


SQL> -- Start of DDL Script for Constraint IFRSRH2.MOV_EMP_FK
SQL> -- Generated 27-dez-2004 8:32:52 from SYSMAN@BDSEDE5
SQL> 
SQL> ALTER TABLE movimentacao
  2  ADD CONSTRAINT mov_emp_fk FOREIGN KEY (mov_emp_numero_matricula)
  3  REFERENCES cadastros (emp_numero_matricula)
  4  novalidate;
ADD CONSTRAINT mov_emp_fk FOREIGN KEY (mov_emp_numero_matricula)
                          *
ERRO na linha 2:
ORA-02275: such a referential constraint already exists in the table 


SQL> -- Start of DDL Script for Constraint IFRSRH2.MOV_FORM_FK
SQL> -- Generated 27-dez-2004 8:32:52 from SYSMAN@BDSEDE5
SQL> 
SQL> ALTER TABLE movimentacao
  2  ADD CONSTRAINT mov_form_fk FOREIGN KEY (mov_for_codigo)
  3  REFERENCES formulas (for_codigo)
  4  novalidate;
ADD CONSTRAINT mov_form_fk FOREIGN KEY (mov_for_codigo)
                           *
ERRO na linha 2:
ORA-02275: such a referential constraint already exists in the table 


SQL> -- Start of DDL Script for Constraint IFRSRH2.MOV_OEM_FK
SQL> -- Generated 27-dez-2004 8:32:52 from SYSMAN@BDSEDE5
SQL> 
SQL> ALTER TABLE movimentacao
  2  ADD CONSTRAINT mov_oem_fk FOREIGN KEY (mov_oem_emp_numero_matricula,
  3    mov_oem_ofu_codigo, mov_oem_data_inicio)
  4  REFERENCES ocorrencias_empregados (oem_emp_numero_matricula,oem_ofu_codigo,oem_data_inicio)
  5  DISABLE NOVALIDATE
  6  novalidate;
novalidate
*
ERRO na linha 6:
ORA-01735: invalid ALTER TABLE option 


SQL> -- Start of DDL Script for Constraint IFRSRH2.MOV_PEN_FK
SQL> -- Generated 27-dez-2004 8:32:52 from SYSMAN@BDSEDE5
SQL> 
SQL> ALTER TABLE movimentacao
  2  ADD CONSTRAINT mov_pen_fk FOREIGN KEY (mov_emp_numero_matricula, mov_pen_codigo)
  3  REFERENCES pensionistas (pen_emp_numero_matricula,pen_codigo)
  4  ENABLE NOVALIDATE
  5  novalidate;
novalidate
*
ERRO na linha 5:
ORA-01735: invalid ALTER TABLE option 


SQL> -- Start of DDL Script for Constraint IFRSRH2.MOV_RUB_FK
SQL> -- Generated 27-dez-2004 8:32:54 from SYSMAN@BDSEDE5
SQL> 
SQL> ALTER TABLE movimentacao
  2  ADD CONSTRAINT mov_rub_fk FOREIGN KEY (mov_rub_codigo)
  3  REFERENCES rubricas (rub_codigo)
  4  novalidate;

Tabela alterada.

SQL> -- Start of DDL Script for Constraint IFRSRH2.OEM_DEP_FK
SQL> -- Generated 27-dez-2004 8:32:56 from SYSMAN@BDSEDE5
SQL> 
SQL> ALTER TABLE ocorrencias_empregados
  2  ADD CONSTRAINT oem_dep_fk FOREIGN KEY (oem_dep_codigo)
  3  REFERENCES dependencias (dep_codigo)
  4  novalidate;
ADD CONSTRAINT oem_dep_fk FOREIGN KEY (oem_dep_codigo)
                          *
ERRO na linha 2:
ORA-02275: such a referential constraint already exists in the table 


SQL> -- Start of DDL Script for Constraint IFRSRH2.OEM_EMP_FK
SQL> -- Generated 27-dez-2004 8:32:57 from SYSMAN@BDSEDE5
SQL> 
SQL> ALTER TABLE ocorrencias_empregados
  2  ADD CONSTRAINT oem_emp_fk FOREIGN KEY (oem_emp_numero_matricula)
  3  REFERENCES cadastros (emp_numero_matricula)
  4  novalidate;
ADD CONSTRAINT oem_emp_fk FOREIGN KEY (oem_emp_numero_matricula)
                          *
ERRO na linha 2:
ORA-02275: such a referential constraint already exists in the table 


SQL> -- Start of DDL Script for Constraint IFRSRH2.OEM_EMP_SUBSTITUIR_FK
SQL> -- Generated 27-dez-2004 8:32:57 from SYSMAN@BDSEDE5
SQL> 
SQL> ALTER TABLE ocorrencias_empregados
  2  ADD CONSTRAINT oem_emp_substituir_fk FOREIGN KEY (oem_emp_numero_matricula_subst)
  3  REFERENCES cadastros (emp_numero_matricula)
  4  novalidate;
ADD CONSTRAINT oem_emp_substituir_fk FOREIGN KEY (oem_emp_numero_matricula_subst)
                                     *
ERRO na linha 2:
ORA-02275: such a referential constraint already exists in the table 


SQL> -- Start of DDL Script for Constraint IFRSRH2.OEM_OEM_FK
SQL> -- Generated 27-dez-2004 8:32:57 from SYSMAN@BDSEDE5
SQL> 
SQL> ALTER TABLE ocorrencias_empregados
  2  ADD CONSTRAINT oem_oem_fk FOREIGN KEY (oem_oem_emp_numero_matricula,
  3    oem_oem_ofu_codigo, oem_oem_data_inicio)
  4  REFERENCES ocorrencias_empregados (oem_emp_numero_matricula,oem_ofu_codigo,oem_data_inicio)
  5  novalidate;
ADD CONSTRAINT oem_oem_fk FOREIGN KEY (oem_oem_emp_numero_matricula,
                          *
ERRO na linha 2:
ORA-02275: such a referential constraint already exists in the table 


SQL> -- Start of DDL Script for Constraint IFRSRH2.OEM_OFU_FK
SQL> -- Generated 27-dez-2004 8:32:57 from SYSMAN@BDSEDE5
SQL> 
SQL> ALTER TABLE ocorrencias_empregados
  2  ADD CONSTRAINT oem_ofu_fk FOREIGN KEY (oem_ofu_codigo)
  3  REFERENCES tipos_ocorrencias (ofu_codigo)
  4  novalidate;

Tabela alterada.

SQL> -- Start of DDL Script for Constraint IFRSRH2.OEM_PFE_CONFIRM1_FK
SQL> -- Generated 27-dez-2004 8:32:57 from SYSMAN@BDSEDE5
SQL> 
SQL> ALTER TABLE ocorrencias_empregados
  2  ADD CONSTRAINT oem_pfe_confirm1_fk FOREIGN KEY (oem_pfe_emp_num_matr_confirm1,
  3    oem_pfe_sequencial_confirm1)
  4  REFERENCES programacoes_ferias (pfe_emp_numero_matricula,pfe_sequencial)
  5  novalidate;

Tabela alterada.

SQL> -- Start of DDL Script for Constraint IFRSRH2.OEM_PFE_CONFIRM2_FK
SQL> -- Generated 27-dez-2004 8:32:57 from SYSMAN@BDSEDE5
SQL> 
SQL> ALTER TABLE ocorrencias_empregados
  2  ADD CONSTRAINT oem_pfe_confirm2_fk FOREIGN KEY (oem_pfe_emp_num_matr_confirm2,
  3    oem_pfe_sequencial_confirm2)
  4  REFERENCES programacoes_ferias (pfe_emp_numero_matricula,pfe_sequencial)
  5  novalidate;

Tabela alterada.

SQL> -- Start of DDL Script for Constraint IFRSRH2.OEM_PFE_PROGRAM_FK
SQL> -- Generated 27-dez-2004 8:32:58 from SYSMAN@BDSEDE5
SQL> 
SQL> ALTER TABLE ocorrencias_empregados
  2  ADD CONSTRAINT oem_pfe_program_fk FOREIGN KEY (oem_pfe_emp_num_matr_program,
  3    oem_pfe_sequencial_program)
  4  REFERENCES programacoes_ferias (pfe_emp_numero_matricula,pfe_sequencial)
  5  novalidate;

Tabela alterada.

SQL> -- Start of DDL Script for Constraint IFRSRH2.OEM_UOR_FK
SQL> -- Generated 27-dez-2004 8:33:00 from SYSMAN@BDSEDE5
SQL> 
SQL> ALTER TABLE ocorrencias_empregados
  2  ADD CONSTRAINT oem_uor_fk FOREIGN KEY (oem_uor_codigo)
  3  REFERENCES unidades_organizacionais (uor_codigo)
  4  novalidate;
ADD CONSTRAINT oem_uor_fk FOREIGN KEY (oem_uor_codigo)
                          *
ERRO na linha 2:
ORA-02275: such a referential constraint already exists in the table 


SQL> -- Start of DDL Script for Constraint IFRSRH2.OFE_DEP_FK
SQL> -- Generated 27-dez-2004 8:33:00 from SYSMAN@BDSEDE5
SQL> 
SQL> ALTER TABLE ocorrencias_frequencia_emp
  2  ADD CONSTRAINT ofe_dep_fk FOREIGN KEY (ofe_dep_codigo)
  3  REFERENCES dependencias (dep_codigo)
  4  novalidate;
ADD CONSTRAINT ofe_dep_fk FOREIGN KEY (ofe_dep_codigo)
                          *
ERRO na linha 2:
ORA-02275: such a referential constraint already exists in the table 


SQL> -- Start of DDL Script for Constraint IFRSRH2.OFE_EMP_FK
SQL> -- Generated 27-dez-2004 8:33:01 from SYSMAN@BDSEDE5
SQL> 
SQL> ALTER TABLE ocorrencias_frequencia_emp
  2  ADD CONSTRAINT ofe_emp_fk FOREIGN KEY (ofe_emp_numero_matricula)
  3  REFERENCES cadastros (emp_numero_matricula)
  4  novalidate;
ADD CONSTRAINT ofe_emp_fk FOREIGN KEY (ofe_emp_numero_matricula)
                          *
ERRO na linha 2:
ORA-02275: such a referential constraint already exists in the table 


SQL> -- Start of DDL Script for Constraint IFRSRH2.OFE_OFE_FK
SQL> -- Generated 27-dez-2004 8:33:01 from SYSMAN@BDSEDE5
SQL> 
SQL> ALTER TABLE ocorrencias_frequencia_emp
  2  ADD CONSTRAINT ofe_ofe_fk FOREIGN KEY (ofe_ofe_emp_numero_matricula,
  3    ofe_ofe_ofu_codigo, ofe_ofe_data_inicio)
  4  REFERENCES ocorrencias_frequencia_emp (ofe_emp_numero_matricula,ofe_ofu_codigo,ofe_data_inicio)
  5  novalidate;
ADD CONSTRAINT ofe_ofe_fk FOREIGN KEY (ofe_ofe_emp_numero_matricula,
                          *
ERRO na linha 2:
ORA-02275: such a referential constraint already exists in the table 


SQL> -- Start of DDL Script for Constraint IFRSRH2.OFE_OFU_FK
SQL> -- Generated 27-dez-2004 8:33:01 from SYSMAN@BDSEDE5
SQL> 
SQL> ALTER TABLE ocorrencias_frequencia_emp
  2  ADD CONSTRAINT ofe_ofu_fk FOREIGN KEY (ofe_ofu_codigo)
  3  REFERENCES tipos_ocorrencias (ofu_codigo)
  4  novalidate;

Tabela alterada.

SQL> -- Start of DDL Script for Constraint IFRSRH2.OFU_INDICADOR_TIPO_FK
SQL> -- Generated 27-dez-2004 8:33:02 from SYSMAN@BDSEDE5
SQL> 
SQL> ALTER TABLE tipos_ocorrencias
  2  ADD CONSTRAINT ofu_indicador_tipo_fk FOREIGN KEY (ofu_indicador_tipo)
  3  REFERENCES grupos_ocorrencias_funcionais (gof_codigo)
  4  novalidate;
ADD CONSTRAINT ofu_indicador_tipo_fk FOREIGN KEY (ofu_indicador_tipo)
                                     *
ERRO na linha 2:
ORA-02275: such a referential constraint already exists in the table 


SQL> -- Start of DDL Script for Constraint IFRSRH2.OFU_OFU_FK
SQL> -- Generated 27-dez-2004 8:33:02 from SYSMAN@BDSEDE5
SQL> 
SQL> ALTER TABLE tipos_ocorrencias
  2  ADD CONSTRAINT ofu_ofu_fk FOREIGN KEY (ofu_ofu_codigo)
  3  REFERENCES tipos_ocorrencias (ofu_codigo)
  4  novalidate;
ADD CONSTRAINT ofu_ofu_fk FOREIGN KEY (ofu_ofu_codigo)
                          *
ERRO na linha 2:
ORA-02275: such a referential constraint already exists in the table 


SQL> -- Start of DDL Script for Constraint IFRSRH2.OIA_AGN_FK
SQL> -- Generated 27-dez-2004 8:33:03 from SYSMAN@BDSEDE5
SQL> 
SQL> ALTER TABLE ocorrencias_inss_agnocivos
  2  ADD CONSTRAINT oia_agn_fk FOREIGN KEY (oia_agn_codigo)
  3  REFERENCES agentes_nocivos (agn_codigo)
  4  novalidate;
ADD CONSTRAINT oia_agn_fk FOREIGN KEY (oia_agn_codigo)
                          *
ERRO na linha 2:
ORA-02275: such a referential constraint already exists in the table 


SQL> -- Start of DDL Script for Constraint IFRSRH2.OIA_OIN_FK
SQL> -- Generated 27-dez-2004 8:33:04 from SYSMAN@BDSEDE5
SQL> 
SQL> ALTER TABLE ocorrencias_inss_agnocivos
  2  ADD CONSTRAINT oia_oin_fk FOREIGN KEY (oia_oin_codigo_padrao_nacional)
  3  REFERENCES ocorrencias_inss (oin_codigo_padrao_nacional)
  4  novalidate;
ADD CONSTRAINT oia_oin_fk FOREIGN KEY (oia_oin_codigo_padrao_nacional)
                          *
ERRO na linha 2:
ORA-02275: such a referential constraint already exists in the table 


SQL> -- Start of DDL Script for Constraint IFRSRH2.OPPA_OPP_FK
SQL> -- Generated 27-dez-2004 8:33:06 from SYSMAN@BDSEDE5
SQL> 
SQL> ALTER TABLE ocorrencias_pis_pasep_arquivo
  2  ADD CONSTRAINT oppa_opp_fk FOREIGN KEY (oco_nome_arquivo, oco_codigo_ocorrencia,
  3    oco_tipo_ocorrencia)
  4  REFERENCES ocorrencias_pis_pasep (nome_arquivo,codido_ocorrencia,tipo_ocorrencia)
  5  novalidate;
ADD CONSTRAINT oppa_opp_fk FOREIGN KEY (oco_nome_arquivo, oco_codigo_ocorrencia,
                           *
ERRO na linha 2:
ORA-02275: such a referential constraint already exists in the table 


SQL> -- Start of DDL Script for Constraint IFRSRH2.OPPE_OPP_FK
SQL> -- Generated 27-dez-2004 8:33:07 from SYSMAN@BDSEDE5
SQL> 
SQL> ALTER TABLE ocorrencias_pis_pasep_emp
  2  ADD CONSTRAINT oppe_opp_fk FOREIGN KEY (oco_nome_arquivo, oco_codigo_ocorrencia,
  3    oco_tipo_ocorrencia)
  4  REFERENCES ocorrencias_pis_pasep (nome_arquivo,codido_ocorrencia,tipo_ocorrencia)
  5  novalidate;
ADD CONSTRAINT oppe_opp_fk FOREIGN KEY (oco_nome_arquivo, oco_codigo_ocorrencia,
                           *
ERRO na linha 2:
ORA-02275: such a referential constraint already exists in the table 


SQL> -- Start of DDL Script for Constraint IFRSRH2.ORT_DEP_FK
SQL> -- Generated 27-dez-2004 8:33:07 from SYSMAN@BDSEDE5
SQL> 
SQL> ALTER TABLE ocorrencias_receb_tickets
  2  ADD CONSTRAINT ort_dep_fk FOREIGN KEY (ort_dep_codigo)
  3  REFERENCES dependencias (dep_codigo)
  4  novalidate;
ADD CONSTRAINT ort_dep_fk FOREIGN KEY (ort_dep_codigo)
                          *
ERRO na linha 2:
ORA-02275: such a referential constraint already exists in the table 


SQL> -- Start of DDL Script for Constraint IFRSRH2.ORT_EMB_FK
SQL> -- Generated 27-dez-2004 8:33:07 from SYSMAN@BDSEDE5
SQL> 
SQL> ALTER TABLE ocorrencias_receb_tickets
  2  ADD CONSTRAINT ort_emb_fk FOREIGN KEY (ort_emb_emp_numero_matricula,
  3    ort_emb_ben_sigla)
  4  REFERENCES empregados_beneficios (emb_emp_numero_matricula,emb_ben_sigla)
  5  novalidate;
ADD CONSTRAINT ort_emb_fk FOREIGN KEY (ort_emb_emp_numero_matricula,
                          *
ERRO na linha 2:
ORA-02275: such a referential constraint already exists in the table 


SQL> -- Start of DDL Script for Constraint IFRSRH2.ORT_UOR_FK
SQL> -- Generated 27-dez-2004 8:33:08 from SYSMAN@BDSEDE5
SQL> 
SQL> ALTER TABLE ocorrencias_receb_tickets
  2  ADD CONSTRAINT ort_uor_fk FOREIGN KEY (ort_uor_codigo)
  3  REFERENCES unidades_organizacionais (uor_codigo)
  4  novalidate;
ADD CONSTRAINT ort_uor_fk FOREIGN KEY (ort_uor_codigo)
                          *
ERRO na linha 2:
ORA-02275: such a referential constraint already exists in the table 


SQL> -- Start of DDL Script for Constraint IFRSRH2.ORV_DEP_FK
SQL> -- Generated 27-dez-2004 8:33:09 from SYSMAN@BDSEDE5
SQL> 
SQL> ALTER TABLE ocorrencias_receb_vales
  2  ADD CONSTRAINT orv_dep_fk FOREIGN KEY (orv_dep_codigo_fisico)
  3  REFERENCES dependencias (dep_codigo)
  4  novalidate;
ADD CONSTRAINT orv_dep_fk FOREIGN KEY (orv_dep_codigo_fisico)
                          *
ERRO na linha 2:
ORA-02275: such a referential constraint already exists in the table 


SQL> -- Start of DDL Script for Constraint IFRSRH2.ORV_UOR_FK
SQL> -- Generated 27-dez-2004 8:33:10 from SYSMAN@BDSEDE5
SQL> 
SQL> ALTER TABLE ocorrencias_receb_vales
  2  ADD CONSTRAINT orv_uor_fk FOREIGN KEY (orv_uor_codigo)
  3  REFERENCES unidades_organizacionais (uor_codigo)
  4  novalidate;
ADD CONSTRAINT orv_uor_fk FOREIGN KEY (orv_uor_codigo)
                          *
ERRO na linha 2:
ORA-02275: such a referential constraint already exists in the table 


SQL> -- Start of DDL Script for Constraint IFRSRH2.OSF_OFU_FK
SQL> -- Generated 27-dez-2004 8:33:10 from SYSMAN@BDSEDE5
SQL> 
SQL> ALTER TABLE ocorrencias_situacoes_func
  2  ADD CONSTRAINT osf_ofu_fk FOREIGN KEY (osf_ofu_codigo)
  3  REFERENCES tipos_ocorrencias (ofu_codigo)
  4  novalidate;

Tabela alterada.

SQL> -- Start of DDL Script for Constraint IFRSRH2.OSF_SFU_FK
SQL> -- Generated 27-dez-2004 8:33:11 from SYSMAN@BDSEDE5
SQL> 
SQL> ALTER TABLE ocorrencias_situacoes_func
  2  ADD CONSTRAINT osf_sfu_fk FOREIGN KEY (osf_sfu_codigo)
  3  REFERENCES situacoes_funcionais (sfu_codigo)
  4  novalidate;

Tabela alterada.

SQL> -- Start of DDL Script for Constraint IFRSRH2.OVC_CC2_FK
SQL> -- Generated 27-dez-2004 8:33:11 from SYSMAN@BDSEDE5
SQL> 
SQL> ALTER TABLE ocorrencia_viagem_centro_custo
  2  ADD CONSTRAINT ovc_cc2_fk FOREIGN KEY (ovc_cct_codigo)
  3  REFERENCES centro_custo (cd_centro_custo)
  4  novalidate;
ADD CONSTRAINT ovc_cc2_fk FOREIGN KEY (ovc_cct_codigo)
                          *
ERRO na linha 2:
ORA-02275: such a referential constraint already exists in the table 


SQL> -- Start of DDL Script for Constraint IFRSRH2.OVC_OVE_FK
SQL> -- Generated 27-dez-2004 8:33:12 from SYSMAN@BDSEDE5
SQL> 
SQL> ALTER TABLE ocorrencia_viagem_centro_custo
  2  ADD CONSTRAINT ovc_ove_fk FOREIGN KEY (ovc_ove_oem_emp_num_matricula,
  3    ovc_ove_oem_ofu_codigo, ovc_ove_oem_data_inicio, ovc_ove_codigo_trecho)
  4  REFERENCES ocorrencias_viagens_empregados (ove_oem_emp_numero_matricula,ove_oem_ofu_codigo,ove_oem_data_inicio,ove_codigo_trecho)
  5  novalidate;
ADD CONSTRAINT ovc_ove_fk FOREIGN KEY (ovc_ove_oem_emp_num_matricula,
                          *
ERRO na linha 2:
ORA-02275: such a referential constraint already exists in the table 


SQL> -- Start of DDL Script for Constraint IFRSRH2.OVE_OEM_FK
SQL> -- Generated 27-dez-2004 8:33:13 from SYSMAN@BDSEDE5
SQL> 
SQL> ALTER TABLE ocorrencias_viagens_empregados
  2  ADD CONSTRAINT ove_oem_fk FOREIGN KEY (ove_oem_emp_numero_matricula,
  3    ove_oem_ofu_codigo, ove_oem_data_inicio)
  4  REFERENCES ocorrencias_empregados (oem_emp_numero_matricula,oem_ofu_codigo,oem_data_inicio)
  5  novalidate;

Tabela alterada.

SQL> -- Start of DDL Script for Constraint IFRSRH2.PCO_DOC_FK
SQL> -- Generated 27-dez-2004 8:33:17 from SYSMAN@BDSEDE5
SQL> 
SQL> ALTER TABLE pedidos_cobrancas
  2  ADD CONSTRAINT pco_doc_fk FOREIGN KEY (pco_doc_numero, pco_doc_cbe_ben_sigla,
  3    pco_doc_cbe_cre_sequencial, pco_doc_dep_codigo)
  4  REFERENCES documentos_cobranca (doc_numero,doc_cbe_ben_sigla,doc_cbe_cre_sequencial,doc_dep_codigo)
  5  novalidate;
ADD CONSTRAINT pco_doc_fk FOREIGN KEY (pco_doc_numero, pco_doc_cbe_ben_sigla,
                          *
ERRO na linha 2:
ORA-02275: such a referential constraint already exists in the table 


SQL> -- Start of DDL Script for Constraint IFRSRH2.PEN_EMP_MATR_FK
SQL> -- Generated 27-dez-2004 8:33:18 from SYSMAN@BDSEDE5
SQL> 
SQL> ALTER TABLE pensionistas
  2  ADD CONSTRAINT pen_emp_matr_fk FOREIGN KEY (pen_emp_numero_matricula)
  3  REFERENCES cadastros (emp_numero_matricula)
  4  novalidate;
ADD CONSTRAINT pen_emp_matr_fk FOREIGN KEY (pen_emp_numero_matricula)
                               *
ERRO na linha 2:
ORA-02275: such a referential constraint already exists in the table 


SQL> -- Start of DDL Script for Constraint IFRSRH2.PEN_FOR_13_FK
SQL> -- Generated 27-dez-2004 8:33:18 from SYSMAN@BDSEDE5
SQL> 
SQL> ALTER TABLE pensionistas
  2  ADD CONSTRAINT pen_for_13_fk FOREIGN KEY (pen_for_codigo_13)
  3  REFERENCES formulas (for_codigo)
  4  novalidate;
ADD CONSTRAINT pen_for_13_fk FOREIGN KEY (pen_for_codigo_13)
                             *
ERRO na linha 2:
ORA-02275: such a referential constraint already exists in the table 


SQL> -- Start of DDL Script for Constraint IFRSRH2.PEN_FOR_FERIAS_FK
SQL> -- Generated 27-dez-2004 8:33:18 from SYSMAN@BDSEDE5
SQL> 
SQL> ALTER TABLE pensionistas
  2  ADD CONSTRAINT pen_for_ferias_fk FOREIGN KEY (pen_for_codigo_ferias)
  3  REFERENCES formulas (for_codigo)
  4  novalidate;
ADD CONSTRAINT pen_for_ferias_fk FOREIGN KEY (pen_for_codigo_ferias)
                                 *
ERRO na linha 2:
ORA-02275: such a referential constraint already exists in the table 


SQL> -- Start of DDL Script for Constraint IFRSRH2.PEN_FOR_FK
SQL> -- Generated 27-dez-2004 8:33:19 from SYSMAN@BDSEDE5
SQL> 
SQL> ALTER TABLE pensionistas
  2  ADD CONSTRAINT pen_for_fk FOREIGN KEY (pen_for_codigo)
  3  REFERENCES formulas (for_codigo)
  4  novalidate;
ADD CONSTRAINT pen_for_fk FOREIGN KEY (pen_for_codigo)
                          *
ERRO na linha 2:
ORA-02275: such a referential constraint already exists in the table 


SQL> -- Start of DDL Script for Constraint IFRSRH2.PESSOAS_VINC_MAT_SEQ_FK
SQL> -- Generated 27-dez-2004 8:33:20 from SYSMAN@BDSEDE5
SQL> 
SQL> ALTER TABLE vinculado_universitarios
  2  ADD CONSTRAINT pessoas_vinc_mat_seq_fk FOREIGN KEY (viu_pvi_emp_numero_matricula,
  3    viu_pvi_sequencial)
  4  REFERENCES pessoas_vinculadas (pvi_emp_numero_matricula,pvi_sequencial)
  5  novalidate;

Tabela alterada.

SQL> -- Start of DDL Script for Constraint IFRSRH2.PFE_EMP_FK
SQL> -- Generated 27-dez-2004 8:33:20 from SYSMAN@BDSEDE5
SQL> 
SQL> ALTER TABLE programacoes_ferias
  2  ADD CONSTRAINT pfe_emp_fk FOREIGN KEY (pfe_emp_numero_matricula)
  3  REFERENCES cadastros (emp_numero_matricula)
  4  novalidate;
ADD CONSTRAINT pfe_emp_fk FOREIGN KEY (pfe_emp_numero_matricula)
                          *
ERRO na linha 2:
ORA-02275: such a referential constraint already exists in the table 


SQL> -- Start of DDL Script for Constraint IFRSRH2.PGE_AES_FK
SQL> -- Generated 27-dez-2004 8:33:21 from SYSMAN@BDSEDE5
SQL> 
SQL> ALTER TABLE pagamentos_especiais
  2  ADD CONSTRAINT pge_aes_fk FOREIGN KEY (pge_dep_codigo,
  3    pge_aes_emb_emp_numero_matric, pge_aes_emb_ben_sigla, pge_aes_valor_autorizado)
  4  REFERENCES autorizacoes_especiais (aes_dep_codigo,aes_emb_emp_numero_matricula,aes_emb_ben_sigla,aes_valor_autorizado)
  5  novalidate;
ADD CONSTRAINT pge_aes_fk FOREIGN KEY (pge_dep_codigo,
                          *
ERRO na linha 2:
ORA-02275: such a referential constraint already exists in the table 


SQL> -- Start of DDL Script for Constraint IFRSRH2.PIA_AGN_FK
SQL> -- Generated 27-dez-2004 8:33:22 from SYSMAN@BDSEDE5
SQL> 
SQL> ALTER TABLE pericul_insalub_agnocivos
  2  ADD CONSTRAINT pia_agn_fk FOREIGN KEY (pia_agn_codigo)
  3  REFERENCES agentes_nocivos (agn_codigo)
  4  novalidate;
ADD CONSTRAINT pia_agn_fk FOREIGN KEY (pia_agn_codigo)
                          *
ERRO na linha 2:
ORA-02275: such a referential constraint already exists in the table 


SQL> -- Start of DDL Script for Constraint IFRSRH2.PIA_HPI_FK
SQL> -- Generated 27-dez-2004 8:33:22 from SYSMAN@BDSEDE5
SQL> 
SQL> ALTER TABLE pericul_insalub_agnocivos
  2  ADD CONSTRAINT pia_hpi_fk FOREIGN KEY (pia_hpi_emp_numero_matricula,
  3    pia_hpi_data_inicio, pia_hpi_ind_pericul_insalub)
  4  REFERENCES hist_pericul_insalub (hpi_emp_numero_matricula,hpi_data_inicio,hpi_ind_pericul_insalub)
  5  novalidate;
ADD CONSTRAINT pia_hpi_fk FOREIGN KEY (pia_hpi_emp_numero_matricula,
                          *
ERRO na linha 2:
ORA-02275: such a referential constraint already exists in the table 


SQL> -- Start of DDL Script for Constraint IFRSRH2.PIN_EMP_FK
SQL> -- Generated 27-dez-2004 8:33:24 from SYSMAN@BDSEDE5
SQL> 
SQL> ALTER TABLE pericul_insalub_nao_autorizada
  2  ADD CONSTRAINT pin_emp_fk FOREIGN KEY (pin_emp_numero_matricula)
  3  REFERENCES cadastros (emp_numero_matricula)
  4  novalidate;
ADD CONSTRAINT pin_emp_fk FOREIGN KEY (pin_emp_numero_matricula)
                          *
ERRO na linha 2:
ORA-02275: such a referential constraint already exists in the table 


SQL> -- Start of DDL Script for Constraint IFRSRH2.PKT_DEP_FK
SQL> -- Generated 27-dez-2004 8:33:28 from SYSMAN@BDSEDE5
SQL> 
SQL> ALTER TABLE pedidos_tickets
  2  ADD CONSTRAINT pkt_dep_fk FOREIGN KEY (pkt_dep_resp_incl)
  3  REFERENCES dependencias (dep_codigo)
  4  novalidate;
ADD CONSTRAINT pkt_dep_fk FOREIGN KEY (pkt_dep_resp_incl)
                          *
ERRO na linha 2:
ORA-02275: such a referential constraint already exists in the table 


SQL> -- Start of DDL Script for Constraint IFRSRH2.PLA_CRE_FK
SQL> -- Generated 27-dez-2004 8:33:29 from SYSMAN@BDSEDE5
SQL> 
SQL> ALTER TABLE planos_medicos
  2  ADD CONSTRAINT pla_cre_fk FOREIGN KEY (pla_cre_sequencial)
  3  REFERENCES credenciados (cre_sequencial)
  4  novalidate;
ADD CONSTRAINT pla_cre_fk FOREIGN KEY (pla_cre_sequencial)
                          *
ERRO na linha 2:
ORA-02275: such a referential constraint already exists in the table 


SQL> -- Start of DDL Script for Constraint IFRSRH2.POD_ATO_FK
SQL> -- Generated 27-dez-2004 8:33:30 from SYSMAN@BDSEDE5
SQL> 
SQL> ALTER TABLE procedimentos_odontologicos
  2  ADD CONSTRAINT pod_ato_fk FOREIGN KEY (pod_ato_numero)
  3  REFERENCES autorizacoes_tratamentos_odont (ato_numero)
  4  novalidate;
ADD CONSTRAINT pod_ato_fk FOREIGN KEY (pod_ato_numero)
                          *
ERRO na linha 2:
ORA-02275: such a referential constraint already exists in the table 


SQL> -- Start of DDL Script for Constraint IFRSRH2.POF_OFU_FK
SQL> -- Generated 27-dez-2004 8:33:33 from SYSMAN@BDSEDE5
SQL> 
SQL> ALTER TABLE parametros_ocorrencias_func
  2  ADD CONSTRAINT pof_ofu_fk FOREIGN KEY (ofu_codigo)
  3  REFERENCES tipos_ocorrencias (ofu_codigo)
  4  novalidate;
ADD CONSTRAINT pof_ofu_fk FOREIGN KEY (ofu_codigo)
                          *
ERRO na linha 2:
ORA-02275: such a referential constraint already exists in the table 


SQL> -- Start of DDL Script for Constraint IFRSRH2.PORTE_ANESTESICO_FK
SQL> -- Generated 27-dez-2004 8:33:35 from SYSMAN@BDSEDE5
SQL> 
SQL> ALTER TABLE amb
  2  ADD CONSTRAINT porte_anestesico_fk FOREIGN KEY (amb_porte)
  3  REFERENCES portes_anestesicos (porte)
  4  novalidate;

Tabela alterada.

SQL> -- Start of DDL Script for Constraint IFRSRH2.PRF_FUN_FK
SQL> -- Generated 27-dez-2004 8:33:37 from SYSMAN@BDSEDE5
SQL> 
SQL> ALTER TABLE pre_requisito_funcao
  2  ADD CONSTRAINT prf_fun_fk FOREIGN KEY (prf_fun_codigo)
  3  REFERENCES cargos_confianca (fun_codigo)
  4  novalidate;
ADD CONSTRAINT prf_fun_fk FOREIGN KEY (prf_fun_codigo)
                          *
ERRO na linha 2:
ORA-02275: such a referential constraint already exists in the table 


SQL> -- Start of DDL Script for Constraint IFRSRH2.PRF_PRR_FK
SQL> -- Generated 27-dez-2004 8:33:38 from SYSMAN@BDSEDE5
SQL> 
SQL> ALTER TABLE pre_requisito_funcao
  2  ADD CONSTRAINT prf_prr_fk FOREIGN KEY (prf_prr_codigo)
  3  REFERENCES pre_requisitos (prr_codigo)
  4  novalidate;
ADD CONSTRAINT prf_prr_fk FOREIGN KEY (prf_prr_codigo)
                          *
ERRO na linha 2:
ORA-02275: such a referential constraint already exists in the table 


SQL> -- Start of DDL Script for Constraint IFRSRH2.PRM_FUN_FK
SQL> -- Generated 27-dez-2004 8:33:38 from SYSMAN@BDSEDE5
SQL> 
SQL> ALTER TABLE parametros_funcoes
  2  ADD CONSTRAINT prm_fun_fk FOREIGN KEY (fun_codigo)
  3  REFERENCES cargos_confianca (fun_codigo)
  4  novalidate;
ADD CONSTRAINT prm_fun_fk FOREIGN KEY (fun_codigo)
                          *
ERRO na linha 2:
ORA-02275: such a referential constraint already exists in the table 


SQL> -- Start of DDL Script for Constraint IFRSRH2.PROCED_ODONT_VAL_DEPENDEN
SQL> -- Generated 27-dez-2004 8:33:39 from SYSMAN@BDSEDE5
SQL> 
SQL> ALTER TABLE procedimentos_odontologicos
  2  ADD CONSTRAINT proced_odont_val_dependen FOREIGN KEY (pod_dep_resp_incl)
  3  REFERENCES dependencias (dep_codigo)
  4  novalidate;
ADD CONSTRAINT proced_odont_val_dependen FOREIGN KEY (pod_dep_resp_incl)
                                         *
ERRO na linha 2:
ORA-02275: such a referential constraint already exists in the table 


SQL> -- Start of DDL Script for Constraint IFRSRH2.PROCESSOS_CADASTROS_FK
SQL> -- Generated 27-dez-2004 8:33:39 from SYSMAN@BDSEDE5
SQL> 
SQL> ALTER TABLE spf_processo_judicial
  2  ADD CONSTRAINT processos_cadastros_fk FOREIGN KEY (
  3    cadastros_emp_numero_matricula)
  4  REFERENCES cadastros (emp_numero_matricula)
  5  novalidate;
ADD CONSTRAINT processos_cadastros_fk FOREIGN KEY (
                                      *
ERRO na linha 2:
ORA-02275: such a referential constraint already exists in the table 


SQL> -- Start of DDL Script for Constraint IFRSRH2.PROCESSOS_TIP_PROC_FK
SQL> -- Generated 27-dez-2004 8:33:40 from SYSMAN@BDSEDE5
SQL> 
SQL> ALTER TABLE spf_processo_judicial
  2  ADD CONSTRAINT processos_tip_proc_fk FOREIGN KEY (tip_proc_tipo_processo_judicia)
  3  REFERENCES spf_tipo_processo_judicial (tipo_processo_judicial)
  4  novalidate;
ADD CONSTRAINT processos_tip_proc_fk FOREIGN KEY (tip_proc_tipo_processo_judicia)
                                     *
ERRO na linha 2:
ORA-02275: such a referential constraint already exists in the table 


SQL> -- Start of DDL Script for Constraint IFRSRH2.PROMOCAO_TIPOS_OCOR_FK
SQL> -- Generated 27-dez-2004 8:33:40 from SYSMAN@BDSEDE5
SQL> 
SQL> ALTER TABLE spf_promocao
  2  ADD CONSTRAINT promocao_tipos_ocor_fk FOREIGN KEY (tipos_ocor_ofu_codigo)
  3  REFERENCES tipos_ocorrencias (ofu_codigo)
  4  novalidate;
ADD CONSTRAINT promocao_tipos_ocor_fk FOREIGN KEY (tipos_ocor_ofu_codigo)
                                      *
ERRO na linha 2:
ORA-02275: such a referential constraint already exists in the table 


SQL> -- Start of DDL Script for Constraint IFRSRH2.PROV_EMPREG_VAL_CADASTROS
SQL> -- Generated 27-dez-2004 8:33:40 from SYSMAN@BDSEDE5
SQL> 
SQL> ALTER TABLE provisoes_empregados
  2  ADD CONSTRAINT prov_empreg_val_cadastros FOREIGN KEY (emp_numero_matricula)
  3  REFERENCES cadastros (emp_numero_matricula)
  4  novalidate;
ADD CONSTRAINT prov_empreg_val_cadastros FOREIGN KEY (emp_numero_matricula)
                                         *
ERRO na linha 2:
ORA-02275: such a referential constraint already exists in the table 


SQL> -- Start of DDL Script for Constraint IFRSRH2.PVB_BEN_FK
SQL> -- Generated 27-dez-2004 8:33:43 from SYSMAN@BDSEDE5
SQL> 
SQL> ALTER TABLE pessoas_vinculadas_benef
  2  ADD CONSTRAINT pvb_ben_fk FOREIGN KEY (emb_ben_sigla)
  3  REFERENCES beneficios (ben_sigla)
  4  novalidate;
ADD CONSTRAINT pvb_ben_fk FOREIGN KEY (emb_ben_sigla)
                          *
ERRO na linha 2:
ORA-02275: such a referential constraint already exists in the table 


SQL> -- Start of DDL Script for Constraint IFRSRH2.PVB_PVI_FK
SQL> -- Generated 27-dez-2004 8:33:44 from SYSMAN@BDSEDE5
SQL> 
SQL> ALTER TABLE pessoas_vinculadas_benef
  2  ADD CONSTRAINT pvb_pvi_fk FOREIGN KEY (pvb_pvi_emp_numero_matricula,
  3    pvb_pvi_sequencial)
  4  REFERENCES pessoas_vinculadas (pvi_emp_numero_matricula,pvi_sequencial)
  5  novalidate;
ADD CONSTRAINT pvb_pvi_fk FOREIGN KEY (pvb_pvi_emp_numero_matricula,
                          *
ERRO na linha 2:
ORA-02275: such a referential constraint already exists in the table 


SQL> -- Start of DDL Script for Constraint IFRSRH2.PVI_EMP_FK
SQL> -- Generated 27-dez-2004 8:33:44 from SYSMAN@BDSEDE5
SQL> 
SQL> ALTER TABLE pessoas_vinculadas
  2  ADD CONSTRAINT pvi_emp_fk FOREIGN KEY (pvi_emp_numero_matricula)
  3  REFERENCES cadastros (emp_numero_matricula)
  4  novalidate;
ADD CONSTRAINT pvi_emp_fk FOREIGN KEY (pvi_emp_numero_matricula)
                          *
ERRO na linha 2:
ORA-02275: such a referential constraint already exists in the table 


SQL> -- Start of DDL Script for Constraint IFRSRH2.PVI_MUN_FK
SQL> -- Generated 27-dez-2004 8:33:44 from SYSMAN@BDSEDE5
SQL> 
SQL> ALTER TABLE pessoas_vinculadas
  2  ADD CONSTRAINT pvi_mun_fk FOREIGN KEY (pvi_mun_codigo_naturalidade,
  3    pvi_ufe_sigla_naturalidade)
  4  REFERENCES municipios (mun_codigo,mun_ufe_sigla)
  5  ENABLE NOVALIDATE
  6  novalidate;
novalidate
*
ERRO na linha 6:
ORA-01735: invalid ALTER TABLE option 


SQL> -- Start of DDL Script for Constraint IFRSRH2.PVI_PAI_CODIGO_FK
SQL> -- Generated 27-dez-2004 8:33:44 from SYSMAN@BDSEDE5
SQL> 
SQL> ALTER TABLE pessoas_vinculadas
  2  ADD CONSTRAINT pvi_pai_codigo_fk FOREIGN KEY (pvi_pai_codigo)
  3  REFERENCES paises (pai_codigo)
  4  novalidate;
ADD CONSTRAINT pvi_pai_codigo_fk FOREIGN KEY (pvi_pai_codigo)
                                 *
ERRO na linha 2:
ORA-02275: such a referential constraint already exists in the table 


SQL> -- Start of DDL Script for Constraint IFRSRH2.PVI_TPV_FK
SQL> -- Generated 27-dez-2004 8:33:45 from SYSMAN@BDSEDE5
SQL> 
SQL> ALTER TABLE pessoas_vinculadas
  2  ADD CONSTRAINT pvi_tpv_fk FOREIGN KEY (pvi_tpv_codigo)
  3  REFERENCES tipo_vinculos (tpv_codigo)
  4  novalidate;
ADD CONSTRAINT pvi_tpv_fk FOREIGN KEY (pvi_tpv_codigo)
                          *
ERRO na linha 2:
ORA-02275: such a referential constraint already exists in the table 


SQL> -- Start of DDL Script for Constraint IFRSRH2.QCD_CAR_FK
SQL> -- Generated 27-dez-2004 8:33:45 from SYSMAN@BDSEDE5
SQL> 
SQL> ALTER TABLE quadro_cargos_dependencias
  2  ADD CONSTRAINT qcd_car_fk FOREIGN KEY (qcd_car_codigo, qcd_car_codigo_nivel,
  3    qcd_car_occ_codigo)
  4  REFERENCES cargos (car_codigo,car_codigo_nivel,car_occ_codigo)
  5  novalidate;
ADD CONSTRAINT qcd_car_fk FOREIGN KEY (qcd_car_codigo, qcd_car_codigo_nivel,
                          *
ERRO na linha 2:
ORA-02275: such a referential constraint already exists in the table 


SQL> -- Start of DDL Script for Constraint IFRSRH2.QCD_HCD_FK
SQL> -- Generated 27-dez-2004 8:33:46 from SYSMAN@BDSEDE5
SQL> 
SQL> ALTER TABLE quadro_cargos_dependencias
  2  ADD CONSTRAINT qcd_hcd_fk FOREIGN KEY (qcd_hcd_dep_codigo, qcd_hcd_data_vigencia)
  3  REFERENCES historico_cargos_dependencias (hcd_dep_codigo,hcd_data_vigencia)
  4  novalidate;
ADD CONSTRAINT qcd_hcd_fk FOREIGN KEY (qcd_hcd_dep_codigo, qcd_hcd_data_vigencia)
                          *
ERRO na linha 2:
ORA-02275: such a referential constraint already exists in the table 


SQL> -- Start of DDL Script for Constraint IFRSRH2.QDA_ATU_FK
SQL> -- Generated 27-dez-2004 8:33:46 from SYSMAN@BDSEDE5
SQL> 
SQL> ALTER TABLE qcd_area_atuacao
  2  ADD CONSTRAINT qda_atu_fk FOREIGN KEY (qda_atu_codigo)
  3  REFERENCES areas_de_atuacao (atu_codigo)
  4  novalidate;
ADD CONSTRAINT qda_atu_fk FOREIGN KEY (qda_atu_codigo)
                          *
ERRO na linha 2:
ORA-02275: such a referential constraint already exists in the table 


SQL> -- Start of DDL Script for Constraint IFRSRH2.QDA_QCD_FK
SQL> -- Generated 27-dez-2004 8:33:47 from SYSMAN@BDSEDE5
SQL> 
SQL> ALTER TABLE qcd_area_atuacao
  2  ADD CONSTRAINT qda_qcd_fk FOREIGN KEY (qda_qcd_hcd_dep_codigo,
  3    qda_qcd_hcd_data_vigencia, qda_qcd_car_codigo, qda_qcd_car_codigo_nivel,
  4    qda_qcd_car_occ_codigo)
  5  REFERENCES quadro_cargos_dependencias (qcd_hcd_dep_codigo,qcd_hcd_data_vigencia,qcd_car_codigo,qcd_car_codigo_nivel,qcd_car_occ_codigo)
  6  novalidate;
ADD CONSTRAINT qda_qcd_fk FOREIGN KEY (qda_qcd_hcd_dep_codigo,
                          *
ERRO na linha 2:
ORA-02275: such a referential constraint already exists in the table 


SQL> -- Start of DDL Script for Constraint IFRSRH2.QFD_FUN_FK
SQL> -- Generated 27-dez-2004 8:33:47 from SYSMAN@BDSEDE5
SQL> 
SQL> ALTER TABLE quadros_funcoes_dependencias
  2  ADD CONSTRAINT qfd_fun_fk FOREIGN KEY (qfd_fun_codigo)
  3  REFERENCES cargos_confianca (fun_codigo)
  4  novalidate;
ADD CONSTRAINT qfd_fun_fk FOREIGN KEY (qfd_fun_codigo)
                          *
ERRO na linha 2:
ORA-02275: such a referential constraint already exists in the table 


SQL> -- Start of DDL Script for Constraint IFRSRH2.QFD_HFD_FK
SQL> -- Generated 27-dez-2004 8:33:47 from SYSMAN@BDSEDE5
SQL> 
SQL> ALTER TABLE quadros_funcoes_dependencias
  2  ADD CONSTRAINT qfd_hfd_fk FOREIGN KEY (qfd_hfd_dep_codigo, qfd_hfd_data_vigencia)
  3  REFERENCES historicos_funcoes_dependencia (hfd_dep_codigo,hfd_data_vigencia)
  4  novalidate;
ADD CONSTRAINT qfd_hfd_fk FOREIGN KEY (qfd_hfd_dep_codigo, qfd_hfd_data_vigencia)
                          *
ERRO na linha 2:
ORA-02275: such a referential constraint already exists in the table 


SQL> -- Start of DDL Script for Constraint IFRSRH2.QFU_FUN_FK
SQL> -- Generated 27-dez-2004 8:33:48 from SYSMAN@BDSEDE5
SQL> 
SQL> ALTER TABLE quadro_funcoes
  2  ADD CONSTRAINT qfu_fun_fk FOREIGN KEY (qfu_fun_codigo)
  3  REFERENCES cargos_confianca (fun_codigo)
  4  novalidate;
ADD CONSTRAINT qfu_fun_fk FOREIGN KEY (qfu_fun_codigo)
                          *
ERRO na linha 2:
ORA-02275: such a referential constraint already exists in the table 


SQL> -- Start of DDL Script for Constraint IFRSRH2.QFU_HFL_FK
SQL> -- Generated 27-dez-2004 8:33:48 from SYSMAN@BDSEDE5
SQL> 
SQL> ALTER TABLE quadro_funcoes
  2  ADD CONSTRAINT qfu_hfl_fk FOREIGN KEY (qfu_hfl_uor_codigo, qfu_hfl_data_vigencia)
  3  REFERENCES historicos_funcoes_lotacoes (hfl_uor_codigo,hfl_data_vigencia)
  4  novalidate;
ADD CONSTRAINT qfu_hfl_fk FOREIGN KEY (qfu_hfl_uor_codigo, qfu_hfl_data_vigencia)
                          *
ERRO na linha 2:
ORA-02275: such a referential constraint already exists in the table 


SQL> -- Start of DDL Script for Constraint IFRSRH2.QLP_ATU_FK
SQL> -- Generated 27-dez-2004 8:33:49 from SYSMAN@BDSEDE5
SQL> 
SQL> ALTER TABLE qlp_area_atuacao
  2  ADD CONSTRAINT qlp_atu_fk FOREIGN KEY (qla_atu_codigo)
  3  REFERENCES areas_de_atuacao (atu_codigo)
  4  novalidate;
ADD CONSTRAINT qlp_atu_fk FOREIGN KEY (qla_atu_codigo)
                          *
ERRO na linha 2:
ORA-02275: such a referential constraint already exists in the table 


SQL> -- Start of DDL Script for Constraint IFRSRH2.QLP_CAR_FK
SQL> -- Generated 27-dez-2004 8:33:49 from SYSMAN@BDSEDE5
SQL> 
SQL> ALTER TABLE quadros_lotacao_pessoal
  2  ADD CONSTRAINT qlp_car_fk FOREIGN KEY (qlp_car_codigo, qlp_car_codigo_nivel,
  3    qlp_car_occ_codigo)
  4  REFERENCES cargos (car_codigo,car_codigo_nivel,car_occ_codigo)
  5  novalidate;
ADD CONSTRAINT qlp_car_fk FOREIGN KEY (qlp_car_codigo, qlp_car_codigo_nivel,
                          *
ERRO na linha 2:
ORA-02275: such a referential constraint already exists in the table 


SQL> -- Start of DDL Script for Constraint IFRSRH2.QLP_ICL_FK
SQL> -- Generated 27-dez-2004 8:33:49 from SYSMAN@BDSEDE5
SQL> 
SQL> ALTER TABLE quadros_lotacao_pessoal
  2  ADD CONSTRAINT qlp_icl_fk FOREIGN KEY (qlp_icl_uor_codigo, qlp_icl_data_vigencia)
  3  REFERENCES historico_cargos_lotacao (icl_uor_codigo,icl_data_vigencia)
  4  novalidate;
ADD CONSTRAINT qlp_icl_fk FOREIGN KEY (qlp_icl_uor_codigo, qlp_icl_data_vigencia)
                          *
ERRO na linha 2:
ORA-02275: such a referential constraint already exists in the table 


SQL> -- Start of DDL Script for Constraint IFRSRH2.QLP_QLP_FK
SQL> -- Generated 27-dez-2004 8:33:50 from SYSMAN@BDSEDE5
SQL> 
SQL> ALTER TABLE qlp_area_atuacao
  2  ADD CONSTRAINT qlp_qlp_fk FOREIGN KEY (qla_qlp_icl_uor_codigo,
  3    qla_qlp_icl_data_vigencia, qla_qlp_car_codigo, qla_qlp_car_codigo_nivel,
  4    qla_qlp_car_occ_codigo)
  5  REFERENCES quadros_lotacao_pessoal (qlp_icl_uor_codigo,qlp_icl_data_vigencia,qlp_car_codigo,qlp_car_codigo_nivel,qlp_car_occ_codigo)
  6  novalidate;
ADD CONSTRAINT qlp_qlp_fk FOREIGN KEY (qla_qlp_icl_uor_codigo,
                          *
ERRO na linha 2:
ORA-02275: such a referential constraint already exists in the table 


SQL> -- Start of DDL Script for Constraint IFRSRH2.RDF_GRU_FK
SQL> -- Generated 27-dez-2004 8:33:51 from SYSMAN@BDSEDE5
SQL> 
SQL> ALTER TABLE reajuste_percentual_13_ferias
  2  ADD CONSTRAINT rdf_gru_fk FOREIGN KEY (rdf_gru_codigo)
  3  REFERENCES grupos_rubricas (gru_codigo)
  4  novalidate;
ADD CONSTRAINT rdf_gru_fk FOREIGN KEY (rdf_gru_codigo)
                          *
ERRO na linha 2:
ORA-02275: such a referential constraint already exists in the table 


SQL> -- Start of DDL Script for Constraint IFRSRH2.REA_CRE_FK
SQL> -- Generated 27-dez-2004 8:33:52 from SYSMAN@BDSEDE5
SQL> 
SQL> ALTER TABLE resumo_encargos_inss_autonomo
  2  ADD CONSTRAINT rea_cre_fk FOREIGN KEY (rea_cre_sequencial)
  3  REFERENCES credenciados (cre_sequencial)
  4  novalidate;
ADD CONSTRAINT rea_cre_fk FOREIGN KEY (rea_cre_sequencial)
                          *
ERRO na linha 2:
ORA-02275: such a referential constraint already exists in the table 


SQL> -- Start of DDL Script for Constraint IFRSRH2.REE_DPF_FK
SQL> -- Generated 27-dez-2004 8:33:53 from SYSMAN@BDSEDE5
SQL> 
SQL> ALTER TABLE reembolsos
  2  ADD CONSTRAINT ree_dpf_fk FOREIGN KEY (ree_emp_dep_codigo_fisico)
  3  REFERENCES dependencias (dep_codigo)
  4  novalidate;
ADD CONSTRAINT ree_dpf_fk FOREIGN KEY (ree_emp_dep_codigo_fisico)
                          *
ERRO na linha 2:
ORA-02275: such a referential constraint already exists in the table 


SQL> -- Start of DDL Script for Constraint IFRSRH2.REE_EMB_FK
SQL> -- Generated 27-dez-2004 8:33:53 from SYSMAN@BDSEDE5
SQL> 
SQL> ALTER TABLE reembolsos
  2  ADD CONSTRAINT ree_emb_fk FOREIGN KEY (ree_emb_emp_numero_matricula,
  3    ree_emb_ben_sigla)
  4  REFERENCES empregados_beneficios (emb_emp_numero_matricula,emb_ben_sigla)
  5  novalidate;
ADD CONSTRAINT ree_emb_fk FOREIGN KEY (ree_emb_emp_numero_matricula,
                          *
ERRO na linha 2:
ORA-02275: such a referential constraint already exists in the table 


SQL> -- Start of DDL Script for Constraint IFRSRH2.REE_PVB_FK
SQL> -- Generated 27-dez-2004 8:33:54 from SYSMAN@BDSEDE5
SQL> 
SQL> ALTER TABLE reembolsos
  2  ADD CONSTRAINT ree_pvb_fk FOREIGN KEY (ree_emb_emp_numero_matricula,
  3    ree_pvb_pvi_sequencial, ree_emb_ben_sigla, ree_pvb_adesao)
  4  REFERENCES pessoas_vinculadas_benef (pvb_pvi_emp_numero_matricula,pvb_pvi_sequencial,emb_ben_sigla,pvb_adesao)
  5  novalidate;
ADD CONSTRAINT ree_pvb_fk FOREIGN KEY (ree_emb_emp_numero_matricula,
                          *
ERRO na linha 2:
ORA-02275: such a referential constraint already exists in the table 


SQL> -- Start of DDL Script for Constraint IFRSRH2.REEMBOLSOS_FK_DEPENDENCIAS
SQL> -- Generated 27-dez-2004 8:33:54 from SYSMAN@BDSEDE5
SQL> 
SQL> ALTER TABLE reembolsos
  2  ADD CONSTRAINT reembolsos_fk_dependencias FOREIGN KEY (ree_dep_resp_incl)
  3  REFERENCES dependencias (dep_codigo)
  4  novalidate;
ADD CONSTRAINT reembolsos_fk_dependencias FOREIGN KEY (ree_dep_resp_incl)
                                          *
ERRO na linha 2:
ORA-02275: such a referential constraint already exists in the table 


SQL> -- Start of DDL Script for Constraint IFRSRH2.REF_CAD_FK
SQL> -- Generated 27-dez-2004 8:33:54 from SYSMAN@BDSEDE5
SQL> 
SQL> ALTER TABLE resumo_encargos_fgts
  2  ADD CONSTRAINT ref_cad_fk FOREIGN KEY (ref_emp_numero_matricula)
  3  REFERENCES cadastros (emp_numero_matricula)
  4  novalidate;
ADD CONSTRAINT ref_cad_fk FOREIGN KEY (ref_emp_numero_matricula)
                          *
ERRO na linha 2:
ORA-02275: such a referential constraint already exists in the table 


SQL> -- Start of DDL Script for Constraint IFRSRH2.REI_EMP_FK
SQL> -- Generated 27-dez-2004 8:33:55 from SYSMAN@BDSEDE5
SQL> 
SQL> ALTER TABLE resumo_encargos_inss
  2  ADD CONSTRAINT rei_emp_fk FOREIGN KEY (rei_emp_numero_matricula)
  3  REFERENCES cadastros (emp_numero_matricula)
  4  novalidate;
ADD CONSTRAINT rei_emp_fk FOREIGN KEY (rei_emp_numero_matricula)
                          *
ERRO na linha 2:
ORA-02275: such a referential constraint already exists in the table 


SQL> -- Start of DDL Script for Constraint IFRSRH2.REIA_DEP_FK
SQL> -- Generated 27-dez-2004 8:33:55 from SYSMAN@BDSEDE5
SQL> 
SQL> ALTER TABLE resumo_encargos_inss_autonomo
  2  ADD CONSTRAINT reia_dep_fk FOREIGN KEY (rea_dep_codigo)
  3  REFERENCES dependencias (dep_codigo)
  4  novalidate;
ADD CONSTRAINT reia_dep_fk FOREIGN KEY (rea_dep_codigo)
                           *
ERRO na linha 2:
ORA-02275: such a referential constraint already exists in the table 


SQL> -- Start of DDL Script for Constraint IFRSRH2.RFP_PSV_FK
SQL> -- Generated 27-dez-2004 8:33:57 from SYSMAN@BDSEDE5
SQL> 
SQL> ALTER TABLE resp_financeiro_psv
  2  ADD CONSTRAINT rfp_psv_fk FOREIGN KEY (rfp_psv_sequencial)
  3  REFERENCES pessoal_sem_vinculo (psv_sequencial)
  4  novalidate;
ADD CONSTRAINT rfp_psv_fk FOREIGN KEY (rfp_psv_sequencial)
                          *
ERRO na linha 2:
ORA-02275: such a referential constraint already exists in the table 


SQL> -- Start of DDL Script for Constraint IFRSRH2.RFP_RFI_FK
SQL> -- Generated 27-dez-2004 8:33:57 from SYSMAN@BDSEDE5
SQL> 
SQL> ALTER TABLE resp_financeiro_psv
  2  ADD CONSTRAINT rfp_rfi_fk FOREIGN KEY (rfp_rfi_sequencial)
  3  REFERENCES responsavel_financeiro (rfi_sequencial)
  4  novalidate;
ADD CONSTRAINT rfp_rfi_fk FOREIGN KEY (rfp_rfi_sequencial)
                          *
ERRO na linha 2:
ORA-02275: such a referential constraint already exists in the table 


SQL> -- Start of DDL Script for Constraint IFRSRH2.RIN_CAD_FK
SQL> -- Generated 27-dez-2004 8:33:58 from SYSMAN@BDSEDE5
SQL> 
SQL> ALTER TABLE resumo_encargos_infraprev
  2  ADD CONSTRAINT rin_cad_fk FOREIGN KEY (rin_emp_numero_matricula)
  3  REFERENCES cadastros (emp_numero_matricula)
  4  novalidate;
ADD CONSTRAINT rin_cad_fk FOREIGN KEY (rin_emp_numero_matricula)
                          *
ERRO na linha 2:
ORA-02275: such a referential constraint already exists in the table 


SQL> -- Start of DDL Script for Constraint IFRSRH2.RIR_CAD_FK
SQL> -- Generated 27-dez-2004 8:33:58 from SYSMAN@BDSEDE5
SQL> 
SQL> ALTER TABLE resumo_encargos_irrf
  2  ADD CONSTRAINT rir_cad_fk FOREIGN KEY (rir_emp_numero_matricula)
  3  REFERENCES cadastros (emp_numero_matricula)
  4  novalidate;
ADD CONSTRAINT rir_cad_fk FOREIGN KEY (rir_emp_numero_matricula)
                          *
ERRO na linha 2:
ORA-02275: such a referential constraint already exists in the table 


SQL> -- Start of DDL Script for Constraint IFRSRH2.RSE_CAD_FK
SQL> -- Generated 27-dez-2004 8:33:59 from SYSMAN@BDSEDE5
SQL> 
SQL> ALTER TABLE resumo_encargos_sal_educacao
  2  ADD CONSTRAINT rse_cad_fk FOREIGN KEY (rse_emp_numero_matricula)
  3  REFERENCES cadastros (emp_numero_matricula)
  4  novalidate;
ADD CONSTRAINT rse_cad_fk FOREIGN KEY (rse_emp_numero_matricula)
                          *
ERRO na linha 2:
ORA-02275: such a referential constraint already exists in the table 


SQL> -- Start of DDL Script for Constraint IFRSRH2.RUA_RUB_FK
SQL> -- Generated 27-dez-2004 8:34:00 from SYSMAN@BDSEDE5
SQL> 
SQL> ALTER TABLE rubricas_anteriores
  2  ADD CONSTRAINT rua_rub_fk FOREIGN KEY (rua_rub_codigo)
  3  REFERENCES rubricas (rub_codigo)
  4  novalidate;
ADD CONSTRAINT rua_rub_fk FOREIGN KEY (rua_rub_codigo)
                          *
ERRO na linha 2:
ORA-02275: such a referential constraint already exists in the table 


SQL> -- Start of DDL Script for Constraint IFRSRH2.RUB_CC1_FK
SQL> -- Generated 27-dez-2004 8:34:00 from SYSMAN@BDSEDE5
SQL> 
SQL> ALTER TABLE rubricas
  2  ADD CONSTRAINT rub_cc1_fk FOREIGN KEY (rub_cco_codigo)
  3  REFERENCES conta_contabil (nr_conta)
  4  novalidate;
ADD CONSTRAINT rub_cc1_fk FOREIGN KEY (rub_cco_codigo)
                          *
ERRO na linha 2:
ORA-02275: such a referential constraint already exists in the table 


SQL> -- Start of DDL Script for Constraint IFRSRH2.RUB_INDIC_RUB_ADIC_FK
SQL> -- Generated 27-dez-2004 8:34:01 from SYSMAN@BDSEDE5
SQL> 
SQL> ALTER TABLE rubricas
  2  ADD CONSTRAINT rub_indic_rub_adic_fk FOREIGN KEY (rub_indic_rub_adicional)
  3  REFERENCES grupos_rubricas (gru_codigo)
  4  novalidate;
ADD CONSTRAINT rub_indic_rub_adic_fk FOREIGN KEY (rub_indic_rub_adicional)
                                     *
ERRO na linha 2:
ORA-02275: such a referential constraint already exists in the table 


SQL> -- Start of DDL Script for Constraint IFRSRH2.SCA_DEP_FK
SQL> -- Generated 27-dez-2004 8:34:03 from SYSMAN@BDSEDE5
SQL> 
SQL> ALTER TABLE saldo_cobranca_aposentado
  2  ADD CONSTRAINT sca_dep_fk FOREIGN KEY (sca_dep_codigo)
  3  REFERENCES dependencias (dep_codigo)
  4  novalidate;
ADD CONSTRAINT sca_dep_fk FOREIGN KEY (sca_dep_codigo)
                          *
ERRO na linha 2:
ORA-02275: such a referential constraint already exists in the table 


SQL> -- Start of DDL Script for Constraint IFRSRH2.SCA_EMP_FK
SQL> -- Generated 27-dez-2004 8:34:04 from SYSMAN@BDSEDE5
SQL> 
SQL> ALTER TABLE saldo_cobranca_aposentado
  2  ADD CONSTRAINT sca_emp_fk FOREIGN KEY (sca_emp_numero_matricula)
  3  REFERENCES cadastros (emp_numero_matricula)
  4  novalidate;
ADD CONSTRAINT sca_emp_fk FOREIGN KEY (sca_emp_numero_matricula)
                          *
ERRO na linha 2:
ORA-02275: such a referential constraint already exists in the table 


SQL> -- Start of DDL Script for Constraint IFRSRH2.SIN_DEP_RES_FK
SQL> -- Generated 27-dez-2004 8:34:05 from SYSMAN@BDSEDE5
SQL> 
SQL> ALTER TABLE sinistros
  2  ADD CONSTRAINT sin_dep_res_fk FOREIGN KEY (sin_dep_resp_incl)
  3  REFERENCES dependencias (dep_codigo)
  4  novalidate;
ADD CONSTRAINT sin_dep_res_fk FOREIGN KEY (sin_dep_resp_incl)
                              *
ERRO na linha 2:
ORA-02275: such a referential constraint already exists in the table 


SQL> -- Start of DDL Script for Constraint IFRSRH2.SIN_EMB_FK
SQL> -- Generated 27-dez-2004 8:34:05 from SYSMAN@BDSEDE5
SQL> 
SQL> ALTER TABLE sinistros
  2  ADD CONSTRAINT sin_emb_fk FOREIGN KEY (sin_emb_emp_numero_matricula,
  3    sin_emb_ben_sigla)
  4  REFERENCES empregados_beneficios (emb_emp_numero_matricula,emb_ben_sigla)
  5  novalidate;
ADD CONSTRAINT sin_emb_fk FOREIGN KEY (sin_emb_emp_numero_matricula,
                          *
ERRO na linha 2:
ORA-02275: such a referential constraint already exists in the table 


SQL> -- Start of DDL Script for Constraint IFRSRH2.SIN_PVB_FK
SQL> -- Generated 27-dez-2004 8:34:06 from SYSMAN@BDSEDE5
SQL> 
SQL> ALTER TABLE sinistros
  2  ADD CONSTRAINT sin_pvb_fk FOREIGN KEY (sin_pvb_pvi_emp_numero_matric,
  3    sin_pvb_pvi_sequencial, sin_pvb_emb_ben_sigla, sin_pvb_adesao)
  4  REFERENCES pessoas_vinculadas_benef (pvb_pvi_emp_numero_matricula,pvb_pvi_sequencial,emb_ben_sigla,pvb_adesao)
  5  novalidate;
ADD CONSTRAINT sin_pvb_fk FOREIGN KEY (sin_pvb_pvi_emp_numero_matric,
                          *
ERRO na linha 2:
ORA-02275: such a referential constraint already exists in the table 


SQL> -- Start of DDL Script for Constraint IFRSRH2.TAB_CESTA_BASICA_NIVEIS_SAL_FK
SQL> -- Generated 27-dez-2004 8:34:11 from SYSMAN@BDSEDE5
SQL> 
SQL> ALTER TABLE tab_cesta_basica
  2  ADD CONSTRAINT tab_cesta_basica_niveis_sal_fk FOREIGN KEY (tcb_nsa_codigo_nivel,
  3    tcb_nsa_codigo_padrao, tcb_nsa_ind_nivel_escola)
  4  REFERENCES niveis_salariais (nsa_codigo_nivel,nsa_codigo_padrao,nsa_indicador_nivel_escola)
  5  novalidate;
ADD CONSTRAINT tab_cesta_basica_niveis_sal_fk FOREIGN KEY (tcb_nsa_codigo_nivel,
                                              *
ERRO na linha 2:
ORA-02275: such a referential constraint already exists in the table 


SQL> -- Start of DDL Script for Constraint IFRSRH2.TAB_PART_BEN_CADASTROS_FK
SQL> -- Generated 27-dez-2004 8:34:12 from SYSMAN@BDSEDE5
SQL> 
SQL> ALTER TABLE tab_participacao_beneficio
  2  ADD CONSTRAINT tab_part_ben_cadastros_fk FOREIGN KEY (tpb_emp_numero_matricula)
  3  REFERENCES cadastros (emp_numero_matricula)
  4  novalidate;
ADD CONSTRAINT tab_part_ben_cadastros_fk FOREIGN KEY (tpb_emp_numero_matricula)
                                         *
ERRO na linha 2:
ORA-02275: such a referential constraint already exists in the table 


SQL> -- Start of DDL Script for Constraint IFRSRH2.TAB_PART_BEN_CC_FK
SQL> -- Generated 27-dez-2004 8:34:12 from SYSMAN@BDSEDE5
SQL> 
SQL> ALTER TABLE tab_participacao_beneficio
  2  ADD CONSTRAINT tab_part_ben_cc_fk FOREIGN KEY (tpb_cct_codigo)
  3  REFERENCES centro_custo (cd_centro_custo)
  4  novalidate;
ADD CONSTRAINT tab_part_ben_cc_fk FOREIGN KEY (tpb_cct_codigo)
                                  *
ERRO na linha 2:
ORA-02275: such a referential constraint already exists in the table 


SQL> -- Start of DDL Script for Constraint IFRSRH2.TAB_PART_BEN_DEP_FISICA_FK
SQL> -- Generated 27-dez-2004 8:34:13 from SYSMAN@BDSEDE5
SQL> 
SQL> ALTER TABLE tab_participacao_beneficio
  2  ADD CONSTRAINT tab_part_ben_dep_fisica_fk FOREIGN KEY (tpb_dep_codigo_fisico)
  3  REFERENCES dependencias (dep_codigo)
  4  novalidate;
ADD CONSTRAINT tab_part_ben_dep_fisica_fk FOREIGN KEY (tpb_dep_codigo_fisico)
                                          *
ERRO na linha 2:
ORA-02275: such a referential constraint already exists in the table 


SQL> -- Start of DDL Script for Constraint IFRSRH2.TAB_PART_BEN_DEP_LOTACAO_FK
SQL> -- Generated 27-dez-2004 8:34:13 from SYSMAN@BDSEDE5
SQL> 
SQL> ALTER TABLE tab_participacao_beneficio
  2  ADD CONSTRAINT tab_part_ben_dep_lotacao_fk FOREIGN KEY (tpb_dep_codigo_lotacao)
  3  REFERENCES dependencias (dep_codigo)
  4  novalidate;
ADD CONSTRAINT tab_part_ben_dep_lotacao_fk FOREIGN KEY (tpb_dep_codigo_lotacao)
                                           *
ERRO na linha 2:
ORA-02275: such a referential constraint already exists in the table 


SQL> -- Start of DDL Script for Constraint IFRSRH2.TAB_PART_BEN_EMP_BENEF_FK
SQL> -- Generated 27-dez-2004 8:34:13 from SYSMAN@BDSEDE5
SQL> 
SQL> ALTER TABLE tab_participacao_beneficio
  2  ADD CONSTRAINT tab_part_ben_emp_benef_fk FOREIGN KEY (tpb_emp_numero_matricula,
  3    tpb_emb_ben_sigla)
  4  REFERENCES empregados_beneficios (emb_emp_numero_matricula,emb_ben_sigla)
  5  novalidate;
ADD CONSTRAINT tab_part_ben_emp_benef_fk FOREIGN KEY (tpb_emp_numero_matricula,
                                         *
ERRO na linha 2:
ORA-02275: such a referential constraint already exists in the table 


SQL> -- Start of DDL Script for Constraint IFRSRH2.TAB_PART_BEN_PVI_FK
SQL> -- Generated 27-dez-2004 8:34:13 from SYSMAN@BDSEDE5
SQL> 
SQL> ALTER TABLE tab_participacao_beneficio
  2  ADD CONSTRAINT tab_part_ben_pvi_fk FOREIGN KEY (tpb_emp_numero_matricula,
  3    tpb_pvi_sequencial)
  4  REFERENCES pessoas_vinculadas (pvi_emp_numero_matricula,pvi_sequencial)
  5  novalidate;

Tabela alterada.

SQL> -- Start of DDL Script for Constraint IFRSRH2.TAB_PART_BEN_RUBRICAS_FK
SQL> -- Generated 27-dez-2004 8:34:14 from SYSMAN@BDSEDE5
SQL> 
SQL> ALTER TABLE tab_participacao_beneficio
  2  ADD CONSTRAINT tab_part_ben_rubricas_fk FOREIGN KEY (tpb_rub_codigo)
  3  REFERENCES rubricas (rub_codigo)
  4  novalidate;

Tabela alterada.

SQL> -- Start of DDL Script for Constraint IFRSRH2.TDC_DEP_FK
SQL> -- Generated 27-dez-2004 8:34:15 from SYSMAN@BDSEDE5
SQL> 
SQL> ALTER TABLE tab_doc_cobranca
  2  ADD CONSTRAINT tdc_dep_fk FOREIGN KEY (tdc_dep_codigo)
  3  REFERENCES dependencias (dep_codigo)
  4  novalidate;
ADD CONSTRAINT tdc_dep_fk FOREIGN KEY (tdc_dep_codigo)
                          *
ERRO na linha 2:
ORA-02275: such a referential constraint already exists in the table 


SQL> -- Start of DDL Script for Constraint IFRSRH2.TDE_EMP_FK
SQL> -- Generated 27-dez-2004 8:34:16 from SYSMAN@BDSEDE5
SQL> 
SQL> ALTER TABLE tmp_dependencia_empregado
  2  ADD CONSTRAINT tde_emp_fk FOREIGN KEY (tde_emp_numero_matricula)
  3  REFERENCES cadastros (emp_numero_matricula)
  4  novalidate;
ADD CONSTRAINT tde_emp_fk FOREIGN KEY (tde_emp_numero_matricula)
                          *
ERRO na linha 2:
ORA-02275: such a referential constraint already exists in the table 


SQL> -- Start of DDL Script for Constraint IFRSRH2.TDM_GUI_FK
SQL> -- Generated 27-dez-2004 8:34:18 from SYSMAN@BDSEDE5
SQL> 
SQL> ALTER TABLE tab_despesa_medicamentos
  2  ADD CONSTRAINT tdm_gui_fk FOREIGN KEY (tdm_gui_doc_numero,
  3    tdm_gui_doc_cbe_ben_sigla, tdm_gui_doc_cbe_cre_sequencial,
  4    tdm_gui_doc_dep_codigo, tdm_gui_numero)
  5  REFERENCES guias (gui_doc_numero,gui_doc_cbe_ben_sigla,gui_doc_cbe_cre_sequencial,gui_doc_dep_codigo,gui_numero)
  6  novalidate;
ADD CONSTRAINT tdm_gui_fk FOREIGN KEY (tdm_gui_doc_numero,
                          *
ERRO na linha 2:
ORA-02275: such a referential constraint already exists in the table 


SQL> -- Start of DDL Script for Constraint IFRSRH2.TEMP_MOV_EMP_FK
SQL> -- Generated 27-dez-2004 8:34:19 from SYSMAN@BDSEDE5
SQL> 
SQL> ALTER TABLE temp_movimentacao
  2  ADD CONSTRAINT temp_mov_emp_fk FOREIGN KEY (mov_emp_numero_matricula)
  3  REFERENCES cadastros (emp_numero_matricula)
  4  novalidate;
ADD CONSTRAINT temp_mov_emp_fk FOREIGN KEY (mov_emp_numero_matricula)
                               *
ERRO na linha 2:
ORA-02275: such a referential constraint already exists in the table 


SQL> -- Start of DDL Script for Constraint IFRSRH2.TEMP_MOV_FORM_FK
SQL> -- Generated 27-dez-2004 8:34:19 from SYSMAN@BDSEDE5
SQL> 
SQL> ALTER TABLE temp_movimentacao
  2  ADD CONSTRAINT temp_mov_form_fk FOREIGN KEY (mov_for_codigo)
  3  REFERENCES formulas (for_codigo)
  4  novalidate;
ADD CONSTRAINT temp_mov_form_fk FOREIGN KEY (mov_for_codigo)
                                *
ERRO na linha 2:
ORA-02275: such a referential constraint already exists in the table 


SQL> -- Start of DDL Script for Constraint IFRSRH2.TEMP_MOV_PEN_FK
SQL> -- Generated 27-dez-2004 8:34:19 from SYSMAN@BDSEDE5
SQL> 
SQL> ALTER TABLE temp_movimentacao
  2  ADD CONSTRAINT temp_mov_pen_fk FOREIGN KEY (mov_emp_numero_matricula,
  3    mov_pen_codigo)
  4  REFERENCES pensionistas (pen_emp_numero_matricula,pen_codigo)
  5  novalidate;

Tabela alterada.

SQL> -- Start of DDL Script for Constraint IFRSRH2.TEMP_MOV_RUB_FK
SQL> -- Generated 27-dez-2004 8:34:20 from SYSMAN@BDSEDE5
SQL> 
SQL> ALTER TABLE temp_movimentacao
  2  ADD CONSTRAINT temp_mov_rub_fk FOREIGN KEY (mov_rub_codigo)
  3  REFERENCES rubricas (rub_codigo)
  4  novalidate;

Tabela alterada.

SQL> -- Start of DDL Script for Constraint IFRSRH2.TMC_EMP_FK
SQL> -- Generated 27-dez-2004 8:34:22 from SYSMAN@BDSEDE5
SQL> 
SQL> ALTER TABLE tab_margem_consignavel
  2  ADD CONSTRAINT tmc_emp_fk FOREIGN KEY (tmc_emp_num_matricula)
  3  REFERENCES cadastros (emp_numero_matricula)
  4  novalidate;
ADD CONSTRAINT tmc_emp_fk FOREIGN KEY (tmc_emp_num_matricula)
                          *
ERRO na linha 2:
ORA-02275: such a referential constraint already exists in the table 


SQL> -- Start of DDL Script for Constraint IFRSRH2.TMC_EMP_RESP_FK
SQL> -- Generated 27-dez-2004 8:34:23 from SYSMAN@BDSEDE5
SQL> 
SQL> ALTER TABLE tab_margem_consignavel
  2  ADD CONSTRAINT tmc_emp_resp_fk FOREIGN KEY (tmc_num_matricula_resp)
  3  REFERENCES cadastros (emp_numero_matricula)
  4  novalidate;
ADD CONSTRAINT tmc_emp_resp_fk FOREIGN KEY (tmc_num_matricula_resp)
                               *
ERRO na linha 2:
ORA-02275: such a referential constraint already exists in the table 


SQL> -- Start of DDL Script for Constraint IFRSRH2.TMC_SU_EXC_FK
SQL> -- Generated 27-dez-2004 8:34:23 from SYSMAN@BDSEDE5
SQL> 
SQL> ALTER TABLE tab_margem_consignavel
  2  ADD CONSTRAINT tmc_su_exc_fk FOREIGN KEY (tmc_cod_usuario_exclusao)
  3  REFERENCES seg_usuario (id_usuario)
  4  novalidate;
ADD CONSTRAINT tmc_su_exc_fk FOREIGN KEY (tmc_cod_usuario_exclusao)
                             *
ERRO na linha 2:
ORA-02275: such a referential constraint already exists in the table 


SQL> -- Start of DDL Script for Constraint IFRSRH2.TMC_SU_FK
SQL> -- Generated 27-dez-2004 8:34:23 from SYSMAN@BDSEDE5
SQL> 
SQL> ALTER TABLE tab_margem_consignavel
  2  ADD CONSTRAINT tmc_su_fk FOREIGN KEY (tmc_cod_usuario)
  3  REFERENCES seg_usuario (id_usuario)
  4  novalidate;
ADD CONSTRAINT tmc_su_fk FOREIGN KEY (tmc_cod_usuario)
                         *
ERRO na linha 2:
ORA-02275: such a referential constraint already exists in the table 


SQL> -- Start of DDL Script for Constraint IFRSRH2.TOR_OFU_FK
SQL> -- Generated 27-dez-2004 8:34:30 from SYSMAN@BDSEDE5
SQL> 
SQL> ALTER TABLE tipos_ocorrencias_rubricas
  2  ADD CONSTRAINT tor_ofu_fk FOREIGN KEY (tor_ofu_codigo)
  3  REFERENCES tipos_ocorrencias (ofu_codigo)
  4  novalidate;
ADD CONSTRAINT tor_ofu_fk FOREIGN KEY (tor_ofu_codigo)
                          *
ERRO na linha 2:
ORA-02275: such a referential constraint already exists in the table 


SQL> -- Start of DDL Script for Constraint IFRSRH2.TOR_RUB_FK
SQL> -- Generated 27-dez-2004 8:34:31 from SYSMAN@BDSEDE5
SQL> 
SQL> ALTER TABLE tipos_ocorrencias_rubricas
  2  ADD CONSTRAINT tor_rub_fk FOREIGN KEY (tor_rub_codigo)
  3  REFERENCES rubricas (rub_codigo)
  4  novalidate;

Tabela alterada.

SQL> -- Start of DDL Script for Constraint IFRSRH2.TP_SDOC_SINISTRO1_FK
SQL> -- Generated 27-dez-2004 8:34:31 from SYSMAN@BDSEDE5
SQL> 
SQL> ALTER TABLE tipo_sinistro_doc
  2  ADD CONSTRAINT tp_sdoc_sinistro1_fk FOREIGN KEY (tsd_dos_codigo_doc)
  3  REFERENCES documentacao_sinistro (dos_codigo_doc)
  4  novalidate;
ADD CONSTRAINT tp_sdoc_sinistro1_fk FOREIGN KEY (tsd_dos_codigo_doc)
                                    *
ERRO na linha 2:
ORA-02275: such a referential constraint already exists in the table 


SQL> -- Start of DDL Script for Constraint IFRSRH2.TP_TIPO_SINISTRO1_FK
SQL> -- Generated 27-dez-2004 8:34:32 from SYSMAN@BDSEDE5
SQL> 
SQL> ALTER TABLE tipo_sinistro_doc
  2  ADD CONSTRAINT tp_tipo_sinistro1_fk FOREIGN KEY (tsd_tis_codigo_tipo)
  3  REFERENCES tipo_sinistro (tis_codigo_tipo)
  4  novalidate;
ADD CONSTRAINT tp_tipo_sinistro1_fk FOREIGN KEY (tsd_tis_codigo_tipo)
                                    *
ERRO na linha 2:
ORA-02275: such a referential constraint already exists in the table 


SQL> -- Start of DDL Script for Constraint IFRSRH2.UFC_FUN_FK
SQL> -- Generated 27-dez-2004 8:34:35 from SYSMAN@BDSEDE5
SQL> 
SQL> ALTER TABLE uor_funcao_chefia
  2  ADD CONSTRAINT ufc_fun_fk FOREIGN KEY (ufc_fun_codigo)
  3  REFERENCES cargos_confianca (fun_codigo)
  4  novalidate;
ADD CONSTRAINT ufc_fun_fk FOREIGN KEY (ufc_fun_codigo)
                          *
ERRO na linha 2:
ORA-02275: such a referential constraint already exists in the table 


SQL> -- Start of DDL Script for Constraint IFRSRH2.UFC_UOR_FK
SQL> -- Generated 27-dez-2004 8:34:36 from SYSMAN@BDSEDE5
SQL> 
SQL> ALTER TABLE uor_funcao_chefia
  2  ADD CONSTRAINT ufc_uor_fk FOREIGN KEY (ufc_uor_codigo)
  3  REFERENCES unidades_organizacionais (uor_codigo)
  4  novalidate;
ADD CONSTRAINT ufc_uor_fk FOREIGN KEY (ufc_uor_codigo)
                          *
ERRO na linha 2:
ORA-02275: such a referential constraint already exists in the table 


SQL> -- Start of DDL Script for Constraint IFRSRH2.UFF_UOR_FK
SQL> -- Generated 27-dez-2004 8:34:37 from SYSMAN@BDSEDE5
SQL> 
SQL> ALTER TABLE uor_fone_fax
  2  ADD CONSTRAINT uff_uor_fk FOREIGN KEY (uff_uor_codigo)
  3  REFERENCES unidades_organizacionais (uor_codigo)
  4  novalidate;
ADD CONSTRAINT uff_uor_fk FOREIGN KEY (uff_uor_codigo)
                          *
ERRO na linha 2:
ORA-02275: such a referential constraint already exists in the table 


SQL> -- Start of DDL Script for Constraint IFRSRH2.ULT_EMB_FK
SQL> -- Generated 27-dez-2004 8:34:37 from SYSMAN@BDSEDE5
SQL> 
SQL> ALTER TABLE usuarios_linhas_transportes
  2  ADD CONSTRAINT ult_emb_fk FOREIGN KEY (ult_emb_emp_numero_matricula,
  3    ult_emb_ben_sigla)
  4  REFERENCES empregados_beneficios (emb_emp_numero_matricula,emb_ben_sigla)
  5  novalidate;
ADD CONSTRAINT ult_emb_fk FOREIGN KEY (ult_emb_emp_numero_matricula,
                          *
ERRO na linha 2:
ORA-02275: such a referential constraint already exists in the table 


SQL> -- Start of DDL Script for Constraint IFRSRH2.ULT_LTF_FK
SQL> -- Generated 27-dez-2004 8:34:37 from SYSMAN@BDSEDE5
SQL> 
SQL> ALTER TABLE usuarios_linhas_transportes
  2  ADD CONSTRAINT ult_ltf_fk FOREIGN KEY (ult_ltf_numero, ult_ltf_dep_codigo)
  3  REFERENCES linhas_transportes_fretados (ltf_numero,ltf_dep_codigo)
  4  novalidate;
ADD CONSTRAINT ult_ltf_fk FOREIGN KEY (ult_ltf_numero, ult_ltf_dep_codigo)
                          *
ERRO na linha 2:
ORA-02275: such a referential constraint already exists in the table 


SQL> -- Start of DDL Script for Constraint IFRSRH2.UPS_CRE_FK
SQL> -- Generated 27-dez-2004 8:34:38 from SYSMAN@BDSEDE5
SQL> 
SQL> ALTER TABLE usuarios_planos_saude
  2  ADD CONSTRAINT ups_cre_fk FOREIGN KEY (ups_cre_sequencial)
  3  REFERENCES credenciados (cre_sequencial)
  4  novalidate;
ADD CONSTRAINT ups_cre_fk FOREIGN KEY (ups_cre_sequencial)
                          *
ERRO na linha 2:
ORA-02275: such a referential constraint already exists in the table 


SQL> -- Start of DDL Script for Constraint IFRSRH2.UPS_DEP_FK
SQL> -- Generated 27-dez-2004 8:34:38 from SYSMAN@BDSEDE5
SQL> 
SQL> ALTER TABLE usuarios_planos_saude
  2  ADD CONSTRAINT ups_dep_fk FOREIGN KEY (ups_dep_codigo)
  3  REFERENCES dependencias (dep_codigo)
  4  novalidate;
ADD CONSTRAINT ups_dep_fk FOREIGN KEY (ups_dep_codigo)
                          *
ERRO na linha 2:
ORA-02275: such a referential constraint already exists in the table 


SQL> -- Start of DDL Script for Constraint IFRSRH2.UPS_EMP_FK
SQL> -- Generated 27-dez-2004 8:34:38 from SYSMAN@BDSEDE5
SQL> 
SQL> ALTER TABLE usuarios_planos_saude
  2  ADD CONSTRAINT ups_emp_fk FOREIGN KEY (ups_emp_numero_matricula)
  3  REFERENCES cadastros (emp_numero_matricula)
  4  novalidate;
ADD CONSTRAINT ups_emp_fk FOREIGN KEY (ups_emp_numero_matricula)
                          *
ERRO na linha 2:
ORA-02275: such a referential constraint already exists in the table 


SQL> -- Start of DDL Script for Constraint IFRSRH2.USU_LIN_TRANS_VAL_DEPENDEN
SQL> -- Generated 27-dez-2004 8:34:39 from SYSMAN@BDSEDE5
SQL> 
SQL> ALTER TABLE usuarios_linhas_transportes
  2  ADD CONSTRAINT usu_lin_trans_val_dependen FOREIGN KEY (ult_dep_resp_incl)
  3  REFERENCES dependencias (dep_codigo)
  4  novalidate;
ADD CONSTRAINT usu_lin_trans_val_dependen FOREIGN KEY (ult_dep_resp_incl)
                                          *
ERRO na linha 2:
ORA-02275: such a referential constraint already exists in the table 


SQL> -- Start of DDL Script for Constraint IFRSRH2.VAU_AMB_FK
SQL> -- Generated 27-dez-2004 8:34:39 from SYSMAN@BDSEDE5
SQL> 
SQL> ALTER TABLE valores_autorizados
  2  ADD CONSTRAINT vau_amb_fk FOREIGN KEY (vau_amb_codigo, vau_amb_dv)
  3  REFERENCES amb (amb_codigo,amb_dv)
  4  novalidate;
ADD CONSTRAINT vau_amb_fk FOREIGN KEY (vau_amb_codigo, vau_amb_dv)
                          *
ERRO na linha 2:
ORA-02275: such a referential constraint already exists in the table 


SQL> -- Start of DDL Script for Constraint IFRSRH2.VAU_ENQ_FK
SQL> -- Generated 27-dez-2004 8:34:39 from SYSMAN@BDSEDE5
SQL> 
SQL> ALTER TABLE valores_autorizados
  2  ADD CONSTRAINT vau_enq_fk FOREIGN KEY (vau_enq_numero)
  3  REFERENCES enquadramentos (enq_numero)
  4  novalidate;
ADD CONSTRAINT vau_enq_fk FOREIGN KEY (vau_enq_numero)
                          *
ERRO na linha 2:
ORA-02275: such a referential constraint already exists in the table 


SQL> -- Start of DDL Script for Constraint IFRSRH2.VIP_CRE_FK
SQL> -- Generated 27-dez-2004 8:34:39 from SYSMAN@BDSEDE5
SQL> 
SQL> ALTER TABLE vinculo_prestadora
  2  ADD CONSTRAINT vip_cre_fk FOREIGN KEY (vip_cre_sequencial)
  3  REFERENCES credenciados (cre_sequencial)
  4  novalidate;
ADD CONSTRAINT vip_cre_fk FOREIGN KEY (vip_cre_sequencial)
                          *
ERRO na linha 2:
ORA-02275: such a referential constraint already exists in the table 


SQL> -- Start of DDL Script for Constraint IFRSRH2.VIU_DEP_FK
SQL> -- Generated 27-dez-2004 8:34:40 from SYSMAN@BDSEDE5
SQL> 
SQL> ALTER TABLE vinculado_universitarios
  2  ADD CONSTRAINT viu_dep_fk FOREIGN KEY (viu_dep_resp_incl)
  3  REFERENCES dependencias (dep_codigo)
  4  novalidate;
ADD CONSTRAINT viu_dep_fk FOREIGN KEY (viu_dep_resp_incl)
                          *
ERRO na linha 2:
ORA-02275: such a referential constraint already exists in the table 


SQL> -- Start of DDL Script for Constraint IFRSRH2.VO_SS_FK
SQL> -- Generated 27-dez-2004 8:34:43 from SYSMAN@BDSEDE5
SQL> 
SQL> ALTER TABLE versao_objetos
  2  ADD CONSTRAINT vo_ss_fk FOREIGN KEY (ver_cd_sistema)
  3  REFERENCES seg_sistema (cd_sistema)
  4  ENABLE NOVALIDATE
  5  novalidate;
novalidate
*
ERRO na linha 5:
ORA-01735: invalid ALTER TABLE option 


SQL> -- End of DDL script for Foreign Key(s)
SQL> 
SQL> Entrada truncada para 7 caracteres
spo off
