
      PINS      RELOADS  miss rate COMMENTS                                                                             
---------- ------------ ---------- -------------------------                                                            
 101871454      371,923 ,365090499 okay                                                                                 



      GETS  GETMISSES  miss rate COMMENTS                                                                               
---------- ---------- ---------- -------------------------                                                              
  43395971     834995 1,92413024 okay                                                                                   



  PHYSICAL    LOGICAL   hit rate COMMENTS                                                                               
---------- ---------- ---------- ------------------------                                                               
5891951364   55720161 -10474,182 increase db_block_buffer                                                               



    memory            disk       rows COMMENTS                                                                          
---------- --------------- ---------- -----------------------                                                           
         0               0          0 okay                                                                              



enqueue waits per transaction  per logon COMMENTS                                                                       
------------- --------------- ---------- ---------------------------                                                    
       596761      ,795641021 1,41676776 okay                                                                           



DBWR checkpoints per transaction  per logon COMMENTS                                                                    
---------------- --------------- ---------- ---------------------------------                                           
               1      1,3333E-06 2,3741E-06 okay                                                                        



redo log space requests per transaction  per logon COMMENTS                                                             
----------------------- --------------- ---------- --------------------                                                 
                     24      ,000031998 ,000056978 okay                                                                 
SQL> 
SQL> 
SQL> select * from dba_tables
  2  where table_name = 'CRONOGRAMAS_PAGAMENTOS';

OWNER                          TABLE_NAME                     TABLESPACE_NAME                                           
------------------------------ ------------------------------ ------------------------------                            
CLUSTER_NAME                   IOT_NAME                         PCT_FREE   PCT_USED  INI_TRANS  MAX_TRANS INITIAL_EXTENT
------------------------------ ------------------------------ ---------- ---------- ---------- ---------- --------------
NEXT_EXTENT MIN_EXTENTS MAX_EXTENTS PCT_INCREASE  FREELISTS FREELIST_GROUPS LOG B   NUM_ROWS     BLOCKS EMPTY_BLOCKS    
----------- ----------- ----------- ------------ ---------- --------------- --- - ---------- ---------- ------------    
 AVG_SPACE  CHAIN_CNT AVG_ROW_LEN AVG_SPACE_FREELIST_BLOCKS NUM_FREELIST_BLOCKS DEGREE     INSTANCES  CACHE TABLE_LO    
---------- ---------- ----------- ------------------------- ------------------- ---------- ---------- ----- --------    
SAMPLE_SIZE LAST_ANA PAR IOT_TYPE     T S NES BUFFER_ ROW_MOVE GLO USE DURATION        SKIP_COR MON                     
----------- -------- --- ------------ - - --- ------- -------- --- --- --------------- -------- ---                     
CLUSTER_OWNER                                                                                                           
------------------------------                                                                                          
IFRSRH2                        CRONOGRAMAS_PAGAMENTOS         TSD_PESSOAL2                                              
                                                                      10         40          2        255        1761280
                      1  2147483645                      10               2 YES N      72208        381           33    
       923          0          31                      7426                   5          1          1     N ENABLED     
      18052 21/06/04 NO               N N NO  DEFAULT DISABLED YES NO                  DISABLED NO                      
                                                                                                                        
                                                                                                                        
SQL> delete plan_table
  2  where statement_id ='Plano_Consulta'
  3  /
SQL> 
SQL> commit
  2  /
SQL> 
SQL> EXPLAIN PLAN
  2  SET STATEMENT_ID = 'Plano_Consulta'
  3  FOR SELECT MAX(CRP_EPG_CODIGO)
  4  FROM CRONOGRAMAS_PAGAMENTOS
  5  WHERE CRP_EPG_CODIGO IN ( 4,6  )
  6  AND CRP_DATA_REALIZACAO IS NOT NULL
  7  AND CRP_SEQUENCIAL = 1
  8  AND CRP_MES_PAGAMENTO < 13
  9  AND CRP_MES_PAGAMENTO = 6
 10  AND CRP_ANO_PAGAMENTO = 2004
 11  GROUP BY CRP_EPG_CODIGO
 12  /
SQL> 
SQL> SELECT LPAD(' ',2*(LEVEL-1))||operation||' '||options
  2  ||' '||object_name
  3  ||' '||DECODE(id, 0, 'Cost = '||position) "Query Plan"
  4  FROM plan_table
  5  START WITH id = 0 AND statement_id = 'Plano_Consulta'
  6  CONNECT BY PRIOR id = parent_id AND statement_id ='Plano_Consulta'
  7  /

Query Plan                                                                                                              
------------------------------------------------------------------------------------------------------------------------
SELECT STATEMENT   Cost = 61                                                                                            
  SORT GROUP BY                                                                                                         
    TABLE ACCESS FULL CRONOGRAMAS_PAGAMENTOS                                                                            
SQL> create index IDX_TEMP on IFRSRH2.CRONOGRAMAS_PAGAMENTOS
  2  (CRP_EPG_CODIGO, CRP_DATA_REALIZACAO, CRP_SEQUENCIAL, CRP_MES_PAGAMENTO, CRP_MES_PAGAMENTO, CRP_ANO_PAGAMENTO)
  3  Tablespace TSD_INDICE;
(CRP_EPG_CODIGO, CRP_DATA_REALIZACAO, CRP_SEQUENCIAL, CRP_MES_PAGAMENTO, CRP_MES_PAGAMENTO, CRP_ANO_PAGAMENTO)
                                                                         *
ERRO na linha 2:
ORA-00957: duplicate column name 


SQL> create index IDX_TEMP on IFRSRH2.CRONOGRAMAS_PAGAMENTOS
  2  (CRP_EPG_CODIGO, CRP_DATA_REALIZACAO, CRP_SEQUENCIAL, CRP_MES_PAGAMENTO, CRP_ANO_PAGAMENTO)
  3  Tablespace TSD_INDICE;
SQL> clear screen
SQL> 
SQL> delete plan_table
  2  where statement_id ='Plano_Consulta'
  3  /
SQL> 
SQL> commit
  2  /
SQL> 
SQL> EXPLAIN PLAN
  2  SET STATEMENT_ID = 'Plano_Consulta'
  3  FOR SELECT MAX(CRP_EPG_CODIGO)
  4  FROM CRONOGRAMAS_PAGAMENTOS
  5  WHERE CRP_EPG_CODIGO IN ( 4,6  )
  6  AND CRP_DATA_REALIZACAO IS NOT NULL
  7  AND CRP_SEQUENCIAL = 1
  8  AND CRP_MES_PAGAMENTO < 13
  9  AND CRP_MES_PAGAMENTO = 6
 10  AND CRP_ANO_PAGAMENTO = 2004
 11  GROUP BY CRP_EPG_CODIGO
 12  /
SQL> 
SQL> SELECT LPAD(' ',2*(LEVEL-1))||operation||' '||options
  2  ||' '||object_name
  3  ||' '||DECODE(id, 0, 'Cost = '||position) "Query Plan"
  4  FROM plan_table
  5  START WITH id = 0 AND statement_id = 'Plano_Consulta'
  6  CONNECT BY PRIOR id = parent_id AND statement_id ='Plano_Consulta'
  7  /

Query Plan                                                                                                              
------------------------------------------------------------------------------------------------------------------------
SELECT STATEMENT   Cost = 1                                                                                             
  SORT GROUP BY NOSORT                                    