SQL> 
SQL> CREATE INDEX ATRIB_CONC_CONCEITOS_FK_I ON SIAD_ATRIBUICAO_CONCEITOS
  2    (
  3  	 CODIGO_CONCEITO		 ASC,
  4  	 CODIGO_FORMULARIO		 ASC,
  5  	 ANO_FORMULARIO 		 ASC,
  6  	 CODIGO_FATOR			 ASC
  7    )
  8    TABLESPACE  TSI_PESSOAL
  9  /

Índice criado.

SQL> CREATE INDEX AV_FINAL_CADASTROS_FK_I ON SIAD_AVALIACAO_FINAL
  2    (
  3  	 EMP_NUMERO_MATRICULA		 ASC
  4    )
  5    TABLESPACE  TSI_PESSOAL
  6  /

Índice criado.

SQL> CREATE UNIQUE INDEX AV_FINAL_PK ON SIAD_AVALIACAO_FINAL
  2    (
  3  	 EMP_NUMERO_MATRICULA		 ASC,
  4  	 ANO_AVALIACAO_FINAL		 ASC
  5    )
  6    TABLESPACE  TSI_PESSOAL
  7  /
CREATE UNIQUE INDEX AV_FINAL_PK ON SIAD_AVALIACAO_FINAL
                    *
ERRO na linha 1:
ORA-00955: name is already used by an existing object 


SQL> CREATE INDEX AVAL_FOCOS_AVALIACAO_FK_I ON SIAD_AVALIACAO_FOCOS
  2    (
  3  	 ANO_AVALIADOR			 ASC,
  4  	 ANO_AVALIACAO_FINAL		 ASC,
  5  	 MATRICULA_AVALIADOR		 ASC,
  6  	 EMP_NUMERO_MATRICULA		 ASC
  7    )
  8    TABLESPACE  TSI_PESSOAL
  9  /

Índice criado.

SQL> 
SQL> CREATE INDEX AVAL_FOCOS_FOCOS_ATEN_FK_I ON SIAD_AVALIACAO_FOCOS
  2    (
  3  	 ANO_FOCOS			 ASC,
  4  	 CODIGO_FOCOS			 ASC
  5    )
  6    TABLESPACE  TSI_PESSOAL
  7  /

Índice criado.

SQL> 
SQL> CREATE UNIQUE INDEX AVAL_FOCOS_PK ON SIAD_AVALIACAO_FOCOS
  2    (
  3  	 ANO_AVALIADOR			 ASC,
  4  	 ANO_AVALIACAO_FINAL		 ASC,
  5  	 MATRICULA_AVALIADOR		 ASC,
  6  	 EMP_NUMERO_MATRICULA		 ASC,
  7  	 ANO_FOCOS			 ASC,
  8  	 CODIGO_FOCOS			 ASC
  9    )
 10    TABLESPACE  TSI_PESSOAL
 11  /
CREATE UNIQUE INDEX AVAL_FOCOS_PK ON SIAD_AVALIACAO_FOCOS
                    *
ERRO na linha 1:
ORA-00955: name is already used by an existing object 


SQL> 
SQL> CREATE INDEX AVAL_TREIN_AVALIACAO_FK_I ON SIAD_AVALIACAO_TREINAMENTO
  2    (
  3  	 ANO_AVALIADOR			 ASC,
  4  	 ANO_AVALIACAO_FINAL		 ASC,
  5  	 MATRICULA_AVALIADOR		 ASC,
  6  	 EMP_NUMERO_MATRICULA		 ASC
  7    )
  8    TABLESPACE  TSI_PESSOAL
  9  /

Índice criado.

SQL> 
SQL> CREATE UNIQUE INDEX AVAL_TREIN_PK ON SIAD_AVALIACAO_TREINAMENTO
  2    (
  3  	 ANO_TREINAMENTO		 ASC,
  4  	 CODIGO_TREINAMENTO		 ASC,
  5  	 ANO_AVALIADOR			 ASC,
  6  	 ANO_AVALIACAO_FINAL		 ASC,
  7  	 MATRICULA_AVALIADOR		 ASC,
  8  	 EMP_NUMERO_MATRICULA		 ASC
  9    )
 10    TABLESPACE  TSI_PESSOAL
 11  /
CREATE UNIQUE INDEX AVAL_TREIN_PK ON SIAD_AVALIACAO_TREINAMENTO
                    *
ERRO na linha 1:
ORA-00955: name is already used by an existing object 


SQL> 
SQL> CREATE INDEX AVAL_TREIN_TREINO_FK_I ON SIAD_AVALIACAO_TREINAMENTO
  2    (
  3  	 ANO_TREINAMENTO		 ASC,
  4  	 CODIGO_TREINAMENTO		 ASC
  5    )
  6    TABLESPACE  TSI_PESSOAL
  7  /

Índice criado.

SQL> 
SQL> CREATE INDEX AVALIACAO_AV_FINAL_FK_I ON SIAD_AVALIACAO
  2    (
  3  	 EMP_NUMERO_MATRICULA		 ASC,
  4  	 ANO_AVALIACAO_FINAL		 ASC
  5    )
  6    TABLESPACE  TSI_PESSOAL
  7  /

Índice criado.

SQL> 
SQL> CREATE INDEX AVALIACAO_AVALIADOR_FK_I ON SIAD_AVALIACAO
  2    (
  3  	 ANO_AVALIADOR			 ASC,
  4  	 MATRICULA_AVALIADOR		 ASC
  5    )
  6    TABLESPACE  TSI_PESSOAL
  7  /

Índice criado.

SQL> 
SQL> CREATE INDEX AVALIACAO_FORMULARIO_FK_I ON SIAD_AVALIACAO
  2    (
  3  	 ANO_FORMULARIO 		 ASC,
  4  	 CODIGO_FORMULARIO		 ASC
  5    )
  6    TABLESPACE  TSI_PESSOAL
  7  /

Índice criado.

SQL> 
SQL> CREATE INDEX AVALIACAO_MOT_NAV_FK_I ON SIAD_AVALIACAO
  2    (
  3  	 CODIGO_MOTIVO			 ASC
  4    )
  5    TABLESPACE  TSI_PESSOAL
  6  /

Índice criado.

SQL> 
SQL> CREATE UNIQUE INDEX AVALIACAO_PK ON SIAD_AVALIACAO
  2    (
  3  	 ANO_AVALIADOR			 ASC,
  4  	 ANO_AVALIACAO_FINAL		 ASC,
  5  	 MATRICULA_AVALIADOR		 ASC,
  6  	 EMP_NUMERO_MATRICULA		 ASC
  7    )
  8    TABLESPACE  TSI_PESSOAL
  9  /
CREATE UNIQUE INDEX AVALIACAO_PK ON SIAD_AVALIACAO
                    *
ERRO na linha 1:
ORA-00955: name is already used by an existing object 


SQL> 
SQL> CREATE UNIQUE INDEX AVALIADOR_PK ON SIAD_AVALIADOR
  2    (
  3  	 ANO_AVALIADOR			 ASC,
  4  	 MATRICULA_AVALIADOR		 ASC
  5    )
  6    TABLESPACE  TSI_PESSOAL
  7  /
CREATE UNIQUE INDEX AVALIADOR_PK ON SIAD_AVALIADOR
                    *
ERRO na linha 1:
ORA-00955: name is already used by an existing object 


SQL> CREATE INDEX COMISSAO_CADASTROS_FK_I ON SIAD_COMISSAO_AVALIACAO
  2    (
  3  	 EMP_NUMERO_MATRICULA		 ASC
  4    )
  5    PCTFREE	   10
  6    INITRANS    2
  7    MAXTRANS    255
  8    TABLESPACE  TSI_PESSOAL
  9    STORAGE	 (
 10  	 INITIAL     65536
 11  	 MINEXTENTS  1
 12  	 MAXEXTENTS  2147483645
 13    )
 14  /

Índice criado.

SQL> 
SQL> CREATE INDEX COMISSAO_DEPEND_FK_I ON SIAD_COMISSAO_AVALIACAO
  2    (
  3  	 DEP_CODIGO			 ASC
  4    )
  5    PCTFREE	   10
  6    INITRANS    2
  7    MAXTRANS    255
  8    TABLESPACE  TSI_PESSOAL
  9    STORAGE	 (
 10  	 INITIAL     65536
 11  	 MINEXTENTS  1
 12  	 MAXEXTENTS  2147483645
 13    )
 14  /

Índice criado.

SQL> 
SQL> CREATE UNIQUE INDEX COMISSAO_PK ON SIAD_COMISSAO_AVALIACAO
  2    (
  3  	 ANO_COMISSAO			 ASC,
  4  	 DEP_CODIGO			 ASC,
  5  	 EMP_NUMERO_MATRICULA		 ASC
  6    )
  7    PCTFREE	   10
  8    INITRANS    2
  9    MAXTRANS    255
 10    TABLESPACE  TSI_PESSOAL
 11    STORAGE	 (
 12  	 INITIAL     65536
 13  	 MINEXTENTS  1
 14  	 MAXEXTENTS  2147483645
 15    )
 16  /
CREATE UNIQUE INDEX COMISSAO_PK ON SIAD_COMISSAO_AVALIACAO
                    *
ERRO na linha 1:
ORA-00955: name is already used by an existing object 


SQL> 
SQL> CREATE INDEX COMP_GRUPO_GRUPO_AVAL_FK_I ON SIAD_COMPOSICAO_GRUPO
  2    (
  3  	 ANO_GRUPO_AVALIACAO		 ASC,
  4  	 CODIGO_GRUPO			 ASC
  5    )
  6    PCTFREE	   10
  7    INITRANS    2
  8    MAXTRANS    255
  9    TABLESPACE  TSI_PESSOAL
 10    STORAGE	 (
 11  	 INITIAL     65536
 12  	 MINEXTENTS  1
 13  	 MAXEXTENTS  2147483645
 14    )
 15  /

Índice criado.

SQL> 
SQL> CREATE UNIQUE INDEX COMP_GRUPO_PK ON SIAD_COMPOSICAO_GRUPO
  2    (
  3  	 ANO_GRUPO_AVALIACAO		 ASC,
  4  	 CODIGO_GRUPO			 ASC,
  5  	 UOR_CODIGO			 ASC
  6    )
  7    PCTFREE	   10
  8    INITRANS    2
  9    MAXTRANS    255
 10    TABLESPACE  TSI_PESSOAL
 11    STORAGE	 (
 12  	 INITIAL     65536
 13  	 MINEXTENTS  1
 14  	 MAXEXTENTS  2147483645
 15    )
 16  /
CREATE UNIQUE INDEX COMP_GRUPO_PK ON SIAD_COMPOSICAO_GRUPO
                    *
ERRO na linha 1:
ORA-00955: name is already used by an existing object 


SQL> CREATE UNIQUE INDEX CONCEITOS_PK ON SIAD_CONCEITOS_AVALIACAO
  2    (
  3  	 CODIGO_CONCEITO		 ASC,
  4  	 CODIGO_FORMULARIO		 ASC,
  5  	 ANO_FORMULARIO 		 ASC,
  6  	 CODIGO_FATOR			 ASC
  7    )
  8    PCTFREE	   10
  9    INITRANS    2
 10    MAXTRANS    255
 11    TABLESPACE  TSI_PESSOAL
 12    STORAGE	 (
 13  	 INITIAL     65536
 14  	 MINEXTENTS  1
 15  	 MAXEXTENTS  2147483645
 16    )
 17  /
CREATE UNIQUE INDEX CONCEITOS_PK ON SIAD_CONCEITOS_AVALIACAO
                    *
ERRO na linha 1:
ORA-00955: name is already used by an existing object 


SQL> CREATE UNIQUE INDEX IFRSRH2.CRONOG_PK ON SIAD_CRONOGRAMA
  2    (
  3  	 ANO_CRONOGRAMA 		 ASC,
  4  	 ITEM				 ASC
  5    )
  6    PCTFREE	   10
  7    INITRANS    2
  8    MAXTRANS    255
  9    TABLESPACE  TSI_PESSOAL
 10    STORAGE	 (
 11  	 INITIAL     65536
 12  	 MINEXTENTS  1
 13  	 MAXEXTENTS  2147483645
 14    )
 15  /
CREATE UNIQUE INDEX IFRSRH2.CRONOG_PK ON SIAD_CRONOGRAMA
                            *
ERRO na linha 1:
ORA-00955: name is already used by an existing object 


SQL> CREATE UNIQUE INDEX IFRSRH2.GRUPO_AVAL_PK ON SIAD_GRUPO_AVALIACAO
  2    (
  3  	 ANO_GRUPO_AVALIACAO		 ASC,
  4  	 CODIGO_GRUPO			 ASC
  5    )
  6    PCTFREE	   10
  7    INITRANS    2
  8    MAXTRANS    255
  9    TABLESPACE  TSI_PESSOAL
 10    STORAGE	 (
 11  	 INITIAL     65536
 12  	 MINEXTENTS  1
 13  	 MAXEXTENTS  2147483645
 14    )
 15  /
CREATE UNIQUE INDEX IFRSRH2.GRUPO_AVAL_PK ON SIAD_GRUPO_AVALIACAO
                            *
ERRO na linha 1:
ORA-00955: name is already used by an existing object 


SQL> 
SQL> 
SQL> CREATE UNIQUE INDEX BEN_COD_VINCULO_BENEFICIO ON TIPOS_VINCULOS_BENEFICIOS
  2    (
  3  	 BEN_COD_VINCULO		 ASC,
  4  	 BEN_SIGLA_BENEFICIO		 ASC
  5    )
  6    TABLESPACE  TSI_PESSOAL
  7  /
CREATE UNIQUE INDEX BEN_COD_VINCULO_BENEFICIO ON TIPOS_VINCULOS_BENEFICIOS
                    *
ERRO na linha 1:
ORA-00955: name is already used by an existing object 


SQL> CREATE INDEX IFRSRH2.DEP_EMP_IDX ON TMP_CONTABILIDADE_RELATORIOS
  2    (
  3  	 DEPENDENCIA			 ASC,
  4  	 EMPREGADO			 ASC
  5    )
  6    PCTFREE	   10
  7    INITRANS    2
  8    MAXTRANS    255
  9    TABLESPACE  TSI_PESSOAL
 10    STORAGE	 (
 11  	 INITIAL     65536
 12  	 MINEXTENTS  1
 13  	 MAXEXTENTS  2147483645
 14    )
 15  /

Índice criado.

SQL> 
SQL> CREATE INDEX IFRSRH2.HIS_LOG_MOV_01_IX ON HISTORICO_LOG_MOVIMENTACAO
  2    (
  3  	 MOV_ANO_REFERENCIA		 ASC,
  4  	 MOV_MES_REFERENCIA		 ASC,
  5  	 MOV_VERSAO_PAGAMENTO		 ASC,
  6  	 MOV_EMP_NUMERO_MATRICULA	 ASC
  7    )
  8    PCTFREE	   10
  9    INITRANS    2
 10    MAXTRANS    255
 11    TABLESPACE  TSI_PESSOAL
 12    STORAGE	 (
 13  	 INITIAL     65536
 14  	 MINEXTENTS  1
 15  	 MAXEXTENTS  2147483645
 16    )
 17  /

Índice criado.

SQL> CREATE UNIQUE INDEX IFRSRH2.HOFE_PK ON HST_OCORRENCIAS_FREQ_EMP
  2    (
  3  	 OFE_EMP_NUMERO_MATRICULA	 ASC,
  4  	 OFE_OFU_CODIGO 		 ASC,
  5  	 OFE_DATA_INICIO		 ASC
  6    )
  7    PCTFREE	   10
  8    INITRANS    2
  9    MAXTRANS    255
 10    TABLESPACE  TSD_PESSOAL2
 11    STORAGE	 (
 12  	 INITIAL     65536
 13  	 MINEXTENTS  1
 14  	 MAXEXTENTS  2147483645
 15    )
 16  /

Índice criado.

SQL> 
SQL> CREATE INDEX IFRSRH2.IDX_REF_CAD_FK ON RESUMO_ENCARGOS_FGTS
  2    (
  3  	 REF_EMP_NUMERO_MATRICULA	 ASC
  4    )
  5    PCTFREE	   10
  6    INITRANS    2
  7    MAXTRANS    255
  8    TABLESPACE  TSI_PESSOAL
  9    STORAGE	 (
 10  	 INITIAL     65536
 11  	 MINEXTENTS  1
 12  	 MAXEXTENTS  2147483645
 13    )
 14  /

Índice criado.

SQL> 
SQL> CREATE INDEX IFRSRH2.IDX_REI_EMP_FK ON RESUMO_ENCARGOS_INSS
  2    (
  3  	 REI_EMP_NUMERO_MATRICULA	 ASC
  4    )
  5    PCTFREE	   10
  6    INITRANS    2
  7    MAXTRANS    255
  8    TABLESPACE  TSI_PESSOAL
  9    STORAGE	 (
 10  	 INITIAL     65536
 11  	 MINEXTENTS  1
 12  	 MAXEXTENTS  2147483645
 13    )
 14  /

Índice criado.

SQL> 
SQL> CREATE INDEX IFRSRH2.IDX_RIN_CAD_FK ON RESUMO_ENCARGOS_INFRAPREV
  2    (
  3  	 RIN_EMP_NUMERO_MATRICULA	 ASC
  4    )
  5    PCTFREE	   10
  6    INITRANS    2
  7    MAXTRANS    255
  8    TABLESPACE  TSI_PESSOAL
  9    STORAGE	 (
 10  	 INITIAL     65536
 11  	 MINEXTENTS  1
 12  	 MAXEXTENTS  2147483645
 13    )
 14  /

Índice criado.

SQL> 
SQL> CREATE INDEX IFRSRH2.IDX_RIR_CAD_FK ON RESUMO_ENCARGOS_IRRF
  2    (
  3  	 RIR_EMP_NUMERO_MATRICULA	 ASC
  4    )
  5    PCTFREE	   10
  6    INITRANS    2
  7    MAXTRANS    255
  8    TABLESPACE  TSI_PESSOAL
  9    STORAGE	 (
 10  	 INITIAL     65536
 11  	 MINEXTENTS  1
 12  	 MAXEXTENTS  2147483645
 13    )
 14  /

Índice criado.

SQL> 
SQL> CREATE INDEX IFRSRH2.IDX_RSE_CAD_FK ON RESUMO_ENCARGOS_SAL_EDUCACAO
  2    (
  3  	 RSE_EMP_NUMERO_MATRICULA	 ASC
  4    )
  5    PCTFREE	   10
  6    INITRANS    2
  7    MAXTRANS    255
  8    TABLESPACE  TSI_PESSOAL
  9    STORAGE	 (
 10  	 INITIAL     65536
 11  	 MINEXTENTS  1
 12  	 MAXEXTENTS  2147483645
 13    )
 14  /

Índice criado.

SQL> 
SQL> CREATE INDEX IFRSRH2.IDX_TAB_PART_BEN_CADASTROS_FK ON TAB_PARTICIPACAO_BENEFICIO
  2    (
  3  	 TPB_EMP_NUMERO_MATRICULA	 ASC
  4    )
  5    PCTFREE	   10
  6    INITRANS    2
  7    MAXTRANS    255
  8    TABLESPACE  TSI_PESSOAL
  9    STORAGE	 (
 10  	 INITIAL     65536
 11  	 MINEXTENTS  1
 12  	 MAXEXTENTS  2147483645
 13    )
 14  /

Índice criado.

SQL> 
SQL> CREATE INDEX IFRSRH2.IDX_TAB_PART_BEN_EMP_BENEF_FK ON TAB_PARTICIPACAO_BENEFICIO
  2    (
  3  	 TPB_EMP_NUMERO_MATRICULA	 ASC,
  4  	 TPB_EMB_BEN_SIGLA		 ASC
  5    )
  6    PCTFREE	   10
  7    INITRANS    2
  8    MAXTRANS    255
  9    TABLESPACE  TSI_PESSOAL
 10    STORAGE	 (
 11  	 INITIAL     65536
 12  	 MINEXTENTS  1
 13  	 MAXEXTENTS  2147483645
 14    )
 15  /

Índice criado.

SQL> 
SQL> CREATE INDEX IFRSRH2.IDX_TAB_PART_BEN_PVI_FK ON TAB_PARTICIPACAO_BENEFICIO
  2    (
  3  	 TPB_EMP_NUMERO_MATRICULA	 ASC,
  4  	 TPB_PVI_SEQUENCIAL		 ASC
  5    )
  6    PCTFREE	   10
  7    INITRANS    2
  8    MAXTRANS    255
  9    TABLESPACE  TSI_PESSOAL
 10    STORAGE	 (
 11  	 INITIAL     65536
 12  	 MINEXTENTS  1
 13  	 MAXEXTENTS  2147483645
 14    )
 15  /

Índice criado.

SQL> 
SQL> CREATE INDEX IFRSRH2.IDX_TDM_GUI_FK ON TAB_DESPESA_MEDICAMENTOS
  2    (
  3  	 TDM_GUI_DOC_NUMERO		 ASC,
  4  	 TDM_GUI_DOC_CBE_BEN_SIGLA	 ASC,
  5  	 TDM_GUI_DOC_CBE_CRE_SEQUENCIAL  ASC,
  6  	 TDM_GUI_DOC_DEP_CODIGO 	 ASC,
  7  	 TDM_GUI_NUMERO 		 ASC
  8    )
  9    PCTFREE	   10
 10    INITRANS    2
 11    MAXTRANS    255
 12    TABLESPACE  TSI_PESSOAL
 13    STORAGE	 (
 14  	 INITIAL     65536
 15  	 MINEXTENTS  1
 16  	 MAXEXTENTS  2147483645
 17    )
 18  /

Índice criado.

SQL> 
SQL> CREATE INDEX IFRSRH2.IDX_TEMP ON CRONOGRAMAS_PAGAMENTOS
  2    (
  3  	 CRP_EPG_CODIGO 		 ASC,
  4  	 CRP_DATA_REALIZACAO		 ASC,
  5  	 CRP_SEQUENCIAL 		 ASC,
  6  	 CRP_MES_PAGAMENTO		 ASC,
  7  	 CRP_ANO_PAGAMENTO		 ASC
  8    )
  9    PCTFREE	   10
 10    INITRANS    2
 11    MAXTRANS    255
 12    TABLESPACE  TSI_PESSOAL
 13    STORAGE	 (
 14  	 INITIAL     65536
 15  	 MINEXTENTS  1
 16  	 MAXEXTENTS  2147483645
 17    )
 18  /

Índice criado.

SQL> 
SQL> CREATE INDEX IFRSRH2.IDX_TMP_OCO_FREQ ON TMP_OCO_FREQUENCIA_EMP
  2    (
  3  	 TMP_EMP_NUMERO_MATRICULA	 ASC,
  4  	 TMP_OEM_OFU_CODIGO		 ASC,
  5  	 TMP_OEM_DATA_INICIO		 ASC
  6    )
  7    PCTFREE	   10
  8    INITRANS    2
  9    MAXTRANS    255
 10    TABLESPACE  TSI_PESSOAL
 11    STORAGE	 (
 12  	 INITIAL     65536
 13  	 MINEXTENTS  1
 14  	 MAXEXTENTS  2147483645
 15    )
 16  /

Índice criado.

SQL> 
SQL> CREATE UNIQUE INDEX IFRSRH2.ILI_PK ON ITINERARIOS_LINHAS_TRANSPORTES
  2    (
  3  	 ILI_LTF_NUMERO 		 ASC,
  4  	 ILI_LTF_DEP_CODIGO		 ASC,
  5  	 ILI_SEQUENCIAL 		 ASC
  6    )
  7    PCTFREE	   10
  8    INITRANS    2
  9    MAXTRANS    255
 10    TABLESPACE  TSI_PESSOAL
 11    STORAGE	 (
 12  	 INITIAL     81920
 13  	 MINEXTENTS  1
 14  	 MAXEXTENTS  2147483645
 15    )
 16  /
CREATE UNIQUE INDEX IFRSRH2.ILI_PK ON ITINERARIOS_LINHAS_TRANSPORTES
                            *
ERRO na linha 1:
ORA-00955: name is already used by an existing object 


SQL> 
SQL> CREATE UNIQUE INDEX IFRSRH2.IMR_PK ON IMPOSTOS_RENDAS
  2    (
  3  	 IMR_FAIXA			 ASC,
  4  	 IMR_ANO_REFERENCIA		 ASC,
  5  	 IMR_MES_REFERENCIA		 ASC
  6    )
  7    PCTFREE	   10
  8    INITRANS    2
  9    MAXTRANS    255
 10    TABLESPACE  TSI_PESSOAL
 11    STORAGE	 (
 12  	 INITIAL     40960
 13  	 MINEXTENTS  1
 14  	 MAXEXTENTS  2147483645
 15    )
 16  /
CREATE UNIQUE INDEX IFRSRH2.IMR_PK ON IMPOSTOS_RENDAS
                            *
ERRO na linha 1:
ORA-00955: name is already used by an existing object 


SQL> 
SQL> CREATE INDEX IFRSRH2.IND_BEN_FK_I ON INDICES
  2    (
  3  	 IND_BEN_SIGLA			 ASC
  4    )
  5    PCTFREE	   10
  6    INITRANS    2
  7    MAXTRANS    255
  8    TABLESPACE  TSI_PESSOAL
  9    STORAGE	 (
 10  	 INITIAL     65536
 11  	 MINEXTENTS  1
 12  	 MAXEXTENTS  2147483645
 13    )
 14  /

Índice criado.

SQL> 
SQL> CREATE INDEX IFRSRH2.IND_CADAS_TMP ON CADASTROS_TMP
  2    (
  3  	 EMP_NUMERO_MATRICULA		 ASC
  4    )
  5    PCTFREE	   10
  6    INITRANS    2
  7    MAXTRANS    255
  8    TABLESPACE  TSI_PESSOAL
  9    STORAGE	 (
 10  	 INITIAL     65536
 11  	 MINEXTENTS  1
 12  	 MAXEXTENTS  2147483645
 13    )
 14  /

Índice criado.

SQL> 
SQL> CREATE INDEX IFRSRH2.IND_CRE_FK_I ON INDICES
  2    (
  3  	 IND_CRE_SEQUENCIAL		 ASC
  4    )
  5    PCTFREE	   10
  6    INITRANS    2
  7    MAXTRANS    255
  8    TABLESPACE  TSI_PESSOAL
  9    STORAGE	 (
 10  	 INITIAL     65536
 11  	 MINEXTENTS  1
 12  	 MAXEXTENTS  2147483645
 13    )
 14  /

Índice criado.

SQL> 
SQL> CREATE INDEX IFRSRH2.IND_CREDEN_TMP ON CREDENCIADOS_TMP
  2    (
  3  	 CRE_SEQUENCIAL 		 ASC
  4    )
  5    PCTFREE	   10
  6    INITRANS    2
  7    MAXTRANS    255
  8    TABLESPACE  TSI_PESSOAL
  9    STORAGE	 (
 10  	 INITIAL     65536
 11  	 MINEXTENTS  1
 12  	 MAXEXTENTS  2147483645
 13    )
 14  /

Índice criado.

SQL> 
SQL> CREATE INDEX IFRSRH2.IND_GERA_AVALIACAO ON CADASTROS
  2    (
  3  	 EMP_DATA_ADMISSAO		 ASC
  4    )
  5    PCTFREE	   10
  6    INITRANS    2
  7    MAXTRANS    255
  8    TABLESPACE  TSI_PESSOAL
  9    STORAGE	 (
 10  	 INITIAL     65536
 11  	 MINEXTENTS  1
 12  	 MAXEXTENTS  2147483645
 13    )
 14  /

Índice criado.

SQL> 
SQL> CREATE INDEX IFRSRH2.IND_IDX_FK_I ON INDICES
  2    (
  3  	 IND_IDX_SIGLA			 ASC
  4    )
  5    PCTFREE	   10
  6    INITRANS    2
  7    MAXTRANS    255
  8    TABLESPACE  TSI_PESSOAL
  9    STORAGE	 (
 10  	 INITIAL     65536
 11  	 MINEXTENTS  1
 12  	 MAXEXTENTS  2147483645
 13    )
 14  /

Índice criado.

SQL> 
SQL> CREATE INDEX IFRSRH2.IND_OFE_2 ON OCORRENCIAS_FREQUENCIA_EMP
  2    (
  3  	 OFE_OFU_CODIGO 		 ASC,
  4  	 OFE_DATA_INICIO		 ASC
  5    )
  6    PCTFREE	   20
  7    INITRANS    2
  8    MAXTRANS    255
  9    TABLESPACE  TSI_PESSOAL
 10    STORAGE	 (
 11  	 INITIAL     65536
 12  	 MINEXTENTS  1
 13  	 MAXEXTENTS  2147483645
 14    )
 15  /

Índice criado.

SQL> 
SQL> CREATE INDEX IFRSRH2.IND_OFEH_TEMP ON HST_OCORRENCIAS_FREQ_EMP
  2    (
  3  	 OFE_DATA_INICIO		 ASC
  4    )
  5    PCTFREE	   20
  6    INITRANS    2
  7    MAXTRANS    255
  8    TABLESPACE  TSI_PESSOAL
  9    STORAGE	 (
 10  	 INITIAL     65536
 11  	 MINEXTENTS  1
 12  	 MAXEXTENTS  2147483645
 13    )
 14  /

Índice criado.

SQL> 
SQL> CREATE UNIQUE INDEX IFRSRH2.IND_PK ON INDICES
  2    (
  3  	 IND_SEQ_IND			 ASC
  4    )
  5    PCTFREE	   10
  6    INITRANS    2
  7    MAXTRANS    255
  8    TABLESPACE  TSI_PESSOAL
  9    STORAGE	 (
 10  	 INITIAL     40960
 11  	 MINEXTENTS  1
 12  	 MAXEXTENTS  2147483645
 13    )
 14  /
CREATE UNIQUE INDEX IFRSRH2.IND_PK ON INDICES
                            *
ERRO na linha 1:
ORA-00955: name is already used by an existing object 


SQL> 
SQL> CREATE UNIQUE INDEX IFRSRH2.INTERNA_PK ON INTERNACAO
  2    (
  3  	 INT_GUI_DOC_NUMERO		 ASC,
  4  	 INT_GUI_DOC_CBE_BEN_SIGLA	 ASC,
  5  	 INT_GUI_DOC_CBE_CRE_SEQUENCIAL  ASC,
  6  	 INT_GUI_DOC_DEP_CODIGO 	 ASC,
  7  	 INT_GUI_NUMERO 		 ASC,
  8  	 INT_SEQUENCIAL 		 ASC
  9    )
 10    PCTFREE	   10
 11    INITRANS    2
 12    MAXTRANS    255
 13    TABLESPACE  TSI_PESSOAL
 14    STORAGE	 (
 15  	 INITIAL     163840
 16  	 MINEXTENTS  1
 17  	 MAXEXTENTS  2147483645
 18    )
 19  /
CREATE UNIQUE INDEX IFRSRH2.INTERNA_PK ON INTERNACAO
                            *
ERRO na linha 1:
ORA-00955: name is already used by an existing object 


SQL> 
SQL> CREATE UNIQUE INDEX IFRSRH2.IRU_PK ON INCIDENCIAS_RUBRICAS
  2    (
  3  	 IRU_RUB_CODIGO 		 ASC,
  4  	 IRU_RUB_CODIGO_INCIDE		 ASC,
  5  	 DATA_INICIO			 ASC
  6    )
  7    PCTFREE	   10
  8    INITRANS    2
  9    MAXTRANS    255
 10    TABLESPACE  TSI_PESSOAL
 11    STORAGE	 (
 12  	 INITIAL     163840
 13  	 MINEXTENTS  1
 14  	 MAXEXTENTS  2147483645
 15    )
 16  /
CREATE UNIQUE INDEX IFRSRH2.IRU_PK ON INCIDENCIAS_RUBRICAS
                            *
ERRO na linha 1:
ORA-00955: name is already used by an existing object 


SQL> 
SQL> CREATE UNIQUE INDEX IFRSRH2.JTR_PK ON JORNADAS_TRABALHO
  2    (
  3  	 JTR_CODIGO			 ASC
  4    )
  5    PCTFREE	   10
  6    INITRANS    2
  7    MAXTRANS    255
  8    TABLESPACE  TSI_PESSOAL
  9    STORAGE	 (
 10  	 INITIAL     40960
 11  	 MINEXTENTS  1
 12  	 MAXEXTENTS  2147483645
 13    )
 14  /
CREATE UNIQUE INDEX IFRSRH2.JTR_PK ON JORNADAS_TRABALHO
                            *
ERRO na linha 1:
ORA-00955: name is already used by an existing object 


SQL> 
SQL> CREATE INDEX IFRSRH2.LA_DOC_COB_IDX ON LOG_AUDIT_DOCUMENTOS_COBRANCA
  2    (
  3  	 DTA_OPERACAO			 ASC,
  4  	 COD_USUARIO			 ASC
  5    )
  6    PCTFREE	   10
  7    INITRANS    2
  8    MAXTRANS    255
  9    TABLESPACE  TSI_PESSOAL
 10    STORAGE	 (
 11  	 INITIAL     65536
 12  	 MINEXTENTS  1
 13  	 MAXEXTENTS  2147483645
 14    )
 15  /

Índice criado.

SQL> 
SQL> CREATE UNIQUE INDEX IFRSRH2.LET_PK ON LISTAS_ESPERAS_TRANSPORTES
  2    (
  3  	 LET_EMB_EMP_NUMERO_MATRICULA	 ASC,
  4  	 LET_EMB_BEN_SIGLA		 ASC,
  5  	 LET_LTF_NUMERO 		 ASC,
  6  	 LET_LTF_DEP_CODIGO		 ASC,
  7  	 LET_DATA_INCLUSAO		 ASC
  8    )
  9    PCTFREE	   10
 10    INITRANS    2
 11    MAXTRANS    255
 12    TABLESPACE  TSI_PESSOAL
 13    STORAGE	 (
 14  	 INITIAL     40960
 15  	 MINEXTENTS  1
 16  	 MAXEXTENTS  2147483645
 17    )
 18  /
CREATE UNIQUE INDEX IFRSRH2.LET_PK ON LISTAS_ESPERAS_TRANSPORTES
                            *
ERRO na linha 1:
ORA-00955: name is already used by an existing object 


SQL> 
SQL> CREATE UNIQUE INDEX IFRSRH2.LJ_PK ON LOG_JOB
  2    (
  3  	 LJ_NOM_PROCESSO		 ASC,
  4  	 LJ_DAT_INICIO_PROCESSO 	 ASC
  5    )
  6    PCTFREE	   10
  7    INITRANS    2
  8    MAXTRANS    255
  9    TABLESPACE  TSI_PESSOAL
 10    STORAGE	 (
 11  	 INITIAL     65536
 12  	 MINEXTENTS  1
 13  	 MAXEXTENTS  2147483645
 14    )
 15  /
CREATE UNIQUE INDEX IFRSRH2.LJ_PK ON LOG_JOB
                            *
ERRO na linha 1:
ORA-00955: name is already used by an existing object 


SQL> 
SQL> CREATE INDEX IFRSRH2.LMV_AMVERTS_IX ON LOG_MOVIMENTACAO
  2    (
  3  	 MOV_ANO_REFERENCIA		 ASC,
  4  	 MOV_MES_REFERENCIA		 ASC,
  5  	 MOV_VERSAO_PAGAMENTO		 ASC,
  6  	 MOV_EMP_NUMERO_MATRICULA	 ASC,
  7  	 MOV_RUB_CODIGO 		 ASC,
  8  	 MOV_TIP_RUBRICA		 ASC,
  9  	 MOV_SEQUENCIAL 		 ASC
 10    )
 11    PCTFREE	   10
 12    INITRANS    2
 13    MAXTRANS    255
 14    TABLESPACE  TSI_PESSOAL
 15    STORAGE	 (
 16  	 INITIAL     65536
 17  	 MINEXTENTS  1
 18  	 MAXEXTENTS  2147483645
 19    )
 20  /

Índice criado.

SQL> 
SQL> CREATE UNIQUE INDEX IFRSRH2.LOA_PK ON LOCAL_ATENDIMENTO
  2    (
  3  	 LOA_CRE_SEQUENCIAL		 ASC,
  4  	 LOA_CODIGO			 ASC,
  5  	 LOA_DEP_CODIGO 		 ASC
  6    )
  7    PCTFREE	   10
  8    INITRANS    2
  9    MAXTRANS    255
 10    TABLESPACE  TSI_PESSOAL
 11    STORAGE	 (
 12  	 INITIAL     40960
 13  	 MINEXTENTS  1
 14  	 MAXEXTENTS  2147483645
 15    )
 16  /
CREATE UNIQUE INDEX IFRSRH2.LOA_PK ON LOCAL_ATENDIMENTO
                            *
ERRO na linha 1:
ORA-00955: name is already used by an existing object 


SQL> 
SQL> CREATE INDEX IFRSRH2.LOCOREMP_IND2 ON LOG_OCORRENCIAS_EMPREGADOS
  2    (
  3  	 OEM_EMP_NUMERO_MATRICULA	 ASC,
  4  	 OEM_OFU_CODIGO 		 ASC,
  5  	 OEM_DATA_INICIO		 ASC
  6    )
  7    PCTFREE	   10
  8    INITRANS    2
  9    MAXTRANS    255
 10    TABLESPACE  TSI_PESSOAL
 11    STORAGE	 (
 12  	 INITIAL     65536
 13  	 MINEXTENTS  1
 14  	 MAXEXTENTS  2147483645
 15    )
 16  /

Índice criado.

SQL> 
SQL> CREATE UNIQUE INDEX IFRSRH2.LOG_ATF_PK ON LOG_ATIVIDADES_FUNCOES
  2    (
  3  	 DTA_OPERACAO			 ASC,
  4  	 ATF_FUN_CODIGO 		 ASC,
  5  	 ATF_ATI_CODIGO 		 ASC
  6    )
  7    PCTFREE	   10
  8    INITRANS    2
  9    MAXTRANS    255
 10    TABLESPACE  TSI_PESSOAL
 11    STORAGE	 (
 12  	 INITIAL     40960
 13  	 MINEXTENTS  1
 14  	 MAXEXTENTS  2147483645
 15    )
 16  /
CREATE UNIQUE INDEX IFRSRH2.LOG_ATF_PK ON LOG_ATIVIDADES_FUNCOES
                            *
ERRO na linha 1:
ORA-00955: name is already used by an existing object 


SQL> 
SQL> CREATE INDEX IFRSRH2.LOG_CADASTROS_01_IX ON LOG_CADASTROS
  2    (
  3  	 EMP_NUMERO_MATRICULA		 ASC
  4    )
  5    PCTFREE	   10
  6    INITRANS    2
  7    MAXTRANS    255
  8    TABLESPACE  TSI_PESSOAL
  9    STORAGE	 (
 10  	 INITIAL     65536
 11  	 MINEXTENTS  1
 12  	 MAXEXTENTS  2147483645
 13    )
 14  /

Índice criado.

SQL> 
SQL> CREATE INDEX IFRSRH2.LOG_EMB_UK1 ON LOG_EMPREGADOS_BENEFICIOS
  2    (
  3  	 EMB_BEN_SIGLA			 ASC,
  4  	 EMB_EMP_NUMERO_MATRICULA	 ASC
  5    )
  6    PCTFREE	   10
  7    INITRANS    2
  8    MAXTRANS    255
  9    TABLESPACE  TSI_PESSOAL
 10    STORAGE	 (
 11  	 INITIAL     65536
 12  	 MINEXTENTS  1
 13  	 MAXEXTENTS  2147483645
 14    )
 15  /

Índice criado.

SQL> 
SQL> CREATE INDEX IFRSRH2.LOG_OCO_DT_INCL1 ON LOG_OCORRENCIAS_EMPREGADOS
  2    (
  3  	 OEM_DATA_INCLUSAO		 ASC,
  4  	 OEM_OFU_CODIGO 		 ASC,
  5  	 OEM_EMP_NUMERO_MATRICULA	 ASC
  6    )
  7    PCTFREE	   10
  8    INITRANS    2
  9    MAXTRANS    255
 10    TABLESPACE  TSI_PESSOAL
 11    STORAGE	 (
 12  	 INITIAL     65536
 13  	 MINEXTENTS  1
 14  	 MAXEXTENTS  2147483645
 15    )
 16  /

Índice criado.

SQL> 
SQL> CREATE UNIQUE INDEX IFRSRH2.LPM_LOCAL_PK ON LPM_LOCAL
  2    (
  3  	 LPL_CODIGO			 ASC,
  4  	 LPL_CRE_SEQUENCIAL		 ASC
  5    )
  6    PCTFREE	   10
  7    INITRANS    2
  8    MAXTRANS    255
  9    TABLESPACE  TSI_PESSOAL
 10    STORAGE	 (
 11  	 INITIAL     81920
 12  	 MINEXTENTS  1
 13  	 MAXEXTENTS  2147483645
 14    )
 15  /
CREATE UNIQUE INDEX IFRSRH2.LPM_LOCAL_PK ON LPM_LOCAL
                            *
ERRO na linha 1:
ORA-00955: name is already used by an existing object 


SQL> 
SQL> CREATE UNIQUE INDEX IFRSRH2.LPM_PK ON LPM
  2    (
  3  	 LPM_CODIGO			 ASC,
  4  	 LPM_DV 			 ASC,
  5  	 LPM_ESP_TIPO			 ASC,
  6  	 LPM_ESP_NUMERO 		 ASC
  7    )
  8    PCTFREE	   10
  9    INITRANS    2
 10    MAXTRANS    255
 11    TABLESPACE  TSI_PESSOAL
 12    STORAGE	 (
 13  	 INITIAL     221184
 14  	 MINEXTENTS  1
 15  	 MAXEXTENTS  2147483645
 16    )
 17  /
CREATE UNIQUE INDEX IFRSRH2.LPM_PK ON LPM
                            *
ERRO na linha 1:
ORA-00955: name is already used by an existing object 


SQL> 
SQL> CREATE UNIQUE INDEX IFRSRH2.LPR_PK ON LICENCA_PREMIO
  2    (
  3  	 LPR_EMP_NUMERO_MATRICULA	 ASC,
  4  	 LPR_DT_INICIO_PERIODO_AQUIS	 ASC
  5    )
  6    PCTFREE	   10
  7    INITRANS    2
  8    MAXTRANS    255
  9    TABLESPACE  TSI_PESSOAL
 10    STORAGE	 (
 11  	 INITIAL     24576
 12  	 MINEXTENTS  1
 13  	 MAXEXTENTS  2147483645
 14    )
 15  /
CREATE UNIQUE INDEX IFRSRH2.LPR_PK ON LICENCA_PREMIO
                            *
ERRO na linha 1:
ORA-00955: name is already used by an existing object 


SQL> 
SQL> CREATE UNIQUE INDEX IFRSRH2.LTF_PK ON LINHAS_TRANSPORTES_FRETADOS
  2    (
  3  	 LTF_NUMERO			 ASC,
  4  	 LTF_DEP_CODIGO 		 ASC
  5    )
  6    PCTFREE	   10
  7    INITRANS    2
  8    MAXTRANS    255
  9    TABLESPACE  TSI_PESSOAL
 10    STORAGE	 (
 11  	 INITIAL     40960
 12  	 MINEXTENTS  1
 13  	 MAXEXTENTS  2147483645
 14    )
 15  /
CREATE UNIQUE INDEX IFRSRH2.LTF_PK ON LINHAS_TRANSPORTES_FRETADOS
                            *
ERRO na linha 1:
ORA-00955: name is already used by an existing object 


SQL> 
SQL> CREATE UNIQUE INDEX IFRSRH2.MAC_PK ON MOVIMENTACAO_AUTONOMO_COOPERAT
  2    (
  3  	 MAC_ANO_REFERENCIA		 ASC,
  4  	 MAC_MES_REFERENCIA		 ASC,
  5  	 MAC_CRE_SEQUENCIAL		 ASC,
  6  	 MAC_DTA_PAGTO			 ASC
  7    )
  8    PCTFREE	   10
  9    INITRANS    2
 10    MAXTRANS    255
 11    TABLESPACE  TSI_PESSOAL
 12    STORAGE	 (
 13  	 INITIAL     81920
 14  	 MINEXTENTS  1
 15  	 MAXEXTENTS  2147483645
 16    )
 17  /
CREATE UNIQUE INDEX IFRSRH2.MAC_PK ON MOVIMENTACAO_AUTONOMO_COOPERAT
                            *
ERRO na linha 1:
ORA-00955: name is already used by an existing object 


SQL> 
SQL> CREATE UNIQUE INDEX IFRSRH2.MCT_PK ON MEDIAS_CATEGORIAS_TRANSPORTES
  2    (
  3  	 MCT_DEP_CODIGO 		 ASC,
  4  	 MCT_MESANO_REFERENCIA		 ASC
  5    )
  6    PCTFREE	   10
  7    INITRANS    2
  8    MAXTRANS    255
  9    TABLESPACE  TSI_PESSOAL
 10    STORAGE	 (
 11  	 INITIAL     81920
 12  	 MINEXTENTS  1
 13  	 MAXEXTENTS  2147483645
 14    )
 15  /
CREATE UNIQUE INDEX IFRSRH2.MCT_PK ON MEDIAS_CATEGORIAS_TRANSPORTES
                            *
ERRO na linha 1:
ORA-00955: name is already used by an existing object 


SQL> 
SQL> CREATE UNIQUE INDEX IFRSRH2.MDC_PK ON MATRICULA_DISPONIVEL_CADASTRO
  2    (
  3  	 MAD_NUM_MATRICULA_DISPONIVEL	 ASC
  4    )
  5    PCTFREE	   10
  6    INITRANS    2
  7    MAXTRANS    255
  8    TABLESPACE  TSI_PESSOAL
  9    STORAGE	 (
 10  	 INITIAL     65536
 11  	 MINEXTENTS  1
 12  	 MAXEXTENTS  2147483645
 13    )
 14  /
CREATE UNIQUE INDEX IFRSRH2.MDC_PK ON MATRICULA_DISPONIVEL_CADASTRO
                            *
ERRO na linha 1:
ORA-00955: name is already used by an existing object 


SQL> 
SQL> CREATE UNIQUE INDEX IFRSRH2.MEC_PK ON MENSAGENS_CONTRACHEQUES
  2    (
  3  	 MEC_ANO			 ASC,
  4  	 MEC_MES			 ASC,
  5  	 MEC_CODIGO			 ASC,
  6  	 MEC_DEP_CODIGO 		 ASC
  7    )
  8    PCTFREE	   10
  9    INITRANS    2
 10    MAXTRANS    255
 11    TABLESPACE  TSI_PESSOAL
 12    STORAGE	 (
 13  	 INITIAL     40960
 14  	 MINEXTENTS  1
 15  	 MAXEXTENTS  2147483645
 16    )
 17  /
CREATE UNIQUE INDEX IFRSRH2.MEC_PK ON MENSAGENS_CONTRACHEQUES
                            *
ERRO na linha 1:
ORA-00955: name is already used by an existing object 


SQL> 
SQL> CREATE UNIQUE INDEX IFRSRH2.MOT_NAV_PK ON SIAD_MOTIVO_NAO_AVALIACAO
  2    (
  3  	 CODIGO_MOTIVO			 ASC
  4    )
  5    PCTFREE	   10
  6    INITRANS    2
  7    MAXTRANS    255
  8    TABLESPACE  TSI_PESSOAL
  9    STORAGE	 (
 10  	 INITIAL     40960
 11  	 MINEXTENTS  1
 12  	 MAXEXTENTS  2147483645
 13    )
 14  /
CREATE UNIQUE INDEX IFRSRH2.MOT_NAV_PK ON SIAD_MOTIVO_NAO_AVALIACAO
                            *
ERRO na linha 1:
ORA-00955: name is already used by an existing object 


SQL> 
SQL> CREATE UNIQUE INDEX IFRSRH2.MOTN_PROM_PK ON SPF_MOTIVO_NAO_PROMOCAO
  2    (
  3  	 ANO_PROMOCAO			 ASC,
  4  	 COD_MOTIVO_NAO_PROMOCAO	 ASC,
  5  	 TIPO_PROMOCAO			 ASC
  6    )
  7    PCTFREE	   10
  8    INITRANS    2
  9    MAXTRANS    255
 10    TABLESPACE  TSI_PESSOAL
 11    STORAGE	 (
 12  	 INITIAL     40960
 13  	 MINEXTENTS  1
 14  	 MAXEXTENTS  2147483645
 15    )
 16  /
CREATE UNIQUE INDEX IFRSRH2.MOTN_PROM_PK ON SPF_MOTIVO_NAO_PROMOCAO
                            *
ERRO na linha 1:
ORA-00955: name is already used by an existing object 


SQL> 
SQL> CREATE INDEX IFRSRH2.MOV_01_IX ON MOVIMENTACAO
  2    (
  3  	 MOV_TIP_RUBRICA		 ASC,
  4  	 MOV_EMP_NUMERO_MATRICULA	 ASC,
  5  	 MOV_VERSAO_PAGAMENTO		 ASC,
  6  	 MOV_ANO_REFERENCIA		 ASC
  7    )
  8    PCTFREE	   20
  9    INITRANS    2
 10    MAXTRANS    255
 11    TABLESPACE  TSI_PESSOAL
 12    STORAGE	 (
 13  	 INITIAL     65536
 14  	 MINEXTENTS  1
 15  	 MAXEXTENTS  2147483645
 16    )
 17  /

Índice criado.

SQL> 
SQL> CREATE INDEX IFRSRH2.MOV_DEP_IX ON MOVIMENTACAO
  2    (
  3  	 MOV_ANO_REFERENCIA		 ASC,
  4  	 MOV_MES_REFERENCIA		 ASC,
  5  	 MOV_VERSAO_PAGAMENTO		 ASC,
  6  	 MOV_EMP_DEP_CODIGO_PAGTO	 ASC,
  7  	 MOV_EMP_NUMERO_MATRICULA	 ASC
  8    )
  9    PCTFREE	   10
 10    INITRANS    2
 11    MAXTRANS    255
 12    TABLESPACE  TSI_PESSOAL
 13    STORAGE	 (
 14  	 INITIAL     65536
 15  	 MINEXTENTS  1
 16  	 MAXEXTENTS  2147483645
 17    )
 18  /

Índice criado.

SQL> 
SQL> CREATE INDEX IFRSRH2.MOV_PEN_FK ON MOVIMENTACAO
  2    (
  3  	 MOV_EMP_NUMERO_MATRICULA	 ASC,
  4  	 MOV_PEN_CODIGO 		 ASC
  5    )
  6    PCTFREE	   10
  7    INITRANS    2
  8    MAXTRANS    255
  9    TABLESPACE  TSI_PESSOAL
 10    STORAGE	 (
 11  	 INITIAL     65536
 12  	 MINEXTENTS  1
 13  	 MAXEXTENTS  2147483645
 14    )
 15  /

Índice criado.

SQL> 
SQL> CREATE UNIQUE INDEX IFRSRH2.MOV_PK ON MOVIMENTACAO
  2    (
  3  	 MOV_ANO_REFERENCIA		 ASC,
  4  	 MOV_MES_REFERENCIA		 ASC,
  5  	 MOV_VERSAO_PAGAMENTO		 ASC,
  6  	 MOV_EMP_NUMERO_MATRICULA	 ASC,
  7  	 MOV_RUB_CODIGO 		 ASC,
  8  	 MOV_TIP_RUBRICA		 ASC,
  9  	 MOV_SEQUENCIAL 		 ASC
 10    )
 11    PCTFREE	   10
 12    INITRANS    2
 13    MAXTRANS    255
 14    TABLESPACE  TSI_PESSOAL
 15    STORAGE	 (
 16  	 INITIAL     65536
 17  	 MINEXTENTS  1
 18  	 MAXEXTENTS  2147483645
 19    )
 20  /
CREATE UNIQUE INDEX IFRSRH2.MOV_PK ON MOVIMENTACAO
                            *
ERRO na linha 1:
ORA-00955: name is already used by an existing object 


SQL> 
SQL> CREATE INDEX IFRSRH2.MOV_PKT_COD_PEDIDO_IX ON HISTORICO_MOVIMENTACAO
  2    (
  3  	 MOV_PKT_CODIGO_PEDIDO		 ASC
  4    )
  5    PCTFREE	   10
  6    INITRANS    2
  7    MAXTRANS    255
  8    TABLESPACE  TSI_PESSOAL
  9    STORAGE	 (
 10  	 INITIAL     65536
 11  	 MINEXTENTS  1
 12  	 MAXEXTENTS  2147483645
 13    )
 14  /

Índice criado.

SQL> 
SQL> CREATE INDEX IFRSRH2.MOVIMENTACAO_IND1 ON MOVIMENTACAO
  2    (
  3  	 MOV_OEM_EMP_NUMERO_MATRICULA	 ASC,
  4  	 MOV_OEM_OFU_CODIGO		 ASC,
  5  	 MOV_OEM_DATA_INICIO		 ASC
  6    )
  7    PCTFREE	   10
  8    INITRANS    2
  9    MAXTRANS    255
 10    TABLESPACE  TSI_PESSOAL
 11    STORAGE	 (
 12  	 INITIAL     65536
 13  	 MINEXTENTS  1
 14  	 MAXEXTENTS  2147483645
 15    )
 16  /

Índice criado.

SQL> 
SQL> CREATE UNIQUE INDEX IFRSRH2.NSA_PK ON NIVEIS_SALARIAIS
  2    (
  3  	 NSA_CODIGO_NIVEL		 ASC,
  4  	 NSA_CODIGO_PADRAO		 ASC,
  5  	 NSA_INDICADOR_NIVEL_ESCOLA	 ASC
  6    )
  7    PCTFREE	   10
  8    INITRANS    2
  9    MAXTRANS    255
 10    TABLESPACE  TSI_PESSOAL
 11    STORAGE	 (
 12  	 INITIAL     40960
 13  	 MINEXTENTS  1
 14  	 MAXEXTENTS  2147483645
 15    )
 16  /
CREATE UNIQUE INDEX IFRSRH2.NSA_PK ON NIVEIS_SALARIAIS
                            *
ERRO na linha 1:
ORA-00955: name is already used by an existing object 


SQL> 
SQL> CREATE UNIQUE INDEX IFRSRH2.OCC_PK ON OCUPACOES_CARGO
  2    (
  3  	 OCC_CODIGO			 ASC
  4    )
  5    PCTFREE	   10
  6    INITRANS    2
  7    MAXTRANS    255
  8    TABLESPACE  TSI_PESSOAL
  9    STORAGE	 (
 10  	 INITIAL     40960
 11  	 MINEXTENTS  1
 12  	 MAXEXTENTS  2147483645
 13    )
 14  /
CREATE UNIQUE INDEX IFRSRH2.OCC_PK ON OCUPACOES_CARGO
                            *
ERRO na linha 1:
ORA-00955: name is already used by an existing object 


SQL> 
SQL> CREATE UNIQUE INDEX IFRSRH2.OCL_PK ON ORGAOS_CLASSES
  2    (
  3  	 OCL_SIGLA			 ASC
  4    )
  5    PCTFREE	   10
  6    INITRANS    2
  7    MAXTRANS    255
  8    TABLESPACE  TSI_PESSOAL
  9    STORAGE	 (
 10  	 INITIAL     40960
 11  	 MINEXTENTS  1
 12  	 MAXEXTENTS  2147483645
 13    )
 14  /
CREATE UNIQUE INDEX IFRSRH2.OCL_PK ON ORGAOS_CLASSES
                            *
ERRO na linha 1:
ORA-00955: name is already used by an existing object 


SQL> 
SQL> CREATE UNIQUE INDEX IFRSRH2.OCL_UK ON ORGAOS_CLASSES
  2    (
  3  	 OCL_DESCRICAO			 ASC
  4    )
  5    PCTFREE	   10
  6    INITRANS    2
  7    MAXTRANS    255
  8    TABLESPACE  TSI_PESSOAL
  9    STORAGE	 (
 10  	 INITIAL     40960
 11  	 MINEXTENTS  1
 12  	 MAXEXTENTS  2147483645
 13    )
 14  /
CREATE UNIQUE INDEX IFRSRH2.OCL_UK ON ORGAOS_CLASSES
                            *
ERRO na linha 1:
ORA-00955: name is already used by an existing object 


SQL> 
SQL> CREATE INDEX IFRSRH2.OCO_EMP_IDX ON TMP_CONTABILIDADE_RELATORIOS
  2    (
  3  	 COD_OCO			 ASC,
  4  	 EMPREGADO			 ASC
  5    )
  6    PCTFREE	   10
  7    INITRANS    2
  8    MAXTRANS    255
  9    TABLESPACE  TSI_PESSOAL
 10    STORAGE	 (
 11  	 INITIAL     65536
 12  	 MINEXTENTS  1
 13  	 MAXEXTENTS  2147483645
 14    )
 15  /

Índice criado.

SQL> 
SQL> CREATE INDEX IFRSRH2.OEI ON OCORRENCIAS_EMPREGADOS
  2    (
  3  	 OEM_UOR_CODIGO 		 ASC,
  4  	 OEM_OFU_CODIGO 		 ASC
  5    )
  6    PCTFREE	   10
  7    INITRANS    2
  8    MAXTRANS    255
  9    TABLESPACE  TSI_PESSOAL
 10    STORAGE	 (
 11  	 INITIAL     65536
 12  	 MINEXTENTS  1
 13  	 MAXEXTENTS  2147483645
 14    )
 15  /

Índice criado.

SQL> 
SQL> CREATE INDEX IFRSRH2.OEM_DEP_FK ON OCORRENCIAS_EMPREGADOS
  2    (
  3  	 OEM_DEP_CODIGO 		 ASC
  4    )
  5    PCTFREE	   10
  6    INITRANS    2
  7    MAXTRANS    255
  8    TABLESPACE  TSI_PESSOAL
  9    STORAGE	 (
 10  	 INITIAL     65536
 11  	 MINEXTENTS  1
 12  	 MAXEXTENTS  2147483645
 13    )
 14  /

Índice criado.

SQL> 
SQL> CREATE INDEX IFRSRH2.OEM_EMP_SUBSTITUIR_FK_I ON OCORRENCIAS_EMPREGADOS
  2    (
  3  	 OEM_EMP_NUMERO_MATRICULA_SUBST  ASC
  4    )
  5    PCTFREE	   10
  6    INITRANS    2
  7    MAXTRANS    255
  8    TABLESPACE  TSI_PESSOAL
  9    STORAGE	 (
 10  	 INITIAL     65536
 11  	 MINEXTENTS  1
 12  	 MAXEXTENTS  2147483645
 13    )
 14  /

Índice criado.

SQL> 
SQL> CREATE INDEX IFRSRH2.OEM_OEM_FK_I ON OCORRENCIAS_EMPREGADOS
  2    (
  3  	 OEM_OEM_EMP_NUMERO_MATRICULA	 ASC,
  4  	 OEM_OEM_OFU_CODIGO		 ASC,
  5  	 OEM_OEM_DATA_INICIO		 ASC
  6    )
  7    PCTFREE	   10
  8    INITRANS    2
  9    MAXTRANS    255
 10    TABLESPACE  TSI_PESSOAL
 11    STORAGE	 (
 12  	 INITIAL     65536
 13  	 MINEXTENTS  1
 14  	 MAXEXTENTS  2147483645
 15    )
 16  /

Índice criado.

SQL> 
SQL> CREATE INDEX IFRSRH2.OEM_OFU_FK_I ON OCORRENCIAS_EMPREGADOS
  2    (
  3  	 OEM_OFU_CODIGO 		 ASC
  4    )
  5    PCTFREE	   10
  6    INITRANS    2
  7    MAXTRANS    255
  8    TABLESPACE  TSI_PESSOAL
  9    STORAGE	 (
 10  	 INITIAL     65536
 11  	 MINEXTENTS  1
 12  	 MAXEXTENTS  2147483645
 13    )
 14  /

Índice criado.

SQL> 
SQL> CREATE INDEX IFRSRH2.OEM_PFE_CONFIRM1_FK ON OCORRENCIAS_EMPREGADOS
  2    (
  3  	 OEM_PFE_EMP_NUM_MATR_CONFIRM1	 ASC,
  4  	 OEM_PFE_SEQUENCIAL_CONFIRM1	 ASC
  5    )
  6    PCTFREE	   10
  7    INITRANS    2
  8    MAXTRANS    255
  9    TABLESPACE  TSI_PESSOAL
 10    STORAGE	 (
 11  	 INITIAL     65536
 12  	 MINEXTENTS  1
 13  	 MAXEXTENTS  2147483645
 14    )
 15  /

Índice criado.

SQL> 
SQL> CREATE INDEX IFRSRH2.OEM_PFE_CONFIRM2_FK ON OCORRENCIAS_EMPREGADOS
  2    (
  3  	 OEM_PFE_EMP_NUM_MATR_CONFIRM2	 ASC,
  4  	 OEM_PFE_SEQUENCIAL_CONFIRM2	 ASC
  5    )
  6    PCTFREE	   10
  7    INITRANS    2
  8    MAXTRANS    255
  9    TABLESPACE  TSI_PESSOAL
 10    STORAGE	 (
 11  	 INITIAL     65536
 12  	 MINEXTENTS  1
 13  	 MAXEXTENTS  2147483645
 14    )
 15  /

Índice criado.

SQL> 
SQL> CREATE INDEX IFRSRH2.OEM_PFE_PROGRAM_FK ON OCORRENCIAS_EMPREGADOS
  2    (
  3  	 OEM_PFE_EMP_NUM_MATR_PROGRAM	 ASC,
  4  	 OEM_PFE_SEQUENCIAL_PROGRAM	 ASC
  5    )
  6    PCTFREE	   10
  7    INITRANS    2
  8    MAXTRANS    255
  9    TABLESPACE  TSI_PESSOAL
 10    STORAGE	 (
 11  	 INITIAL     65536
 12  	 MINEXTENTS  1
 13  	 MAXEXTENTS  2147483645
 14    )
 15  /

Índice criado.

SQL> 
SQL> CREATE UNIQUE INDEX IFRSRH2.OEM_PK ON OCORRENCIAS_EMPREGADOS
  2    (
  3  	 OEM_EMP_NUMERO_MATRICULA	 ASC,
  4  	 OEM_OFU_CODIGO 		 ASC,
  5  	 OEM_DATA_INICIO		 ASC
  6    )
  7    PCTFREE	   10
  8    INITRANS    2
  9    MAXTRANS    255
 10    TABLESPACE  TSI_PESSOAL
 11    STORAGE	 (
 12  	 INITIAL     223748096
 13  	 MINEXTENTS  1
 14  	 MAXEXTENTS  2147483645
 15    )
 16  /
CREATE UNIQUE INDEX IFRSRH2.OEM_PK ON OCORRENCIAS_EMPREGADOS
                            *
ERRO na linha 1:
ORA-00955: name is already used by an existing object 


SQL> 
SQL> CREATE UNIQUE INDEX IFRSRH2.OEM_TEMP_PK ON OCORRENCIAS_EMPREGADOS_TEMP
  2    (
  3  	 OEM_EMP_NUMERO_MATRICULA	 ASC,
  4  	 OEM_OFU_CODIGO 		 ASC,
  5  	 OEM_DATA_INICIO		 ASC
  6    )
  7    PCTFREE	   10
  8    INITRANS    2
  9    MAXTRANS    255
 10    TABLESPACE  TSI_PESSOAL
 11    STORAGE	 (
 12  	 INITIAL     17899520
 13  	 MINEXTENTS  1
 14  	 MAXEXTENTS  2147483645
 15    )
 16  /
CREATE UNIQUE INDEX IFRSRH2.OEM_TEMP_PK ON OCORRENCIAS_EMPREGADOS_TEMP
                            *
ERRO na linha 1:
ORA-00955: name is already used by an existing object 


SQL> 
SQL> CREATE INDEX IFRSRH2.OFE_DEP_FK ON OCORRENCIAS_FREQUENCIA_EMP
  2    (
  3  	 OFE_DEP_CODIGO 		 ASC
  4    )
  5    PCTFREE	   20
  6    INITRANS    2
  7    MAXTRANS    255
  8    TABLESPACE  TSI_PESSOAL
  9    STORAGE	 (
 10  	 INITIAL     65536
 11  	 MINEXTENTS  1
 12  	 MAXEXTENTS  2147483645
 13    )
 14  /

Índice criado.

SQL> 
SQL> CREATE INDEX IFRSRH2.OFE_OFE_FK ON OCORRENCIAS_FREQUENCIA_EMP
  2    (
  3  	 OFE_OFE_EMP_NUMERO_MATRICULA	 ASC,
  4  	 OFE_OFE_OFU_CODIGO		 ASC,
  5  	 OFE_OFE_DATA_INICIO		 ASC
  6    )
  7    PCTFREE	   20
  8    INITRANS    2
  9    MAXTRANS    255
 10    TABLESPACE  TSI_PESSOAL
 11    STORAGE	 (
 12  	 INITIAL     65536
 13  	 MINEXTENTS  1
 14  	 MAXEXTENTS  2147483645
 15    )
 16  /

Índice criado.

SQL> 
SQL> CREATE UNIQUE INDEX IFRSRH2.OFE_PK ON OCORRENCIAS_FREQUENCIA_EMP
  2    (
  3  	 OFE_EMP_NUMERO_MATRICULA	 ASC,
  4  	 OFE_OFU_CODIGO 		 ASC,
  5  	 OFE_DATA_INICIO		 ASC
  6    )
  7    PCTFREE	   20
  8    INITRANS    2
  9    MAXTRANS    255
 10    TABLESPACE  TSI_PESSOAL
 11    STORAGE	 (
 12  	 INITIAL     65536
 13  	 MINEXTENTS  1
 14  	 MAXEXTENTS  2147483645
 15    )
 16  /
CREATE UNIQUE INDEX IFRSRH2.OFE_PK ON OCORRENCIAS_FREQUENCIA_EMP
                            *
ERRO na linha 1:
ORA-00955: name is already used by an existing object 


SQL> 
SQL> CREATE UNIQUE INDEX IFRSRH2.OFU_PK ON TIPOS_OCORRENCIAS
  2    (
  3  	 OFU_CODIGO			 ASC
  4    )
  5    PCTFREE	   10
  6    INITRANS    2
  7    MAXTRANS    255
  8    TABLESPACE  TSI_PESSOAL
  9    STORAGE	 (
 10  	 INITIAL     40960
 11  	 MINEXTENTS  1
 12  	 MAXEXTENTS  2147483645
 13    )
 14  /
CREATE UNIQUE INDEX IFRSRH2.OFU_PK ON TIPOS_OCORRENCIAS
                            *
ERRO na linha 1:
ORA-00955: name is already used by an existing object 


SQL> 
SQL> CREATE UNIQUE INDEX IFRSRH2.OFU_UK ON TIPOS_OCORRENCIAS
  2    (
  3  	 OFU_DESCRICAO			 ASC
  4    )
  5    PCTFREE	   10
  6    INITRANS    2
  7    MAXTRANS    255
  8    TABLESPACE  TSI_PESSOAL
  9    STORAGE	 (
 10  	 INITIAL     40960
 11  	 MINEXTENTS  1
 12  	 MAXEXTENTS  2147483645
 13    )
 14  /
CREATE UNIQUE INDEX IFRSRH2.OFU_UK ON TIPOS_OCORRENCIAS
                            *
ERRO na linha 1:
ORA-00955: name is already used by an existing object 


SQL> 
SQL> CREATE UNIQUE INDEX IFRSRH2.OIA_PK ON OCORRENCIAS_INSS_AGNOCIVOS
  2    (
  3  	 OIA_AGN_CODIGO 		 ASC,
  4  	 OIA_OIN_CODIGO_PADRAO_NACIONAL  ASC
  5    )
  6    PCTFREE	   10
  7    INITRANS    2
  8    MAXTRANS    255
  9    TABLESPACE  TSI_PESSOAL
 10    STORAGE	 (
 11  	 INITIAL     40960
 12  	 MINEXTENTS  1
 13  	 MAXEXTENTS  2147483645
 14    )
 15  /
CREATE UNIQUE INDEX IFRSRH2.OIA_PK ON OCORRENCIAS_INSS_AGNOCIVOS
                            *
ERRO na linha 1:
ORA-00955: name is already used by an existing object 


SQL> 
SQL> CREATE UNIQUE INDEX IFRSRH2.OIN_PK ON OCORRENCIAS_INSS
  2    (
  3  	 OIN_CODIGO_PADRAO_NACIONAL	 ASC
  4    )
  5    PCTFREE	   10
  6    INITRANS    2
  7    MAXTRANS    255
  8    TABLESPACE  TSI_PESSOAL
  9    STORAGE	 (
 10  	 INITIAL     40960
 11  	 MINEXTENTS  1
 12  	 MAXEXTENTS  2147483645
 13    )
 14  /
CREATE UNIQUE INDEX IFRSRH2.OIN_PK ON OCORRENCIAS_INSS
                            *
ERRO na linha 1:
ORA-00955: name is already used by an existing object 


SQL> 
SQL> CREATE UNIQUE INDEX IFRSRH2.OPE_PK ON OPERANDOS
  2    (
  3  	 OPE_SIGLA			 ASC
  4    )
  5    PCTFREE	   10
  6    INITRANS    2
  7    MAXTRANS    255
  8    TABLESPACE  TSI_PESSOAL
  9    STORAGE	 (
 10  	 INITIAL     40960
 11  	 MINEXTENTS  1
 12  	 MAXEXTENTS  2147483645
 13    )
 14  /
CREATE UNIQUE INDEX IFRSRH2.OPE_PK ON OPERANDOS
                            *
ERRO na linha 1:
ORA-00955: name is already used by an existing object 


SQL> 
SQL> CREATE UNIQUE INDEX IFRSRH2.OPP_PK ON OCORRENCIAS_PIS_PASEP
  2    (
  3  	 NOME_ARQUIVO			 ASC,
  4  	 CODIDO_OCORRENCIA		 ASC,
  5  	 TIPO_OCORRENCIA		 ASC
  6    )
  7    PCTFREE	   10
  8    INITRANS    2
  9    MAXTRANS    255
 10    TABLESPACE  TSI_PESSOAL
 11    STORAGE	 (
 12  	 INITIAL     40960
 13  	 MINEXTENTS  1
 14  	 MAXEXTENTS  2147483645
 15    )
 16  /
CREATE UNIQUE INDEX IFRSRH2.OPP_PK ON OCORRENCIAS_PIS_PASEP
                            *
ERRO na linha 1:
ORA-00955: name is already used by an existing object 


SQL> 
SQL> CREATE UNIQUE INDEX IFRSRH2.OPPA_PK ON OCORRENCIAS_PIS_PASEP_ARQUIVO
  2    (
  3  	 DATA_PROCESSAMENTO		 ASC,
  4  	 SEQUENCIAL_ARQUIVO		 ASC,
  5  	 NOME_ARQUIVO_PIS_PASEP 	 ASC
  6    )
  7    PCTFREE	   10
  8    INITRANS    2
  9    MAXTRANS    255
 10    TABLESPACE  TSI_PESSOAL
 11    STORAGE	 (
 12  	 INITIAL     41943040
 13  	 MINEXTENTS  1
 14  	 MAXEXTENTS  2147483645
 15    )
 16  /
CREATE UNIQUE INDEX IFRSRH2.OPPA_PK ON OCORRENCIAS_PIS_PASEP_ARQUIVO
                            *
ERRO na linha 1:
ORA-00955: name is already used by an existing object 


SQL> 
SQL> CREATE UNIQUE INDEX IFRSRH2.OPPE_PK ON OCORRENCIAS_PIS_PASEP_EMP
  2    (
  3  	 MATRICULA			 ASC,
  4  	 DATA_PROCESSAMENTO		 ASC,
  5  	 SEQUENCIAL_ARQUIVO		 ASC,
  6  	 SEQUENCIAL_EMP 		 ASC
  7    )
  8    PCTFREE	   10
  9    INITRANS    2
 10    MAXTRANS    255
 11    TABLESPACE  TSI_PESSOAL
 12    STORAGE	 (
 13  	 INITIAL     41943040
 14  	 MINEXTENTS  1
 15  	 MAXEXTENTS  2147483645
 16    )
 17  /
CREATE UNIQUE INDEX IFRSRH2.OPPE_PK ON OCORRENCIAS_PIS_PASEP_EMP
                            *
ERRO na linha 1:
ORA-00955: name is already used by an existing object 


SQL> 
SQL> CREATE INDEX IFRSRH2.ORT_DEP_FK ON OCORRENCIAS_RECEB_TICKETS
  2    (
  3  	 ORT_DEP_CODIGO 		 ASC
  4    )
  5    PCTFREE	   10
  6    INITRANS    2
  7    MAXTRANS    255
  8    TABLESPACE  TSI_PESSOAL
  9    STORAGE	 (
 10  	 INITIAL     65536
 11  	 MINEXTENTS  1
 12  	 MAXEXTENTS  2147483645
 13    )
 14  /

Índice criado.

SQL> 
SQL> CREATE INDEX IFRSRH2.ORT_EMB_FK ON OCORRENCIAS_RECEB_TICKETS
  2    (
  3  	 ORT_EMB_EMP_NUMERO_MATRICULA	 ASC,
  4  	 ORT_EMB_BEN_SIGLA		 ASC
  5    )
  6    PCTFREE	   10
  7    INITRANS    2
  8    MAXTRANS    255
  9    TABLESPACE  TSI_PESSOAL
 10    STORAGE	 (
 11  	 INITIAL     65536
 12  	 MINEXTENTS  1
 13  	 MAXEXTENTS  2147483645
 14    )
 15  /

Índice criado.

SQL> 
SQL> CREATE INDEX IFRSRH2.ORT_IDX_01 ON OCORRENCIAS_RECEB_TICKETS
  2    (
  3  	 ORT_CODIGO_PEDIDO		 ASC
  4    )
  5    PCTFREE	   10
  6    INITRANS    2
  7    MAXTRANS    255
  8    TABLESPACE  TSI_PESSOAL
  9    STORAGE	 (
 10  	 INITIAL     65536
 11  	 MINEXTENTS  1
 12  	 MAXEXTENTS  2147483645
 13    )
 14  /

Índice criado.

SQL> 
SQL> CREATE UNIQUE INDEX IFRSRH2.ORT_PK ON OCORRENCIAS_RECEB_TICKETS
  2    (
  3  	 ORT_MES			 ASC,
  4  	 ORT_ANO			 ASC,
  5  	 ORT_TIPO_PEDIDO		 ASC,
  6  	 ORT_EMB_EMP_NUMERO_MATRICULA	 ASC,
  7  	 ORT_CODIGO_PEDIDO		 ASC,
  8  	 ORT_DATA			 ASC
  9    )
 10    PCTFREE	   10
 11    INITRANS    2
 12    MAXTRANS    255
 13    TABLESPACE  TSI_PESSOAL
 14    STORAGE	 (
 15  	 INITIAL     9256960
 16  	 MINEXTENTS  1
 17  	 MAXEXTENTS  2147483645
 18    )
 19  /
CREATE UNIQUE INDEX IFRSRH2.ORT_PK ON OCORRENCIAS_RECEB_TICKETS
                            *
ERRO na linha 1:
ORA-00955: name is already used by an existing object 


SQL> 
SQL> CREATE INDEX IFRSRH2.ORT_UOR_FK ON OCORRENCIAS_RECEB_TICKETS
  2    (
  3  	 ORT_UOR_CODIGO 		 ASC
  4    )
  5    PCTFREE	   10
  6    INITRANS    2
  7    MAXTRANS    255
  8    TABLESPACE  TSI_PESSOAL
  9    STORAGE	 (
 10  	 INITIAL     65536
 11  	 MINEXTENTS  1
 12  	 MAXEXTENTS  2147483645
 13    )
 14  /

Índice criado.

SQL> 
SQL> CREATE UNIQUE INDEX IFRSRH2.ORV_PK ON OCORRENCIAS_RECEB_VALES
  2    (
  3  	 ORV_DEP_CODIGO_FISICO		 ASC,
  4  	 ORV_EMC_CAT_SIGLA		 ASC,
  5  	 ORV_EMC_EMB_EMP_NUMERO_MATRICU  ASC,
  6  	 ORV_EMC_EMB_BEN_SIGLA		 ASC,
  7  	 ORV_SEQUENCIAL 		 ASC,
  8  	 ORV_MES			 ASC,
  9  	 ORV_ANO			 ASC
 10    )
 11    PCTFREE	   10
 12    INITRANS    2
 13    MAXTRANS    255
 14    TABLESPACE  TSI_PESSOAL
 15    STORAGE	 (
 16  	 INITIAL     8151040
 17  	 MINEXTENTS  1
 18  	 MAXEXTENTS  2147483645
 19    )
 20  /
CREATE UNIQUE INDEX IFRSRH2.ORV_PK ON OCORRENCIAS_RECEB_VALES
                            *
ERRO na linha 1:
ORA-00955: name is already used by an existing object 


SQL> 
SQL> CREATE INDEX IFRSRH2.OSF_OFU_FK_I ON OCORRENCIAS_SITUACOES_FUNC
  2    (
  3  	 OSF_OFU_CODIGO 		 ASC
  4    )
  5    PCTFREE	   10
  6    INITRANS    2
  7    MAXTRANS    255
  8    TABLESPACE  TSI_PESSOAL
  9    STORAGE	 (
 10  	 INITIAL     65536
 11  	 MINEXTENTS  1
 12  	 MAXEXTENTS  2147483645
 13    )
 14  /

Índice criado.

SQL> 
SQL> CREATE UNIQUE INDEX IFRSRH2.OSF_PK ON OCORRENCIAS_SITUACOES_FUNC
  2    (
  3  	 OSF_SFU_CODIGO 		 ASC,
  4  	 OSF_OFU_CODIGO 		 ASC
  5    )
  6    PCTFREE	   10
  7    INITRANS    2
  8    MAXTRANS    255
  9    TABLESPACE  TSI_PESSOAL
 10    STORAGE	 (
 11  	 INITIAL     40960
 12  	 MINEXTENTS  1
 13  	 MAXEXTENTS  2147483645
 14    )
 15  /
CREATE UNIQUE INDEX IFRSRH2.OSF_PK ON OCORRENCIAS_SITUACOES_FUNC
                            *
ERRO na linha 1:
ORA-00955: name is already used by an existing object 


SQL> 
SQL> CREATE INDEX IFRSRH2.OSF_SFU_FK_I ON OCORRENCIAS_SITUACOES_FUNC
  2    (
  3  	 OSF_SFU_CODIGO 		 ASC
  4    )
  5    PCTFREE	   10
  6    INITRANS    2
  7    MAXTRANS    255
  8    TABLESPACE  TSI_PESSOAL
  9    STORAGE	 (
 10  	 INITIAL     65536
 11  	 MINEXTENTS  1
 12  	 MAXEXTENTS  2147483645
 13    )
 14  /

Índice criado.

SQL> 
SQL> CREATE UNIQUE INDEX IFRSRH2.OVC_PK ON OCORRENCIA_VIAGEM_CENTRO_CUSTO
  2    (
  3  	 OVC_OVE_OEM_EMP_NUM_MATRICULA	 ASC,
  4  	 OVC_OVE_OEM_OFU_CODIGO 	 ASC,
  5  	 OVC_OVE_OEM_DATA_INICIO	 ASC,
  6  	 OVC_OVE_CODIGO_TRECHO		 ASC,
  7  	 OVC_CCT_CODIGO 		 ASC
  8    )
  9    PCTFREE	   10
 10    INITRANS    2
 11    MAXTRANS    255
 12    TABLESPACE  TSI_PESSOAL
 13    STORAGE	 (
 14  	 INITIAL     65536
 15  	 MINEXTENTS  1
 16  	 MAXEXTENTS  2147483645
 17    )
 18  /
CREATE UNIQUE INDEX IFRSRH2.OVC_PK ON OCORRENCIA_VIAGEM_CENTRO_CUSTO
                            *
ERRO na linha 1:
ORA-00955: name is already used by an existing object 


SQL> 
SQL> CREATE UNIQUE INDEX IFRSRH2.OVE_PK ON OCORRENCIAS_VIAGENS_EMPREGADOS
  2    (
  3  	 OVE_OEM_EMP_NUMERO_MATRICULA	 ASC,
  4  	 OVE_OEM_OFU_CODIGO		 ASC,
  5  	 OVE_OEM_DATA_INICIO		 ASC,
  6  	 OVE_CODIGO_TRECHO		 ASC
  7    )
  8    PCTFREE	   10
  9    INITRANS    2
 10    MAXTRANS    255
 11    TABLESPACE  TSI_PESSOAL
 12    STORAGE	 (
 13  	 INITIAL     65536
 14  	 MINEXTENTS  1
 15  	 MAXEXTENTS  2147483645
 16    )
 17  /
CREATE UNIQUE INDEX IFRSRH2.OVE_PK ON OCORRENCIAS_VIAGENS_EMPREGADOS
                            *
ERRO na linha 1:
ORA-00955: name is already used by an existing object 


SQL> 
SQL> CREATE UNIQUE INDEX IFRSRH2.PCB_CODIGO_PK ON PORTE_CBHPM
  2    (
  3  	 PCB_CODIGO			 ASC,
  4  	 PCB_DT_INICIO			 ASC
  5    )
  6    PCTFREE	   10
  7    INITRANS    2
  8    MAXTRANS    255
  9    TABLESPACE  TSI_PESSOAL
 10    STORAGE	 (
 11  	 INITIAL     65536
 12  	 MINEXTENTS  1
 13  	 MAXEXTENTS  2147483645
 14    )
 15  /
CREATE UNIQUE INDEX IFRSRH2.PCB_CODIGO_PK ON PORTE_CBHPM
                            *
ERRO na linha 1:
ORA-00955: name is already used by an existing object 


SQL> 
SQL> CREATE INDEX IFRSRH2.PCF ON PAGAMENTO_CALCULADO_FINAL
  2    (
  3  	 ANO				 ASC,
  4  	 MES				 ASC
  5    )
  6    PCTFREE	   10
  7    INITRANS    2
  8    MAXTRANS    255
  9    TABLESPACE  TSI_PESSOAL
 10    STORAGE	 (
 11  	 INITIAL     65536
 12  	 MINEXTENTS  1
 13  	 MAXEXTENTS  2147483645
 14    )
 15  /

Índice criado.

SQL> 
SQL> CREATE UNIQUE INDEX IFRSRH2.PCO_PK ON PEDIDOS_COBRANCAS
  2    (
  3  	 PCO_DOC_NUMERO 		 ASC,
  4  	 PCO_DOC_CBE_BEN_SIGLA		 ASC,
  5  	 PCO_DOC_CBE_CRE_SEQUENCIAL	 ASC,
  6  	 PCO_DOC_DEP_CODIGO		 ASC,
  7  	 PCO_NUMERO_PEDIDO		 ASC
  8    )
  9    PCTFREE	   10
 10    INITRANS    2
 11    MAXTRANS    255
 12    TABLESPACE  TSI_PESSOAL
 13    STORAGE	 (
 14  	 INITIAL     1310720
 15  	 MINEXTENTS  1
 16  	 MAXEXTENTS  2147483645
 17    )
 18  /
CREATE UNIQUE INDEX IFRSRH2.PCO_PK ON PEDIDOS_COBRANCAS
                            *
ERRO na linha 1:
ORA-00955: name is already used by an existing object 


SQL> 
SQL> CREATE UNIQUE INDEX IFRSRH2.PEN_PK ON PENSIONISTAS
  2    (
  3  	 PEN_EMP_NUMERO_MATRICULA	 ASC,
  4  	 PEN_CODIGO			 ASC
  5    )
  6    PCTFREE	   10
  7    INITRANS    2
  8    MAXTRANS    255
  9    TABLESPACE  TSI_PESSOAL
 10    STORAGE	 (
 11  	 INITIAL     106496
 12  	 MINEXTENTS  1
 13  	 MAXEXTENTS  2147483645
 14    )
 15  /
CREATE UNIQUE INDEX IFRSRH2.PEN_PK ON PENSIONISTAS
                            *
ERRO na linha 1:
ORA-00955: name is already used by an existing object 


SQL> 
SQL> CREATE INDEX IFRSRH2.PEP ON POSICAO_EMPREGADO_PAGAMENTO
  2    (
  3  	 MATRICULA			 ASC,
  4  	 ANO				 ASC,
  5  	 MES				 ASC
  6    )
  7    PCTFREE	   10
  8    INITRANS    2
  9    MAXTRANS    255
 10    TABLESPACE  TSI_PESSOAL
 11    STORAGE	 (
 12  	 INITIAL     65536
 13  	 MINEXTENTS  1
 14  	 MAXEXTENTS  2147483645
 15    )
 16  /

Índice criado.

SQL> 
SQL> CREATE UNIQUE INDEX IFRSRH2.PFE_PK ON PROGRAMACOES_FERIAS
  2    (
  3  	 PFE_EMP_NUMERO_MATRICULA	 ASC,
  4  	 PFE_SEQUENCIAL 		 ASC
  5    )
  6    PCTFREE	   10
  7    INITRANS    2
  8    MAXTRANS    255
  9    TABLESPACE  TSI_PESSOAL
 10    STORAGE	 (
 11  	 INITIAL     65536
 12  	 MINEXTENTS  1
 13  	 MAXEXTENTS  2147483645
 14    )
 15  /
CREATE UNIQUE INDEX IFRSRH2.PFE_PK ON PROGRAMACOES_FERIAS
                            *
ERRO na linha 1:
ORA-00955: name is already used by an existing object 


SQL> 
SQL> CREATE INDEX IFRSRH2.PGC_2110 ON PAGAMENTO_CALCULADO_2110
  2    (
  3  	 ANO				 ASC,
  4  	 MES				 ASC
  5    )
  6    PCTFREE	   10
  7    INITRANS    2
  8    MAXTRANS    255
  9    TABLESPACE  TSI_PESSOAL
 10    STORAGE	 (
 11  	 INITIAL     65536
 12  	 MINEXTENTS  1
 13  	 MAXEXTENTS  2147483645
 14    )
 15  /

Índice criado.

SQL> 
SQL> CREATE UNIQUE INDEX IFRSRH2.PGE_SEQUENCIAL_PK ON PAGAMENTOS_ESPECIAIS
  2    (
  3  	 PGE_SEQUENCIAL 		 ASC
  4    )
  5    PCTFREE	   10
  6    INITRANS    2
  7    MAXTRANS    255
  8    TABLESPACE  TSI_PESSOAL
  9    STORAGE	 (
 10  	 INITIAL     40960
 11  	 MINEXTENTS  1
 12  	 MAXEXTENTS  2147483645
 13    )
 14  /
CREATE UNIQUE INDEX IFRSRH2.PGE_SEQUENCIAL_PK ON PAGAMENTOS_ESPECIAIS
                            *
ERRO na linha 1:
ORA-00955: name is already used by an existing object 


SQL> 
SQL> CREATE UNIQUE INDEX IFRSRH2.PGR_CODIGO_PK ON POSTO_GRADUACAO
  2    (
  3  	 PGR_CODIGO			 ASC
  4    )
  5    PCTFREE	   10
  6    INITRANS    2
  7    MAXTRANS    255
  8    TABLESPACE  TSI_PESSOAL
  9    STORAGE	 (
 10  	 INITIAL     40960
 11  	 MINEXTENTS  1
 12  	 MAXEXTENTS  2147483645
 13    )
 14  /
CREATE UNIQUE INDEX IFRSRH2.PGR_CODIGO_PK ON POSTO_GRADUACAO
                            *
ERRO na linha 1:
ORA-00955: name is already used by an existing object 


SQL> 
SQL> CREATE UNIQUE INDEX IFRSRH2.PIA_PK ON PERICUL_INSALUB_AGNOCIVOS
  2    (
  3  	 PIA_AGN_CODIGO 		 ASC,
  4  	 PIA_HPI_EMP_NUMERO_MATRICULA	 ASC,
  5  	 PIA_HPI_DATA_INICIO		 ASC,
  6  	 PIA_HPI_IND_PERICUL_INSALUB	 ASC
  7    )
  8    PCTFREE	   10
  9    INITRANS    2
 10    MAXTRANS    255
 11    TABLESPACE  TSI_PESSOAL
 12    STORAGE	 (
 13  	 INITIAL     40960
 14  	 MINEXTENTS  1
 15  	 MAXEXTENTS  2147483645
 16    )
 17  /
CREATE UNIQUE INDEX IFRSRH2.PIA_PK ON PERICUL_INSALUB_AGNOCIVOS
                            *
ERRO na linha 1:
ORA-00955: name is already used by an existing object 


SQL> 
SQL> CREATE UNIQUE INDEX IFRSRH2.PIN_PK ON PERICUL_INSALUB_NAO_AUTORIZADA
  2    (
  3  	 PIN_EMP_NUMERO_MATRICULA	 ASC,
  4  	 PIN_DATA_INICIO		 ASC,
  5  	 PIN_IND_PERICUL_INSALUB	 ASC,
  6  	 PIN_DATA_NAO_AUTORIZACAO	 ASC
  7    )
  8    PCTFREE	   10
  9    INITRANS    2
 10    MAXTRANS    255
 11    TABLESPACE  TSI_PESSOAL
 12    STORAGE	 (
 13  	 INITIAL     40960
 14  	 MINEXTENTS  1
 15  	 MAXEXTENTS  2147483645
 16    )
 17  /
CREATE UNIQUE INDEX IFRSRH2.PIN_PK ON PERICUL_INSALUB_NAO_AUTORIZADA
                            *
ERRO na linha 1:
ORA-00955: name is already used by an existing object 


SQL> 
SQL> CREATE UNIQUE INDEX IFRSRH2.PK_LEF ON LOG_ERRO_FOLHA_FECHADA
  2    (
  3  	 LEF_CODIGO			 ASC
  4    )
  5    PCTFREE	   10
  6    INITRANS    2
  7    MAXTRANS    255
  8    TABLESPACE  TSI_PESSOAL
  9    STORAGE	 (
 10  	 INITIAL     65536
 11  	 MINEXTENTS  1
 12  	 MAXEXTENTS  2147483645
 13    )
 14  /
CREATE UNIQUE INDEX IFRSRH2.PK_LEF ON LOG_ERRO_FOLHA_FECHADA
                            *
ERRO na linha 1:
ORA-00955: name is already used by an existing object 


SQL> 
SQL> CREATE UNIQUE INDEX IFRSRH2.PK_TAB_PARAMETROS ON TAB_PARAMETROS
  2    (
  3  	 COD_GRUPO			 ASC,
  4  	 COD_ASSUNTO			 ASC
  5    )
  6    PCTFREE	   10
  7    INITRANS    2
  8    MAXTRANS    255
  9    TABLESPACE  TSI_PESSOAL
 10    STORAGE	 (
 11  	 INITIAL     65536
 12  	 MINEXTENTS  1
 13  	 MAXEXTENTS  2147483645
 14    )
 15  /
CREATE UNIQUE INDEX IFRSRH2.PK_TAB_PARAMETROS ON TAB_PARAMETROS
                            *
ERRO na linha 1:
ORA-00955: name is already used by an existing object 


SQL> 
SQL> CREATE UNIQUE INDEX IFRSRH2.PK_TAB_PARAMETROS_DETALHES ON TAB_PARAMETROS_DETALHES
  2    (
  3  	 DATA_INICIO			 ASC,
  4  	 COD_GRUPO			 ASC,
  5  	 COD_ASSUNTO			 ASC
  6    )
  7    PCTFREE	   10
  8    INITRANS    2
  9    MAXTRANS    255
 10    TABLESPACE  TSI_PESSOAL
 11    STORAGE	 (
 12  	 INITIAL     65536
 13  	 MINEXTENTS  1
 14  	 MAXEXTENTS  2147483645
 15    )
 16  /
CREATE UNIQUE INDEX IFRSRH2.PK_TAB_PARAMETROS_DETALHES ON TAB_PARAMETROS_DETALHES
                            *
ERRO na linha 1:
ORA-00955: name is already used by an existing object 


SQL> 
SQL> CREATE UNIQUE INDEX IFRSRH2.PKT_PK ON PEDIDOS_TICKETS
  2    (
  3  	 PKT_CODIGO_PEDIDO		 ASC,
  4  	 PKT_DEPENDENCIA		 ASC
  5    )
  6    PCTFREE	   10
  7    INITRANS    2
  8    MAXTRANS    255
  9    TABLESPACE  TSI_PESSOAL
 10    STORAGE	 (
 11  	 INITIAL     122880
 12  	 MINEXTENTS  1
 13  	 MAXEXTENTS  2147483645
 14    )
 15  /
CREATE UNIQUE INDEX IFRSRH2.PKT_PK ON PEDIDOS_TICKETS
                            *
ERRO na linha 1:
ORA-00955: name is already used by an existing object 


SQL> 
SQL> CREATE UNIQUE INDEX IFRSRH2.PLA_PK ON PLANOS_MEDICOS
  2    (
  3  	 PLA_CRE_SEQUENCIAL		 ASC,
  4  	 PLA_COD_PLANO			 ASC,
  5  	 PLA_DATA_INICIO		 ASC
  6    )
  7    PCTFREE	   10
  8    INITRANS    2
  9    MAXTRANS    255
 10    TABLESPACE  TSI_PESSOAL
 11    STORAGE	 (
 12  	 INITIAL     40960
 13  	 MINEXTENTS  1
 14  	 MAXEXTENTS  2147483645
 15    )
 16  /
CREATE UNIQUE INDEX IFRSRH2.PLA_PK ON PLANOS_MEDICOS
                            *
ERRO na linha 1:
ORA-00955: name is already used by an existing object 


SQL> 
SQL> CREATE INDEX IFRSRH2.PMP ON PROJECAO_MOVIMENTO_PAGAMENTO
  2    (
  3  	 ANO				 ASC,
  4  	 MES				 ASC
  5    )
  6    PCTFREE	   10
  7    INITRANS    2
  8    MAXTRANS    255
  9    TABLESPACE  TSI_PESSOAL
 10    STORAGE	 (
 11  	 INITIAL     65536
 12  	 MINEXTENTS  1
 13  	 MAXEXTENTS  2147483645
 14    )
 15  /

Índice criado.

SQL> 
SQL> CREATE UNIQUE INDEX IFRSRH2.POD_PK ON PROCEDIMENTOS_ODONTOLOGICOS
  2    (
  3  	 POD_ATO_NUMERO 		 ASC,
  4  	 POD_ABO_CODIGO 		 ASC
  5    )
  6    PCTFREE	   10
  7    INITRANS    2
  8    MAXTRANS    255
  9    TABLESPACE  TSI_PESSOAL
 10    STORAGE	 (
 11  	 INITIAL     3276800
 12  	 MINEXTENTS  1
 13  	 MAXEXTENTS  2147483645
 14    )
 15  /
CREATE UNIQUE INDEX IFRSRH2.POD_PK ON PROCEDIMENTOS_ODONTOLOGICOS
                            *
ERRO na linha 1:
ORA-00955: name is already used by an existing object 


SQL> 
SQL> CREATE UNIQUE INDEX IFRSRH2.POF_UK ON PARAMETROS_OCORRENCIAS_FUNC
  2    (
  3  	 CD_PERFIL			 ASC,
  4  	 OFU_CODIGO			 ASC
  5    )
  6    PCTFREE	   10
  7    INITRANS    2
  8    MAXTRANS    255
  9    TABLESPACE  TSI_PESSOAL
 10    STORAGE	 (
 11  	 INITIAL     286720
 12  	 MINEXTENTS  1
 13  	 MAXEXTENTS  2147483645
 14    )
 15  /
CREATE UNIQUE INDEX IFRSRH2.POF_UK ON PARAMETROS_OCORRENCIAS_FUNC
                            *
ERRO na linha 1:
ORA-00955: name is already used by an existing object 


SQL> 
SQL> CREATE UNIQUE INDEX IFRSRH2.PORTE_PK ON PORTES_ANESTESICOS
  2    (
  3  	 PORTE				 ASC
  4    )
  5    PCTFREE	   10
  6    INITRANS    2
  7    MAXTRANS    255
  8    TABLESPACE  TSI_PESSOAL
  9    STORAGE	 (
 10  	 INITIAL     40960
 11  	 MINEXTENTS  1
 12  	 MAXEXTENTS  2147483645
 13    )
 14  /
CREATE UNIQUE INDEX IFRSRH2.PORTE_PK ON PORTES_ANESTESICOS
                            *
ERRO na linha 1:
ORA-00955: name is already used by an existing object 


SQL> 
SQL> CREATE UNIQUE INDEX IFRSRH2.PPA_PK ON PREVISAO_PAGAMENTO
  2    (
  3  	 PPA_ANO_PAGAMENTO		 ASC,
  4  	 PPA_MES_PAGAMENTO		 ASC
  5    )
  6    PCTFREE	   10
  7    INITRANS    2
  8    MAXTRANS    255
  9    TABLESPACE  TSI_PESSOAL
 10    STORAGE	 (
 11  	 INITIAL     40960
 12  	 MINEXTENTS  1
 13  	 MAXEXTENTS  2147483645
 14    )
 15  /
CREATE UNIQUE INDEX IFRSRH2.PPA_PK ON PREVISAO_PAGAMENTO
                            *
ERRO na linha 1:
ORA-00955: name is already used by an existing object 


SQL> 
SQL> CREATE UNIQUE INDEX IFRSRH2.PRF_PK ON PRE_REQUISITO_FUNCAO
  2    (
  3  	 PRF_FUN_CODIGO 		 ASC,
  4  	 PRF_PRR_CODIGO 		 ASC
  5    )
  6    PCTFREE	   10
  7    INITRANS    2
  8    MAXTRANS    255
  9    TABLESPACE  TSI_PESSOAL
 10    STORAGE	 (
 11  	 INITIAL     40960
 12  	 MINEXTENTS  1
 13  	 MAXEXTENTS  2147483645
 14    )
 15  /
CREATE UNIQUE INDEX IFRSRH2.PRF_PK ON PRE_REQUISITO_FUNCAO
                            *
ERRO na linha 1:
ORA-00955: name is already used by an existing object 


SQL> 
SQL> CREATE UNIQUE INDEX IFRSRH2.PRM_UK ON PARAMETROS_FUNCOES
  2    (
  3  	 CD_PERFIL			 ASC,
  4  	 FUN_CODIGO			 ASC
  5    )
  6    PCTFREE	   10
  7    INITRANS    2
  8    MAXTRANS    255
  9    TABLESPACE  TSI_PESSOAL
 10    STORAGE	 (
 11  	 INITIAL     696320
 12  	 MINEXTENTS  1
 13  	 MAXEXTENTS  2147483645
 14    )
 15  /
CREATE UNIQUE INDEX IFRSRH2.PRM_UK ON PARAMETROS_FUNCOES
                            *
ERRO na linha 1:
ORA-00955: name is already used by an existing object 


SQL> 
SQL> CREATE INDEX IFRSRH2.PROCESSOS_CADASTROS_FK_I ON SPF_PROCESSO_JUDICIAL
  2    (
  3  	 CADASTROS_EMP_NUMERO_MATRICULA  ASC
  4    )
  5    PCTFREE	   10
  6    INITRANS    2
  7    MAXTRANS    255
  8    TABLESPACE  TSI_PESSOAL
  9    STORAGE	 (
 10  	 INITIAL     65536
 11  	 MINEXTENTS  1
 12  	 MAXEXTENTS  2147483645
 13    )
 14  /

Índice criado.

SQL> 
SQL> CREATE UNIQUE INDEX IFRSRH2.PROCESSOS_PK ON SPF_PROCESSO_JUDICIAL
  2    (
  3  	 TIP_PROC_TIPO_PROCESSO_JUDICIA  ASC,
  4  	 CADASTROS_EMP_NUMERO_MATRICULA  ASC,
  5  	 DATA_INICIO_IMPEDIMENTO	 ASC
  6    )
  7    PCTFREE	   10
  8    INITRANS    2
  9    MAXTRANS    255
 10    TABLESPACE  TSI_PESSOAL
 11    STORAGE	 (
 12  	 INITIAL     40960
 13  	 MINEXTENTS  1
 14  	 MAXEXTENTS  2147483645
 15    )
 16  /
CREATE UNIQUE INDEX IFRSRH2.PROCESSOS_PK ON SPF_PROCESSO_JUDICIAL
                            *
ERRO na linha 1:
ORA-00955: name is already used by an existing object 


SQL> 
SQL> CREATE INDEX IFRSRH2.PROCESSOS_TIP_PROC_FK_I ON SPF_PROCESSO_JUDICIAL
  2    (
  3  	 TIP_PROC_TIPO_PROCESSO_JUDICIA  ASC
  4    )
  5    PCTFREE	   10
  6    INITRANS    2
  7    MAXTRANS    255
  8    TABLESPACE  TSI_PESSOAL
  9    STORAGE	 (
 10  	 INITIAL     65536
 11  	 MINEXTENTS  1
 12  	 MAXEXTENTS  2147483645
 13    )
 14  /

Índice criado.

SQL> 
SQL> CREATE UNIQUE INDEX IFRSRH2.PROMOCAO_PK ON SPF_PROMOCAO
  2    (
  3  	 TIPOS_OCOR_OFU_CODIGO		 ASC,
  4  	 ANO_PROMOCAO			 ASC
  5    )
  6    PCTFREE	   10
  7    INITRANS    2
  8    MAXTRANS    255
  9    TABLESPACE  TSI_PESSOAL
 10    STORAGE	 (
 11  	 INITIAL     40960
 12  	 MINEXTENTS  1
 13  	 MAXEXTENTS  2147483645
 14    )
 15  /
CREATE UNIQUE INDEX IFRSRH2.PROMOCAO_PK ON SPF_PROMOCAO
                            *
ERRO na linha 1:
ORA-00955: name is already used by an existing object 


SQL> 
SQL> CREATE INDEX IFRSRH2.PROMOCAO_TIPOS_OCOR_FK_I ON SPF_PROMOCAO
  2    (
  3  	 TIPOS_OCOR_OFU_CODIGO		 ASC
  4    )
  5    PCTFREE	   10
  6    INITRANS    2
  7    MAXTRANS    255
  8    TABLESPACE  TSI_PESSOAL
  9    STORAGE	 (
 10  	 INITIAL     65536
 11  	 MINEXTENTS  1
 12  	 MAXEXTENTS  2147483645
 13    )
 14  /

Índice criado.

SQL> 
SQL> CREATE UNIQUE INDEX IFRSRH2.PROVISIONAMENTO_PK ON PROVISIONAMENTO
  2    (
  3  	 ANO				 ASC,
  4  	 MES				 ASC,
  5  	 SEQ				 ASC,
  6  	 DEP_CODIGO			 ASC,
  7  	 CUSTO				 ASC,
  8  	 CONTA				 ASC,
  9  	 MATRICULA			 ASC,
 10  	 TIPO_PROV			 ASC
 11    )
 12    PCTFREE	   10
 13    INITRANS    2
 14    MAXTRANS    255
 15    TABLESPACE  TSI_PESSOAL
 16    STORAGE	 (
 17  	 INITIAL     65536
 18  	 MINEXTENTS  1
 19  	 MAXEXTENTS  2147483645
 20    )
 21  /
CREATE UNIQUE INDEX IFRSRH2.PROVISIONAMENTO_PK ON PROVISIONAMENTO
                            *
ERRO na linha 1:
ORA-00955: name is already used by an existing object 


SQL> 
SQL> CREATE UNIQUE INDEX IFRSRH2.PROVISOES_EMPREGADOS_PK ON PROVISOES_EMPREGADOS
  2    (
  3  	 ANO_REFERENCIA 		 ASC,
  4  	 MES_REFERENCIA 		 ASC,
  5  	 NUM_VERSAO			 ASC,
  6  	 EMP_NUMERO_MATRICULA		 ASC,
  7  	 TIPO_PROVISAO			 ASC
  8    )
  9    PCTFREE	   10
 10    INITRANS    2
 11    MAXTRANS    255
 12    TABLESPACE  TSI_PESSOAL
 13    STORAGE	 (
 14  	 INITIAL     65536
 15  	 MINEXTENTS  1
 16  	 MAXEXTENTS  2147483645
 17    )
 18  /
CREATE UNIQUE INDEX IFRSRH2.PROVISOES_EMPREGADOS_PK ON PROVISOES_EMPREGADOS
                            *
ERRO na linha 1:
ORA-00955: name is already used by an existing object 


SQL> 
SQL> CREATE UNIQUE INDEX IFRSRH2.PRR_PK ON PRE_REQUISITOS
  2    (
  3  	 PRR_CODIGO			 ASC
  4    )
  5    PCTFREE	   10
  6    INITRANS    2
  7    MAXTRANS    255
  8    TABLESPACE  TSI_PESSOAL
  9    STORAGE	 (
 10  	 INITIAL     40960
 11  	 MINEXTENTS  1
 12  	 MAXEXTENTS  2147483645
 13    )
 14  /
CREATE UNIQUE INDEX IFRSRH2.PRR_PK ON PRE_REQUISITOS
                            *
ERRO na linha 1:
ORA-00955: name is already used by an existing object 


SQL> 
SQL> CREATE UNIQUE INDEX IFRSRH2.PRS_PK ON PREMIO_SEGURO
  2    (
  3  	 PRS_ANO			 ASC,
  4  	 PRS_MES			 ASC,
  5  	 PRS_EMP_NUMERO_MATRICULA	 ASC,
  6  	 PRS_APOLICE			 ASC
  7    )
  8    PCTFREE	   10
  9    INITRANS    2
 10    MAXTRANS    255
 11    TABLESPACE  TSI_PESSOAL
 12    STORAGE	 (
 13  	 INITIAL     2416640
 14  	 MINEXTENTS  1
 15  	 MAXEXTENTS  2147483645
 16    )
 17  /
CREATE UNIQUE INDEX IFRSRH2.PRS_PK ON PREMIO_SEGURO
                            *
ERRO na linha 1:
ORA-00955: name is already used by an existing object 


SQL> 
SQL> CREATE UNIQUE INDEX IFRSRH2.PSV_PK ON PESSOAL_SEM_VINCULO
  2    (
  3  	 PSV_SEQUENCIAL 		 ASC
  4    )
  5    PCTFREE	   10
  6    INITRANS    2
  7    MAXTRANS    255
  8    TABLESPACE  TSI_PESSOAL
  9    STORAGE	 (
 10  	 INITIAL     40960
 11  	 MINEXTENTS  1
 12  	 MAXEXTENTS  2147483645
 13    )
 14  /
CREATE UNIQUE INDEX IFRSRH2.PSV_PK ON PESSOAL_SEM_VINCULO
                            *
ERRO na linha 1:
ORA-00955: name is already used by an existing object 


SQL> 
SQL> CREATE INDEX IFRSRH2.PVB_EMB_FK_I ON PESSOAS_VINCULADAS_BENEF
  2    (
  3  	 PVB_PVI_EMP_NUMERO_MATRICULA	 ASC,
  4  	 EMB_BEN_SIGLA			 ASC
  5    )
  6    PCTFREE	   10
  7    INITRANS    2
  8    MAXTRANS    255
  9    TABLESPACE  TSI_PESSOAL
 10    STORAGE	 (
 11  	 INITIAL     65536
 12  	 MINEXTENTS  1
 13  	 MAXEXTENTS  2147483645
 14    )
 15  /

Índice criado.

SQL> 
SQL> CREATE UNIQUE INDEX IFRSRH2.PVB_PK ON PESSOAS_VINCULADAS_BENEF
  2    (
  3  	 PVB_PVI_EMP_NUMERO_MATRICULA	 ASC,
  4  	 PVB_PVI_SEQUENCIAL		 ASC,
  5  	 EMB_BEN_SIGLA			 ASC,
  6  	 PVB_ADESAO			 ASC
  7    )
  8    PCTFREE	   10
  9    INITRANS    2
 10    MAXTRANS    255
 11    TABLESPACE  TSI_PESSOAL
 12    STORAGE	 (
 13  	 INITIAL     5242880
 14  	 MINEXTENTS  1
 15  	 MAXEXTENTS  2147483645
 16    )
 17  /
CREATE UNIQUE INDEX IFRSRH2.PVB_PK ON PESSOAS_VINCULADAS_BENEF
                            *
ERRO na linha 1:
ORA-00955: name is already used by an existing object 


SQL> 
SQL> CREATE UNIQUE INDEX IFRSRH2.PVI_PK ON PESSOAS_VINCULADAS
  2    (
  3  	 PVI_EMP_NUMERO_MATRICULA	 ASC,
  4  	 PVI_SEQUENCIAL 		 ASC
  5    )
  6    PCTFREE	   10
  7    INITRANS    2
  8    MAXTRANS    255
  9    TABLESPACE  TSI_PESSOAL
 10    STORAGE	 (
 11  	 INITIAL     1597440
 12  	 MINEXTENTS  1
 13  	 MAXEXTENTS  2147483645
 14    )
 15  /
CREATE UNIQUE INDEX IFRSRH2.PVI_PK ON PESSOAS_VINCULADAS
                            *
ERRO na linha 1:
ORA-00955: name is already used by an existing object 


SQL> 
SQL> CREATE UNIQUE INDEX IFRSRH2.QAE_CODIGO_PK ON QUADRO_ARMA_ESPEC
  2    (
  3  	 QAE_CODIGO			 ASC
  4    )
  5    PCTFREE	   10
  6    INITRANS    2
  7    MAXTRANS    255
  8    TABLESPACE  TSI_PESSOAL
  9    STORAGE	 (
 10  	 INITIAL     65536
 11  	 MINEXTENTS  1
 12  	 MAXEXTENTS  2147483645
 13    )
 14  /
CREATE UNIQUE INDEX IFRSRH2.QAE_CODIGO_PK ON QUADRO_ARMA_ESPEC
                            *
ERRO na linha 1:
ORA-00955: name is already used by an existing object 


SQL> 
SQL> CREATE UNIQUE INDEX IFRSRH2.QCD_PK ON QUADRO_CARGOS_DEPENDENCIAS
  2    (
  3  	 QCD_HCD_DEP_CODIGO		 ASC,
  4  	 QCD_HCD_DATA_VIGENCIA		 ASC,
  5  	 QCD_CAR_CODIGO 		 ASC,
  6  	 QCD_CAR_CODIGO_NIVEL		 ASC,
  7  	 QCD_CAR_OCC_CODIGO		 ASC
  8    )
  9    PCTFREE	   10
 10    INITRANS    2
 11    MAXTRANS    255
 12    TABLESPACE  TSI_PESSOAL
 13    STORAGE	 (
 14  	 INITIAL     65536
 15  	 MINEXTENTS  1
 16  	 MAXEXTENTS  2147483645
 17    )
 18  /
CREATE UNIQUE INDEX IFRSRH2.QCD_PK ON QUADRO_CARGOS_DEPENDENCIAS
                            *
ERRO na linha 1:
ORA-00955: name is already used by an existing object 


SQL> 
SQL> CREATE UNIQUE INDEX IFRSRH2.QDA_PK ON QCD_AREA_ATUACAO
  2    (
  3  	 QDA_ATU_CODIGO 		 ASC,
  4  	 QDA_QCD_HCD_DEP_CODIGO 	 ASC,
  5  	 QDA_QCD_HCD_DATA_VIGENCIA	 ASC,
  6  	 QDA_QCD_CAR_CODIGO		 ASC,
  7  	 QDA_QCD_CAR_CODIGO_NIVEL	 ASC,
  8  	 QDA_QCD_CAR_OCC_CODIGO 	 ASC,
  9  	 QDA_DATA_VIGENCIA		 ASC
 10    )
 11    PCTFREE	   10
 12    INITRANS    2
 13    MAXTRANS    255
 14    TABLESPACE  TSI_PESSOAL
 15    STORAGE	 (
 16  	 INITIAL     65536
 17  	 MINEXTENTS  1
 18  	 MAXEXTENTS  2147483645
 19    )
 20  /
CREATE UNIQUE INDEX IFRSRH2.QDA_PK ON QCD_AREA_ATUACAO
                            *
ERRO na linha 1:
ORA-00955: name is already used by an existing object 


SQL> 
SQL> CREATE UNIQUE INDEX IFRSRH2.QFD_PK ON QUADROS_FUNCOES_DEPENDENCIAS
  2    (
  3  	 QFD_HFD_DEP_CODIGO		 ASC,
  4  	 QFD_HFD_DATA_VIGENCIA		 ASC,
  5  	 QFD_FUN_CODIGO 		 ASC
  6    )
  7    PCTFREE	   10
  8    INITRANS    2
  9    MAXTRANS    255
 10    TABLESPACE  TSI_PESSOAL
 11    STORAGE	 (
 12  	 INITIAL     65536
 13  	 MINEXTENTS  1
 14  	 MAXEXTENTS  2147483645
 15    )
 16  /
CREATE UNIQUE INDEX IFRSRH2.QFD_PK ON QUADROS_FUNCOES_DEPENDENCIAS
                            *
ERRO na linha 1:
ORA-00955: name is already used by an existing object 


SQL> 
SQL> CREATE UNIQUE INDEX IFRSRH2.QFU_PK ON QUADRO_FUNCOES
  2    (
  3  	 QFU_FUN_CODIGO 		 ASC,
  4  	 QFU_HFL_UOR_CODIGO		 ASC,
  5  	 QFU_HFL_DATA_VIGENCIA		 ASC
  6    )
  7    PCTFREE	   10
  8    INITRANS    2
  9    MAXTRANS    255
 10    TABLESPACE  TSI_PESSOAL
 11    STORAGE	 (
 12  	 INITIAL     65536
 13  	 MINEXTENTS  1
 14  	 MAXEXTENTS  2147483645
 15    )
 16  /
CREATE UNIQUE INDEX IFRSRH2.QFU_PK ON QUADRO_FUNCOES
                            *
ERRO na linha 1:
ORA-00955: name is already used by an existing object 


SQL> 
SQL> CREATE UNIQUE INDEX IFRSRH2.QLA_PK ON QLP_AREA_ATUACAO
  2    (
  3  	 QLA_ATU_CODIGO 		 ASC,
  4  	 QLA_QLP_ICL_UOR_CODIGO 	 ASC,
  5  	 QLA_QLP_ICL_DATA_VIGENCIA	 ASC,
  6  	 QLA_QLP_CAR_CODIGO		 ASC,
  7  	 QLA_QLP_CAR_CODIGO_NIVEL	 ASC,
  8  	 QLA_QLP_CAR_OCC_CODIGO 	 ASC,
  9  	 QLA_DATA_VIGENCIA		 ASC
 10    )
 11    PCTFREE	   10
 12    INITRANS    2
 13    MAXTRANS    255
 14    TABLESPACE  TSI_PESSOAL
 15    STORAGE	 (
 16  	 INITIAL     65536
 17  	 MINEXTENTS  1
 18  	 MAXEXTENTS  2147483645
 19    )
 20  /
CREATE UNIQUE INDEX IFRSRH2.QLA_PK ON QLP_AREA_ATUACAO
                            *
ERRO na linha 1:
ORA-00955: name is already used by an existing object 


SQL> 
SQL> CREATE UNIQUE INDEX IFRSRH2.QLP_PK ON QUADROS_LOTACAO_PESSOAL
  2    (
  3  	 QLP_ICL_UOR_CODIGO		 ASC,
  4  	 QLP_ICL_DATA_VIGENCIA		 ASC,
  5  	 QLP_CAR_CODIGO 		 ASC,
  6  	 QLP_CAR_CODIGO_NIVEL		 ASC,
  7  	 QLP_CAR_OCC_CODIGO		 ASC
  8    )
  9    PCTFREE	   10
 10    INITRANS    2
 11    MAXTRANS    255
 12    TABLESPACE  TSI_PESSOAL
 13    STORAGE	 (
 14  	 INITIAL     65536
 15  	 MINEXTENTS  1
 16  	 MAXEXTENTS  2147483645
 17    )
 18  /
CREATE UNIQUE INDEX IFRSRH2.QLP_PK ON QUADROS_LOTACAO_PESSOAL
                            *
ERRO na linha 1:
ORA-00955: name is already used by an existing object 


SQL> 
SQL> CREATE UNIQUE INDEX IFRSRH2.QUAC_PK ON TAB_QUALIFICACAO_ACADEMICA
  2    (
  3  	 QUA_COD_QUALIF_ACADEMICA	 ASC
  4    )
  5    PCTFREE	   10
  6    INITRANS    2
  7    MAXTRANS    255
  8    TABLESPACE  TSI_PESSOAL
  9    STORAGE	 (
 10  	 INITIAL     40960
 11  	 MINEXTENTS  1
 12  	 MAXEXTENTS  2147483645
 13    )
 14  /
CREATE UNIQUE INDEX IFRSRH2.QUAC_PK ON TAB_QUALIFICACAO_ACADEMICA
                            *
ERRO na linha 1:
ORA-00955: name is already used by an existing object 


SQL> 
SQL> CREATE UNIQUE INDEX IFRSRH2.RAA_PK ON REFER_AUXILIO_ALIMENTACAO
  2    (
  3  	 RAA_FALTA			 ASC,
  4  	 RAA_QUANTIDADE 		 ASC
  5    )
  6    PCTFREE	   10
  7    INITRANS    2
  8    MAXTRANS    255
  9    TABLESPACE  TSI_PESSOAL
 10    STORAGE	 (
 11  	 INITIAL     65536
 12  	 MINEXTENTS  1
 13  	 MAXEXTENTS  2147483645
 14    )
 15  /
CREATE UNIQUE INDEX IFRSRH2.RAA_PK ON REFER_AUXILIO_ALIMENTACAO
                            *
ERRO na linha 1:
ORA-00955: name is already used by an existing object 


SQL> 
SQL> CREATE UNIQUE INDEX IFRSRH2.RAC_PK ON REEMBOLSOS_AUXILIOS_CRECHES
  2    (
  3  	 RAC_SEQUENCIAL 		 ASC,
  4  	 DATA_INICIO			 ASC
  5    )
  6    PCTFREE	   10
  7    INITRANS    2
  8    MAXTRANS    255
  9    TABLESPACE  TSI_PESSOAL
 10    STORAGE	 (
 11  	 INITIAL     65536
 12  	 MINEXTENTS  1
 13  	 MAXEXTENTS  2147483645
 14    )
 15  /
CREATE UNIQUE INDEX IFRSRH2.RAC_PK ON REEMBOLSOS_AUXILIOS_CRECHES
                            *
ERRO na linha 1:
ORA-00955: name is already used by an existing object 


SQL> 
SQL> CREATE UNIQUE INDEX IFRSRH2.RDF_PK ON REAJUSTE_PERCENTUAL_13_FERIAS
  2    (
  3  	 RDF_ANO_REFERENCIA		 ASC,
  4  	 RDF_MES_REFERENCIA		 ASC,
  5  	 RDF_GRU_CODIGO 		 ASC
  6    )
  7    PCTFREE	   10
  8    INITRANS    2
  9    MAXTRANS    255
 10    TABLESPACE  TSI_PESSOAL
 11    STORAGE	 (
 12  	 INITIAL     65536
 13  	 MINEXTENTS  1
 14  	 MAXEXTENTS  2147483645
 15    )
 16  /
CREATE UNIQUE INDEX IFRSRH2.RDF_PK ON REAJUSTE_PERCENTUAL_13_FERIAS
                            *
ERRO na linha 1:
ORA-00955: name is already used by an existing object 


SQL> 
SQL> CREATE UNIQUE INDEX IFRSRH2.REA_PK ON RESUMO_ENCARGOS_INSS_AUTONOMO
  2    (
  3  	 REA_ANO_REFERENCIA		 ASC,
  4  	 REA_MES_REFERENCIA		 ASC,
  5  	 REA_VERSAO_PAGTO		 ASC,
  6  	 REA_DEP_CODIGO 		 ASC,
  7  	 REA_CRE_SEQUENCIAL		 ASC,
  8  	 REA_IND_AUT_COOP		 ASC
  9    )
 10    PCTFREE	   10
 11    INITRANS    2
 12    MAXTRANS    255
 13    TABLESPACE  TSI_PESSOAL
 14    STORAGE	 (
 15  	 INITIAL     65536
 16  	 MINEXTENTS  1
 17  	 MAXEXTENTS  2147483645
 18    )
 19  /
CREATE UNIQUE INDEX IFRSRH2.REA_PK ON RESUMO_ENCARGOS_INSS_AUTONOMO
                            *
ERRO na linha 1:
ORA-00955: name is already used by an existing object 


SQL> 
SQL> CREATE UNIQUE INDEX IFRSRH2.REE_PK ON REEMBOLSOS
  2    (
  3  	 REE_SEQUENCIAL 		 ASC,
  4  	 REE_EMB_EMP_NUMERO_MATRICULA	 ASC,
  5  	 REE_MES			 ASC,
  6  	 REE_ANO			 ASC,
  7  	 REE_TIPO			 ASC,
  8  	 REE_EMB_BEN_SIGLA		 ASC
  9    )
 10    PCTFREE	   10
 11    INITRANS    2
 12    MAXTRANS    255
 13    TABLESPACE  TSI_PESSOAL
 14    STORAGE	 (
 15  	 INITIAL     65536
 16  	 MINEXTENTS  1
 17  	 MAXEXTENTS  2147483645
 18    )
 19  /
CREATE UNIQUE INDEX IFRSRH2.REE_PK ON REEMBOLSOS
                            *
ERRO na linha 1:
ORA-00955: name is already used by an existing object 


SQL> 
SQL> CREATE UNIQUE INDEX IFRSRH2.REF_PK ON RESUMO_ENCARGOS_FGTS
  2    (
  3  	 REF_ANO_REFERENCIA		 ASC,
  4  	 REF_MES_REFERENCIA		 ASC,
  5  	 REF_VERSAO_PAGTO		 ASC,
  6  	 REF_EMP_NUMERO_MATRICULA	 ASC
  7    )
  8    PCTFREE	   10
  9    INITRANS    2
 10    MAXTRANS    255
 11    TABLESPACE  TSI_PESSOAL
 12    STORAGE	 (
 13  	 INITIAL     65536
 14  	 MINEXTENTS  1
 15  	 MAXEXTENTS  2147483645
 16    )
 17  /
CREATE UNIQUE INDEX IFRSRH2.REF_PK ON RESUMO_ENCARGOS_FGTS
                            *
ERRO na linha 1:
ORA-00955: name is already used by an existing object 


SQL> 
SQL> CREATE INDEX IFRSRH2.REG_ERRO_MIGRACAO_FOLHA_RDB_IX ON REG_ERRO_MIGRACAO_FOLHA_RDB
  2    (
  3  	 REM_ANO_REFERENCIA		 ASC,
  4  	 REM_MES_REFERENCIA		 ASC,
  5  	 REM_VERSAO_PAGAMENTO		 ASC,
  6  	 REM_EMP_NUMERO_MATRICULA	 ASC
  7    )
  8    PCTFREE	   10
  9    INITRANS    2
 10    MAXTRANS    255
 11    TABLESPACE  TSI_PESSOAL
 12    STORAGE	 (
 13  	 INITIAL     65536
 14  	 MINEXTENTS  1
 15  	 MAXEXTENTS  2147483645
 16    )
 17  /

Índice criado.

SQL> 
SQL> CREATE INDEX IFRSRH2.REG_PAG_CALCULADO_2110_IX ON REG_PAGAMENTO_CALCULADO_2110
  2    (
  3  	 ARQ_ANO			 ASC,
  4  	 ARQ_MES			 ASC,
  5  	 ARQ_MAT			 ASC
  6    )
  7    PCTFREE	   10
  8    INITRANS    2
  9    MAXTRANS    255
 10    TABLESPACE  TSI_PESSOAL
 11    STORAGE	 (
 12  	 INITIAL     65536
 13  	 MINEXTENTS  1
 14  	 MAXEXTENTS  2147483645
 15    )
 16  /

Índice criado.

SQL> 
SQL> CREATE INDEX IFRSRH2.REG_PAGTO_CALCULADO_FINAL_IX ON REG_PAGAMENTO_CALCULADO_FINAL
  2    (
  3  	 ARQ_ANO			 ASC,
  4  	 ARQ_MES			 ASC,
  5  	 ARQ_MAT			 ASC
  6    )
  7    PCTFREE	   10
  8    INITRANS    2
  9    MAXTRANS    255
 10    TABLESPACE  TSI_PESSOAL
 11    STORAGE	 (
 12  	 INITIAL     65536
 13  	 MINEXTENTS  1
 14  	 MAXEXTENTS  2147483645
 15    )
 16  /

Índice criado.

SQL> 
SQL> CREATE INDEX IFRSRH2.REG_POSICAO_EMP_PAGAMENTO_IX ON REG_POSICAO_EMP_PAGAMENTO
  2    (
  3  	 ARQ_ANO			 ASC,
  4  	 ARQ_MES			 ASC,
  5  	 ARQ_MATRICULA			 ASC
  6    )
  7    PCTFREE	   10
  8    INITRANS    2
  9    MAXTRANS    255
 10    TABLESPACE  TSI_PESSOAL
 11    STORAGE	 (
 12  	 INITIAL     65536
 13  	 MINEXTENTS  1
 14  	 MAXEXTENTS  2147483645
 15    )
 16  /

Índice criado.

SQL> 
SQL> CREATE INDEX IFRSRH2.REG_REMUNERACAO_2110_IX ON REG_REMUNERACAO_2110
  2    (
  3  	 ARQ_ANO			 ASC,
  4  	 ARQ_MES			 ASC,
  5  	 ARQ_MAT			 ASC
  6    )
  7    PCTFREE	   10
  8    INITRANS    2
  9    MAXTRANS    255
 10    TABLESPACE  TSI_PESSOAL
 11    STORAGE	 (
 12  	 INITIAL     65536
 13  	 MINEXTENTS  1
 14  	 MAXEXTENTS  2147483645
 15    )
 16  /

Índice criado.

SQL> 
SQL> CREATE INDEX IFRSRH2.REG_REMUNERACAO_FINAL_IX ON REG_REMUNERACAO_FINAL
  2    (
  3  	 ARQ_ANO			 ASC,
  4  	 ARQ_MES			 ASC,
  5  	 ARQ_MAT			 ASC
  6    )
  7    PCTFREE	   10
  8    INITRANS    2
  9    MAXTRANS    255
 10    TABLESPACE  TSI_PESSOAL
 11    STORAGE	 (
 12  	 INITIAL     65536
 13  	 MINEXTENTS  1
 14  	 MAXEXTENTS  2147483645
 15    )
 16  /

Índice criado.

SQL> 
SQL> CREATE UNIQUE INDEX IFRSRH2.REI_PK ON RESUMO_ENCARGOS_INSS
  2    (
  3  	 REI_ANO_REFERENCIA		 ASC,
  4  	 REI_MES_REFERENCIA		 ASC,
  5  	 REI_VERSAO_PAGTO		 ASC,
  6  	 REI_EMP_NUMERO_MATRICULA	 ASC
  7    )
  8    PCTFREE	   10
  9    INITRANS    2
 10    MAXTRANS    255
 11    TABLESPACE  TSI_PESSOAL
 12    STORAGE	 (
 13  	 INITIAL     65536
 14  	 MINEXTENTS  1
 15  	 MAXEXTENTS  2147483645
 16    )
 17  /
CREATE UNIQUE INDEX IFRSRH2.REI_PK ON RESUMO_ENCARGOS_INSS
                            *
ERRO na linha 1:
ORA-00955: name is already used by an existing object 


SQL> 
SQL> CREATE INDEX IFRSRH2.RELATIONSHIP_1_FK ON TAB_PARAMETROS_DETALHES
  2    (
  3  	 COD_GRUPO			 ASC,
  4  	 COD_ASSUNTO			 ASC
  5    )
  6    PCTFREE	   10
  7    INITRANS    2
  8    MAXTRANS    255
  9    TABLESPACE  TSI_PESSOAL
 10    STORAGE	 (
 11  	 INITIAL     65536
 12  	 MINEXTENTS  1
 13  	 MAXEXTENTS  2147483645
 14    )
 15  /

Índice criado.

SQL> 
SQL> CREATE INDEX IFRSRH2.REM_2110_IDX ON REMUNERACAO_2110
  2    (
  3  	 ANO				 ASC,
  4  	 MES				 ASC,
  5  	 MAT				 ASC
  6    )
  7    PCTFREE	   10
  8    INITRANS    2
  9    MAXTRANS    255
 10    TABLESPACE  TSI_PESSOAL
 11    STORAGE	 (
 12  	 INITIAL     65536
 13  	 MINEXTENTS  1
 14  	 MAXEXTENTS  2147483645
 15    )
 16  /

Índice criado.

SQL> 
SQL> CREATE INDEX IFRSRH2.REM_FIN_IDX ON REMUNERACAO_FINAL
  2    (
  3  	 ANO				 ASC,
  4  	 MES				 ASC,
  5  	 MAT				 ASC
  6    )
  7    PCTFREE	   10
  8    INITRANS    2
  9    MAXTRANS    255
 10    TABLESPACE  TSI_PESSOAL
 11    STORAGE	 (
 12  	 INITIAL     65536
 13  	 MINEXTENTS  1
 14  	 MAXEXTENTS  2147483645
 15    )
 16  /

Índice criado.

SQL> 
SQL> CREATE UNIQUE INDEX IFRSRH2.RETENCAO_PK ON RETENCAO_IMPOSTOS
  2    (
  3  	 RI_COD_RECEITA 		 ASC,
  4  	 RI_DAT_INICIO			 ASC
  5    )
  6    PCTFREE	   10
  7    INITRANS    2
  8    MAXTRANS    255
  9    TABLESPACE  TSI_PESSOAL
 10    STORAGE	 (
 11  	 INITIAL     65536
 12  	 MINEXTENTS  1
 13  	 MAXEXTENTS  2147483645
 14    )
 15  /
CREATE UNIQUE INDEX IFRSRH2.RETENCAO_PK ON RETENCAO_IMPOSTOS
                            *
ERRO na linha 1:
ORA-00955: name is already used by an existing object 


SQL> 
SQL> CREATE UNIQUE INDEX IFRSRH2.RFI_PK ON RESPONSAVEL_FINANCEIRO
  2    (
  3  	 RFI_SEQUENCIAL 		 ASC
  4    )
  5    PCTFREE	   10
  6    INITRANS    2
  7    MAXTRANS    255
  8    TABLESPACE  TSI_PESSOAL
  9    STORAGE	 (
 10  	 INITIAL     65536
 11  	 MINEXTENTS  1
 12  	 MAXEXTENTS  2147483645
 13    )
 14  /
CREATE UNIQUE INDEX IFRSRH2.RFI_PK ON RESPONSAVEL_FINANCEIRO
                            *
ERRO na linha 1:
ORA-00955: name is already used by an existing object 


SQL> 
SQL> CREATE UNIQUE INDEX IFRSRH2.RFP_PK ON RESP_FINANCEIRO_PSV
  2    (
  3  	 RFP_ANO_REFERENCIA		 ASC,
  4  	 "RFP_MÊS_REFERENCIA"		 ASC,
  5  	 RFP_PSV_SEQUENCIAL		 ASC,
  6  	 RFP_RFI_SEQUENCIAL		 ASC
  7    )
  8    PCTFREE	   10
  9    INITRANS    2
 10    MAXTRANS    255
 11    TABLESPACE  TSI_PESSOAL
 12    STORAGE	 (
 13  	 INITIAL     65536
 14  	 MINEXTENTS  1
 15  	 MAXEXTENTS  2147483645
 16    )
 17  /
CREATE UNIQUE INDEX IFRSRH2.RFP_PK ON RESP_FINANCEIRO_PSV
                            *
ERRO na linha 1:
ORA-00955: name is already used by an existing object 


SQL> 
SQL> CREATE UNIQUE INDEX IFRSRH2.RIN_PK ON RESUMO_ENCARGOS_INFRAPREV
  2    (
  3  	 RIN_ANO_REFERENCIA		 ASC,
  4  	 RIN_MES_REFERENCIA		 ASC,
  5  	 RIN_VERSAO_PAGTO		 ASC,
  6  	 RIN_EMP_NUMERO_MATRICULA	 ASC,
  7  	 RIN_PLANO_INFRAPREV		 ASC
  8    )
  9    PCTFREE	   10
 10    INITRANS    2
 11    MAXTRANS    255
 12    TABLESPACE  TSI_PESSOAL
 13    STORAGE	 (
 14  	 INITIAL     65536
 15  	 MINEXTENTS  1
 16  	 MAXEXTENTS  2147483645
 17    )
 18  /
CREATE UNIQUE INDEX IFRSRH2.RIN_PK ON RESUMO_ENCARGOS_INFRAPREV
                            *
ERRO na linha 1:
ORA-00955: name is already used by an existing object 


SQL> 
SQL> CREATE UNIQUE INDEX IFRSRH2.RIR_PK ON RESUMO_ENCARGOS_IRRF
  2    (
  3  	 RIR_ANO_REFERENCIA		 ASC,
  4  	 RIR_MES_REFERENCIA		 ASC,
  5  	 RIR_VERSAO_PAGTO		 ASC,
  6  	 RIR_EMP_NUMERO_MATRICULA	 ASC
  7    )
  8    PCTFREE	   10
  9    INITRANS    2
 10    MAXTRANS    255
 11    TABLESPACE  TSI_PESSOAL
 12    STORAGE	 (
 13  	 INITIAL     65536
 14  	 MINEXTENTS  1
 15  	 MAXEXTENTS  2147483645
 16    )
 17  /
CREATE UNIQUE INDEX IFRSRH2.RIR_PK ON RESUMO_ENCARGOS_IRRF
                            *
ERRO na linha 1:
ORA-00955: name is already used by an existing object 


SQL> 
SQL> CREATE UNIQUE INDEX IFRSRH2.RSE_PK ON RESUMO_ENCARGOS_SAL_EDUCACAO
  2    (
  3  	 RSE_ANO_REFERENCIA		 ASC,
  4  	 RSE_MES_REFERENCIA		 ASC,
  5  	 RSE_VERSAO_PAGTO		 ASC,
  6  	 RSE_EMP_NUMERO_MATRICULA	 ASC
  7    )
  8    PCTFREE	   10
  9    INITRANS    2
 10    MAXTRANS    255
 11    TABLESPACE  TSI_PESSOAL
 12    STORAGE	 (
 13  	 INITIAL     65536
 14  	 MINEXTENTS  1
 15  	 MAXEXTENTS  2147483645
 16    )
 17  /
CREATE UNIQUE INDEX IFRSRH2.RSE_PK ON RESUMO_ENCARGOS_SAL_EDUCACAO
                            *
ERRO na linha 1:
ORA-00955: name is already used by an existing object 


SQL> 
SQL> CREATE UNIQUE INDEX IFRSRH2.RUA_PK ON RUBRICAS_ANTERIORES
  2    (
  3  	 RUA_RUB_CODIGO 		 ASC,
  4  	 RUA_CODIGO_ANTERIOR		 ASC
  5    )
  6    PCTFREE	   10
  7    INITRANS    2
  8    MAXTRANS    255
  9    TABLESPACE  TSI_PESSOAL
 10    STORAGE	 (
 11  	 INITIAL     65536
 12  	 MINEXTENTS  1
 13  	 MAXEXTENTS  2147483645
 14    )
 15  /
CREATE UNIQUE INDEX IFRSRH2.RUA_PK ON RUBRICAS_ANTERIORES
                            *
ERRO na linha 1:
ORA-00955: name is already used by an existing object 


SQL> 
SQL> CREATE UNIQUE INDEX IFRSRH2.RUB_PK ON RUBRICAS
  2    (
  3  	 RUB_CODIGO			 ASC
  4    )
  5    PCTFREE	   10
  6    INITRANS    2
  7    MAXTRANS    255
  8    TABLESPACE  TSI_PESSOAL
  9    STORAGE	 (
 10  	 INITIAL     65536
 11  	 MINEXTENTS  1
 12  	 MAXEXTENTS  2147483645
 13    )
 14  /
CREATE UNIQUE INDEX IFRSRH2.RUB_PK ON RUBRICAS
                            *
ERRO na linha 1:
ORA-00955: name is already used by an existing object 


SQL> 
SQL> CREATE UNIQUE INDEX IFRSRH2.RUBRICA_TEMP_PK ON RUBRICA_TEMP
  2    (
  3  	 NUM_SEQUENCIA			 ASC,
  4  	 COD_RUBRICA			 ASC
  5    )
  6    PCTFREE	   10
  7    INITRANS    2
  8    MAXTRANS    255
  9    TABLESPACE  TSI_PESSOAL
 10    STORAGE	 (
 11  	 INITIAL     65536
 12  	 MINEXTENTS  1
 13  	 MAXEXTENTS  2147483645
 14    )
 15  /
CREATE UNIQUE INDEX IFRSRH2.RUBRICA_TEMP_PK ON RUBRICA_TEMP
                            *
ERRO na linha 1:
ORA-00955: name is already used by an existing object 


SQL> 
SQL> CREATE UNIQUE INDEX IFRSRH2.SAF_PK ON SALARIO_FAMILIA
  2    (
  3  	 SAF_ANO_REFERENCIA		 ASC,
  4  	 SAF_MES_REFERENCIA		 ASC,
  5  	 SAF_FAIXA			 ASC
  6    )
  7    PCTFREE	   10
  8    INITRANS    2
  9    MAXTRANS    255
 10    TABLESPACE  TSI_PESSOAL
 11    STORAGE	 (
 12  	 INITIAL     65536
 13  	 MINEXTENTS  1
 14  	 MAXEXTENTS  2147483645
 15    )
 16  /
CREATE UNIQUE INDEX IFRSRH2.SAF_PK ON SALARIO_FAMILIA
                            *
ERRO na linha 1:
ORA-00955: name is already used by an existing object 


SQL> 
SQL> CREATE UNIQUE INDEX IFRSRH2.SCA_PK ON SALDO_COBRANCA_APOSENTADO
  2    (
  3  	 SCA_EMP_NUMERO_MATRICULA	 ASC,
  4  	 SCA_MES_REFERENCIA		 ASC,
  5  	 SCA_ANO_REFERENCIA		 ASC,
  6  	 SCA_SEQUENCIAL 		 ASC
  7    )
  8    PCTFREE	   10
  9    INITRANS    2
 10    MAXTRANS    255
 11    TABLESPACE  TSI_PESSOAL
 12    STORAGE	 (
 13  	 INITIAL     65536
 14  	 MINEXTENTS  1
 15  	 MAXEXTENTS  2147483645
 16    )
 17  /
CREATE UNIQUE INDEX IFRSRH2.SCA_PK ON SALDO_COBRANCA_APOSENTADO
                            *
ERRO na linha 1:
ORA-00955: name is already used by an existing object 


SQL> 
SQL> CREATE UNIQUE INDEX IFRSRH2.SFU_PK ON SITUACOES_FUNCIONAIS
  2    (
  3  	 SFU_CODIGO			 ASC
  4    )
  5    PCTFREE	   10
  6    INITRANS    2
  7    MAXTRANS    255
  8    TABLESPACE  TSI_PESSOAL
  9    STORAGE	 (
 10  	 INITIAL     24576
 11  	 MINEXTENTS  1
 12  	 MAXEXTENTS  2147483645
 13    )
 14  /
CREATE UNIQUE INDEX IFRSRH2.SFU_PK ON SITUACOES_FUNCIONAIS
                            *
ERRO na linha 1:
ORA-00955: name is already used by an existing object 


SQL> 
SQL> CREATE UNIQUE INDEX IFRSRH2.SIN_PK ON SINISTROS
  2    (
  3  	 SIN_SEQUENCIAL 		 ASC
  4    )
  5    PCTFREE	   10
  6    INITRANS    2
  7    MAXTRANS    255
  8    TABLESPACE  TSI_PESSOAL
  9    STORAGE	 (
 10  	 INITIAL     40960
 11  	 MINEXTENTS  1
 12  	 MAXEXTENTS  2147483645
 13    )
 14  /
CREATE UNIQUE INDEX IFRSRH2.SIN_PK ON SINISTROS
                            *
ERRO na linha 1:
ORA-00955: name is already used by an existing object 


SQL> 
SQL> CREATE UNIQUE INDEX IFRSRH2.SNA_MAT_PK ON SIAD_NAO_AVALIADO
  2    (
  3  	 ANO_AVALIACAO			 ASC,
  4  	 MATRICULA			 ASC
  5    )
  6    PCTFREE	   10
  7    INITRANS    2
  8    MAXTRANS    255
  9    TABLESPACE  TSI_PESSOAL
 10    STORAGE	 (
 11  	 INITIAL     163840
 12  	 MINEXTENTS  1
 13  	 MAXEXTENTS  2147483645
 14    )
 15  /
CREATE UNIQUE INDEX IFRSRH2.SNA_MAT_PK ON SIAD_NAO_AVALIADO
                            *
ERRO na linha 1:
ORA-00955: name is already used by an existing object 


SQL> 
SQL> CREATE UNIQUE INDEX IFRSRH2.SPF_LOCIND_PK ON SPF_LOCAL_INDICACAO
  2    (
  3  	 ANO_INDICACAO			 ASC,
  4  	 COD_LOCAL_INDICACAO		 ASC,
  5  	 INDICADOR_LOCAL		 ASC
  6    )
  7    PCTFREE	   10
  8    INITRANS    2
  9    MAXTRANS    255
 10    TABLESPACE  TSI_PESSOAL
 11    STORAGE	 (
 12  	 INITIAL     40960
 13  	 MINEXTENTS  1
 14  	 MAXEXTENTS  2147483645
 15    )
 16  /
CREATE UNIQUE INDEX IFRSRH2.SPF_LOCIND_PK ON SPF_LOCAL_INDICACAO
                            *
ERRO na linha 1:
ORA-00955: name is already used by an existing object 


SQL> 
SQL> CREATE UNIQUE INDEX IFRSRH2.TAB_CESTA_BASICA_PK ON TAB_CESTA_BASICA
  2    (
  3  	 TCB_NSA_CODIGO_NIVEL		 ASC,
  4  	 TCB_NSA_CODIGO_PADRAO		 ASC,
  5  	 TCB_NSA_IND_NIVEL_ESCOLA	 ASC,
  6  	 TCB_DT_INI_VIGENCIA		 ASC
  7    )
  8    PCTFREE	   10
  9    INITRANS    2
 10    MAXTRANS    255
 11    TABLESPACE  TSI_PESSOAL
 12    STORAGE	 (
 13  	 INITIAL     65536
 14  	 MINEXTENTS  1
 15  	 MAXEXTENTS  2147483645
 16    )
 17  /
CREATE UNIQUE INDEX IFRSRH2.TAB_CESTA_BASICA_PK ON TAB_CESTA_BASICA
                            *
ERRO na linha 1:
ORA-00955: name is already used by an existing object 


SQL> 
SQL> CREATE UNIQUE INDEX IFRSRH2.TAC_SEQ_AUTORIZADOR_IX ON TAB_AUTORIZADOR_CERTIFICADOR
  2    (
  3  	 TAC_ID_USUARIO 		 ASC,
  4  	 TAC_TIPO_AUTORIZADOR		 ASC,
  5  	 TAC_DT_INICIO			 ASC
  6    )
  7    PCTFREE	   10
  8    INITRANS    2
  9    MAXTRANS    255
 10    TABLESPACE  TSI_PESSOAL
 11    STORAGE	 (
 12  	 INITIAL     65536
 13  	 MINEXTENTS  1
 14  	 MAXEXTENTS  2147483645
 15    )
 16  /

Índice criado.

SQL> 
SQL> CREATE UNIQUE INDEX IFRSRH2.TAC_SEQ_AUTORIZADOR_PK ON TAB_AUTORIZADOR_CERTIFICADOR
  2    (
  3  	 TAC_SEQ_AUTORIZADOR		 ASC
  4    )
  5    PCTFREE	   10
  6    INITRANS    2
  7    MAXTRANS    255
  8    TABLESPACE  TSI_PESSOAL
  9    STORAGE	 (
 10  	 INITIAL     65536
 11  	 MINEXTENTS  1
 12  	 MAXEXTENTS  2147483645
 13    )
 14  /
CREATE UNIQUE INDEX IFRSRH2.TAC_SEQ_AUTORIZADOR_PK ON TAB_AUTORIZADOR_CERTIFICADOR
                            *
ERRO na linha 1:
ORA-00955: name is already used by an existing object 


SQL> 
SQL> CREATE UNIQUE INDEX IFRSRH2.TCR_PK ON TMP_CONCURSO_RDB
  2    (
  3  	 TCR_MATRICULA			 ASC
  4    )
  5    PCTFREE	   10
  6    INITRANS    2
  7    MAXTRANS    255
  8    TABLESPACE  TSI_PESSOAL
  9    STORAGE	 (
 10  	 INITIAL     163840
 11  	 MINEXTENTS  1
 12  	 MAXEXTENTS  2147483645
 13    )
 14  /
CREATE UNIQUE INDEX IFRSRH2.TCR_PK ON TMP_CONCURSO_RDB
                            *
ERRO na linha 1:
ORA-00955: name is already used by an existing object 


SQL> 
SQL> CREATE UNIQUE INDEX IFRSRH2.TDC_SEQ_COBRANCA_PK ON TAB_DOC_COBRANCA
  2    (
  3  	 TDC_SEQ_COBRANCA		 ASC
  4    )
  5    PCTFREE	   10
  6    INITRANS    2
  7    MAXTRANS    255
  8    TABLESPACE  TSI_PESSOAL
  9    STORAGE	 (
 10  	 INITIAL     65536
 11  	 MINEXTENTS  1
 12  	 MAXEXTENTS  2147483645
 13    )
 14  /
CREATE UNIQUE INDEX IFRSRH2.TDC_SEQ_COBRANCA_PK ON TAB_DOC_COBRANCA
                            *
ERRO na linha 1:
ORA-00955: name is already used by an existing object 


SQL> 
SQL> CREATE UNIQUE INDEX IFRSRH2.TDE_PK ON TMP_DEPENDENCIA_EMPREGADO
  2    (
  3  	 TDE_EMP_NUMERO_MATRICULA	 ASC,
  4  	 TDE_ANO_REFERENCIA		 ASC,
  5  	 TDE_MES_REFERENCIA		 ASC
  6    )
  7    PCTFREE	   10
  8    INITRANS    2
  9    MAXTRANS    255
 10    TABLESPACE  TSI_PESSOAL
 11    STORAGE	 (
 12  	 INITIAL     9805824
 13  	 MINEXTENTS  1
 14  	 MAXEXTENTS  2147483645
 15    )
 16  /
CREATE UNIQUE INDEX IFRSRH2.TDE_PK ON TMP_DEPENDENCIA_EMPREGADO
                            *
ERRO na linha 1:
ORA-00955: name is already used by an existing object 


SQL> 
SQL> CREATE UNIQUE INDEX IFRSRH2.TDEF_PK ON TIPO_DEFICIENCIA
  2    (
  3  	 TDEF_COD_TIPO_DEFICIENCIA	 ASC
  4    )
  5    PCTFREE	   10
  6    INITRANS    2
  7    MAXTRANS    255
  8    TABLESPACE  TSI_PESSOAL
  9    STORAGE	 (
 10  	 INITIAL     65536
 11  	 MINEXTENTS  1
 12  	 MAXEXTENTS  2147483645
 13    )
 14  /
CREATE UNIQUE INDEX IFRSRH2.TDEF_PK ON TIPO_DEFICIENCIA
                            *
ERRO na linha 1:
ORA-00955: name is already used by an existing object 


SQL> 
SQL> CREATE UNIQUE INDEX IFRSRH2.TDF_PK ON TMP_DEMONSTRATIVO_FREQUENCIA
  2    (
  3  	 TDF_DEP_CODIGO 		 ASC,
  4  	 TDF_EMP_NUMERO_MATRICULA	 ASC,
  5  	 TDF_DAT_OCORRENCIA		 ASC,
  6  	 TDF_OFU_CODIGO 		 ASC
  7    )
  8    PCTFREE	   10
  9    INITRANS    2
 10    MAXTRANS    255
 11    TABLESPACE  TSI_PESSOAL
 12    STORAGE	 (
 13  	 INITIAL     778240
 14  	 MINEXTENTS  1
 15  	 MAXEXTENTS  2147483645
 16    )
 17  /
CREATE UNIQUE INDEX IFRSRH2.TDF_PK ON TMP_DEMONSTRATIVO_FREQUENCIA
                            *
ERRO na linha 1:
ORA-00955: name is already used by an existing object 


SQL> 
SQL> CREATE INDEX IFRSRH2.TDM_GUI_FK ON TAB_DESPESA_MEDICAMENTOS
  2    (
  3  	 TDM_GUI_DOC_CBE_CRE_SEQUENCIAL  ASC,
  4  	 TDM_GUI_DOC_NUMERO		 ASC,
  5  	 TDM_GUI_DOC_CBE_BEN_SIGLA	 ASC,
  6  	 TDM_GUI_DOC_DEP_CODIGO 	 ASC,
  7  	 TDM_GUI_NUMERO 		 ASC
  8    )
  9    PCTFREE	   10
 10    INITRANS    2
 11    MAXTRANS    255
 12    TABLESPACE  TSI_PESSOAL
 13    STORAGE	 (
 14  	 INITIAL     65536
 15  	 MINEXTENTS  1
 16  	 MAXEXTENTS  2147483645
 17    )
 18  /

Índice criado.

SQL> 
SQL> CREATE UNIQUE INDEX IFRSRH2.TDM_PK ON TAB_DESPESA_MEDICAMENTOS
  2    (
  3  	 TDM_SEQUENCIAL 		 ASC
  4    )
  5    PCTFREE	   10
  6    INITRANS    2
  7    MAXTRANS    255
  8    TABLESPACE  TSI_PESSOAL
  9    STORAGE	 (
 10  	 INITIAL     737280
 11  	 MINEXTENTS  1
 12  	 MAXEXTENTS  2147483645
 13    )
 14  /
CREATE UNIQUE INDEX IFRSRH2.TDM_PK ON TAB_DESPESA_MEDICAMENTOS
                            *
ERRO na linha 1:
ORA-00955: name is already used by an existing object 


SQL> 
SQL> CREATE INDEX IFRSRH2.TEMP_MOV_DEP_IX ON TEMP_MOVIMENTACAO
  2    (
  3  	 MOV_ANO_REFERENCIA		 ASC,
  4  	 MOV_MES_REFERENCIA		 ASC,
  5  	 MOV_VERSAO_PAGAMENTO		 ASC,
  6  	 MOV_EMP_DEP_CODIGO_PAGTO	 ASC,
  7  	 MOV_EMP_NUMERO_MATRICULA	 ASC
  8    )
  9    PCTFREE	   10
 10    INITRANS    2
 11    MAXTRANS    255
 12    TABLESPACE  TSI_PESSOAL
 13    STORAGE	 (
 14  	 INITIAL     65536
 15  	 MINEXTENTS  1
 16  	 MAXEXTENTS  2147483645
 17    )
 18  /

Índice criado.

SQL> 
SQL> CREATE INDEX IFRSRH2.TEMP_MOV_EMP_IDX ON TEMP_MOVIMENTACAO
  2    (
  3  	 MOV_EMP_NUMERO_MATRICULA	 ASC
  4    )
  5    PCTFREE	   10
  6    INITRANS    2
  7    MAXTRANS    255
  8    TABLESPACE  TSI_PESSOAL
  9    STORAGE	 (
 10  	 INITIAL     65536
 11  	 MINEXTENTS  1
 12  	 MAXEXTENTS  2147483645
 13    )
 14  /

Índice criado.

SQL> 
SQL> CREATE UNIQUE INDEX IFRSRH2.TEMP_MOV_PK ON TEMP_MOVIMENTACAO
  2    (
  3  	 MOV_ANO_REFERENCIA		 ASC,
  4  	 MOV_MES_REFERENCIA		 ASC,
  5  	 MOV_VERSAO_PAGAMENTO		 ASC,
  6  	 MOV_EMP_NUMERO_MATRICULA	 ASC,
  7  	 MOV_RUB_CODIGO 		 ASC,
  8  	 MOV_TIP_RUBRICA		 ASC,
  9  	 MOV_SEQUENCIAL 		 ASC
 10    )
 11    PCTFREE	   10
 12    INITRANS    2
 13    MAXTRANS    255
 14    TABLESPACE  TSI_PESSOAL
 15    STORAGE	 (
 16  	 INITIAL     8749056
 17  	 MINEXTENTS  1
 18  	 MAXEXTENTS  2147483645
 19    )
 20  /
CREATE UNIQUE INDEX IFRSRH2.TEMP_MOV_PK ON TEMP_MOVIMENTACAO
                            *
ERRO na linha 1:
ORA-00955: name is already used by an existing object 


SQL> 
SQL> CREATE UNIQUE INDEX IFRSRH2.TFAV_PK ON TMP_FERIAS_A_VENCER
  2    (
  3  	 TMP_MATRICULA			 ASC,
  4  	 COD_USUARIO			 ASC
  5    )
  6    PCTFREE	   10
  7    INITRANS    2
  8    MAXTRANS    255
  9    TABLESPACE  TSI_PESSOAL
 10    STORAGE	 (
 11  	 INITIAL     65536
 12  	 MINEXTENTS  1
 13  	 MAXEXTENTS  2147483645
 14    )
 15  /
CREATE UNIQUE INDEX IFRSRH2.TFAV_PK ON TMP_FERIAS_A_VENCER
                            *
ERRO na linha 1:
ORA-00955: name is already used by an existing object 


SQL> 
SQL> CREATE UNIQUE INDEX IFRSRH2.THC_PK ON TAB_HIST_CONF_ANS
  2    (
  3  	 THC_EMP_NUMERO_MATRICULA	 ASC,
  4  	 THC_IND_BENEFICIARIO		 ASC,
  5  	 THC_FLG_ANS			 ASC,
  6  	 THC_ANS_BENEFICIARIO		 ASC
  7    )
  8    PCTFREE	   10
  9    INITRANS    2
 10    MAXTRANS    255
 11    TABLESPACE  TSI_PESSOAL
 12    STORAGE	 (
 13  	 INITIAL     65536
 14  	 MINEXTENTS  1
 15  	 MAXEXTENTS  2147483645
 16    )
 17  /
CREATE UNIQUE INDEX IFRSRH2.THC_PK ON TAB_HIST_CONF_ANS
                            *
ERRO na linha 1:
ORA-00955: name is already used by an existing object 


SQL> 
SQL> CREATE UNIQUE INDEX IFRSRH2.TI_PK ON TAB_INTERVALO
  2    (
  3  	 TI_COD_INTERVALO		 ASC
  4    )
  5    PCTFREE	   10
  6    INITRANS    2
  7    MAXTRANS    255
  8    TABLESPACE  TSD_PESSOAL2
  9    STORAGE	 (
 10  	 INITIAL     65536
 11  	 MINEXTENTS  1
 12  	 MAXEXTENTS  2147483645
 13    )
 14  /
CREATE UNIQUE INDEX IFRSRH2.TI_PK ON TAB_INTERVALO
                            *
ERRO na linha 1:
ORA-00955: name is already used by an existing object 


SQL> 
SQL> CREATE UNIQUE INDEX IFRSRH2.TIP_PROC_PK ON SPF_TIPO_PROCESSO_JUDICIAL
  2    (
  3  	 TIPO_PROCESSO_JUDICIAL 	 ASC
  4    )
  5    PCTFREE	   10
  6    INITRANS    2
  7    MAXTRANS    255
  8    TABLESPACE  TSI_PESSOAL
  9    STORAGE	 (
 10  	 INITIAL     40960
 11  	 MINEXTENTS  1
 12  	 MAXEXTENTS  2147483645
 13    )
 14  /
CREATE UNIQUE INDEX IFRSRH2.TIP_PROC_PK ON SPF_TIPO_PROCESSO_JUDICIAL
                            *
ERRO na linha 1:
ORA-00955: name is already used by an existing object 


SQL> 
SQL> CREATE UNIQUE INDEX IFRSRH2.TMC_PK ON TAB_MARGEM_CONSIGNAVEL
  2    (
  3  	 TMC_NUM_AUTENTICACAO		 ASC
  4    )
  5    PCTFREE	   10
  6    INITRANS    2
  7    MAXTRANS    255
  8    TABLESPACE  TSI_PESSOAL
  9    STORAGE	 (
 10  	 INITIAL     65536
 11  	 MINEXTENTS  1
 12  	 MAXEXTENTS  2147483645
 13    )
 14  /
CREATE UNIQUE INDEX IFRSRH2.TMC_PK ON TAB_MARGEM_CONSIGNAVEL
                            *
ERRO na linha 1:
ORA-00955: name is already used by an existing object 


SQL> 
SQL> CREATE UNIQUE INDEX IFRSRH2.TMP_CONTRACHEQUE_EMP_IND ON TMP_CONTRACHEQUE_EMP
  2    (
  3  	 SEQUENCIA			 ASC,
  4  	 EMP_NUMERO_MATRICULA		 ASC
  5    )
  6    PCTFREE	   10
  7    INITRANS    2
  8    MAXTRANS    255
  9    TABLESPACE  TSI_PESSOAL
 10    STORAGE	 (
 11  	 INITIAL     65536
 12  	 MINEXTENTS  1
 13  	 MAXEXTENTS  2147483645
 14    )
 15  /

Índice criado.

SQL> 
SQL> CREATE UNIQUE INDEX IFRSRH2.TMP_CONTRACHEQUE_EMP_PK ON TMP_CONTRACHEQUE_EMP
  2    (
  3  	 EMP_NUMERO_MATRICULA		 ASC,
  4  	 SEQUENCIA			 ASC
  5    )
  6    PCTFREE	   10
  7    INITRANS    2
  8    MAXTRANS    255
  9    TABLESPACE  TSI_PESSOAL
 10    STORAGE	 (
 11  	 INITIAL     65536
 12  	 MINEXTENTS  1
 13  	 MAXEXTENTS  2147483645
 14    )
 15  /
CREATE UNIQUE INDEX IFRSRH2.TMP_CONTRACHEQUE_EMP_PK ON TMP_CONTRACHEQUE_EMP
                            *
ERRO na linha 1:
ORA-00955: name is already used by an existing object 


SQL> 
SQL> CREATE UNIQUE INDEX IFRSRH2.TMP_DIV_MED_HOS_UK ON TMP_DIVERSOS_MEDICAS_HOSPIT
  2    (
  3  	 TMP_DMO_GUI_DOC_NUMERO_UNIMED	 ASC,
  4  	 TMP_DMO_GUI_DOC_CBE_CRE_SEQ	 ASC,
  5  	 TMP_DMO_GUI_DOC_DEP_CODIGO	 ASC,
  6  	 TMP_DMH_NR_DOC_FISCAL		 ASC,
  7  	 TMP_DMO_GUI_NUMERO_UNIMED	 ASC,
  8  	 TMP_DMO_SEQUENCIAL_UNIMED	 ASC
  9    )
 10    PCTFREE	   10
 11    INITRANS    2
 12    MAXTRANS    255
 13    TABLESPACE  TSI_PESSOAL
 14    STORAGE	 (
 15  	 INITIAL     65536
 16  	 MINEXTENTS  1
 17  	 MAXEXTENTS  2147483645
 18    )
 19  /
CREATE UNIQUE INDEX IFRSRH2.TMP_DIV_MED_HOS_UK ON TMP_DIVERSOS_MEDICAS_HOSPIT
                            *
ERRO na linha 1:
ORA-00955: name is already used by an existing object 


SQL> 
SQL> CREATE UNIQUE INDEX IFRSRH2.TMP_DOC_COB_UK ON TMP_DOCUMENTOS_COBRANCA
  2    (
  3  	 TMP_DOC_NUMERO_UNIMED		 ASC,
  4  	 TMP_DOC_CBE_CRE_SEQUENCIAL	 ASC,
  5  	 TMP_DOC_DEP_CODIGO		 ASC,
  6  	 TMP_DOC_NR_DOC_FISCAL		 ASC
  7    )
  8    PCTFREE	   10
  9    INITRANS    2
 10    MAXTRANS    255
 11    TABLESPACE  TSI_PESSOAL
 12    STORAGE	 (
 13  	 INITIAL     65536
 14  	 MINEXTENTS  1
 15  	 MAXEXTENTS  2147483645
 16    )
 17  /
CREATE UNIQUE INDEX IFRSRH2.TMP_DOC_COB_UK ON TMP_DOCUMENTOS_COBRANCA
                            *
ERRO na linha 1:
ORA-00955: name is already used by an existing object 


SQL> 
SQL> CREATE UNIQUE INDEX IFRSRH2.TMP_GUIA_PROC_UK ON TMP_GUIAS_PROCEDIMENTOS
  2    (
  3  	 TMP_GPR_GUI_DOC_NUMERO_UNIMED	 ASC,
  4  	 TMP_GPR_GUI_DOC_CBE_CRE_SEQ	 ASC,
  5  	 TMP_GPR_GUI_DOC_DEP_CODIGO	 ASC,
  6  	 TMP_GPR_NR_DOC_FISCAL		 ASC,
  7  	 TMP_GPR_GUI_NUMERO_UNIMED	 ASC,
  8  	 TMP_GPR_SEQUENCIAL_UNIMED	 ASC
  9    )
 10    PCTFREE	   10
 11    INITRANS    2
 12    MAXTRANS    255
 13    TABLESPACE  TSI_PESSOAL
 14    STORAGE	 (
 15  	 INITIAL     65536
 16  	 MINEXTENTS  1
 17  	 MAXEXTENTS  2147483645
 18    )
 19  /
CREATE UNIQUE INDEX IFRSRH2.TMP_GUIA_PROC_UK ON TMP_GUIAS_PROCEDIMENTOS
                            *
ERRO na linha 1:
ORA-00955: name is already used by an existing object 


SQL> 
SQL> CREATE UNIQUE INDEX IFRSRH2.TMP_GUIA_UK ON TMP_GUIAS
  2    (
  3  	 TMP_GUI_DOC_NUMERO_UNIMED	 ASC,
  4  	 TMP_GUI_DOC_CBE_CRE_SEQ	 ASC,
  5  	 TMP_GUI_DOC_DEP_CODIGO 	 ASC,
  6  	 TMP_GUI_NR_DOC_FISCAL		 ASC,
  7  	 TMP_GUI_NUMERO_UNIMED		 ASC
  8    )
  9    PCTFREE	   10
 10    INITRANS    2
 11    MAXTRANS    255
 12    TABLESPACE  TSI_PESSOAL
 13    STORAGE	 (
 14  	 INITIAL     65536
 15  	 MINEXTENTS  1
 16  	 MAXEXTENTS  2147483645
 17    )
 18  /
CREATE UNIQUE INDEX IFRSRH2.TMP_GUIA_UK ON TMP_GUIAS
                            *
ERRO na linha 1:
ORA-00955: name is already used by an existing object 


SQL> 
SQL> CREATE UNIQUE INDEX IFRSRH2.TMP_HON_MED_UK ON TMP_HONORARIOS_MEDICOS
  2    (
  3  	 TMP_HNM_SEQUENCIAL_UNIMED	 ASC,
  4  	 TMP_HNM_GPR_GUI_DOC_NRO_UNI	 ASC,
  5  	 TMP_HNM_GPR_GUI_DOC_CRE_SEQ	 ASC,
  6  	 TMP_HNM_GPR_GUI_DOC_DEP_CODIGO  ASC,
  7  	 TMP_HNM_NR_DOC_FISCAL		 ASC,
  8  	 TMP_HNM_GPR_GUI_NUMERO_UNIMED	 ASC,
  9  	 TMP_HNM_GPR_SEQUENCIAL_UNIMED	 ASC
 10    )
 11    PCTFREE	   10
 12    INITRANS    2
 13    MAXTRANS    255
 14    TABLESPACE  TSI_PESSOAL
 15    STORAGE	 (
 16  	 INITIAL     65536
 17  	 MINEXTENTS  1
 18  	 MAXEXTENTS  2147483645
 19    )
 20  /
CREATE UNIQUE INDEX IFRSRH2.TMP_HON_MED_UK ON TMP_HONORARIOS_MEDICOS
                            *
ERRO na linha 1:
ORA-00955: name is already used by an existing object 


SQL> 
SQL> CREATE UNIQUE INDEX IFRSRH2.TMP_INT_UK ON TMP_INTERNACAO
  2    (
  3  	 TMP_INT_GUI_DOC_NUMERO_UNIMED	 ASC,
  4  	 TMP_INT_GUI_DOC_CBE_CRE_SEQ	 ASC,
  5  	 TMP_INT_GUI_DOC_DEP_CODIGO	 ASC,
  6  	 TMP_INT_NR_DOC_FISCAL		 ASC,
  7  	 TMP_INT_GUI_NUMERO_UNIMED	 ASC,
  8  	 TMP_INT_SEQUENCIAL_UNIMED	 ASC
  9    )
 10    PCTFREE	   10
 11    INITRANS    2
 12    MAXTRANS    255
 13    TABLESPACE  TSI_PESSOAL
 14    STORAGE	 (
 15  	 INITIAL     65536
 16  	 MINEXTENTS  1
 17  	 MAXEXTENTS  2147483645
 18    )
 19  /
CREATE UNIQUE INDEX IFRSRH2.TMP_INT_UK ON TMP_INTERNACAO
                            *
ERRO na linha 1:
ORA-00955: name is already used by an existing object 


SQL> 
SQL> CREATE UNIQUE INDEX IFRSRH2.TMP_TAB_DES_MED_UK ON TMP_TAB_DESPESA_MEDICAMENTOS
  2    (
  3  	 TMP_TDM_GUI_DOC_NUMERO_UNIMED	 ASC,
  4  	 TMP_TDM_GUI_DOC_CBE_CRE_SEQ	 ASC,
  5  	 TMP_TDM_GUI_DOC_DEP_CODIGO	 ASC,
  6  	 TMP_TDM_NR_DOC_FISCAL		 ASC,
  7  	 TMP_TDM_GUI_NUMERO_UNIMED	 ASC,
  8  	 TMP_TDM_SEQUENCIAL_UNIMED	 ASC
  9    )
 10    PCTFREE	   10
 11    INITRANS    2
 12    MAXTRANS    255
 13    TABLESPACE  TSI_PESSOAL
 14    STORAGE	 (
 15  	 INITIAL     65536
 16  	 MINEXTENTS  1
 17  	 MAXEXTENTS  2147483645
 18    )
 19  /
CREATE UNIQUE INDEX IFRSRH2.TMP_TAB_DES_MED_UK ON TMP_TAB_DESPESA_MEDICAMENTOS
                            *
ERRO na linha 1:
ORA-00955: name is already used by an existing object 


SQL> 
SQL> CREATE UNIQUE INDEX IFRSRH2.TOR_PK ON TIPOS_OCORRENCIAS_RUBRICAS
  2    (
  3  	 TOR_OFU_CODIGO 		 ASC,
  4  	 TOR_RUB_CODIGO 		 ASC,
  5  	 TOR_DAT_INICIO_VIGENCIA	 ASC
  6    )
  7    PCTFREE	   10
  8    INITRANS    2
  9    MAXTRANS    255
 10    TABLESPACE  TSI_PESSOAL
 11    STORAGE	 (
 12  	 INITIAL     40960
 13  	 MINEXTENTS  1
 14  	 MAXEXTENTS  2147483645
 15    )
 16  /
CREATE UNIQUE INDEX IFRSRH2.TOR_PK ON TIPOS_OCORRENCIAS_RUBRICAS
                            *
ERRO na linha 1:
ORA-00955: name is already used by an existing object 


SQL> 
SQL> CREATE UNIQUE INDEX IFRSRH2.TP_SINISTRO_DOC_PK ON TIPO_SINISTRO_DOC
  2    (
  3  	 TSD_DOS_CODIGO_DOC		 ASC,
  4  	 TSD_TIS_CODIGO_TIPO		 ASC
  5    )
  6    PCTFREE	   10
  7    INITRANS    2
  8    MAXTRANS    255
  9    TABLESPACE  TSI_PESSOAL
 10    STORAGE	 (
 11  	 INITIAL     65536
 12  	 MINEXTENTS  1
 13  	 MAXEXTENTS  2147483645
 14    )
 15  /
CREATE UNIQUE INDEX IFRSRH2.TP_SINISTRO_DOC_PK ON TIPO_SINISTRO_DOC
                            *
ERRO na linha 1:
ORA-00955: name is already used by an existing object 


SQL> 
SQL> CREATE UNIQUE INDEX IFRSRH2.TP_SINISTRO_PK ON TIPO_SINISTRO
  2    (
  3  	 TIS_CODIGO_TIPO		 ASC
  4    )
  5    PCTFREE	   10
  6    INITRANS    2
  7    MAXTRANS    255
  8    TABLESPACE  TSI_PESSOAL
  9    STORAGE	 (
 10  	 INITIAL     65536
 11  	 MINEXTENTS  1
 12  	 MAXEXTENTS  2147483645
 13    )
 14  /
CREATE UNIQUE INDEX IFRSRH2.TP_SINISTRO_PK ON TIPO_SINISTRO
                            *
ERRO na linha 1:
ORA-00955: name is already used by an existing object 


SQL> 
SQL> CREATE UNIQUE INDEX IFRSRH2.TPC_PK ON TIPOS_CREDENCIADOS
  2    (
  3  	 TPC_CODIGO			 ASC
  4    )
  5    PCTFREE	   10
  6    INITRANS    2
  7    MAXTRANS    255
  8    TABLESPACE  TSI_PESSOAL
  9    STORAGE	 (
 10  	 INITIAL     40960
 11  	 MINEXTENTS  1
 12  	 MAXEXTENTS  2147483645
 13    )
 14  /
CREATE UNIQUE INDEX IFRSRH2.TPC_PK ON TIPOS_CREDENCIADOS
                            *
ERRO na linha 1:
ORA-00955: name is already used by an existing object 


SQL> 
SQL> CREATE UNIQUE INDEX IFRSRH2.TPV_CODIGO_PK ON TIPO_VINCULOS
  2    (
  3  	 TPV_CODIGO			 ASC
  4    )
  5    PCTFREE	   10
  6    INITRANS    2
  7    MAXTRANS    255
  8    TABLESPACE  TSI_PESSOAL
  9    STORAGE	 (
 10  	 INITIAL     40960
 11  	 MINEXTENTS  1
 12  	 MAXEXTENTS  2147483645
 13    )
 14  /
CREATE UNIQUE INDEX IFRSRH2.TPV_CODIGO_PK ON TIPO_VINCULOS
                            *
ERRO na linha 1:
ORA-00955: name is already used by an existing object 


SQL> 
SQL> CREATE UNIQUE INDEX IFRSRH2.TREINO_PK ON SIAD_TREINAMENTO
  2    (
  3  	 ANO_TREINAMENTO		 ASC,
  4  	 CODIGO_TREINAMENTO		 ASC
  5    )
  6    PCTFREE	   10
  7    INITRANS    2
  8    MAXTRANS    255
  9    TABLESPACE  TSI_PESSOAL
 10    STORAGE	 (
 11  	 INITIAL     40960
 12  	 MINEXTENTS  1
 13  	 MAXEXTENTS  2147483645
 14    )
 15  /
CREATE UNIQUE INDEX IFRSRH2.TREINO_PK ON SIAD_TREINAMENTO
                            *
ERRO na linha 1:
ORA-00955: name is already used by an existing object 


SQL> 
SQL> CREATE UNIQUE INDEX IFRSRH2.TUO_PK ON TEMP_UNIDADES_ORGANIZACIONAIS
  2    (
  3  	 UOR_CODIGO_DE			 ASC
  4    )
  5    PCTFREE	   10
  6    INITRANS    2
  7    MAXTRANS    255
  8    TABLESPACE  TSI_PESSOAL
  9    STORAGE	 (
 10  	 INITIAL     40960
 11  	 MINEXTENTS  1
 12  	 MAXEXTENTS  2147483645
 13    )
 14  /
CREATE UNIQUE INDEX IFRSRH2.TUO_PK ON TEMP_UNIDADES_ORGANIZACIONAIS
                            *
ERRO na linha 1:
ORA-00955: name is already used by an existing object 


SQL> 
SQL> CREATE UNIQUE INDEX IFRSRH2.TVE_PK ON TIPO_VISTO_ESTRANGEIRO
  2    (
  3  	 TVE_COD_VISTO_ESTRANG		 ASC
  4    )
  5    PCTFREE	   10
  6    INITRANS    2
  7    MAXTRANS    255
  8    TABLESPACE  TSI_PESSOAL
  9    STORAGE	 (
 10  	 INITIAL     65536
 11  	 MINEXTENTS  1
 12  	 MAXEXTENTS  2147483645
 13    )
 14  /
CREATE UNIQUE INDEX IFRSRH2.TVE_PK ON TIPO_VISTO_ESTRANGEIRO
                            *
ERRO na linha 1:
ORA-00955: name is already used by an existing object 


SQL> 
SQL> CREATE UNIQUE INDEX IFRSRH2.UFC_PK ON UOR_FUNCAO_CHEFIA
  2    (
  3  	 UFC_UOR_CODIGO 		 ASC
  4    )
  5    PCTFREE	   10
  6    INITRANS    2
  7    MAXTRANS    255
  8    TABLESPACE  TSI_PESSOAL
  9    STORAGE	 (
 10  	 INITIAL     65536
 11  	 MINEXTENTS  1
 12  	 MAXEXTENTS  2147483645
 13    )
 14  /
CREATE UNIQUE INDEX IFRSRH2.UFC_PK ON UOR_FUNCAO_CHEFIA
                            *
ERRO na linha 1:
ORA-00955: name is already used by an existing object 


SQL> 
SQL> CREATE UNIQUE INDEX IFRSRH2.UFF_PK ON UOR_FONE_FAX
  2    (
  3  	 UFF_UOR_CODIGO 		 ASC,
  4  	 UFF_TIPO			 ASC,
  5  	 UFF_NUMERO			 ASC
  6    )
  7    PCTFREE	   10
  8    INITRANS    2
  9    MAXTRANS    255
 10    TABLESPACE  TSI_PESSOAL
 11    STORAGE	 (
 12  	 INITIAL     40960
 13  	 MINEXTENTS  1
 14  	 MAXEXTENTS  2147483645
 15    )
 16  /
CREATE UNIQUE INDEX IFRSRH2.UFF_PK ON UOR_FONE_FAX
                            *
ERRO na linha 1:
ORA-00955: name is already used by an existing object 


SQL> 
SQL> CREATE UNIQUE INDEX IFRSRH2.ULT_PK ON USUARIOS_LINHAS_TRANSPORTES
  2    (
  3  	 ULT_EMB_EMP_NUMERO_MATRICULA	 ASC,
  4  	 ULT_EMB_BEN_SIGLA		 ASC,
  5  	 ULT_LTF_NUMERO 		 ASC,
  6  	 ULT_LTF_DEP_CODIGO		 ASC
  7    )
  8    PCTFREE	   10
  9    INITRANS    2
 10    MAXTRANS    255
 11    TABLESPACE  TSI_PESSOAL
 12    STORAGE	 (
 13  	 INITIAL     81920
 14  	 MINEXTENTS  1
 15  	 MAXEXTENTS  2147483645
 16    )
 17  /
CREATE UNIQUE INDEX IFRSRH2.ULT_PK ON USUARIOS_LINHAS_TRANSPORTES
                            *
ERRO na linha 1:
ORA-00955: name is already used by an existing object 


SQL> 
SQL> CREATE UNIQUE INDEX IFRSRH2.UPS_PK ON USUARIOS_PLANOS_SAUDE
  2    (
  3  	 UPS_CRE_SEQUENCIAL		 ASC,
  4  	 UPS_EMP_NUMERO_MATRICULA	 ASC,
  5  	 UPS_COD_USUARIO		 ASC,
  6  	 UPS_DATA_INICIO		 ASC
  7    )
  8    PCTFREE	   10
  9    INITRANS    2
 10    MAXTRANS    255
 11    TABLESPACE  TSI_PESSOAL
 12    STORAGE	 (
 13  	 INITIAL     532480
 14  	 MINEXTENTS  1
 15  	 MAXEXTENTS  2147483645
 16    )
 17  /
CREATE UNIQUE INDEX IFRSRH2.UPS_PK ON USUARIOS_PLANOS_SAUDE
                            *
ERRO na linha 1:
ORA-00955: name is already used by an existing object 


SQL> 
SQL> CREATE INDEX IFRSRH2.VAU_AMB_FK_I ON VALORES_AUTORIZADOS
  2    (
  3  	 VAU_AMB_CODIGO 		 ASC,
  4  	 VAU_AMB_DV			 ASC
  5    )
  6    PCTFREE	   10
  7    INITRANS    2
  8    MAXTRANS    255
  9    TABLESPACE  TSI_PESSOAL
 10    STORAGE	 (
 11  	 INITIAL     65536
 12  	 MINEXTENTS  1
 13  	 MAXEXTENTS  2147483645
 14    )
 15  /

Índice criado.

SQL> 
SQL> CREATE INDEX IFRSRH2.VAU_ENQ_FK_I ON VALORES_AUTORIZADOS
  2    (
  3  	 VAU_ENQ_NUMERO 		 ASC
  4    )
  5    PCTFREE	   10
  6    INITRANS    2
  7    MAXTRANS    255
  8    TABLESPACE  TSI_PESSOAL
  9    STORAGE	 (
 10  	 INITIAL     65536
 11  	 MINEXTENTS  1
 12  	 MAXEXTENTS  2147483645
 13    )
 14  /

Índice criado.

SQL> 
SQL> CREATE UNIQUE INDEX IFRSRH2.VIP_PK ON VINCULO_PRESTADORA
  2    (
  3  	 VIP_CRE_SEQUENCIAL		 ASC,
  4  	 VIP_COD_VINCULO		 ASC
  5    )
  6    PCTFREE	   10
  7    INITRANS    2
  8    MAXTRANS    255
  9    TABLESPACE  TSI_PESSOAL
 10    STORAGE	 (
 11  	 INITIAL     40960
 12  	 MINEXTENTS  1
 13  	 MAXEXTENTS  2147483645
 14    )
 15  /
CREATE UNIQUE INDEX IFRSRH2.VIP_PK ON VINCULO_PRESTADORA
                            *
ERRO na linha 1:
ORA-00955: name is already used by an existing object 


SQL> 
SQL> CREATE UNIQUE INDEX IFRSRH2.VIU_MATRICULA_SEQUENCIAL_PK ON VINCULADO_UNIVERSITARIOS
  2    (
  3  	 VIU_DATA_ENTREGA_DECLARACAO	 ASC,
  4  	 VIU_PVI_EMP_NUMERO_MATRICULA	 ASC,
  5  	 VIU_PVI_SEQUENCIAL		 ASC
  6    )
  7    PCTFREE	   10
  8    INITRANS    2
  9    MAXTRANS    255
 10    TABLESPACE  TSI_PESSOAL
 11    STORAGE	 (
 12  	 INITIAL     81920
 13  	 MINEXTENTS  1
 14  	 MAXEXTENTS  2147483645
 15    )
 16  /
CREATE UNIQUE INDEX IFRSRH2.VIU_MATRICULA_SEQUENCIAL_PK ON VINCULADO_UNIVERSITARIOS
                            *
ERRO na linha 1:
ORA-00955: name is already used by an existing object 


SQL> 
SQL> CREATE UNIQUE INDEX IFRSRH2.VLD_PK ON VALORES_DIARIA
  2    (
  3  	 VLD_CODIGO			 ASC,
  4  	 VLD_DATA_VIGENCIA		 ASC
  5    )
  6    PCTFREE	   10
  7    INITRANS    2
  8    MAXTRANS    255
  9    TABLESPACE  TSI_PESSOAL
 10    STORAGE	 (
 11  	 INITIAL     40960
 12  	 MINEXTENTS  1
 13  	 MAXEXTENTS  2147483645
 14    )
 15  /
CREATE UNIQUE INDEX IFRSRH2.VLD_PK ON VALORES_DIARIA
                            *
ERRO na linha 1:
ORA-00955: name is already used by an existing object 


SQL> 
SQL> CREATE UNIQUE INDEX IFRSRH2.VLI_PK ON VALOR_INCENTIVO
  2    (
  3  	 MATRICULA			 ASC
  4    )
  5    PCTFREE	   10
  6    INITRANS    2
  7    MAXTRANS    255
  8    TABLESPACE  TSI_PESSOAL
  9    STORAGE	 (
 10  	 INITIAL     204800
 11  	 MINEXTENTS  1
 12  	 MAXEXTENTS  2147483645
 13    )
 14  /
CREATE UNIQUE INDEX IFRSRH2.VLI_PK ON VALOR_INCENTIVO
                            *
ERRO na linha 1:
ORA-00955: name is already used by an existing object 


SQL> 
SQL> CREATE UNIQUE INDEX IFRSRH2.VO_PK ON VERSAO_OBJETOS
  2    (
  3  	 VER_CD_SISTEMA 		 ASC,
  4  	 VER_OBJETO			 ASC
  5    )
  6    PCTFREE	   10
  7    INITRANS    2
  8    MAXTRANS    255
  9    TABLESPACE  TSI_PESSOAL
 10    STORAGE	 (
 11  	 INITIAL     81920
 12  	 MINEXTENTS  1
 13  	 MAXEXTENTS  2147483645
 14    )
 15  /
CREATE UNIQUE INDEX IFRSRH2.VO_PK ON VERSAO_OBJETOS
                            *
ERRO na linha 1:
ORA-00955: name is already used by an existing object 


SQL> 
SQL> CREATE INDEX IFRSRH2.X_SRH_REF_CODES_1 ON SRH_REF_CODES
  2    (
  3  	 RV_DOMAIN			 ASC,
  4  	 RV_LOW_VALUE			 ASC
  5    )
  6    TABLESPACE  TSI_PESSOAL
  7  /

Índice criado.

SQL> 
SQL> 
SQL> spo off
